Starting job...
Job ID: 217285
Node: gpuvm35
Time: Mon 26 Jan 10:24:49 GMT 2026
Loading CUDA...
Activating conda environment...
Activated conda environment: /vol/bitbucket/ahb24/tda_entailment_new
Python location: /vol/bitbucket/ahb24/tda_entailment_new/bin/python
Checking GPU availability...
Mon Jan 26 10:25:02 2026       
+-----------------------------------------------------------------------------------------+
| NVIDIA-SMI 580.65.06              Driver Version: 580.65.06      CUDA Version: 13.0     |
+-----------------------------------------+------------------------+----------------------+
| GPU  Name                 Persistence-M | Bus-Id          Disp.A | Volatile Uncorr. ECC |
| Fan  Temp   Perf          Pwr:Usage/Cap |           Memory-Usage | GPU-Util  Compute M. |
|                                         |                        |               MIG M. |
|=========================================+========================+======================|
|   0  NVIDIA A16                     Off |   00000000:01:00.0 Off |                    0 |
|  0%   22C    P8             14W /   62W |       0MiB /  15356MiB |      0%      Default |
|                                         |                        |                  N/A |
+-----------------------------------------+------------------------+----------------------+

+-----------------------------------------------------------------------------------------+
| Processes:                                                                              |
|  GPU   GI   CI              PID   Type   Process name                        GPU Memory |
|        ID   ID                                                               Usage      |
|=========================================================================================|
|  No running processes found                                                             |
+-----------------------------------------------------------------------------------------+

Testing PyTorch and CUDA...
PyTorch version: 2.4.1
CUDA available: True
CUDA device: NVIDIA A16
GPU memory: 15.7 GB
PyTorch setup verified!

Checking for required input data and models...

Starting sbert processing...


Processing ANLI R1 dev...
Loading sentence-transformers/all-mpnet-base-v2 on cuda...
Gradient checkpointing not supported for MPNetModel: MPNetModel does not support gradient checkpointing.
Text processing pipeline ready
Processing dataset: /vol/bitbucket/ahb24/tda_entailment_new/anli_raw/R1/anli_R1_dev.json...
Dataset contains 1000 premise-hypothesis pairs
Generating premise embeddings...
Generating hypothesis embeddings...
Dataset processing complete
Premise embeddings shape: torch.Size([1000, 768])
Hypothesis embeddings shape: torch.Size([1000, 768])
Embedding dimension: 768
Premise embedding range: [-0.555, 0.571]
Hypothesis embedding range: [-0.644, 0.651]
Saved processed data to /vol/bitbucket/ahb24/tda_entailment_new/anli_processed/anli_R1_dev_SBERT.pt
Processing complete for R1 dev


Processing ANLI R1 test...
Loading sentence-transformers/all-mpnet-base-v2 on cuda...
Gradient checkpointing not supported for MPNetModel: MPNetModel does not support gradient checkpointing.
Text processing pipeline ready
Processing dataset: /vol/bitbucket/ahb24/tda_entailment_new/anli_raw/R1/anli_R1_test.json...
Dataset contains 1000 premise-hypothesis pairs
Generating premise embeddings...
Generating hypothesis embeddings...
Dataset processing complete
Premise embeddings shape: torch.Size([1000, 768])
Hypothesis embeddings shape: torch.Size([1000, 768])
Embedding dimension: 768
Premise embedding range: [-0.559, 0.571]
Hypothesis embedding range: [-0.659, 0.639]
Saved processed data to /vol/bitbucket/ahb24/tda_entailment_new/anli_processed/anli_R1_test_SBERT.pt
Processing complete for R1 test


Processing ANLI R2 dev...
Loading sentence-transformers/all-mpnet-base-v2 on cuda...
Gradient checkpointing not supported for MPNetModel: MPNetModel does not support gradient checkpointing.
Text processing pipeline ready
Processing dataset: /vol/bitbucket/ahb24/tda_entailment_new/anli_raw/R2/anli_R2_dev.json...
Dataset contains 1000 premise-hypothesis pairs
Generating premise embeddings...
Generating hypothesis embeddings...
Dataset processing complete
Premise embeddings shape: torch.Size([1000, 768])
Hypothesis embeddings shape: torch.Size([1000, 768])
Embedding dimension: 768
Premise embedding range: [-0.528, 0.540]
Hypothesis embedding range: [-0.570, 0.636]
Saved processed data to /vol/bitbucket/ahb24/tda_entailment_new/anli_processed/anli_R2_dev_SBERT.pt
Processing complete for R2 dev


Processing ANLI R2 test...
Loading sentence-transformers/all-mpnet-base-v2 on cuda...
Gradient checkpointing not supported for MPNetModel: MPNetModel does not support gradient checkpointing.
Text processing pipeline ready
Processing dataset: /vol/bitbucket/ahb24/tda_entailment_new/anli_raw/R2/anli_R2_test.json...
Dataset contains 1000 premise-hypothesis pairs
Generating premise embeddings...
Generating hypothesis embeddings...
Dataset processing complete
Premise embeddings shape: torch.Size([1000, 768])
Hypothesis embeddings shape: torch.Size([1000, 768])
Embedding dimension: 768
Premise embedding range: [-0.574, 0.535]
Hypothesis embedding range: [-0.568, 0.605]
Saved processed data to /vol/bitbucket/ahb24/tda_entailment_new/anli_processed/anli_R2_test_SBERT.pt
Processing complete for R2 test


Processing ANLI R3 dev...
Loading sentence-transformers/all-mpnet-base-v2 on cuda...
Gradient checkpointing not supported for MPNetModel: MPNetModel does not support gradient checkpointing.
Text processing pipeline ready
Processing dataset: /vol/bitbucket/ahb24/tda_entailment_new/anli_raw/R3/anli_R3_dev.json...
Dataset contains 1200 premise-hypothesis pairs
Generating premise embeddings...
Generating hypothesis embeddings...
Dataset processing complete
Premise embeddings shape: torch.Size([1200, 768])
Hypothesis embeddings shape: torch.Size([1200, 768])
Embedding dimension: 768
Premise embedding range: [-0.587, 0.569]
Hypothesis embedding range: [-0.605, 0.640]
Saved processed data to /vol/bitbucket/ahb24/tda_entailment_new/anli_processed/anli_R3_dev_SBERT.pt
Processing complete for R3 dev


Processing ANLI R3 test...
Loading sentence-transformers/all-mpnet-base-v2 on cuda...
Gradient checkpointing not supported for MPNetModel: MPNetModel does not support gradient checkpointing.
Text processing pipeline ready
Processing dataset: /vol/bitbucket/ahb24/tda_entailment_new/anli_raw/R3/anli_R3_test.json...
Dataset contains 1200 premise-hypothesis pairs
Generating premise embeddings...
Generating hypothesis embeddings...
Dataset processing complete
Premise embeddings shape: torch.Size([1200, 768])
Hypothesis embeddings shape: torch.Size([1200, 768])
Embedding dimension: 768
Premise embedding range: [-0.542, 0.567]
Hypothesis embedding range: [-0.709, 0.744]
Saved processed data to /vol/bitbucket/ahb24/tda_entailment_new/anli_processed/anli_R3_test_SBERT.pt
Processing complete for R3 test


Analysis completed with exit code: 0
Time: Mon 26 Jan 10:29:46 GMT 2026

=== ANALYSIS SUCCESSFUL ===


Job finished.
