Starting Surface Distance Metric Analysis job...
Job ID: 204895
Node: gpuvm14
Time: Thu 25 Sep 11:17:26 BST 2025
Loading CUDA...
Activating conda environment...
Activated conda environment: /vol/bitbucket/ahb24/tda_entailment_new
Python location: /vol/bitbucket/ahb24/tda_entailment_new/bin/python
Checking GPU availability...
Thu Sep 25 11:17:28 2025       
+-----------------------------------------------------------------------------------------+
| NVIDIA-SMI 580.65.06              Driver Version: 580.65.06      CUDA Version: 13.0     |
+-----------------------------------------+------------------------+----------------------+
| GPU  Name                 Persistence-M | Bus-Id          Disp.A | Volatile Uncorr. ECC |
| Fan  Temp   Perf          Pwr:Usage/Cap |           Memory-Usage | GPU-Util  Compute M. |
|                                         |                        |               MIG M. |
|=========================================+========================+======================|
|   0  Tesla T4                       Off |   00000000:00:07.0 Off |                    0 |
| N/A   38C    P8             13W /   70W |       0MiB /  15360MiB |      0%      Default |
|                                         |                        |                  N/A |
+-----------------------------------------+------------------------+----------------------+

+-----------------------------------------------------------------------------------------+
| Processes:                                                                              |
|  GPU   GI   CI              PID   Type   Process name                        GPU Memory |
|        ID   ID                                                               Usage      |
|=========================================================================================|
|  No running processes found                                                             |
+-----------------------------------------------------------------------------------------+

Testing PyTorch and CUDA...
PyTorch version: 2.4.1
CUDA available: True
CUDA device: Tesla T4
GPU memory: 15.6 GB
PyTorch setup verified!


Starting Surface Distance Metric Analysis...
Analysis parameters:

Surface Distance Metric Analyzer initialized
FOCUS: Testing distance metrics for premise-hypothesis pair relationships
Device: cuda
GPT data: /vol/bitbucket/ahb24/tda_entailment_new/snli_full_train_GPT2_MEAN_POOLING.pt
Order model: models/enhanced_order_embeddings_snli_SBERT_full.pt
Distance metrics: 7 total
Relational embedding spaces: 2 total
Each space represents premise-hypothesis pair relationships
Loading pre-processed data...
Loading GPT embeddings from /vol/bitbucket/ahb24/tda_entailment_new/snli_full_train_GPT2_MEAN_POOLING.pt
GPT data loaded:
  Premise embeddings: torch.Size([549367, 1280])
  Hypothesis embeddings: torch.Size([549367, 1280])
  Labels: 549367
  Label distribution: {'contradiction': 183187, 'entailment': 183416, 'neutral': 182764}
================================================================================
COMPREHENSIVE SURFACE DISTANCE METRIC ANALYSIS (GPU-OPTIMIZED)
Testing all distance metrics across all embedding spaces
Device: cuda
GPU Memory: 5364.9 MB allocated
================================================================================
Extracting all embedding spaces...
  entailment: 183416 samples
  neutral: 182764 samples
  contradiction: 183187 samples
Extracting gpt_concat...
  gpt_concat entailment: torch.Size([183416, 2560])
  gpt_concat neutral: torch.Size([182764, 2560])
  gpt_concat contradiction: torch.Size([183187, 2560])
Extracting lattice_containment...
  lattice_containment entailment: torch.Size([183416, 1280])
  lattice_containment neutral: torch.Size([182764, 1280])
  lattice_containment contradiction: torch.Size([183187, 1280])

============================================================
TESTING SPACE: gpt_concat
============================================================

--- Testing euclidean metric ---
  Computing PH-Dim for entailment in gpt_concat using euclidean
    entailment PH-Dim: 27.2045
  Computing PH-Dim for neutral in gpt_concat using euclidean
    neutral PH-Dim: 26.2528
  Computing PH-Dim for contradiction in gpt_concat using euclidean
    contradiction PH-Dim: 27.5663
  Computing cross-class surface analysis for gpt_concat using euclidean
 PH-Dim scores: {'entailment': 27.204527689802223, 'neutral': 26.25281802192158, 'contradiction': 27.56632717121048}

--- Testing manhattan metric ---
  Computing PH-Dim for entailment in gpt_concat using manhattan
    entailment PH-Dim: 25.9367
  Computing PH-Dim for neutral in gpt_concat using manhattan
    neutral PH-Dim: 24.5973
  Computing PH-Dim for contradiction in gpt_concat using manhattan
    contradiction PH-Dim: 26.4406
  Computing cross-class surface analysis for gpt_concat using manhattan
 PH-Dim scores: {'entailment': 25.936733851583675, 'neutral': 24.597280963476482, 'contradiction': 26.44060792099637}

--- Testing chebyshev metric ---
  Computing PH-Dim for entailment in gpt_concat using chebyshev
    entailment PH-Dim: 18.5920
  Computing PH-Dim for neutral in gpt_concat using chebyshev
    neutral PH-Dim: 19.7468
  Computing PH-Dim for contradiction in gpt_concat using chebyshev
    contradiction PH-Dim: 18.4139
  Computing cross-class surface analysis for gpt_concat using chebyshev
 PH-Dim scores: {'entailment': 18.592003707791154, 'neutral': 19.746792458324734, 'contradiction': 18.413853472057745}

--- Testing cosine metric ---
  Computing PH-Dim for entailment in gpt_concat using cosine
    entailment PH-Dim: 13.2272
  Computing PH-Dim for neutral in gpt_concat using cosine
    neutral PH-Dim: 12.8323
  Computing PH-Dim for contradiction in gpt_concat using cosine
    contradiction PH-Dim: 15.0941
  Computing cross-class surface analysis for gpt_concat using cosine
 PH-Dim scores: {'entailment': 13.227242313777868, 'neutral': 12.832264422348004, 'contradiction': 15.094122621451199}

--- Testing minkowski_3 metric ---
  Computing PH-Dim for entailment in gpt_concat using minkowski_3
    entailment PH-Dim: 27.5786
  Computing PH-Dim for neutral in gpt_concat using minkowski_3
    neutral PH-Dim: 26.5678
  Computing PH-Dim for contradiction in gpt_concat using minkowski_3
    contradiction PH-Dim: 27.1548
  Computing cross-class surface analysis for gpt_concat using minkowski_3
 PH-Dim scores: {'entailment': 27.578566772938615, 'neutral': 26.567811158119987, 'contradiction': 27.154797764154722}

--- Testing minkowski_4 metric ---
  Computing PH-Dim for entailment in gpt_concat using minkowski_4
    entailment PH-Dim: 27.6332
  Computing PH-Dim for neutral in gpt_concat using minkowski_4
    neutral PH-Dim: 26.3332
  Computing PH-Dim for contradiction in gpt_concat using minkowski_4
    contradiction PH-Dim: 25.8341
  Computing cross-class surface analysis for gpt_concat using minkowski_4
 PH-Dim scores: {'entailment': 27.633191987704596, 'neutral': 26.33316452973078, 'contradiction': 25.834097866580777}

--- Testing braycurtis metric ---
  Computing PH-Dim for entailment in gpt_concat using braycurtis
    entailment PH-Dim: 22.0022
  Computing PH-Dim for neutral in gpt_concat using braycurtis
    neutral PH-Dim: 21.5917
  Computing PH-Dim for contradiction in gpt_concat using braycurtis
    contradiction PH-Dim: 24.1158
  Computing cross-class surface analysis for gpt_concat using braycurtis
 PH-Dim scores: {'entailment': 22.00215579180101, 'neutral': 21.591685621454612, 'contradiction': 24.11578620002035}

Saved gpt_concat results to entailment_surfaces/results/GPT_snli_full_seed_101/surface_analysis_gpt_concat_20250925_111801.json

============================================================
TESTING SPACE: lattice_containment
============================================================

--- Testing euclidean metric ---
  Computing PH-Dim for entailment in lattice_containment using euclidean
    entailment PH-Dim: 33.4793
  Computing PH-Dim for neutral in lattice_containment using euclidean
    neutral PH-Dim: 32.8513
  Computing PH-Dim for contradiction in lattice_containment using euclidean
    contradiction PH-Dim: 30.0479
  Computing cross-class surface analysis for lattice_containment using euclidean
 PH-Dim scores: {'entailment': 33.479296850643244, 'neutral': 32.85126784595488, 'contradiction': 30.04790400222733}

--- Testing manhattan metric ---
  Computing PH-Dim for entailment in lattice_containment using manhattan
    entailment PH-Dim: 32.6912
  Computing PH-Dim for neutral in lattice_containment using manhattan
    neutral PH-Dim: 32.6188
  Computing PH-Dim for contradiction in lattice_containment using manhattan
    contradiction PH-Dim: 28.8729
  Computing cross-class surface analysis for lattice_containment using manhattan
 PH-Dim scores: {'entailment': 32.6912461222046, 'neutral': 32.618767120423506, 'contradiction': 28.87288843589787}

--- Testing chebyshev metric ---
  Computing PH-Dim for entailment in lattice_containment using chebyshev
    entailment PH-Dim: 22.2409
  Computing PH-Dim for neutral in lattice_containment using chebyshev
    neutral PH-Dim: 20.6332
  Computing PH-Dim for contradiction in lattice_containment using chebyshev
    contradiction PH-Dim: 20.4575
  Computing cross-class surface analysis for lattice_containment using chebyshev
 PH-Dim scores: {'entailment': 22.24087339075374, 'neutral': 20.63318067368374, 'contradiction': 20.457488753173926}

--- Testing cosine metric ---
  Computing PH-Dim for entailment in lattice_containment using cosine
    entailment PH-Dim: 15.9975
  Computing PH-Dim for neutral in lattice_containment using cosine
    neutral PH-Dim: 16.6958
  Computing PH-Dim for contradiction in lattice_containment using cosine
    contradiction PH-Dim: 15.6409
  Computing cross-class surface analysis for lattice_containment using cosine
 PH-Dim scores: {'entailment': 15.997469673909835, 'neutral': 16.6958221434345, 'contradiction': 15.640918803490791}

--- Testing minkowski_3 metric ---
  Computing PH-Dim for entailment in lattice_containment using minkowski_3
    entailment PH-Dim: 33.7139
  Computing PH-Dim for neutral in lattice_containment using minkowski_3
    neutral PH-Dim: 32.3487
  Computing PH-Dim for contradiction in lattice_containment using minkowski_3
    contradiction PH-Dim: 30.6788
  Computing cross-class surface analysis for lattice_containment using minkowski_3
 PH-Dim scores: {'entailment': 33.71393044047317, 'neutral': 32.34868154664641, 'contradiction': 30.678761265811936}

--- Testing minkowski_4 metric ---
  Computing PH-Dim for entailment in lattice_containment using minkowski_4
    entailment PH-Dim: 32.4748
  Computing PH-Dim for neutral in lattice_containment using minkowski_4
    neutral PH-Dim: 31.6119
  Computing PH-Dim for contradiction in lattice_containment using minkowski_4
    contradiction PH-Dim: 30.5152
  Computing cross-class surface analysis for lattice_containment using minkowski_4
 PH-Dim scores: {'entailment': 32.47484244705935, 'neutral': 31.61193597819244, 'contradiction': 30.515201520705446}

--- Testing braycurtis metric ---
  Computing PH-Dim for entailment in lattice_containment using braycurtis
    entailment PH-Dim: 29.4371
  Computing PH-Dim for neutral in lattice_containment using braycurtis
    neutral PH-Dim: 32.5544
  Computing PH-Dim for contradiction in lattice_containment using braycurtis
    contradiction PH-Dim: 24.5555
  Computing cross-class surface analysis for lattice_containment using braycurtis
 PH-Dim scores: {'entailment': 29.437149783445413, 'neutral': 32.55441105619879, 'contradiction': 24.555472416619995}

Saved lattice_containment results to entailment_surfaces/results/GPT_snli_full_seed_101/surface_analysis_lattice_containment_20250925_111801.json
Simple report saved to: entailment_surfaces/results/GPT_snli_full_seed_101/simple_analysis_report_20250925_111801.txt

================================================================================
COMPREHENSIVE ANALYSIS COMPLETE
Final GPU Memory: 5364.9 MB allocated
Results saved to: entailment_surfaces/results/GPT_snli_full_seed_101/comprehensive_surface_analysis_20250925_111801.json
================================================================================

Analysis completed with exit code: 0
Time: Thu 25 Sep 11:26:06 BST 2025

Results created in results/step_1_1_analysis/:
No results directory found

Disk usage:
No results to measure

=== ANALYSIS SUCCESSFUL ===
Surface distance metric analysis completed successfully!

Key outputs:
  - JSON results: results/step_1_1_analysis/comprehensive_surface_analysis_*.json
  - Plain report: results/step_1_1_analysis/simple_analysis_report_*.txt
  - Individual space results: results/step_1_1_analysis/surface_analysis_*_*.json

Next steps:
  1. Review the simple_analysis_report_*.txt for plain results
  2. Identify top-performing space+metric combinations
  3. Consider re-running with --max_samples 167000 for full analysis

To run full analysis on promising combinations:
  python step_1_1_surface_analysis_corrected.py \
    --bert_data 'data/processed/snli_full_standard_BERT.pt' \
    --order_model '' \
    --max_samples 167000

Job finished.
