Starting Surface Distance Metric Analysis job...
Job ID: 204896
Node: gpuvm13
Time: Thu 25 Sep 11:24:21 BST 2025
Loading CUDA...
Activating conda environment...
Activated conda environment: /vol/bitbucket/ahb24/tda_entailment_new
Python location: /vol/bitbucket/ahb24/tda_entailment_new/bin/python
Checking GPU availability...
Thu Sep 25 11:24:23 2025       
+-----------------------------------------------------------------------------------------+
| NVIDIA-SMI 580.65.06              Driver Version: 580.65.06      CUDA Version: 13.0     |
+-----------------------------------------+------------------------+----------------------+
| GPU  Name                 Persistence-M | Bus-Id          Disp.A | Volatile Uncorr. ECC |
| Fan  Temp   Perf          Pwr:Usage/Cap |           Memory-Usage | GPU-Util  Compute M. |
|                                         |                        |               MIG M. |
|=========================================+========================+======================|
|   0  Tesla T4                       Off |   00000000:00:07.0 Off |                    0 |
| N/A   39C    P8             13W /   70W |       0MiB /  15360MiB |      0%      Default |
|                                         |                        |                  N/A |
+-----------------------------------------+------------------------+----------------------+

+-----------------------------------------------------------------------------------------+
| Processes:                                                                              |
|  GPU   GI   CI              PID   Type   Process name                        GPU Memory |
|        ID   ID                                                               Usage      |
|=========================================================================================|
|  No running processes found                                                             |
+-----------------------------------------------------------------------------------------+

Testing PyTorch and CUDA...
PyTorch version: 2.4.1
CUDA available: True
CUDA device: Tesla T4
GPU memory: 15.6 GB
PyTorch setup verified!


Starting Surface Distance Metric Analysis...
Analysis parameters:

Surface Distance Metric Analyzer initialized
FOCUS: Testing distance metrics for premise-hypothesis pair relationships
Device: cuda
GPT data: /vol/bitbucket/ahb24/tda_entailment_new/snli_full_train_GPT2_MEAN_POOLING.pt
Order model: models/enhanced_order_embeddings_snli_SBERT_full.pt
Distance metrics: 7 total
Relational embedding spaces: 2 total
Each space represents premise-hypothesis pair relationships
Loading pre-processed data...
Loading GPT embeddings from /vol/bitbucket/ahb24/tda_entailment_new/snli_full_train_GPT2_MEAN_POOLING.pt
GPT data loaded:
  Premise embeddings: torch.Size([549367, 1280])
  Hypothesis embeddings: torch.Size([549367, 1280])
  Labels: 549367
  Label distribution: {'contradiction': 183187, 'entailment': 183416, 'neutral': 182764}
================================================================================
COMPREHENSIVE SURFACE DISTANCE METRIC ANALYSIS (GPU-OPTIMIZED)
Testing all distance metrics across all embedding spaces
Device: cuda
GPU Memory: 5364.9 MB allocated
================================================================================
Extracting all embedding spaces...
  entailment: 183416 samples
  neutral: 182764 samples
  contradiction: 183187 samples
Extracting gpt_concat...
  gpt_concat entailment: torch.Size([183416, 2560])
  gpt_concat neutral: torch.Size([182764, 2560])
  gpt_concat contradiction: torch.Size([183187, 2560])
Extracting lattice_containment...
  lattice_containment entailment: torch.Size([183416, 1280])
  lattice_containment neutral: torch.Size([182764, 1280])
  lattice_containment contradiction: torch.Size([183187, 1280])

============================================================
TESTING SPACE: gpt_concat
============================================================

--- Testing euclidean metric ---
  Computing PH-Dim for entailment in gpt_concat using euclidean
    entailment PH-Dim: 21.8117
  Computing PH-Dim for neutral in gpt_concat using euclidean
    neutral PH-Dim: 28.0920
  Computing PH-Dim for contradiction in gpt_concat using euclidean
    contradiction PH-Dim: 27.8931
  Computing cross-class surface analysis for gpt_concat using euclidean
 PH-Dim scores: {'entailment': 21.811716402715774, 'neutral': 28.092029528603838, 'contradiction': 27.89308719727334}

--- Testing manhattan metric ---
  Computing PH-Dim for entailment in gpt_concat using manhattan
    entailment PH-Dim: 19.9622
  Computing PH-Dim for neutral in gpt_concat using manhattan
    neutral PH-Dim: 26.1089
  Computing PH-Dim for contradiction in gpt_concat using manhattan
    contradiction PH-Dim: 26.3981
  Computing cross-class surface analysis for gpt_concat using manhattan
 PH-Dim scores: {'entailment': 19.96219610786241, 'neutral': 26.108868466094453, 'contradiction': 26.39808621373195}

--- Testing chebyshev metric ---
  Computing PH-Dim for entailment in gpt_concat using chebyshev
    entailment PH-Dim: 18.4293
  Computing PH-Dim for neutral in gpt_concat using chebyshev
    neutral PH-Dim: 21.5965
  Computing PH-Dim for contradiction in gpt_concat using chebyshev
    contradiction PH-Dim: 18.9587
  Computing cross-class surface analysis for gpt_concat using chebyshev
 PH-Dim scores: {'entailment': 18.429304598374912, 'neutral': 21.59647061778663, 'contradiction': 18.958702506222984}

--- Testing cosine metric ---
  Computing PH-Dim for entailment in gpt_concat using cosine
    entailment PH-Dim: 10.5475
  Computing PH-Dim for neutral in gpt_concat using cosine
    neutral PH-Dim: 13.5067
  Computing PH-Dim for contradiction in gpt_concat using cosine
    contradiction PH-Dim: 14.2550
  Computing cross-class surface analysis for gpt_concat using cosine
 PH-Dim scores: {'entailment': 10.547512114833008, 'neutral': 13.506687654668912, 'contradiction': 14.255017307450567}

--- Testing minkowski_3 metric ---
  Computing PH-Dim for entailment in gpt_concat using minkowski_3
    entailment PH-Dim: 22.5613
  Computing PH-Dim for neutral in gpt_concat using minkowski_3
    neutral PH-Dim: 29.3133
  Computing PH-Dim for contradiction in gpt_concat using minkowski_3
    contradiction PH-Dim: 28.0984
  Computing cross-class surface analysis for gpt_concat using minkowski_3
 PH-Dim scores: {'entailment': 22.5613494074692, 'neutral': 29.31330680953233, 'contradiction': 28.098432678552292}

--- Testing minkowski_4 metric ---
  Computing PH-Dim for entailment in gpt_concat using minkowski_4
    entailment PH-Dim: 22.6153
  Computing PH-Dim for neutral in gpt_concat using minkowski_4
    neutral PH-Dim: 29.3339
  Computing PH-Dim for contradiction in gpt_concat using minkowski_4
    contradiction PH-Dim: 27.6284
  Computing cross-class surface analysis for gpt_concat using minkowski_4
 PH-Dim scores: {'entailment': 22.615275687454115, 'neutral': 29.333938592755807, 'contradiction': 27.628355010110408}

--- Testing braycurtis metric ---
  Computing PH-Dim for entailment in gpt_concat using braycurtis
    entailment PH-Dim: 17.2548
  Computing PH-Dim for neutral in gpt_concat using braycurtis
    neutral PH-Dim: 23.0353
  Computing PH-Dim for contradiction in gpt_concat using braycurtis
    contradiction PH-Dim: 23.1384
  Computing cross-class surface analysis for gpt_concat using braycurtis
 PH-Dim scores: {'entailment': 17.2547840913234, 'neutral': 23.035333938616912, 'contradiction': 23.13844809084443}

Saved gpt_concat results to entailment_surfaces/results/GPT_snli_full_seed_333/surface_analysis_gpt_concat_20250925_112452.json

============================================================
TESTING SPACE: lattice_containment
============================================================

--- Testing euclidean metric ---
  Computing PH-Dim for entailment in lattice_containment using euclidean
    entailment PH-Dim: 25.9314
  Computing PH-Dim for neutral in lattice_containment using euclidean
    neutral PH-Dim: 32.9850
  Computing PH-Dim for contradiction in lattice_containment using euclidean
    contradiction PH-Dim: 32.3138
  Computing cross-class surface analysis for lattice_containment using euclidean
 PH-Dim scores: {'entailment': 25.93143755278247, 'neutral': 32.985030310804916, 'contradiction': 32.31383807702388}

--- Testing manhattan metric ---
  Computing PH-Dim for entailment in lattice_containment using manhattan
    entailment PH-Dim: 24.3978
  Computing PH-Dim for neutral in lattice_containment using manhattan
    neutral PH-Dim: 32.3081
  Computing PH-Dim for contradiction in lattice_containment using manhattan
    contradiction PH-Dim: 32.5990
  Computing cross-class surface analysis for lattice_containment using manhattan
 PH-Dim scores: {'entailment': 24.397755297271242, 'neutral': 32.30807339917674, 'contradiction': 32.59901660977796}

--- Testing chebyshev metric ---
  Computing PH-Dim for entailment in lattice_containment using chebyshev
    entailment PH-Dim: 22.0439
  Computing PH-Dim for neutral in lattice_containment using chebyshev
    neutral PH-Dim: 21.6335
  Computing PH-Dim for contradiction in lattice_containment using chebyshev
    contradiction PH-Dim: 20.3305
  Computing cross-class surface analysis for lattice_containment using chebyshev
 PH-Dim scores: {'entailment': 22.043873032705893, 'neutral': 21.633510216181886, 'contradiction': 20.330450894630797}

--- Testing cosine metric ---
  Computing PH-Dim for entailment in lattice_containment using cosine
    entailment PH-Dim: 12.5159
  Computing PH-Dim for neutral in lattice_containment using cosine
    neutral PH-Dim: 16.4047
  Computing PH-Dim for contradiction in lattice_containment using cosine
    contradiction PH-Dim: 17.8089
  Computing cross-class surface analysis for lattice_containment using cosine
 PH-Dim scores: {'entailment': 12.515914851572493, 'neutral': 16.404718683786488, 'contradiction': 17.808940675275778}

--- Testing minkowski_3 metric ---
  Computing PH-Dim for entailment in lattice_containment using minkowski_3
    entailment PH-Dim: 26.6967
  Computing PH-Dim for neutral in lattice_containment using minkowski_3
    neutral PH-Dim: 32.8743
  Computing PH-Dim for contradiction in lattice_containment using minkowski_3
    contradiction PH-Dim: 31.4072
  Computing cross-class surface analysis for lattice_containment using minkowski_3
 PH-Dim scores: {'entailment': 26.696733616067156, 'neutral': 32.874305681168465, 'contradiction': 31.40723167877641}

--- Testing minkowski_4 metric ---
  Computing PH-Dim for entailment in lattice_containment using minkowski_4
    entailment PH-Dim: 27.1872
  Computing PH-Dim for neutral in lattice_containment using minkowski_4
    neutral PH-Dim: 32.2021
  Computing PH-Dim for contradiction in lattice_containment using minkowski_4
    contradiction PH-Dim: 30.2478
  Computing cross-class surface analysis for lattice_containment using minkowski_4
 PH-Dim scores: {'entailment': 27.1871582360955, 'neutral': 32.20212311224153, 'contradiction': 30.247827672362494}

--- Testing braycurtis metric ---
  Computing PH-Dim for entailment in lattice_containment using braycurtis
    entailment PH-Dim: 22.5001
  Computing PH-Dim for neutral in lattice_containment using braycurtis
    neutral PH-Dim: 32.5911
  Computing PH-Dim for contradiction in lattice_containment using braycurtis
    contradiction PH-Dim: 32.3396
  Computing cross-class surface analysis for lattice_containment using braycurtis
 PH-Dim scores: {'entailment': 22.500080233651584, 'neutral': 32.5911040522846, 'contradiction': 32.339638120927674}

Saved lattice_containment results to entailment_surfaces/results/GPT_snli_full_seed_333/surface_analysis_lattice_containment_20250925_112452.json
Simple report saved to: entailment_surfaces/results/GPT_snli_full_seed_333/simple_analysis_report_20250925_112452.txt

================================================================================
COMPREHENSIVE ANALYSIS COMPLETE
Final GPU Memory: 5364.9 MB allocated
Results saved to: entailment_surfaces/results/GPT_snli_full_seed_333/comprehensive_surface_analysis_20250925_112452.json
================================================================================

Analysis completed with exit code: 0
Time: Thu 25 Sep 11:32:52 BST 2025

Results created in results/step_1_1_analysis/:
No results directory found

Disk usage:
No results to measure

=== ANALYSIS SUCCESSFUL ===
Surface distance metric analysis completed successfully!

Key outputs:
  - JSON results: results/step_1_1_analysis/comprehensive_surface_analysis_*.json
  - Plain report: results/step_1_1_analysis/simple_analysis_report_*.txt
  - Individual space results: results/step_1_1_analysis/surface_analysis_*_*.json

Next steps:
  1. Review the simple_analysis_report_*.txt for plain results
  2. Identify top-performing space+metric combinations
  3. Consider re-running with --max_samples 167000 for full analysis

To run full analysis on promising combinations:
  python step_1_1_surface_analysis_corrected.py \
    --bert_data 'data/processed/snli_full_standard_BERT.pt' \
    --order_model '' \
    --max_samples 167000

Job finished.
