Starting Surface Distance Metric Analysis job...
Job ID: 204893
Node: gpuvm13
Time: Thu 25 Sep 11:01:06 BST 2025
Loading CUDA...
Activating conda environment...
Activated conda environment: /vol/bitbucket/ahb24/tda_entailment_new
Python location: /vol/bitbucket/ahb24/tda_entailment_new/bin/python
Checking GPU availability...
Thu Sep 25 11:01:08 2025       
+-----------------------------------------------------------------------------------------+
| NVIDIA-SMI 580.65.06              Driver Version: 580.65.06      CUDA Version: 13.0     |
+-----------------------------------------+------------------------+----------------------+
| GPU  Name                 Persistence-M | Bus-Id          Disp.A | Volatile Uncorr. ECC |
| Fan  Temp   Perf          Pwr:Usage/Cap |           Memory-Usage | GPU-Util  Compute M. |
|                                         |                        |               MIG M. |
|=========================================+========================+======================|
|   0  Tesla T4                       Off |   00000000:00:07.0 Off |                    0 |
| N/A   34C    P8              9W /   70W |       0MiB /  15360MiB |      0%      Default |
|                                         |                        |                  N/A |
+-----------------------------------------+------------------------+----------------------+

+-----------------------------------------------------------------------------------------+
| Processes:                                                                              |
|  GPU   GI   CI              PID   Type   Process name                        GPU Memory |
|        ID   ID                                                               Usage      |
|=========================================================================================|
|  No running processes found                                                             |
+-----------------------------------------------------------------------------------------+

Testing PyTorch and CUDA...
PyTorch version: 2.4.1
CUDA available: True
CUDA device: Tesla T4
GPU memory: 15.6 GB
PyTorch setup verified!


Starting Surface Distance Metric Analysis...
Analysis parameters:

Surface Distance Metric Analyzer initialized
FOCUS: Testing distance metrics for premise-hypothesis pair relationships
Device: cuda
GPT data: /vol/bitbucket/ahb24/tda_entailment_new/snli_full_train_GPT2_MEAN_POOLING.pt
Order model: models/enhanced_order_embeddings_snli_SBERT_full.pt
Distance metrics: 7 total
Relational embedding spaces: 2 total
Each space represents premise-hypothesis pair relationships
Loading pre-processed data...
Loading GPT embeddings from /vol/bitbucket/ahb24/tda_entailment_new/snli_full_train_GPT2_MEAN_POOLING.pt
GPT data loaded:
  Premise embeddings: torch.Size([549367, 1280])
  Hypothesis embeddings: torch.Size([549367, 1280])
  Labels: 549367
  Label distribution: {'contradiction': 183187, 'entailment': 183416, 'neutral': 182764}
================================================================================
COMPREHENSIVE SURFACE DISTANCE METRIC ANALYSIS (GPU-OPTIMIZED)
Testing all distance metrics across all embedding spaces
Device: cuda
GPU Memory: 5364.9 MB allocated
================================================================================
Extracting all embedding spaces...
  entailment: 183416 samples
  neutral: 182764 samples
  contradiction: 183187 samples
Extracting gpt_concat...
  gpt_concat entailment: torch.Size([183416, 2560])
  gpt_concat neutral: torch.Size([182764, 2560])
  gpt_concat contradiction: torch.Size([183187, 2560])
Extracting lattice_containment...
  lattice_containment entailment: torch.Size([183416, 1280])
  lattice_containment neutral: torch.Size([182764, 1280])
  lattice_containment contradiction: torch.Size([183187, 1280])

============================================================
TESTING SPACE: gpt_concat
============================================================

--- Testing euclidean metric ---
  Computing PH-Dim for entailment in gpt_concat using euclidean
    entailment PH-Dim: 25.5319
  Computing PH-Dim for neutral in gpt_concat using euclidean
    neutral PH-Dim: 29.2602
  Computing PH-Dim for contradiction in gpt_concat using euclidean
    contradiction PH-Dim: 31.9686
  Computing cross-class surface analysis for gpt_concat using euclidean
 PH-Dim scores: {'entailment': 25.531930167851275, 'neutral': 29.260153258947927, 'contradiction': 31.968623600725085}

--- Testing manhattan metric ---
  Computing PH-Dim for entailment in gpt_concat using manhattan
    entailment PH-Dim: 23.2987
  Computing PH-Dim for neutral in gpt_concat using manhattan
    neutral PH-Dim: 27.5414
  Computing PH-Dim for contradiction in gpt_concat using manhattan
    contradiction PH-Dim: 29.7118
  Computing cross-class surface analysis for gpt_concat using manhattan
 PH-Dim scores: {'entailment': 23.298682290146814, 'neutral': 27.54136854983234, 'contradiction': 29.711754515091613}

--- Testing chebyshev metric ---
  Computing PH-Dim for entailment in gpt_concat using chebyshev
    entailment PH-Dim: 18.3957
  Computing PH-Dim for neutral in gpt_concat using chebyshev
    neutral PH-Dim: 19.8170
  Computing PH-Dim for contradiction in gpt_concat using chebyshev
    contradiction PH-Dim: 22.3369
  Computing cross-class surface analysis for gpt_concat using chebyshev
 PH-Dim scores: {'entailment': 18.39570807174851, 'neutral': 19.817025943284726, 'contradiction': 22.33685351510278}

--- Testing cosine metric ---
  Computing PH-Dim for entailment in gpt_concat using cosine
    entailment PH-Dim: 12.6596
  Computing PH-Dim for neutral in gpt_concat using cosine
    neutral PH-Dim: 13.6776
  Computing PH-Dim for contradiction in gpt_concat using cosine
    contradiction PH-Dim: 15.2173
  Computing cross-class surface analysis for gpt_concat using cosine
 PH-Dim scores: {'entailment': 12.65959009319998, 'neutral': 13.67760001753788, 'contradiction': 15.217334070289487}

--- Testing minkowski_3 metric ---
  Computing PH-Dim for entailment in gpt_concat using minkowski_3
    entailment PH-Dim: 25.8510
  Computing PH-Dim for neutral in gpt_concat using minkowski_3
    neutral PH-Dim: 29.8077
  Computing PH-Dim for contradiction in gpt_concat using minkowski_3
    contradiction PH-Dim: 33.2568
  Computing cross-class surface analysis for gpt_concat using minkowski_3
 PH-Dim scores: {'entailment': 25.851002008311692, 'neutral': 29.807724864643433, 'contradiction': 33.256823396301876}

--- Testing minkowski_4 metric ---
  Computing PH-Dim for entailment in gpt_concat using minkowski_4
    entailment PH-Dim: 25.2256
  Computing PH-Dim for neutral in gpt_concat using minkowski_4
    neutral PH-Dim: 29.3023
  Computing PH-Dim for contradiction in gpt_concat using minkowski_4
    contradiction PH-Dim: 34.1227
  Computing cross-class surface analysis for gpt_concat using minkowski_4
 PH-Dim scores: {'entailment': 25.22559431832838, 'neutral': 29.302292749538527, 'contradiction': 34.12268924052394}

--- Testing braycurtis metric ---
  Computing PH-Dim for entailment in gpt_concat using braycurtis
    entailment PH-Dim: 20.8074
  Computing PH-Dim for neutral in gpt_concat using braycurtis
    neutral PH-Dim: 22.2849
  Computing PH-Dim for contradiction in gpt_concat using braycurtis
    contradiction PH-Dim: 25.0429
  Computing cross-class surface analysis for gpt_concat using braycurtis
 PH-Dim scores: {'entailment': 20.807397760326552, 'neutral': 22.284894327276383, 'contradiction': 25.042889772358965}

Saved gpt_concat results to entailment_surfaces/results/GPT_snli_full_seed_42/surface_analysis_gpt_concat_20250925_110321.json

============================================================
TESTING SPACE: lattice_containment
============================================================

--- Testing euclidean metric ---
  Computing PH-Dim for entailment in lattice_containment using euclidean
    entailment PH-Dim: 32.8563
  Computing PH-Dim for neutral in lattice_containment using euclidean
    neutral PH-Dim: 35.4427
  Computing PH-Dim for contradiction in lattice_containment using euclidean
    contradiction PH-Dim: 41.8619
  Computing cross-class surface analysis for lattice_containment using euclidean
 PH-Dim scores: {'entailment': 32.85628924219168, 'neutral': 35.44271818566563, 'contradiction': 41.86187426516567}

--- Testing manhattan metric ---
  Computing PH-Dim for entailment in lattice_containment using manhattan
    entailment PH-Dim: 30.7669
  Computing PH-Dim for neutral in lattice_containment using manhattan
    neutral PH-Dim: 34.8069
  Computing PH-Dim for contradiction in lattice_containment using manhattan
    contradiction PH-Dim: 39.8367
  Computing cross-class surface analysis for lattice_containment using manhattan
 PH-Dim scores: {'entailment': 30.76687534773577, 'neutral': 34.80686840072837, 'contradiction': 39.8367051441328}

--- Testing chebyshev metric ---
  Computing PH-Dim for entailment in lattice_containment using chebyshev
    entailment PH-Dim: 20.2840
  Computing PH-Dim for neutral in lattice_containment using chebyshev
    neutral PH-Dim: 22.5507
  Computing PH-Dim for contradiction in lattice_containment using chebyshev
    contradiction PH-Dim: 27.4188
  Computing cross-class surface analysis for lattice_containment using chebyshev
 PH-Dim scores: {'entailment': 20.283955809839313, 'neutral': 22.550731173602056, 'contradiction': 27.4188086300483}

--- Testing cosine metric ---
  Computing PH-Dim for entailment in lattice_containment using cosine
    entailment PH-Dim: 17.4869
  Computing PH-Dim for neutral in lattice_containment using cosine
    neutral PH-Dim: 17.3864
  Computing PH-Dim for contradiction in lattice_containment using cosine
    contradiction PH-Dim: 20.6556
  Computing cross-class surface analysis for lattice_containment using cosine
 PH-Dim scores: {'entailment': 17.48692018931339, 'neutral': 17.38641282872231, 'contradiction': 20.655550688131033}

--- Testing minkowski_3 metric ---
  Computing PH-Dim for entailment in lattice_containment using minkowski_3
    entailment PH-Dim: 32.7713
  Computing PH-Dim for neutral in lattice_containment using minkowski_3
    neutral PH-Dim: 35.9851
  Computing PH-Dim for contradiction in lattice_containment using minkowski_3
    contradiction PH-Dim: 41.7584
  Computing cross-class surface analysis for lattice_containment using minkowski_3
 PH-Dim scores: {'entailment': 32.771308310809225, 'neutral': 35.98514325962127, 'contradiction': 41.75842704972689}

--- Testing minkowski_4 metric ---
  Computing PH-Dim for entailment in lattice_containment using minkowski_4
    entailment PH-Dim: 31.2154
  Computing PH-Dim for neutral in lattice_containment using minkowski_4
    neutral PH-Dim: 35.3750
  Computing PH-Dim for contradiction in lattice_containment using minkowski_4
    contradiction PH-Dim: 40.5211
  Computing cross-class surface analysis for lattice_containment using minkowski_4
 PH-Dim scores: {'entailment': 31.215417810524702, 'neutral': 35.37501409121666, 'contradiction': 40.52109592542748}

--- Testing braycurtis metric ---
  Computing PH-Dim for entailment in lattice_containment using braycurtis
    entailment PH-Dim: 30.2280
  Computing PH-Dim for neutral in lattice_containment using braycurtis
    neutral PH-Dim: 30.7504
  Computing PH-Dim for contradiction in lattice_containment using braycurtis
    contradiction PH-Dim: 37.8643
  Computing cross-class surface analysis for lattice_containment using braycurtis
 PH-Dim scores: {'entailment': 30.227959399298932, 'neutral': 30.75041854690574, 'contradiction': 37.864304794500136}

Saved lattice_containment results to entailment_surfaces/results/GPT_snli_full_seed_42/surface_analysis_lattice_containment_20250925_110321.json
Simple report saved to: entailment_surfaces/results/GPT_snli_full_seed_42/simple_analysis_report_20250925_110321.txt

================================================================================
COMPREHENSIVE ANALYSIS COMPLETE
Final GPU Memory: 5364.9 MB allocated
Results saved to: entailment_surfaces/results/GPT_snli_full_seed_42/comprehensive_surface_analysis_20250925_110321.json
================================================================================

Analysis completed with exit code: 0
Time: Thu 25 Sep 11:11:11 BST 2025

Results created in results/step_1_1_analysis/:
No results directory found

Disk usage:
No results to measure

=== ANALYSIS SUCCESSFUL ===
Surface distance metric analysis completed successfully!

Key outputs:
  - JSON results: results/step_1_1_analysis/comprehensive_surface_analysis_*.json
  - Plain report: results/step_1_1_analysis/simple_analysis_report_*.txt
  - Individual space results: results/step_1_1_analysis/surface_analysis_*_*.json

Next steps:
  1. Review the simple_analysis_report_*.txt for plain results
  2. Identify top-performing space+metric combinations
  3. Consider re-running with --max_samples 167000 for full analysis

To run full analysis on promising combinations:
  python step_1_1_surface_analysis_corrected.py \
    --bert_data 'data/processed/snli_full_standard_BERT.pt' \
    --order_model '' \
    --max_samples 167000

Job finished.
