Starting Surface Distance Metric Analysis job...
Job ID: 205214
Node: clapper
Time: Sat 27 Sep 22:03:47 BST 2025
Loading CUDA...
Activating conda environment...
Authenticating with Hugging Face...
Activated conda environment: /vol/bitbucket/ahb24/tda_entailment_new
Python location: /vol/bitbucket/ahb24/tda_entailment_new/bin/python
Checking GPU availability...
Sat Sep 27 22:03:51 2025       
+-----------------------------------------------------------------------------------------+
| NVIDIA-SMI 580.65.06              Driver Version: 580.65.06      CUDA Version: 13.0     |
+-----------------------------------------+------------------------+----------------------+
| GPU  Name                 Persistence-M | Bus-Id          Disp.A | Volatile Uncorr. ECC |
| Fan  Temp   Perf          Pwr:Usage/Cap |           Memory-Usage | GPU-Util  Compute M. |
|                                         |                        |               MIG M. |
|=========================================+========================+======================|
|   0  NVIDIA A30                     Off |   00000000:04:00.0 Off |                    0 |
| N/A   30C    P0             26W /  165W |       0MiB /  24576MiB |      0%      Default |
|                                         |                        |             Disabled |
+-----------------------------------------+------------------------+----------------------+

+-----------------------------------------------------------------------------------------+
| Processes:                                                                              |
|  GPU   GI   CI              PID   Type   Process name                        GPU Memory |
|        ID   ID                                                               Usage      |
|=========================================================================================|
|  No running processes found                                                             |
+-----------------------------------------------------------------------------------------+

Testing PyTorch and CUDA...
PyTorch version: 2.4.1
CUDA available: True
CUDA device: NVIDIA A30
GPU memory: 25.3 GB
PyTorch setup verified!

Checking for required input data and models...

Starting gpt processing...

Loading LLM2Vec model on cuda...
LLM2Vec text processing pipeline ready
Model automatically handles sentence embedding with mean pooling
Single pair test - Premise shape: torch.Size([4096]), Hypothesis shape: torch.Size([4096])
Processing dataset: MSc_Topology_Codebase/data/raw/snli/train/snli_full_train.json...
Dataset contains 549367 premise-hypothesis pairs
Generating premise embeddings...
Generating hypothesis embeddings...
Dataset processing complete
Premise embeddings shape: torch.Size([549367, 4096])
Hypothesis embeddings shape: torch.Size([549367, 4096])
Embedding dimension: 4096
Premise embedding range: [-78.500, 67.938]
Hypothesis embedding range: [-88.000, 87.000]
Saved processed data to /vol/bitbucket/ahb24/tda_entailment_new/snli_full_train_LLM2Vec_MISTRAL_SUP.pt
LLM2Vec text processing pipeline test completed successfully

Analysis completed with exit code: 0
Time: Sun 28 Sep 03:01:37 BST 2025

=== ANALYSIS SUCCESSFUL ===


Job finished.
