slurmstepd: error: Failed to initialize NVML: Driver/library version mismatch
slurmstepd: error: Failed to get device count: Uninitialized
slurmstepd: error: Failed to get device count: Uninitialized
/var/spool/slurm/d/job204673/slurm_script: line 32: nvidia-smi: command not found
/vol/bitbucket/ahb24/tda_entailment_new/lib/python3.10/site-packages/torch/cuda/__init__.py:654: UserWarning: Can't initialize NVML
  warnings.warn("Can't initialize NVML")
/vol/bitbucket/ahb24/tda_entailment_new/lib/python3.10/site-packages/torch/cuda/__init__.py:654: UserWarning: Can't initialize NVML
  warnings.warn("Can't initialize NVML")
slurmstepd: error: Failed to get device count: Uninitialized
slurmstepd: error: Failed to get device count: Uninitialized
slurmstepd: error: Failed to get device count: Uninitialized
slurmstepd: error: Failed to get device count: Uninitialized
slurmstepd: error: Failed to get device count: Uninitialized
slurmstepd: error: Failed to get device count: Uninitialized
slurmstepd: error: Failed to get device count: Uninitialized
slurmstepd: error: Failed to get device count: Uninitialized
slurmstepd: error: Failed to get device count: Uninitialized
slurmstepd: error: Failed to get device count: Uninitialized
slurmstepd: error: Failed to get device count: Uninitialized
slurmstepd: error: Failed to get device count: Uninitialized
slurmstepd: error: Failed to get device count: Uninitialized
slurmstepd: error: Failed to get device count: Uninitialized
slurmstepd: error: Failed to get device count: Uninitialized
slurmstepd: error: Failed to get device count: Uninitialized
slurmstepd: error: Failed to get device count: Uninitialized
slurmstepd: error: Failed to get device count: Uninitialized
slurmstepd: error: Failed to get device count: Uninitialized
slurmstepd: error: Failed to get device count: Uninitialized
slurmstepd: error: Failed to get device count: Uninitialized
slurmstepd: error: Failed to get device count: Uninitialized
slurmstepd: error: Failed to get device count: Uninitialized
slurmstepd: error: Failed to get device count: Uninitialized
slurmstepd: error: Failed to get device count: Uninitialized
slurmstepd: error: Failed to get device count: Uninitialized
slurmstepd: error: Failed to get device count: Uninitialized
slurmstepd: error: Failed to get device count: Uninitialized
slurmstepd: error: Failed to get device count: Uninitialized
slurmstepd: error: Failed to get device count: Uninitialized
slurmstepd: error: Failed to get device count: Uninitialized
slurmstepd: error: Failed to get device count: Uninitialized
slurmstepd: error: Failed to get device count: Uninitialized
slurmstepd: error: Failed to get device count: Uninitialized
slurmstepd: error: Failed to get device count: Uninitialized
slurmstepd: error: Failed to get device count: Uninitialized
slurmstepd: error: Failed to get device count: Uninitialized
slurmstepd: error: Failed to get device count: Uninitialized
slurmstepd: error: Failed to get device count: Uninitialized
slurmstepd: error: Failed to get device count: Uninitialized
slurmstepd: error: Failed to get device count: Uninitialized
slurmstepd: error: Failed to get device count: Uninitialized
slurmstepd: error: Failed to get device count: Uninitialized
slurmstepd: error: Failed to get device count: Uninitialized
slurmstepd: error: Failed to get device count: Uninitialized
slurmstepd: error: Failed to get device count: Uninitialized
slurmstepd: error: Failed to get device count: Uninitialized
slurmstepd: error: Failed to get device count: Uninitialized
slurmstepd: error: Failed to get device count: Uninitialized
slurmstepd: error: Failed to get device count: Uninitialized
slurmstepd: error: Failed to get device count: Uninitialized
slurmstepd: error: Failed to get device count: Uninitialized
slurmstepd: error: Failed to get device count: Uninitialized
slurmstepd: error: Failed to get device count: Uninitialized
slurmstepd: error: Failed to get device count: Uninitialized
slurmstepd: error: Failed to get device count: Uninitialized
slurmstepd: error: Failed to get device count: Uninitialized
slurmstepd: error: Failed to get device count: Uninitialized
slurmstepd: error: Failed to get device count: Uninitialized
slurmstepd: error: Failed to get device count: Uninitialized
slurmstepd: error: Failed to get device count: Uninitialized
slurmstepd: error: Failed to get device count: Uninitialized
slurmstepd: error: Failed to get device count: Uninitialized
slurmstepd: error: Failed to get device count: Uninitialized
slurmstepd: error: Failed to get device count: Uninitialized
slurmstepd: error: Failed to get device count: Uninitialized
slurmstepd: error: Failed to get device count: Uninitialized
slurmstepd: error: Failed to get device count: Uninitialized
slurmstepd: error: Failed to get device count: Uninitialized
slurmstepd: error: Failed to get device count: Uninitialized
