Starting Surface Distance Metric Analysis job...
Job ID: 204725
Node: clapper
Time: Tue 23 Sep 19:51:04 BST 2025
Loading CUDA...
Activating conda environment...
Activated conda environment: /vol/bitbucket/ahb24/tda_entailment_new
Python location: /vol/bitbucket/ahb24/tda_entailment_new/bin/python
Checking GPU availability...
Tue Sep 23 19:51:06 2025       
+-----------------------------------------------------------------------------------------+
| NVIDIA-SMI 580.65.06              Driver Version: 580.65.06      CUDA Version: 13.0     |
+-----------------------------------------+------------------------+----------------------+
| GPU  Name                 Persistence-M | Bus-Id          Disp.A | Volatile Uncorr. ECC |
| Fan  Temp   Perf          Pwr:Usage/Cap |           Memory-Usage | GPU-Util  Compute M. |
|                                         |                        |               MIG M. |
|=========================================+========================+======================|
|   0  NVIDIA A30                     Off |   00000000:43:00.0 Off |                    0 |
| N/A   38C    P0             31W /  165W |       0MiB /  24576MiB |      0%      Default |
|                                         |                        |             Disabled |
+-----------------------------------------+------------------------+----------------------+

+-----------------------------------------------------------------------------------------+
| Processes:                                                                              |
|  GPU   GI   CI              PID   Type   Process name                        GPU Memory |
|        ID   ID                                                               Usage      |
|=========================================================================================|
|  No running processes found                                                             |
+-----------------------------------------------------------------------------------------+

Testing PyTorch and CUDA...
PyTorch version: 2.4.1
CUDA available: True
CUDA device: NVIDIA A30
GPU memory: 25.3 GB
PyTorch setup verified!

Checking for required input data and models...

Starting sbert processing...

Loading sentence-transformers/stsb-bert-large on cuda...
Gradient checkpointing enabled
Text processing pipeline ready
Single pair test - Premise shape: torch.Size([1024]), Hypothesis shape: torch.Size([1024])
Processing dataset: MSc_Topology_Codebase/data/raw/snli/train/snli_full_train.json...
Dataset contains 549367 premise-hypothesis pairs
Generating premise embeddings...
Generating hypothesis embeddings...
Dataset processing complete
Premise embeddings shape: torch.Size([549367, 1024])
Hypothesis embeddings shape: torch.Size([549367, 1024])
Embedding dimension: 1024
Premise embedding range: [-3.782, 3.756]
Hypothesis embedding range: [-3.992, 3.937]
Saved processed data to /vol/bitbucket/ahb24/tda_entailment_new/snli_full_train_STSB_BERT_LARGE.pt
Text processing pipeline test completed successfully

Analysis completed with exit code: 0
Time: Tue 23 Sep 20:36:23 BST 2025

=== ANALYSIS SUCCESSFUL ===


Job finished.
