Starting Surface Distance Metric Analysis job...
Job ID: 204795
Node: gpuvm13
Time: Wed 24 Sep 12:35:14 BST 2025
Loading CUDA...
Activating conda environment...
Activated conda environment: /vol/bitbucket/ahb24/tda_entailment_new
Python location: /vol/bitbucket/ahb24/tda_entailment_new/bin/python
Checking GPU availability...
Wed Sep 24 12:35:16 2025       
+-----------------------------------------------------------------------------------------+
| NVIDIA-SMI 580.65.06              Driver Version: 580.65.06      CUDA Version: 13.0     |
+-----------------------------------------+------------------------+----------------------+
| GPU  Name                 Persistence-M | Bus-Id          Disp.A | Volatile Uncorr. ECC |
| Fan  Temp   Perf          Pwr:Usage/Cap |           Memory-Usage | GPU-Util  Compute M. |
|                                         |                        |               MIG M. |
|=========================================+========================+======================|
|   0  Tesla T4                       Off |   00000000:00:07.0 Off |                    0 |
| N/A   43C    P8              9W /   70W |       0MiB /  15360MiB |      0%      Default |
|                                         |                        |                  N/A |
+-----------------------------------------+------------------------+----------------------+

+-----------------------------------------------------------------------------------------+
| Processes:                                                                              |
|  GPU   GI   CI              PID   Type   Process name                        GPU Memory |
|        ID   ID                                                               Usage      |
|=========================================================================================|
|  No running processes found                                                             |
+-----------------------------------------------------------------------------------------+

Testing PyTorch and CUDA...
PyTorch version: 2.4.1
CUDA available: True
CUDA device: Tesla T4
GPU memory: 15.6 GB
PyTorch setup verified!

Checking for required input data and models...

Starting Surface Distance Metric Analysis...
Analysis parameters:

Surface Distance Metric Analyzer initialized
FOCUS: Testing distance metrics for premise-hypothesis pair relationships
Device: cuda
BERT data: /vol/bitbucket/ahb24/tda_entailment_new/snli_full_train_STSB_BERT_LARGE.pt
Order model: models/enhanced_order_embeddings_snli_SBERT_full.pt
Distance metrics: 7 total
Relational embedding spaces: 2 total
Each space represents premise-hypothesis pair relationships
Loading pre-processed data...
Loading BERT embeddings from /vol/bitbucket/ahb24/tda_entailment_new/snli_full_train_STSB_BERT_LARGE.pt
BERT data loaded:
  Premise embeddings: torch.Size([549367, 1024])
  Hypothesis embeddings: torch.Size([549367, 1024])
  Labels: 549367
  Label distribution: {'contradiction': 183187, 'entailment': 183416, 'neutral': 182764}
Loading order model from models/enhanced_order_embeddings_snli_SBERT_full.pt
Order model loaded (validation loss: 3.202074103355408)
Loaded enhanced order model (val_loss: 3.2021)
Model asymmetry_weight: 1.9
Pipeline initialized: 125D → 30D hyperbolic
Running on: cuda
Enhanced model with asymmetry_weight: 1.9
Hyperbolic pipeline loaded successfully
Enhanced Hyperbolic Entailment Cones using device: cuda
Loaded enhanced order model (val_loss: 3.2021)
Model asymmetry_weight: 1.9
Pipeline initialized: 125D → 30D hyperbolic
Running on: cuda
Enhanced model with asymmetry_weight: 1.9
Successfully loaded enhanced hyperbolic projection of order embeddings
Enhanced cone pipeline loaded successfully
================================================================================
COMPREHENSIVE SURFACE DISTANCE METRIC ANALYSIS (GPU-OPTIMIZED)
Testing all distance metrics across all embedding spaces
Device: cuda
GPU Memory: 4294.8 MB allocated
================================================================================
Extracting all embedding spaces...
  entailment: 183416 samples
  neutral: 182764 samples
  contradiction: 183187 samples
Extracting sbert_concat...
  sbert_concat entailment: torch.Size([183416, 2048])
  sbert_concat neutral: torch.Size([182764, 2048])
  sbert_concat contradiction: torch.Size([183187, 2048])
Extracting lattice_containment...
  lattice_containment entailment: torch.Size([183416, 1024])
  lattice_containment neutral: torch.Size([182764, 1024])
  lattice_containment contradiction: torch.Size([183187, 1024])

============================================================
TESTING SPACE: sbert_concat
============================================================

--- Testing euclidean metric ---
  Computing PH-Dim for entailment in sbert_concat using euclidean
    entailment PH-Dim: 16.8092
  Computing PH-Dim for neutral in sbert_concat using euclidean
    neutral PH-Dim: 18.3307
  Computing PH-Dim for contradiction in sbert_concat using euclidean
    contradiction PH-Dim: 23.7103
  Computing cross-class surface analysis for sbert_concat using euclidean
 PH-Dim scores: {'entailment': 16.809217346404907, 'neutral': 18.33067619963868, 'contradiction': 23.710317918199557}

--- Testing manhattan metric ---
  Computing PH-Dim for entailment in sbert_concat using manhattan
    entailment PH-Dim: 15.2258
  Computing PH-Dim for neutral in sbert_concat using manhattan
    neutral PH-Dim: 17.0164
  Computing PH-Dim for contradiction in sbert_concat using manhattan
    contradiction PH-Dim: 21.5086
  Computing cross-class surface analysis for sbert_concat using manhattan
 PH-Dim scores: {'entailment': 15.225755450753171, 'neutral': 17.016394832078145, 'contradiction': 21.508569296454176}

--- Testing chebyshev metric ---
  Computing PH-Dim for entailment in sbert_concat using chebyshev
    entailment PH-Dim: 20.1421
  Computing PH-Dim for neutral in sbert_concat using chebyshev
    neutral PH-Dim: 21.5710
  Computing PH-Dim for contradiction in sbert_concat using chebyshev
    contradiction PH-Dim: 24.6301
  Computing cross-class surface analysis for sbert_concat using chebyshev
 PH-Dim scores: {'entailment': 20.142081279099003, 'neutral': 21.57101746875395, 'contradiction': 24.630118956272145}

--- Testing cosine metric ---
  Computing PH-Dim for entailment in sbert_concat using cosine
    entailment PH-Dim: 8.2965
  Computing PH-Dim for neutral in sbert_concat using cosine
    neutral PH-Dim: 9.1257
  Computing PH-Dim for contradiction in sbert_concat using cosine
    contradiction PH-Dim: 11.7812
  Computing cross-class surface analysis for sbert_concat using cosine
 PH-Dim scores: {'entailment': 8.29652578635103, 'neutral': 9.125707989602349, 'contradiction': 11.781246836652794}

--- Testing minkowski_3 metric ---
  Computing PH-Dim for entailment in sbert_concat using minkowski_3
    entailment PH-Dim: 17.7361
  Computing PH-Dim for neutral in sbert_concat using minkowski_3
    neutral PH-Dim: 19.1025
  Computing PH-Dim for contradiction in sbert_concat using minkowski_3
    contradiction PH-Dim: 24.6223
  Computing cross-class surface analysis for sbert_concat using minkowski_3
 PH-Dim scores: {'entailment': 17.736059431693004, 'neutral': 19.102518732286995, 'contradiction': 24.622277172302233}

--- Testing minkowski_4 metric ---
  Computing PH-Dim for entailment in sbert_concat using minkowski_4
    entailment PH-Dim: 18.3108
  Computing PH-Dim for neutral in sbert_concat using minkowski_4
    neutral PH-Dim: 19.5020
  Computing PH-Dim for contradiction in sbert_concat using minkowski_4
    contradiction PH-Dim: 24.9265
  Computing cross-class surface analysis for sbert_concat using minkowski_4
 PH-Dim scores: {'entailment': 18.310753193945928, 'neutral': 19.50202971024517, 'contradiction': 24.926528294497153}

--- Testing braycurtis metric ---
  Computing PH-Dim for entailment in sbert_concat using braycurtis
    entailment PH-Dim: 11.7694
  Computing PH-Dim for neutral in sbert_concat using braycurtis
    neutral PH-Dim: 12.7595
  Computing PH-Dim for contradiction in sbert_concat using braycurtis
    contradiction PH-Dim: 15.8750
  Computing cross-class surface analysis for sbert_concat using braycurtis
 PH-Dim scores: {'entailment': 11.769428478111948, 'neutral': 12.759467561847163, 'contradiction': 15.875032388718095}

Saved sbert_concat results to entailment_surfaces/results/snli_STSB_BERT_LARGE_seed_333/surface_analysis_sbert_concat_20250924_123536.json

============================================================
TESTING SPACE: lattice_containment
============================================================

--- Testing euclidean metric ---
  Computing PH-Dim for entailment in lattice_containment using euclidean
    entailment PH-Dim: 30.6802
  Computing PH-Dim for neutral in lattice_containment using euclidean
    neutral PH-Dim: 31.8373
  Computing PH-Dim for contradiction in lattice_containment using euclidean
    contradiction PH-Dim: 49.2099
  Computing cross-class surface analysis for lattice_containment using euclidean
 PH-Dim scores: {'entailment': 30.680179247008397, 'neutral': 31.83727442451081, 'contradiction': 49.209900085590235}

--- Testing manhattan metric ---
  Computing PH-Dim for entailment in lattice_containment using manhattan
    entailment PH-Dim: 27.9995
  Computing PH-Dim for neutral in lattice_containment using manhattan
    neutral PH-Dim: 29.9529
  Computing PH-Dim for contradiction in lattice_containment using manhattan
    contradiction PH-Dim: 45.2567
  Computing cross-class surface analysis for lattice_containment using manhattan
 PH-Dim scores: {'entailment': 27.999488931799522, 'neutral': 29.952879902688064, 'contradiction': 45.25671752896093}

--- Testing chebyshev metric ---
  Computing PH-Dim for entailment in lattice_containment using chebyshev
    entailment PH-Dim: 37.7698
  Computing PH-Dim for neutral in lattice_containment using chebyshev
    neutral PH-Dim: 36.7707
  Computing PH-Dim for contradiction in lattice_containment using chebyshev
    contradiction PH-Dim: 46.5272
  Computing cross-class surface analysis for lattice_containment using chebyshev
 PH-Dim scores: {'entailment': 37.76978134703043, 'neutral': 36.770730729740265, 'contradiction': 46.52716683157194}

--- Testing cosine metric ---
  Computing PH-Dim for entailment in lattice_containment using cosine
    entailment PH-Dim: 17.9284
  Computing PH-Dim for neutral in lattice_containment using cosine
    neutral PH-Dim: 16.3576
  Computing PH-Dim for contradiction in lattice_containment using cosine
    contradiction PH-Dim: 26.2213
  Computing cross-class surface analysis for lattice_containment using cosine
 PH-Dim scores: {'entailment': 17.92838389220417, 'neutral': 16.357568579217343, 'contradiction': 26.22134300802652}

--- Testing minkowski_3 metric ---
  Computing PH-Dim for entailment in lattice_containment using minkowski_3
    entailment PH-Dim: 32.5600
  Computing PH-Dim for neutral in lattice_containment using minkowski_3
    neutral PH-Dim: 33.5252
  Computing PH-Dim for contradiction in lattice_containment using minkowski_3
    contradiction PH-Dim: 52.7695
  Computing cross-class surface analysis for lattice_containment using minkowski_3
 PH-Dim scores: {'entailment': 32.559976179925535, 'neutral': 33.52521703188044, 'contradiction': 52.769507501610036}

--- Testing minkowski_4 metric ---
  Computing PH-Dim for entailment in lattice_containment using minkowski_4
    entailment PH-Dim: 34.1011
  Computing PH-Dim for neutral in lattice_containment using minkowski_4
    neutral PH-Dim: 34.8751
  Computing PH-Dim for contradiction in lattice_containment using minkowski_4
    contradiction PH-Dim: 56.4737
  Computing cross-class surface analysis for lattice_containment using minkowski_4
 PH-Dim scores: {'entailment': 34.1010813906876, 'neutral': 34.87508834411223, 'contradiction': 56.47365133474786}

--- Testing braycurtis metric ---
  Computing PH-Dim for entailment in lattice_containment using braycurtis
    entailment PH-Dim: 33.7326
  Computing PH-Dim for neutral in lattice_containment using braycurtis
    neutral PH-Dim: 26.4682
  Computing PH-Dim for contradiction in lattice_containment using braycurtis
    contradiction PH-Dim: 37.4863
  Computing cross-class surface analysis for lattice_containment using braycurtis
 PH-Dim scores: {'entailment': 33.732623272442815, 'neutral': 26.46822505786223, 'contradiction': 37.48628088265229}

Saved lattice_containment results to entailment_surfaces/results/snli_STSB_BERT_LARGE_seed_333/surface_analysis_lattice_containment_20250924_123536.json
Simple report saved to: entailment_surfaces/results/snli_STSB_BERT_LARGE_seed_333/simple_analysis_report_20250924_123536.txt

================================================================================
COMPREHENSIVE ANALYSIS COMPLETE
Final GPU Memory: 4294.8 MB allocated
Results saved to: entailment_surfaces/results/snli_STSB_BERT_LARGE_seed_333/comprehensive_surface_analysis_20250924_123536.json
================================================================================

Analysis completed with exit code: 0
Time: Wed 24 Sep 12:42:03 BST 2025

Results created in results/step_1_1_analysis/:
No results directory found

Disk usage:
No results to measure

=== ANALYSIS SUCCESSFUL ===
Surface distance metric analysis completed successfully!

Key outputs:
  - JSON results: results/step_1_1_analysis/comprehensive_surface_analysis_*.json
  - Plain report: results/step_1_1_analysis/simple_analysis_report_*.txt
  - Individual space results: results/step_1_1_analysis/surface_analysis_*_*.json

Next steps:
  1. Review the simple_analysis_report_*.txt for plain results
  2. Identify top-performing space+metric combinations
  3. Consider re-running with --max_samples 167000 for full analysis

To run full analysis on promising combinations:
  python step_1_1_surface_analysis_corrected.py \
    --bert_data 'data/processed/snli_full_standard_BERT.pt' \
    --order_model '' \
    --max_samples 167000

Job finished.
