Starting Surface Distance Metric Analysis job...
Job ID: 204648
Node: gpuvm15
Time: Tue 23 Sep 11:35:56 BST 2025
Loading CUDA...
Activating conda environment...
Activated conda environment: /vol/bitbucket/ahb24/tda_entailment_new
Python location: /vol/bitbucket/ahb24/tda_entailment_new/bin/python
Checking GPU availability...
Tue Sep 23 11:35:58 2025       
+-----------------------------------------------------------------------------------------+
| NVIDIA-SMI 570.133.07             Driver Version: 570.133.07     CUDA Version: 12.8     |
|-----------------------------------------+------------------------+----------------------+
| GPU  Name                 Persistence-M | Bus-Id          Disp.A | Volatile Uncorr. ECC |
| Fan  Temp   Perf          Pwr:Usage/Cap |           Memory-Usage | GPU-Util  Compute M. |
|                                         |                        |               MIG M. |
|=========================================+========================+======================|
|   0  Tesla T4                       Off |   00000000:00:06.0 Off |                    0 |
| N/A   34C    P8             10W /   70W |       0MiB /  15360MiB |      0%      Default |
|                                         |                        |                  N/A |
+-----------------------------------------+------------------------+----------------------+
                                                                                         
+-----------------------------------------------------------------------------------------+
| Processes:                                                                              |
|  GPU   GI   CI              PID   Type   Process name                        GPU Memory |
|        ID   ID                                                               Usage      |
|=========================================================================================|
|  No running processes found                                                             |
+-----------------------------------------------------------------------------------------+

Testing PyTorch and CUDA...
PyTorch version: 2.4.1
CUDA available: True
CUDA device: Tesla T4
GPU memory: 15.6 GB
PyTorch setup verified!

Checking for required input data and models...
Found BERT data: data/processed/snli_full_standard_SBERT.pt
✓ Found order model: models/enhanced_order_embeddings_snli_SBERT_full.pt

Starting Surface Distance Metric Analysis...
Analysis parameters:

Surface Distance Metric Analyzer initialized
FOCUS: Testing distance metrics for premise-hypothesis pair relationships
Device: cuda
BERT data: data/processed/mnli_full_SBERT_train.pt
Order model: models/enhanced_order_embeddings_snli_SBERT_full.pt
Distance metrics: 7 total
Relational embedding spaces: 9 total
Each space represents premise-hypothesis pair relationships
Loading pre-processed data...
Loading BERT embeddings from data/processed/mnli_full_SBERT_train.pt
BERT data loaded:
  Premise embeddings: torch.Size([392702, 768])
  Hypothesis embeddings: torch.Size([392702, 768])
  Labels: 392702
  Label distribution: {'entailment': 130899, 'neutral': 130900, 'contradiction': 130903}
Loading order model from models/enhanced_order_embeddings_snli_SBERT_full.pt
Order model loaded (validation loss: 3.202074103355408)
Loaded enhanced order model (val_loss: 3.2021)
Model asymmetry_weight: 1.9
Pipeline initialized: 125D → 30D hyperbolic
Running on: cuda
Enhanced model with asymmetry_weight: 1.9
Hyperbolic pipeline loaded successfully
Enhanced Hyperbolic Entailment Cones using device: cuda
Loaded enhanced order model (val_loss: 3.2021)
Model asymmetry_weight: 1.9
Pipeline initialized: 125D → 30D hyperbolic
Running on: cuda
Enhanced model with asymmetry_weight: 1.9
Successfully loaded enhanced hyperbolic projection of order embeddings
Enhanced cone pipeline loaded successfully
================================================================================
COMPREHENSIVE SURFACE DISTANCE METRIC ANALYSIS (GPU-OPTIMIZED)
Testing all distance metrics across all embedding spaces
Device: cuda
GPU Memory: 2303.8 MB allocated
================================================================================
Extracting all embedding spaces...
  entailment: 130899 samples
  neutral: 130900 samples
  contradiction: 130903 samples
Computing EUCLIDEAN order embeddings...
Computing ALL HYPERBOLIC features from enhanced cone pipeline...
Extracting sbert_concat...
  sbert_concat entailment: torch.Size([130899, 1536])
  sbert_concat neutral: torch.Size([130900, 1536])
  sbert_concat contradiction: torch.Size([130903, 1536])
Extracting sbert_difference...
  sbert_difference entailment: torch.Size([130899, 768])
  sbert_difference neutral: torch.Size([130900, 768])
  sbert_difference contradiction: torch.Size([130903, 768])
Extracting order_concat...
  order_concat entailment: torch.Size([130899, 250])
  order_concat neutral: torch.Size([130900, 250])
  order_concat contradiction: torch.Size([130903, 250])
Extracting order_difference...
  order_difference entailment: torch.Size([130899, 125])
  order_difference neutral: torch.Size([130900, 125])
  order_difference contradiction: torch.Size([130903, 125])
Extracting order_violations...
  order_violations entailment: torch.Size([130899, 1])
  order_violations neutral: torch.Size([130900, 1])
  order_violations contradiction: torch.Size([130903, 1])
Extracting hyperbolic_concat...
  hyperbolic_concat entailment: torch.Size([130899, 60])
  hyperbolic_concat neutral: torch.Size([130900, 60])
  hyperbolic_concat contradiction: torch.Size([130903, 60])
Extracting cone_violations...
  cone_violations entailment: torch.Size([130899, 1])
  cone_violations neutral: torch.Size([130900, 1])
  cone_violations contradiction: torch.Size([130903, 1])
Extracting lattice_containment...
  lattice_containment entailment: torch.Size([130899, 768])
  lattice_containment neutral: torch.Size([130900, 768])
  lattice_containment contradiction: torch.Size([130903, 768])
Extracting lattice_subsumption...
  lattice_subsumption entailment: torch.Size([130899, 768])
  lattice_subsumption neutral: torch.Size([130900, 768])
  lattice_subsumption contradiction: torch.Size([130903, 768])

============================================================
TESTING SPACE: sbert_concat
============================================================

--- Testing euclidean metric ---
  Computing PH-Dim for entailment in sbert_concat using euclidean
    entailment PH-Dim: 37.4796
  Computing PH-Dim for neutral in sbert_concat using euclidean
    neutral PH-Dim: 35.7769
  Computing PH-Dim for contradiction in sbert_concat using euclidean
    contradiction PH-Dim: 35.7688
  Computing cross-class surface analysis for sbert_concat using euclidean
 PH-Dim scores: {'entailment': 37.47955167000791, 'neutral': 35.77688881731344, 'contradiction': 35.76882433718553}

--- Testing manhattan metric ---
  Computing PH-Dim for entailment in sbert_concat using manhattan
    entailment PH-Dim: 37.6170
  Computing PH-Dim for neutral in sbert_concat using manhattan
    neutral PH-Dim: 35.8569
  Computing PH-Dim for contradiction in sbert_concat using manhattan
    contradiction PH-Dim: 35.6382
  Computing cross-class surface analysis for sbert_concat using manhattan
 PH-Dim scores: {'entailment': 37.617018893876114, 'neutral': 35.856861245857374, 'contradiction': 35.638197527597924}

--- Testing chebyshev metric ---
  Computing PH-Dim for entailment in sbert_concat using chebyshev
    entailment PH-Dim: 34.2557
  Computing PH-Dim for neutral in sbert_concat using chebyshev
    neutral PH-Dim: 30.9266
  Computing PH-Dim for contradiction in sbert_concat using chebyshev
    contradiction PH-Dim: 31.6186
  Computing cross-class surface analysis for sbert_concat using chebyshev
 PH-Dim scores: {'entailment': 34.25565100197048, 'neutral': 30.92662750558745, 'contradiction': 31.618552882869274}

--- Testing cosine metric ---
  Computing PH-Dim for entailment in sbert_concat using cosine
    entailment PH-Dim: 15.1759
  Computing PH-Dim for neutral in sbert_concat using cosine
    neutral PH-Dim: 16.4929
  Computing PH-Dim for contradiction in sbert_concat using cosine
    contradiction PH-Dim: 16.4379
  Computing cross-class surface analysis for sbert_concat using cosine
 PH-Dim scores: {'entailment': 15.175912812093848, 'neutral': 16.492945949155096, 'contradiction': 16.437874046874338}

--- Testing minkowski_3 metric ---
  Computing PH-Dim for entailment in sbert_concat using minkowski_3
    entailment PH-Dim: 37.6288
  Computing PH-Dim for neutral in sbert_concat using minkowski_3
    neutral PH-Dim: 35.8812
  Computing PH-Dim for contradiction in sbert_concat using minkowski_3
    contradiction PH-Dim: 36.2278
  Computing cross-class surface analysis for sbert_concat using minkowski_3
 PH-Dim scores: {'entailment': 37.62877288674028, 'neutral': 35.88117510307497, 'contradiction': 36.22777774854651}

--- Testing minkowski_4 metric ---
  Computing PH-Dim for entailment in sbert_concat using minkowski_4
    entailment PH-Dim: 37.9632
  Computing PH-Dim for neutral in sbert_concat using minkowski_4
    neutral PH-Dim: 35.8719
  Computing PH-Dim for contradiction in sbert_concat using minkowski_4
    contradiction PH-Dim: 36.3659
  Computing cross-class surface analysis for sbert_concat using minkowski_4
 PH-Dim scores: {'entailment': 37.96324724933016, 'neutral': 35.87193807966278, 'contradiction': 36.36593715484566}

--- Testing braycurtis metric ---
  Computing PH-Dim for entailment in sbert_concat using braycurtis
    entailment PH-Dim: 20.4529
  Computing PH-Dim for neutral in sbert_concat using braycurtis
    neutral PH-Dim: 22.2974
  Computing PH-Dim for contradiction in sbert_concat using braycurtis
    contradiction PH-Dim: 22.0246
  Computing cross-class surface analysis for sbert_concat using braycurtis
 PH-Dim scores: {'entailment': 20.45287057609446, 'neutral': 22.29741784371169, 'contradiction': 22.02461760737386}

Saved sbert_concat results to entailment_surfaces/results/mnli_successful_embeddings_seed_555/surface_analysis_sbert_concat_20250923_113633.json

============================================================
TESTING SPACE: sbert_difference
============================================================

--- Testing euclidean metric ---
  Computing PH-Dim for entailment in sbert_difference using euclidean
    entailment PH-Dim: 225.7291
  Computing PH-Dim for neutral in sbert_difference using euclidean
    neutral PH-Dim: 41.1800
  Computing PH-Dim for contradiction in sbert_difference using euclidean
    contradiction PH-Dim: 68.1119
  Computing cross-class surface analysis for sbert_difference using euclidean
 PH-Dim scores: {'entailment': 225.72907383983735, 'neutral': 41.17998050548186, 'contradiction': 68.11193078285413}

--- Testing manhattan metric ---
  Computing PH-Dim for entailment in sbert_difference using manhattan
    entailment PH-Dim: 223.4831
  Computing PH-Dim for neutral in sbert_difference using manhattan
    neutral PH-Dim: 40.2945
  Computing PH-Dim for contradiction in sbert_difference using manhattan
    contradiction PH-Dim: 67.5312
  Computing cross-class surface analysis for sbert_difference using manhattan
 PH-Dim scores: {'entailment': 223.48313986085137, 'neutral': 40.29445806200625, 'contradiction': 67.53123203969523}

--- Testing chebyshev metric ---
  Computing PH-Dim for entailment in sbert_difference using chebyshev
    entailment PH-Dim: 40.0481
  Computing PH-Dim for neutral in sbert_difference using chebyshev
    neutral PH-Dim: 26.8427
  Computing PH-Dim for contradiction in sbert_difference using chebyshev
    contradiction PH-Dim: 39.7629
  Computing cross-class surface analysis for sbert_difference using chebyshev
 PH-Dim scores: {'entailment': 40.04809996236027, 'neutral': 26.842728533896043, 'contradiction': 39.76285669594811}

--- Testing cosine metric ---
  Computing PH-Dim for entailment in sbert_difference using cosine
    entailment PH-Dim: 28.6107
  Computing PH-Dim for neutral in sbert_difference using cosine
    neutral PH-Dim: 29.7808
  Computing PH-Dim for contradiction in sbert_difference using cosine
    contradiction PH-Dim: 22.0573
  Computing cross-class surface analysis for sbert_difference using cosine
 PH-Dim scores: {'entailment': 28.610722160749326, 'neutral': 29.78078565956358, 'contradiction': 22.05729550789638}

--- Testing minkowski_3 metric ---
  Computing PH-Dim for entailment in sbert_difference using minkowski_3
    entailment PH-Dim: 214.6343
  Computing PH-Dim for neutral in sbert_difference using minkowski_3
    neutral PH-Dim: 41.8476
  Computing PH-Dim for contradiction in sbert_difference using minkowski_3
    contradiction PH-Dim: 68.2180
  Computing cross-class surface analysis for sbert_difference using minkowski_3
 PH-Dim scores: {'entailment': 214.63427301252298, 'neutral': 41.8475606993135, 'contradiction': 68.21795253120582}

--- Testing minkowski_4 metric ---
  Computing PH-Dim for entailment in sbert_difference using minkowski_4
    entailment PH-Dim: 191.1329
  Computing PH-Dim for neutral in sbert_difference using minkowski_4
    neutral PH-Dim: 42.0457
  Computing PH-Dim for contradiction in sbert_difference using minkowski_4
    contradiction PH-Dim: 67.3010
  Computing cross-class surface analysis for sbert_difference using minkowski_4
 PH-Dim scores: {'entailment': 191.132923790959, 'neutral': 42.04568105420347, 'contradiction': 67.30095941042477}

--- Testing braycurtis metric ---
  Computing PH-Dim for entailment in sbert_difference using braycurtis
    entailment PH-Dim: 36.8249
  Computing PH-Dim for neutral in sbert_difference using braycurtis
    neutral PH-Dim: 38.3524
  Computing PH-Dim for contradiction in sbert_difference using braycurtis
    contradiction PH-Dim: 30.5009
  Computing cross-class surface analysis for sbert_difference using braycurtis
 PH-Dim scores: {'entailment': 36.824937272042064, 'neutral': 38.35243363229808, 'contradiction': 30.50094210357513}

Saved sbert_difference results to entailment_surfaces/results/mnli_successful_embeddings_seed_555/surface_analysis_sbert_difference_20250923_113633.json

============================================================
TESTING SPACE: order_concat
============================================================

--- Testing euclidean metric ---
  Computing PH-Dim for entailment in order_concat using euclidean
    entailment PH-Dim: 27.9181
  Computing PH-Dim for neutral in order_concat using euclidean
    neutral PH-Dim: 26.5734
  Computing PH-Dim for contradiction in order_concat using euclidean
    contradiction PH-Dim: 27.7129
  Computing cross-class surface analysis for order_concat using euclidean
 PH-Dim scores: {'entailment': 27.918072309791434, 'neutral': 26.573380700059698, 'contradiction': 27.712871013429695}

--- Testing manhattan metric ---
  Computing PH-Dim for entailment in order_concat using manhattan
    entailment PH-Dim: 27.2942
  Computing PH-Dim for neutral in order_concat using manhattan
    neutral PH-Dim: 26.2390
  Computing PH-Dim for contradiction in order_concat using manhattan
    contradiction PH-Dim: 27.2486
  Computing cross-class surface analysis for order_concat using manhattan
 PH-Dim scores: {'entailment': 27.29415778180957, 'neutral': 26.239046678563778, 'contradiction': 27.24860167967443}

--- Testing chebyshev metric ---
  Computing PH-Dim for entailment in order_concat using chebyshev
    entailment PH-Dim: 24.2725
  Computing PH-Dim for neutral in order_concat using chebyshev
    neutral PH-Dim: 21.1436
  Computing PH-Dim for contradiction in order_concat using chebyshev
    contradiction PH-Dim: 23.3983
  Computing cross-class surface analysis for order_concat using chebyshev
 PH-Dim scores: {'entailment': 24.272475822797382, 'neutral': 21.14362227095992, 'contradiction': 23.398250621185035}

--- Testing cosine metric ---
  Computing PH-Dim for entailment in order_concat using cosine
    entailment PH-Dim: 14.8355
  Computing PH-Dim for neutral in order_concat using cosine
    neutral PH-Dim: 13.1313
  Computing PH-Dim for contradiction in order_concat using cosine
    contradiction PH-Dim: 13.2544
  Computing cross-class surface analysis for order_concat using cosine
 PH-Dim scores: {'entailment': 14.835521501373808, 'neutral': 13.131327471412042, 'contradiction': 13.254382262509786}

--- Testing minkowski_3 metric ---
  Computing PH-Dim for entailment in order_concat using minkowski_3
    entailment PH-Dim: 27.6193
  Computing PH-Dim for neutral in order_concat using minkowski_3
    neutral PH-Dim: 26.4331
  Computing PH-Dim for contradiction in order_concat using minkowski_3
    contradiction PH-Dim: 27.5340
  Computing cross-class surface analysis for order_concat using minkowski_3
 PH-Dim scores: {'entailment': 27.61930777492634, 'neutral': 26.433139237184427, 'contradiction': 27.533974390653412}

--- Testing minkowski_4 metric ---
  Computing PH-Dim for entailment in order_concat using minkowski_4
    entailment PH-Dim: 27.4496
  Computing PH-Dim for neutral in order_concat using minkowski_4
    neutral PH-Dim: 26.0574
  Computing PH-Dim for contradiction in order_concat using minkowski_4
    contradiction PH-Dim: 27.1019
  Computing cross-class surface analysis for order_concat using minkowski_4
 PH-Dim scores: {'entailment': 27.44962014240654, 'neutral': 26.057438828016636, 'contradiction': 27.101854441392337}

--- Testing braycurtis metric ---
  Computing PH-Dim for entailment in order_concat using braycurtis
    entailment PH-Dim: 30.4222
  Computing PH-Dim for neutral in order_concat using braycurtis
    neutral PH-Dim: 26.0075
  Computing PH-Dim for contradiction in order_concat using braycurtis
    contradiction PH-Dim: 26.7655
  Computing cross-class surface analysis for order_concat using braycurtis
 PH-Dim scores: {'entailment': 30.4221817543744, 'neutral': 26.007487055897233, 'contradiction': 26.765483486514977}

Saved order_concat results to entailment_surfaces/results/mnli_successful_embeddings_seed_555/surface_analysis_order_concat_20250923_113633.json

============================================================
TESTING SPACE: order_difference
============================================================

--- Testing euclidean metric ---
  Computing PH-Dim for entailment in order_difference using euclidean
    entailment PH-Dim: 31.0446
  Computing PH-Dim for neutral in order_difference using euclidean
    neutral PH-Dim: 22.1041
  Computing PH-Dim for contradiction in order_difference using euclidean
    contradiction PH-Dim: 27.6815
  Computing cross-class surface analysis for order_difference using euclidean
 PH-Dim scores: {'entailment': 31.04456165171217, 'neutral': 22.104142204787593, 'contradiction': 27.681515341411096}

--- Testing manhattan metric ---
  Computing PH-Dim for entailment in order_difference using manhattan
    entailment PH-Dim: 30.0732
  Computing PH-Dim for neutral in order_difference using manhattan
    neutral PH-Dim: 21.1787
  Computing PH-Dim for contradiction in order_difference using manhattan
    contradiction PH-Dim: 26.5556
  Computing cross-class surface analysis for order_difference using manhattan
 PH-Dim scores: {'entailment': 30.073155025560855, 'neutral': 21.17874736093861, 'contradiction': 26.555556226527735}

--- Testing chebyshev metric ---
  Computing PH-Dim for entailment in order_difference using chebyshev
    entailment PH-Dim: 21.2932
  Computing PH-Dim for neutral in order_difference using chebyshev
    neutral PH-Dim: 17.6403
  Computing PH-Dim for contradiction in order_difference using chebyshev
    contradiction PH-Dim: 23.0925
  Computing cross-class surface analysis for order_difference using chebyshev
 PH-Dim scores: {'entailment': 21.293193622495124, 'neutral': 17.640337630158374, 'contradiction': 23.092481377075245}

--- Testing cosine metric ---
  Computing PH-Dim for entailment in order_difference using cosine
    entailment PH-Dim: 11.8934
  Computing PH-Dim for neutral in order_difference using cosine
    neutral PH-Dim: 11.8926
  Computing PH-Dim for contradiction in order_difference using cosine
    contradiction PH-Dim: 9.2220
  Computing cross-class surface analysis for order_difference using cosine
 PH-Dim scores: {'entailment': 11.893429901043152, 'neutral': 11.892585600131849, 'contradiction': 9.222047875147197}

--- Testing minkowski_3 metric ---
  Computing PH-Dim for entailment in order_difference using minkowski_3
    entailment PH-Dim: 29.8068
  Computing PH-Dim for neutral in order_difference using minkowski_3
    neutral PH-Dim: 21.9767
  Computing PH-Dim for contradiction in order_difference using minkowski_3
    contradiction PH-Dim: 27.8857
  Computing cross-class surface analysis for order_difference using minkowski_3
 PH-Dim scores: {'entailment': 29.80683712635517, 'neutral': 21.97672371625691, 'contradiction': 27.885705961083538}

--- Testing minkowski_4 metric ---
  Computing PH-Dim for entailment in order_difference using minkowski_4
    entailment PH-Dim: 27.9230
  Computing PH-Dim for neutral in order_difference using minkowski_4
    neutral PH-Dim: 21.5856
  Computing PH-Dim for contradiction in order_difference using minkowski_4
    contradiction PH-Dim: 27.4806
  Computing cross-class surface analysis for order_difference using minkowski_4
 PH-Dim scores: {'entailment': 27.923031657731812, 'neutral': 21.585635351081777, 'contradiction': 27.480616659485534}

--- Testing braycurtis metric ---
  Computing PH-Dim for entailment in order_difference using braycurtis
    entailment PH-Dim: 18.5738
  Computing PH-Dim for neutral in order_difference using braycurtis
    neutral PH-Dim: 18.5954
  Computing PH-Dim for contradiction in order_difference using braycurtis
    contradiction PH-Dim: 14.4253
  Computing cross-class surface analysis for order_difference using braycurtis
 PH-Dim scores: {'entailment': 18.57376976672061, 'neutral': 18.595373765208002, 'contradiction': 14.425255543384786}

Saved order_difference results to entailment_surfaces/results/mnli_successful_embeddings_seed_555/surface_analysis_order_difference_20250923_113633.json

============================================================
TESTING SPACE: order_violations
============================================================

--- Testing euclidean metric ---
  Computing PH-Dim for entailment in order_violations using euclidean
    entailment PH-Dim: 1.0606
  Computing PH-Dim for neutral in order_violations using euclidean
    neutral PH-Dim: 1.0090
  Computing PH-Dim for contradiction in order_violations using euclidean
    contradiction PH-Dim: 1.1548
  Computing cross-class surface analysis for order_violations using euclidean
 PH-Dim scores: {'entailment': 1.0605576448092071, 'neutral': 1.0090486390582136, 'contradiction': 1.1547620290895981}

--- Testing manhattan metric ---
  Computing PH-Dim for entailment in order_violations using manhattan
    entailment PH-Dim: 1.0606
  Computing PH-Dim for neutral in order_violations using manhattan
    neutral PH-Dim: 1.0090
  Computing PH-Dim for contradiction in order_violations using manhattan
    contradiction PH-Dim: 1.1548
  Computing cross-class surface analysis for order_violations using manhattan
 PH-Dim scores: {'entailment': 1.0605576448092071, 'neutral': 1.0090486390582136, 'contradiction': 1.1547620290895981}

--- Testing chebyshev metric ---
  Computing PH-Dim for entailment in order_violations using chebyshev
    entailment PH-Dim: 1.0606
  Computing PH-Dim for neutral in order_violations using chebyshev
    neutral PH-Dim: 1.0090
  Computing PH-Dim for contradiction in order_violations using chebyshev
    contradiction PH-Dim: 1.1548
  Computing cross-class surface analysis for order_violations using chebyshev
 PH-Dim scores: {'entailment': 1.0605576448092071, 'neutral': 1.0090486390582136, 'contradiction': 1.1547620290895981}

--- Testing cosine metric ---
  Computing PH-Dim for entailment in order_violations using cosine
    Invalid PH-Dim result for cosine, skipping
  Computing PH-Dim for neutral in order_violations using cosine
    Invalid PH-Dim result for cosine, skipping
  Computing PH-Dim for contradiction in order_violations using cosine
    Invalid PH-Dim result for cosine, skipping
  Computing cross-class surface analysis for order_violations using cosine
 PH-Dim scores: {'entailment': nan, 'neutral': nan, 'contradiction': nan}

--- Testing minkowski_3 metric ---
  Computing PH-Dim for entailment in order_violations using minkowski_3
    entailment PH-Dim: 1.0606
  Computing PH-Dim for neutral in order_violations using minkowski_3
    neutral PH-Dim: 1.0090
  Computing PH-Dim for contradiction in order_violations using minkowski_3
    contradiction PH-Dim: 1.1548
  Computing cross-class surface analysis for order_violations using minkowski_3
 PH-Dim scores: {'entailment': 1.0605576448092071, 'neutral': 1.0090486390582136, 'contradiction': 1.1547620290895981}

--- Testing minkowski_4 metric ---
  Computing PH-Dim for entailment in order_violations using minkowski_4
    entailment PH-Dim: 1.0606
  Computing PH-Dim for neutral in order_violations using minkowski_4
    neutral PH-Dim: 1.0090
  Computing PH-Dim for contradiction in order_violations using minkowski_4
    contradiction PH-Dim: 1.1548
  Computing cross-class surface analysis for order_violations using minkowski_4
 PH-Dim scores: {'entailment': 1.0605576448092071, 'neutral': 1.0090486390582136, 'contradiction': 1.1547620290895981}

--- Testing braycurtis metric ---
  Computing PH-Dim for entailment in order_violations using braycurtis
    entailment PH-Dim: 1.2376
  Computing PH-Dim for neutral in order_violations using braycurtis
    neutral PH-Dim: 1.1002
  Computing PH-Dim for contradiction in order_violations using braycurtis
    contradiction PH-Dim: 1.1381
  Computing cross-class surface analysis for order_violations using braycurtis
 PH-Dim scores: {'entailment': 1.2376064695404654, 'neutral': 1.1001893543300634, 'contradiction': 1.1380698439355381}

Saved order_violations results to entailment_surfaces/results/mnli_successful_embeddings_seed_555/surface_analysis_order_violations_20250923_113633.json

============================================================
TESTING SPACE: hyperbolic_concat
============================================================

--- Testing euclidean metric ---
  Computing PH-Dim for entailment in hyperbolic_concat using euclidean
    entailment PH-Dim: 20.2079
  Computing PH-Dim for neutral in hyperbolic_concat using euclidean
    neutral PH-Dim: 20.6724
  Computing PH-Dim for contradiction in hyperbolic_concat using euclidean
    contradiction PH-Dim: 21.7516
  Computing cross-class surface analysis for hyperbolic_concat using euclidean
 PH-Dim scores: {'entailment': 20.20794644992143, 'neutral': 20.672412245508255, 'contradiction': 21.75160716854057}

--- Testing manhattan metric ---
  Computing PH-Dim for entailment in hyperbolic_concat using manhattan
    entailment PH-Dim: 19.0059
  Computing PH-Dim for neutral in hyperbolic_concat using manhattan
    neutral PH-Dim: 21.2443
  Computing PH-Dim for contradiction in hyperbolic_concat using manhattan
    contradiction PH-Dim: 21.7995
  Computing cross-class surface analysis for hyperbolic_concat using manhattan
 PH-Dim scores: {'entailment': 19.005938063498604, 'neutral': 21.244264938990913, 'contradiction': 21.79952434650562}

--- Testing chebyshev metric ---
  Computing PH-Dim for entailment in hyperbolic_concat using chebyshev
    entailment PH-Dim: 17.7879
  Computing PH-Dim for neutral in hyperbolic_concat using chebyshev
    neutral PH-Dim: 18.0648
  Computing PH-Dim for contradiction in hyperbolic_concat using chebyshev
    contradiction PH-Dim: 17.1102
  Computing cross-class surface analysis for hyperbolic_concat using chebyshev
 PH-Dim scores: {'entailment': 17.78790922402245, 'neutral': 18.064809427264233, 'contradiction': 17.110211163204745}

--- Testing cosine metric ---
  Computing PH-Dim for entailment in hyperbolic_concat using cosine
    entailment PH-Dim: 12.1887
  Computing PH-Dim for neutral in hyperbolic_concat using cosine
    neutral PH-Dim: 10.1974
  Computing PH-Dim for contradiction in hyperbolic_concat using cosine
    contradiction PH-Dim: 10.5666
  Computing cross-class surface analysis for hyperbolic_concat using cosine
 PH-Dim scores: {'entailment': 12.188670663681318, 'neutral': 10.197431307242299, 'contradiction': 10.56655193023969}

--- Testing minkowski_3 metric ---
  Computing PH-Dim for entailment in hyperbolic_concat using minkowski_3
    entailment PH-Dim: 20.4267
  Computing PH-Dim for neutral in hyperbolic_concat using minkowski_3
    neutral PH-Dim: 20.0704
  Computing PH-Dim for contradiction in hyperbolic_concat using minkowski_3
    contradiction PH-Dim: 21.0483
  Computing cross-class surface analysis for hyperbolic_concat using minkowski_3
 PH-Dim scores: {'entailment': 20.42665300262795, 'neutral': 20.070394857899352, 'contradiction': 21.048302279428352}

--- Testing minkowski_4 metric ---
  Computing PH-Dim for entailment in hyperbolic_concat using minkowski_4
    entailment PH-Dim: 20.5270
  Computing PH-Dim for neutral in hyperbolic_concat using minkowski_4
    neutral PH-Dim: 19.5302
  Computing PH-Dim for contradiction in hyperbolic_concat using minkowski_4
    contradiction PH-Dim: 20.5763
  Computing cross-class surface analysis for hyperbolic_concat using minkowski_4
 PH-Dim scores: {'entailment': 20.52704194013181, 'neutral': 19.53016657098123, 'contradiction': 20.576343219069187}

--- Testing braycurtis metric ---
  Computing PH-Dim for entailment in hyperbolic_concat using braycurtis
    entailment PH-Dim: 19.5073
  Computing PH-Dim for neutral in hyperbolic_concat using braycurtis
    neutral PH-Dim: 19.9546
  Computing PH-Dim for contradiction in hyperbolic_concat using braycurtis
    contradiction PH-Dim: 20.7358
  Computing cross-class surface analysis for hyperbolic_concat using braycurtis
 PH-Dim scores: {'entailment': 19.507264611241315, 'neutral': 19.954609182672222, 'contradiction': 20.73579751503333}

Saved hyperbolic_concat results to entailment_surfaces/results/mnli_successful_embeddings_seed_555/surface_analysis_hyperbolic_concat_20250923_113633.json

============================================================
TESTING SPACE: cone_violations
============================================================

--- Testing euclidean metric ---
  Computing PH-Dim for entailment in cone_violations using euclidean
    entailment PH-Dim: 1.1011
  Computing PH-Dim for neutral in cone_violations using euclidean
    neutral PH-Dim: 1.1111
  Computing PH-Dim for contradiction in cone_violations using euclidean
    contradiction PH-Dim: 1.0405
  Computing cross-class surface analysis for cone_violations using euclidean
 PH-Dim scores: {'entailment': 1.1010528150077574, 'neutral': 1.111103032503277, 'contradiction': 1.0405214417895985}

--- Testing manhattan metric ---
  Computing PH-Dim for entailment in cone_violations using manhattan
    entailment PH-Dim: 1.1011
  Computing PH-Dim for neutral in cone_violations using manhattan
    neutral PH-Dim: 1.1111
  Computing PH-Dim for contradiction in cone_violations using manhattan
    contradiction PH-Dim: 1.0405
  Computing cross-class surface analysis for cone_violations using manhattan
 PH-Dim scores: {'entailment': 1.1010528150077574, 'neutral': 1.111103032503277, 'contradiction': 1.0405214417895985}

--- Testing chebyshev metric ---
  Computing PH-Dim for entailment in cone_violations using chebyshev
    entailment PH-Dim: 1.1011
  Computing PH-Dim for neutral in cone_violations using chebyshev
    neutral PH-Dim: 1.1111
  Computing PH-Dim for contradiction in cone_violations using chebyshev
    contradiction PH-Dim: 1.0405
  Computing cross-class surface analysis for cone_violations using chebyshev
 PH-Dim scores: {'entailment': 1.1010528150077574, 'neutral': 1.111103032503277, 'contradiction': 1.0405214417895985}

--- Testing cosine metric ---
  Computing PH-Dim for entailment in cone_violations using cosine
    Invalid PH-Dim result for cosine, skipping
  Computing PH-Dim for neutral in cone_violations using cosine
    Invalid PH-Dim result for cosine, skipping
  Computing PH-Dim for contradiction in cone_violations using cosine
    Invalid PH-Dim result for cosine, skipping
  Computing cross-class surface analysis for cone_violations using cosine
 PH-Dim scores: {'entailment': nan, 'neutral': nan, 'contradiction': nan}

--- Testing minkowski_3 metric ---
  Computing PH-Dim for entailment in cone_violations using minkowski_3
    entailment PH-Dim: 1.1011
  Computing PH-Dim for neutral in cone_violations using minkowski_3
    neutral PH-Dim: 1.1111
  Computing PH-Dim for contradiction in cone_violations using minkowski_3
    contradiction PH-Dim: 1.0405
  Computing cross-class surface analysis for cone_violations using minkowski_3
 PH-Dim scores: {'entailment': 1.1010528150077574, 'neutral': 1.111103032503277, 'contradiction': 1.0405214417895985}

--- Testing minkowski_4 metric ---
  Computing PH-Dim for entailment in cone_violations using minkowski_4
    entailment PH-Dim: 1.1011
  Computing PH-Dim for neutral in cone_violations using minkowski_4
    neutral PH-Dim: 1.1111
  Computing PH-Dim for contradiction in cone_violations using minkowski_4
    contradiction PH-Dim: 1.0405
  Computing cross-class surface analysis for cone_violations using minkowski_4
 PH-Dim scores: {'entailment': 1.1010528150077574, 'neutral': 1.111103032503277, 'contradiction': 1.0405214417895985}

--- Testing braycurtis metric ---
  Computing PH-Dim for entailment in cone_violations using braycurtis
    entailment PH-Dim: 1.0944
  Computing PH-Dim for neutral in cone_violations using braycurtis
    neutral PH-Dim: 1.1151
  Computing PH-Dim for contradiction in cone_violations using braycurtis
    contradiction PH-Dim: 1.0681
  Computing cross-class surface analysis for cone_violations using braycurtis
 PH-Dim scores: {'entailment': 1.0944023040559125, 'neutral': 1.1150628869762245, 'contradiction': 1.0680516707133323}

Saved cone_violations results to entailment_surfaces/results/mnli_successful_embeddings_seed_555/surface_analysis_cone_violations_20250923_113633.json

============================================================
TESTING SPACE: lattice_containment
============================================================

--- Testing euclidean metric ---
  Computing PH-Dim for entailment in lattice_containment using euclidean
    entailment PH-Dim: 102.4413
  Computing PH-Dim for neutral in lattice_containment using euclidean
    neutral PH-Dim: 60.2473
  Computing PH-Dim for contradiction in lattice_containment using euclidean
    contradiction PH-Dim: 83.3096
  Computing cross-class surface analysis for lattice_containment using euclidean
 PH-Dim scores: {'entailment': 102.44127078428528, 'neutral': 60.247344657921644, 'contradiction': 83.30961820841335}

--- Testing manhattan metric ---
  Computing PH-Dim for entailment in lattice_containment using manhattan
    entailment PH-Dim: 113.7674
  Computing PH-Dim for neutral in lattice_containment using manhattan
    neutral PH-Dim: 60.1126
  Computing PH-Dim for contradiction in lattice_containment using manhattan
    contradiction PH-Dim: 81.1520
  Computing cross-class surface analysis for lattice_containment using manhattan
 PH-Dim scores: {'entailment': 113.76735577059331, 'neutral': 60.11262692083763, 'contradiction': 81.15201817029518}

--- Testing chebyshev metric ---
  Computing PH-Dim for entailment in lattice_containment using chebyshev
    entailment PH-Dim: 43.9430
  Computing PH-Dim for neutral in lattice_containment using chebyshev
    neutral PH-Dim: 37.7842
  Computing PH-Dim for contradiction in lattice_containment using chebyshev
    contradiction PH-Dim: 39.1664
  Computing cross-class surface analysis for lattice_containment using chebyshev
 PH-Dim scores: {'entailment': 43.94302921277109, 'neutral': 37.78422486338068, 'contradiction': 39.16643381062345}

--- Testing cosine metric ---
  Computing PH-Dim for entailment in lattice_containment using cosine
    entailment PH-Dim: 41.1318
  Computing PH-Dim for neutral in lattice_containment using cosine
    neutral PH-Dim: 43.3532
  Computing PH-Dim for contradiction in lattice_containment using cosine
    contradiction PH-Dim: 77.4589
  Computing cross-class surface analysis for lattice_containment using cosine
 PH-Dim scores: {'entailment': 41.13177886767028, 'neutral': 43.35322913647895, 'contradiction': 77.45890753635187}

--- Testing minkowski_3 metric ---
  Computing PH-Dim for entailment in lattice_containment using minkowski_3
    entailment PH-Dim: 94.4846
  Computing PH-Dim for neutral in lattice_containment using minkowski_3
    neutral PH-Dim: 60.8193
  Computing PH-Dim for contradiction in lattice_containment using minkowski_3
    contradiction PH-Dim: 83.6898
  Computing cross-class surface analysis for lattice_containment using minkowski_3
 PH-Dim scores: {'entailment': 94.48458114432192, 'neutral': 60.81926136957636, 'contradiction': 83.6898384356658}

--- Testing minkowski_4 metric ---
  Computing PH-Dim for entailment in lattice_containment using minkowski_4
    entailment PH-Dim: 86.7917
  Computing PH-Dim for neutral in lattice_containment using minkowski_4
    neutral PH-Dim: 60.3910
  Computing PH-Dim for contradiction in lattice_containment using minkowski_4
    contradiction PH-Dim: 80.5021
  Computing cross-class surface analysis for lattice_containment using minkowski_4
 PH-Dim scores: {'entailment': 86.79173768229165, 'neutral': 60.39098661190605, 'contradiction': 80.50206882012283}

--- Testing braycurtis metric ---
  Computing PH-Dim for entailment in lattice_containment using braycurtis
    entailment PH-Dim: 82.6928
  Computing PH-Dim for neutral in lattice_containment using braycurtis
    neutral PH-Dim: 74.7244
  Computing PH-Dim for contradiction in lattice_containment using braycurtis
    contradiction PH-Dim: 170.1830
  Computing cross-class surface analysis for lattice_containment using braycurtis
 PH-Dim scores: {'entailment': 82.69276944889774, 'neutral': 74.7243614171089, 'contradiction': 170.18300742679412}

Saved lattice_containment results to entailment_surfaces/results/mnli_successful_embeddings_seed_555/surface_analysis_lattice_containment_20250923_113633.json

============================================================
TESTING SPACE: lattice_subsumption
============================================================

--- Testing euclidean metric ---
  Computing PH-Dim for entailment in lattice_subsumption using euclidean
    entailment PH-Dim: -15.4264
  Computing PH-Dim for neutral in lattice_subsumption using euclidean
    neutral PH-Dim: -9.0327
  Computing PH-Dim for contradiction in lattice_subsumption using euclidean
    contradiction PH-Dim: -4.8311
  Computing cross-class surface analysis for lattice_subsumption using euclidean
 PH-Dim scores: {'entailment': -15.426446526148455, 'neutral': -9.0327474799316, 'contradiction': -4.831073454012505}

--- Testing manhattan metric ---
  Computing PH-Dim for entailment in lattice_subsumption using manhattan
    entailment PH-Dim: -44.5094
  Computing PH-Dim for neutral in lattice_subsumption using manhattan
    neutral PH-Dim: -50.8683
  Computing PH-Dim for contradiction in lattice_subsumption using manhattan
    contradiction PH-Dim: -9.8718
  Computing cross-class surface analysis for lattice_subsumption using manhattan
 PH-Dim scores: {'entailment': -44.50943794298916, 'neutral': -50.868294463921615, 'contradiction': -9.871837715312878}

--- Testing chebyshev metric ---
  Computing PH-Dim for entailment in lattice_subsumption using chebyshev
    entailment PH-Dim: -16.1365
  Computing PH-Dim for neutral in lattice_subsumption using chebyshev
    neutral PH-Dim: -8.1889
  Computing PH-Dim for contradiction in lattice_subsumption using chebyshev
    contradiction PH-Dim: -4.5226
  Computing cross-class surface analysis for lattice_subsumption using chebyshev
 PH-Dim scores: {'entailment': -16.136497415645056, 'neutral': -8.188948887299619, 'contradiction': -4.522560360152069}

--- Testing cosine metric ---
  Computing PH-Dim for entailment in lattice_subsumption using cosine
    entailment PH-Dim: 4.2974
  Computing PH-Dim for neutral in lattice_subsumption using cosine
    neutral PH-Dim: 4.2569
  Computing PH-Dim for contradiction in lattice_subsumption using cosine
    contradiction PH-Dim: 4.3546
  Computing cross-class surface analysis for lattice_subsumption using cosine
 PH-Dim scores: {'entailment': 4.297443954984929, 'neutral': 4.256855123532842, 'contradiction': 4.354562861476652}

--- Testing minkowski_3 metric ---
  Computing PH-Dim for entailment in lattice_subsumption using minkowski_3
    entailment PH-Dim: -15.6944
  Computing PH-Dim for neutral in lattice_subsumption using minkowski_3
    neutral PH-Dim: -8.4289
  Computing PH-Dim for contradiction in lattice_subsumption using minkowski_3
    contradiction PH-Dim: -4.6362
  Computing cross-class surface analysis for lattice_subsumption using minkowski_3
 PH-Dim scores: {'entailment': -15.694386605877721, 'neutral': -8.428863588738414, 'contradiction': -4.636156177680979}

--- Testing minkowski_4 metric ---
  Computing PH-Dim for entailment in lattice_subsumption using minkowski_4
    entailment PH-Dim: -15.8251
  Computing PH-Dim for neutral in lattice_subsumption using minkowski_4
    neutral PH-Dim: -8.3046
  Computing PH-Dim for contradiction in lattice_subsumption using minkowski_4
    contradiction PH-Dim: -4.5808
  Computing cross-class surface analysis for lattice_subsumption using minkowski_4
 PH-Dim scores: {'entailment': -15.825095128800399, 'neutral': -8.30462728571696, 'contradiction': -4.5807723853848605}

--- Testing braycurtis metric ---
  Computing PH-Dim for entailment in lattice_subsumption using braycurtis
    entailment PH-Dim: 36.9893
  Computing PH-Dim for neutral in lattice_subsumption using braycurtis
    neutral PH-Dim: 35.8559
  Computing PH-Dim for contradiction in lattice_subsumption using braycurtis
    contradiction PH-Dim: 34.0342
  Computing cross-class surface analysis for lattice_subsumption using braycurtis
 PH-Dim scores: {'entailment': 36.98931726027227, 'neutral': 35.855892832404486, 'contradiction': 34.03421710013425}

Saved lattice_subsumption results to entailment_surfaces/results/mnli_successful_embeddings_seed_555/surface_analysis_lattice_subsumption_20250923_113633.json
Simple report saved to: entailment_surfaces/results/mnli_successful_embeddings_seed_555/simple_analysis_report_20250923_113633.txt

================================================================================
COMPREHENSIVE ANALYSIS COMPLETE
Final GPU Memory: 2311.9 MB allocated
Results saved to: entailment_surfaces/results/mnli_successful_embeddings_seed_555/comprehensive_surface_analysis_20250923_113633.json
================================================================================

Analysis completed with exit code: 0
Time: Tue 23 Sep 11:46:41 BST 2025

Results created in results/step_1_1_analysis/:
No results directory found

Disk usage:
No results to measure

=== ANALYSIS SUCCESSFUL ===
Surface distance metric analysis completed successfully!

Key outputs:
  - JSON results: results/step_1_1_analysis/comprehensive_surface_analysis_*.json
  - Plain report: results/step_1_1_analysis/simple_analysis_report_*.txt
  - Individual space results: results/step_1_1_analysis/surface_analysis_*_*.json

Next steps:
  1. Review the simple_analysis_report_*.txt for plain results
  2. Identify top-performing space+metric combinations
  3. Consider re-running with --max_samples 167000 for full analysis

To run full analysis on promising combinations:
  python step_1_1_surface_analysis_corrected.py \
    --bert_data 'data/processed/snli_full_standard_BERT.pt' \
    --order_model 'models/enhanced_order_embeddings_snli_SBERT_full.pt' \
    --max_samples 167000

Job finished.
