Starting Surface Distance Metric Analysis job...
Job ID: 204796
Node: gpuvm14
Time: Wed 24 Sep 12:38:05 BST 2025
Loading CUDA...
Activating conda environment...
Activated conda environment: /vol/bitbucket/ahb24/tda_entailment_new
Python location: /vol/bitbucket/ahb24/tda_entailment_new/bin/python
Checking GPU availability...
Wed Sep 24 12:38:07 2025       
+-----------------------------------------------------------------------------------------+
| NVIDIA-SMI 580.65.06              Driver Version: 580.65.06      CUDA Version: 13.0     |
+-----------------------------------------+------------------------+----------------------+
| GPU  Name                 Persistence-M | Bus-Id          Disp.A | Volatile Uncorr. ECC |
| Fan  Temp   Perf          Pwr:Usage/Cap |           Memory-Usage | GPU-Util  Compute M. |
|                                         |                        |               MIG M. |
|=========================================+========================+======================|
|   0  Tesla T4                       Off |   00000000:00:07.0 Off |                    0 |
| N/A   41C    P8             10W /   70W |       0MiB /  15360MiB |      0%      Default |
|                                         |                        |                  N/A |
+-----------------------------------------+------------------------+----------------------+

+-----------------------------------------------------------------------------------------+
| Processes:                                                                              |
|  GPU   GI   CI              PID   Type   Process name                        GPU Memory |
|        ID   ID                                                               Usage      |
|=========================================================================================|
|  No running processes found                                                             |
+-----------------------------------------------------------------------------------------+

Testing PyTorch and CUDA...
PyTorch version: 2.4.1
CUDA available: True
CUDA device: Tesla T4
GPU memory: 15.6 GB
PyTorch setup verified!

Checking for required input data and models...

Starting Surface Distance Metric Analysis...
Analysis parameters:

Surface Distance Metric Analyzer initialized
FOCUS: Testing distance metrics for premise-hypothesis pair relationships
Device: cuda
BERT data: /vol/bitbucket/ahb24/tda_entailment_new/snli_full_train_STSB_BERT_LARGE.pt
Order model: models/enhanced_order_embeddings_snli_SBERT_full.pt
Distance metrics: 7 total
Relational embedding spaces: 2 total
Each space represents premise-hypothesis pair relationships
Loading pre-processed data...
Loading BERT embeddings from /vol/bitbucket/ahb24/tda_entailment_new/snli_full_train_STSB_BERT_LARGE.pt
BERT data loaded:
  Premise embeddings: torch.Size([549367, 1024])
  Hypothesis embeddings: torch.Size([549367, 1024])
  Labels: 549367
  Label distribution: {'contradiction': 183187, 'entailment': 183416, 'neutral': 182764}
Loading order model from models/enhanced_order_embeddings_snli_SBERT_full.pt
Order model loaded (validation loss: 3.202074103355408)
Loaded enhanced order model (val_loss: 3.2021)
Model asymmetry_weight: 1.9
Pipeline initialized: 125D → 30D hyperbolic
Running on: cuda
Enhanced model with asymmetry_weight: 1.9
Hyperbolic pipeline loaded successfully
Enhanced Hyperbolic Entailment Cones using device: cuda
Loaded enhanced order model (val_loss: 3.2021)
Model asymmetry_weight: 1.9
Pipeline initialized: 125D → 30D hyperbolic
Running on: cuda
Enhanced model with asymmetry_weight: 1.9
Successfully loaded enhanced hyperbolic projection of order embeddings
Enhanced cone pipeline loaded successfully
================================================================================
COMPREHENSIVE SURFACE DISTANCE METRIC ANALYSIS (GPU-OPTIMIZED)
Testing all distance metrics across all embedding spaces
Device: cuda
GPU Memory: 4294.8 MB allocated
================================================================================
Extracting all embedding spaces...
  entailment: 183416 samples
  neutral: 182764 samples
  contradiction: 183187 samples
Extracting sbert_concat...
  sbert_concat entailment: torch.Size([183416, 2048])
  sbert_concat neutral: torch.Size([182764, 2048])
  sbert_concat contradiction: torch.Size([183187, 2048])
Extracting lattice_containment...
  lattice_containment entailment: torch.Size([183416, 1024])
  lattice_containment neutral: torch.Size([182764, 1024])
  lattice_containment contradiction: torch.Size([183187, 1024])

============================================================
TESTING SPACE: sbert_concat
============================================================

--- Testing euclidean metric ---
  Computing PH-Dim for entailment in sbert_concat using euclidean
    entailment PH-Dim: 16.6719
  Computing PH-Dim for neutral in sbert_concat using euclidean
    neutral PH-Dim: 21.9981
  Computing PH-Dim for contradiction in sbert_concat using euclidean
    contradiction PH-Dim: 24.0662
  Computing cross-class surface analysis for sbert_concat using euclidean
 PH-Dim scores: {'entailment': 16.671885193432857, 'neutral': 21.998059754352237, 'contradiction': 24.066232776654328}

--- Testing manhattan metric ---
  Computing PH-Dim for entailment in sbert_concat using manhattan
    entailment PH-Dim: 14.8985
  Computing PH-Dim for neutral in sbert_concat using manhattan
    neutral PH-Dim: 20.0759
  Computing PH-Dim for contradiction in sbert_concat using manhattan
    contradiction PH-Dim: 21.3756
  Computing cross-class surface analysis for sbert_concat using manhattan
 PH-Dim scores: {'entailment': 14.898494808532842, 'neutral': 20.075938629571255, 'contradiction': 21.37560643584644}

--- Testing chebyshev metric ---
  Computing PH-Dim for entailment in sbert_concat using chebyshev
    entailment PH-Dim: 19.8135
  Computing PH-Dim for neutral in sbert_concat using chebyshev
    neutral PH-Dim: 24.9249
  Computing PH-Dim for contradiction in sbert_concat using chebyshev
    contradiction PH-Dim: 26.6744
  Computing cross-class surface analysis for sbert_concat using chebyshev
 PH-Dim scores: {'entailment': 19.81348094065774, 'neutral': 24.92486296593957, 'contradiction': 26.674389567090408}

--- Testing cosine metric ---
  Computing PH-Dim for entailment in sbert_concat using cosine
    entailment PH-Dim: 8.4458
  Computing PH-Dim for neutral in sbert_concat using cosine
    neutral PH-Dim: 10.9652
  Computing PH-Dim for contradiction in sbert_concat using cosine
    contradiction PH-Dim: 11.8283
  Computing cross-class surface analysis for sbert_concat using cosine
 PH-Dim scores: {'entailment': 8.44584303707799, 'neutral': 10.965164436070832, 'contradiction': 11.828264437501272}

--- Testing minkowski_3 metric ---
  Computing PH-Dim for entailment in sbert_concat using minkowski_3
    entailment PH-Dim: 17.7195
  Computing PH-Dim for neutral in sbert_concat using minkowski_3
    neutral PH-Dim: 23.2760
  Computing PH-Dim for contradiction in sbert_concat using minkowski_3
    contradiction PH-Dim: 25.4302
  Computing cross-class surface analysis for sbert_concat using minkowski_3
 PH-Dim scores: {'entailment': 17.71952241310765, 'neutral': 23.276021586156354, 'contradiction': 25.430183900039882}

--- Testing minkowski_4 metric ---
  Computing PH-Dim for entailment in sbert_concat using minkowski_4
    entailment PH-Dim: 18.3321
  Computing PH-Dim for neutral in sbert_concat using minkowski_4
    neutral PH-Dim: 24.0631
  Computing PH-Dim for contradiction in sbert_concat using minkowski_4
    contradiction PH-Dim: 25.8832
  Computing cross-class surface analysis for sbert_concat using minkowski_4
 PH-Dim scores: {'entailment': 18.332051047002853, 'neutral': 24.063071374256655, 'contradiction': 25.8831990843793}

--- Testing braycurtis metric ---
  Computing PH-Dim for entailment in sbert_concat using braycurtis
    entailment PH-Dim: 11.7850
  Computing PH-Dim for neutral in sbert_concat using braycurtis
    neutral PH-Dim: 15.1293
  Computing PH-Dim for contradiction in sbert_concat using braycurtis
    contradiction PH-Dim: 15.7873
  Computing cross-class surface analysis for sbert_concat using braycurtis
 PH-Dim scores: {'entailment': 11.784985472448632, 'neutral': 15.129339403862648, 'contradiction': 15.787252288083497}

Saved sbert_concat results to entailment_surfaces/results/snli_STSB_BERT_LARGE_seed_444/surface_analysis_sbert_concat_20250924_123838.json

============================================================
TESTING SPACE: lattice_containment
============================================================

--- Testing euclidean metric ---
  Computing PH-Dim for entailment in lattice_containment using euclidean
    entailment PH-Dim: 27.4732
  Computing PH-Dim for neutral in lattice_containment using euclidean
    neutral PH-Dim: 39.2710
  Computing PH-Dim for contradiction in lattice_containment using euclidean
    contradiction PH-Dim: 50.3182
  Computing cross-class surface analysis for lattice_containment using euclidean
 PH-Dim scores: {'entailment': 27.47318925681056, 'neutral': 39.27104632909285, 'contradiction': 50.31824014043306}

--- Testing manhattan metric ---
  Computing PH-Dim for entailment in lattice_containment using manhattan
    entailment PH-Dim: 25.5175
  Computing PH-Dim for neutral in lattice_containment using manhattan
    neutral PH-Dim: 37.1783
  Computing PH-Dim for contradiction in lattice_containment using manhattan
    contradiction PH-Dim: 45.6444
  Computing cross-class surface analysis for lattice_containment using manhattan
 PH-Dim scores: {'entailment': 25.517483936473283, 'neutral': 37.17825113534067, 'contradiction': 45.644431156296235}

--- Testing chebyshev metric ---
  Computing PH-Dim for entailment in lattice_containment using chebyshev
    entailment PH-Dim: 32.2024
  Computing PH-Dim for neutral in lattice_containment using chebyshev
    neutral PH-Dim: 44.2559
  Computing PH-Dim for contradiction in lattice_containment using chebyshev
    contradiction PH-Dim: 47.7486
  Computing cross-class surface analysis for lattice_containment using chebyshev
 PH-Dim scores: {'entailment': 32.20237830843169, 'neutral': 44.255940514122784, 'contradiction': 47.748595842839315}

--- Testing cosine metric ---
  Computing PH-Dim for entailment in lattice_containment using cosine
    entailment PH-Dim: 13.5837
  Computing PH-Dim for neutral in lattice_containment using cosine
    neutral PH-Dim: 25.4021
  Computing PH-Dim for contradiction in lattice_containment using cosine
    contradiction PH-Dim: 23.6520
  Computing cross-class surface analysis for lattice_containment using cosine
 PH-Dim scores: {'entailment': 13.583717373035526, 'neutral': 25.40210279721019, 'contradiction': 23.652032526756837}

--- Testing minkowski_3 metric ---
  Computing PH-Dim for entailment in lattice_containment using minkowski_3
    entailment PH-Dim: 29.0545
  Computing PH-Dim for neutral in lattice_containment using minkowski_3
    neutral PH-Dim: 41.4948
  Computing PH-Dim for contradiction in lattice_containment using minkowski_3
    contradiction PH-Dim: 54.4219
  Computing cross-class surface analysis for lattice_containment using minkowski_3
 PH-Dim scores: {'entailment': 29.05447679729777, 'neutral': 41.4948346126235, 'contradiction': 54.4218835752938}

--- Testing minkowski_4 metric ---
  Computing PH-Dim for entailment in lattice_containment using minkowski_4
    entailment PH-Dim: 30.3489
  Computing PH-Dim for neutral in lattice_containment using minkowski_4
    neutral PH-Dim: 43.4854
  Computing PH-Dim for contradiction in lattice_containment using minkowski_4
    contradiction PH-Dim: 58.2656
  Computing cross-class surface analysis for lattice_containment using minkowski_4
 PH-Dim scores: {'entailment': 30.348927762487662, 'neutral': 43.48535101850428, 'contradiction': 58.265570827753535}

--- Testing braycurtis metric ---
  Computing PH-Dim for entailment in lattice_containment using braycurtis
    entailment PH-Dim: 22.9509
  Computing PH-Dim for neutral in lattice_containment using braycurtis
    neutral PH-Dim: 46.3834
  Computing PH-Dim for contradiction in lattice_containment using braycurtis
    contradiction PH-Dim: 33.6238
  Computing cross-class surface analysis for lattice_containment using braycurtis
 PH-Dim scores: {'entailment': 22.950946358001246, 'neutral': 46.38336367588563, 'contradiction': 33.62379305859328}

Saved lattice_containment results to entailment_surfaces/results/snli_STSB_BERT_LARGE_seed_444/surface_analysis_lattice_containment_20250924_123838.json
Simple report saved to: entailment_surfaces/results/snli_STSB_BERT_LARGE_seed_444/simple_analysis_report_20250924_123838.txt

================================================================================
COMPREHENSIVE ANALYSIS COMPLETE
Final GPU Memory: 4294.8 MB allocated
Results saved to: entailment_surfaces/results/snli_STSB_BERT_LARGE_seed_444/comprehensive_surface_analysis_20250924_123838.json
================================================================================

Analysis completed with exit code: 0
Time: Wed 24 Sep 12:45:20 BST 2025

Results created in results/step_1_1_analysis/:
No results directory found

Disk usage:
No results to measure

=== ANALYSIS SUCCESSFUL ===
Surface distance metric analysis completed successfully!

Key outputs:
  - JSON results: results/step_1_1_analysis/comprehensive_surface_analysis_*.json
  - Plain report: results/step_1_1_analysis/simple_analysis_report_*.txt
  - Individual space results: results/step_1_1_analysis/surface_analysis_*_*.json

Next steps:
  1. Review the simple_analysis_report_*.txt for plain results
  2. Identify top-performing space+metric combinations
  3. Consider re-running with --max_samples 167000 for full analysis

To run full analysis on promising combinations:
  python step_1_1_surface_analysis_corrected.py \
    --bert_data 'data/processed/snli_full_standard_BERT.pt' \
    --order_model '' \
    --max_samples 167000

Job finished.
