/homes/ahb24/MSc_Topology_Codebase/src/hyperbolic_projection_asymmetry.py:138: FutureWarning: You are using `torch.load` with `weights_only=False` (the current default value), which uses the default pickle module implicitly. It is possible to construct malicious pickle data which will execute arbitrary code during unpickling (See https://github.com/pytorch/pytorch/blob/main/SECURITY.md#untrusted-models for more details). In a future release, the default value for `weights_only` will be flipped to `True`. This limits the functions that could be executed during unpickling. Arbitrary objects will no longer be allowed to be loaded via this mode unless they are explicitly allowlisted by the user via `torch.serialization.add_safe_globals`. We recommend you start setting `weights_only=True` for any use case where you don't have full control of the loaded file. Please open an issue on GitHub for any issues related to this experimental feature.
  checkpoint = torch.load(model_path, map_location=self.device)
/homes/ahb24/MSc_Topology_Codebase/src/hyperbolic_projection_asymmetry.py:138: FutureWarning: You are using `torch.load` with `weights_only=False` (the current default value), which uses the default pickle module implicitly. It is possible to construct malicious pickle data which will execute arbitrary code during unpickling (See https://github.com/pytorch/pytorch/blob/main/SECURITY.md#untrusted-models for more details). In a future release, the default value for `weights_only` will be flipped to `True`. This limits the functions that could be executed during unpickling. Arbitrary objects will no longer be allowed to be loaded via this mode unless they are explicitly allowlisted by the user via `torch.serialization.add_safe_globals`. We recommend you start setting `weights_only=True` for any use case where you don't have full control of the loaded file. Please open an issue on GitHub for any issues related to this experimental feature.
  checkpoint = torch.load(model_path, map_location=self.device)
2025-09-23 11:32:51.592 | DEBUG    | phd_method.src_phd.topology:fast_ripser:87 - Distance matrix computation time: 0.04s
2025-09-23 11:32:51.840 | DEBUG    | phd_method.src_phd.topology:ph_dim_from_distance_matrix:67 - Ph Dimension Calculation has an approximate error of: 4.629008845403011e-06.
2025-09-23 11:32:51.870 | DEBUG    | phd_method.src_phd.topology:fast_ripser:87 - Distance matrix computation time: 0.03s
2025-09-23 11:32:52.069 | DEBUG    | phd_method.src_phd.topology:ph_dim_from_distance_matrix:67 - Ph Dimension Calculation has an approximate error of: 1.3386021040552747e-05.
2025-09-23 11:32:52.097 | DEBUG    | phd_method.src_phd.topology:fast_ripser:87 - Distance matrix computation time: 0.02s
2025-09-23 11:32:52.320 | DEBUG    | phd_method.src_phd.topology:ph_dim_from_distance_matrix:67 - Ph Dimension Calculation has an approximate error of: 1.0497387343428048e-05.
2025-09-23 11:32:53.722 | DEBUG    | phd_method.src_phd.topology:fast_ripser:87 - Distance matrix computation time: 1.05s
2025-09-23 11:32:53.981 | DEBUG    | phd_method.src_phd.topology:ph_dim_from_distance_matrix:67 - Ph Dimension Calculation has an approximate error of: 5.667024743992507e-06.
2025-09-23 11:32:55.025 | DEBUG    | phd_method.src_phd.topology:fast_ripser:87 - Distance matrix computation time: 1.04s
2025-09-23 11:32:55.236 | DEBUG    | phd_method.src_phd.topology:ph_dim_from_distance_matrix:67 - Ph Dimension Calculation has an approximate error of: 1.2275873837816878e-05.
2025-09-23 11:32:56.260 | DEBUG    | phd_method.src_phd.topology:fast_ripser:87 - Distance matrix computation time: 1.02s
2025-09-23 11:32:56.469 | DEBUG    | phd_method.src_phd.topology:ph_dim_from_distance_matrix:67 - Ph Dimension Calculation has an approximate error of: 9.529440818259362e-06.
2025-09-23 11:32:58.836 | DEBUG    | phd_method.src_phd.topology:fast_ripser:87 - Distance matrix computation time: 0.39s
2025-09-23 11:32:59.109 | DEBUG    | phd_method.src_phd.topology:ph_dim_from_distance_matrix:67 - Ph Dimension Calculation has an approximate error of: 7.98703175433401e-06.
2025-09-23 11:32:59.533 | DEBUG    | phd_method.src_phd.topology:fast_ripser:87 - Distance matrix computation time: 0.42s
2025-09-23 11:32:59.817 | DEBUG    | phd_method.src_phd.topology:ph_dim_from_distance_matrix:67 - Ph Dimension Calculation has an approximate error of: 1.165090690792735e-05.
2025-09-23 11:33:00.238 | DEBUG    | phd_method.src_phd.topology:fast_ripser:87 - Distance matrix computation time: 0.42s
2025-09-23 11:33:00.508 | DEBUG    | phd_method.src_phd.topology:ph_dim_from_distance_matrix:67 - Ph Dimension Calculation has an approximate error of: 1.3864817253005693e-05.
2025-09-23 11:33:02.003 | DEBUG    | phd_method.src_phd.topology:fast_ripser:87 - Distance matrix computation time: 0.01s
2025-09-23 11:33:02.292 | DEBUG    | phd_method.src_phd.topology:ph_dim_from_distance_matrix:67 - Ph Dimension Calculation has an approximate error of: 2.5286729546802365e-05.
2025-09-23 11:33:02.306 | DEBUG    | phd_method.src_phd.topology:fast_ripser:87 - Distance matrix computation time: 0.01s
2025-09-23 11:33:02.584 | DEBUG    | phd_method.src_phd.topology:ph_dim_from_distance_matrix:67 - Ph Dimension Calculation has an approximate error of: 1.757176737102534e-05.
2025-09-23 11:33:02.600 | DEBUG    | phd_method.src_phd.topology:fast_ripser:87 - Distance matrix computation time: 0.01s
2025-09-23 11:33:02.874 | DEBUG    | phd_method.src_phd.topology:ph_dim_from_distance_matrix:67 - Ph Dimension Calculation has an approximate error of: 2.0432017830965857e-05.
2025-09-23 11:33:19.194 | DEBUG    | phd_method.src_phd.topology:ph_dim_from_distance_matrix:67 - Ph Dimension Calculation has an approximate error of: 4.221900206969742e-06.
2025-09-23 11:33:34.915 | DEBUG    | phd_method.src_phd.topology:ph_dim_from_distance_matrix:67 - Ph Dimension Calculation has an approximate error of: 1.5187332432557141e-05.
2025-09-23 11:33:50.648 | DEBUG    | phd_method.src_phd.topology:ph_dim_from_distance_matrix:67 - Ph Dimension Calculation has an approximate error of: 1.1634089124913322e-05.
2025-09-23 11:34:54.894 | DEBUG    | phd_method.src_phd.topology:ph_dim_from_distance_matrix:67 - Ph Dimension Calculation has an approximate error of: 4.2330440156255474e-06.
2025-09-23 11:35:10.898 | DEBUG    | phd_method.src_phd.topology:ph_dim_from_distance_matrix:67 - Ph Dimension Calculation has an approximate error of: 1.6100965601424877e-05.
2025-09-23 11:35:26.784 | DEBUG    | phd_method.src_phd.topology:ph_dim_from_distance_matrix:67 - Ph Dimension Calculation has an approximate error of: 1.3011575336286294e-05.
2025-09-23 11:36:15.149 | DEBUG    | phd_method.src_phd.topology:fast_ripser:87 - Distance matrix computation time: 0.53s
2025-09-23 11:36:15.410 | DEBUG    | phd_method.src_phd.topology:ph_dim_from_distance_matrix:67 - Ph Dimension Calculation has an approximate error of: 1.4026429315632355e-05.
2025-09-23 11:36:15.930 | DEBUG    | phd_method.src_phd.topology:fast_ripser:87 - Distance matrix computation time: 0.52s
2025-09-23 11:36:16.203 | DEBUG    | phd_method.src_phd.topology:ph_dim_from_distance_matrix:67 - Ph Dimension Calculation has an approximate error of: 8.822661498025415e-06.
2025-09-23 11:36:16.745 | DEBUG    | phd_method.src_phd.topology:fast_ripser:87 - Distance matrix computation time: 0.54s
2025-09-23 11:36:17.012 | DEBUG    | phd_method.src_phd.topology:ph_dim_from_distance_matrix:67 - Ph Dimension Calculation has an approximate error of: 1.1414257078841233e-05.
2025-09-23 11:36:19.250 | DEBUG    | phd_method.src_phd.topology:fast_ripser:87 - Distance matrix computation time: 0.02s
2025-09-23 11:36:19.547 | DEBUG    | phd_method.src_phd.topology:ph_dim_from_distance_matrix:67 - Ph Dimension Calculation has an approximate error of: 8.778996591249523e-05.
2025-09-23 11:36:19.567 | DEBUG    | phd_method.src_phd.topology:fast_ripser:87 - Distance matrix computation time: 0.02s
2025-09-23 11:36:19.841 | DEBUG    | phd_method.src_phd.topology:ph_dim_from_distance_matrix:67 - Ph Dimension Calculation has an approximate error of: 0.00018263161138459884.
2025-09-23 11:36:19.860 | DEBUG    | phd_method.src_phd.topology:fast_ripser:87 - Distance matrix computation time: 0.01s
2025-09-23 11:36:20.101 | DEBUG    | phd_method.src_phd.topology:ph_dim_from_distance_matrix:67 - Ph Dimension Calculation has an approximate error of: 0.0002438836193253007.
2025-09-23 11:36:21.212 | DEBUG    | phd_method.src_phd.topology:fast_ripser:87 - Distance matrix computation time: 0.5s
2025-09-23 11:36:21.480 | DEBUG    | phd_method.src_phd.topology:ph_dim_from_distance_matrix:67 - Ph Dimension Calculation has an approximate error of: 8.750288246948094e-05.
2025-09-23 11:36:22.001 | DEBUG    | phd_method.src_phd.topology:fast_ripser:87 - Distance matrix computation time: 0.52s
2025-09-23 11:36:22.251 | DEBUG    | phd_method.src_phd.topology:ph_dim_from_distance_matrix:67 - Ph Dimension Calculation has an approximate error of: 0.00018143242578456568.
2025-09-23 11:36:22.746 | DEBUG    | phd_method.src_phd.topology:fast_ripser:87 - Distance matrix computation time: 0.49s
2025-09-23 11:36:22.965 | DEBUG    | phd_method.src_phd.topology:ph_dim_from_distance_matrix:67 - Ph Dimension Calculation has an approximate error of: 0.0002532080181161187.
2025-09-23 11:36:24.100 | DEBUG    | phd_method.src_phd.topology:fast_ripser:87 - Distance matrix computation time: 0.19s
2025-09-23 11:36:24.370 | DEBUG    | phd_method.src_phd.topology:ph_dim_from_distance_matrix:67 - Ph Dimension Calculation has an approximate error of: 4.2797180080701006e-05.
2025-09-23 11:36:24.552 | DEBUG    | phd_method.src_phd.topology:fast_ripser:87 - Distance matrix computation time: 0.18s
2025-09-23 11:36:24.808 | DEBUG    | phd_method.src_phd.topology:ph_dim_from_distance_matrix:67 - Ph Dimension Calculation has an approximate error of: 0.00015337483070138757.
2025-09-23 11:36:24.997 | DEBUG    | phd_method.src_phd.topology:fast_ripser:87 - Distance matrix computation time: 0.18s
2025-09-23 11:36:25.252 | DEBUG    | phd_method.src_phd.topology:ph_dim_from_distance_matrix:67 - Ph Dimension Calculation has an approximate error of: 5.425878507366163e-05.
2025-09-23 11:36:25.952 | DEBUG    | phd_method.src_phd.topology:fast_ripser:87 - Distance matrix computation time: 0.01s
2025-09-23 11:36:26.236 | DEBUG    | phd_method.src_phd.topology:ph_dim_from_distance_matrix:67 - Ph Dimension Calculation has an approximate error of: 1.0415071881648414e-05.
2025-09-23 11:36:26.247 | DEBUG    | phd_method.src_phd.topology:fast_ripser:87 - Distance matrix computation time: 0.01s
2025-09-23 11:36:26.513 | DEBUG    | phd_method.src_phd.topology:ph_dim_from_distance_matrix:67 - Ph Dimension Calculation has an approximate error of: 1.9349911923905334e-05.
2025-09-23 11:36:26.524 | DEBUG    | phd_method.src_phd.topology:fast_ripser:87 - Distance matrix computation time: 0.01s
2025-09-23 11:36:26.822 | DEBUG    | phd_method.src_phd.topology:ph_dim_from_distance_matrix:67 - Ph Dimension Calculation has an approximate error of: 3.574569749054507e-05.
2025-09-23 11:36:35.072 | DEBUG    | phd_method.src_phd.topology:ph_dim_from_distance_matrix:67 - Ph Dimension Calculation has an approximate error of: 7.78616713724267e-05.
2025-09-23 11:36:43.477 | DEBUG    | phd_method.src_phd.topology:ph_dim_from_distance_matrix:67 - Ph Dimension Calculation has an approximate error of: 0.00017591098156986997.
2025-09-23 11:36:51.582 | DEBUG    | phd_method.src_phd.topology:ph_dim_from_distance_matrix:67 - Ph Dimension Calculation has an approximate error of: 0.00022756085603208386.
2025-09-23 11:37:23.024 | DEBUG    | phd_method.src_phd.topology:ph_dim_from_distance_matrix:67 - Ph Dimension Calculation has an approximate error of: 6.620208101383557e-05.
2025-09-23 11:37:31.054 | DEBUG    | phd_method.src_phd.topology:ph_dim_from_distance_matrix:67 - Ph Dimension Calculation has an approximate error of: 0.000169564376185056.
2025-09-23 11:37:39.182 | DEBUG    | phd_method.src_phd.topology:ph_dim_from_distance_matrix:67 - Ph Dimension Calculation has an approximate error of: 0.0002072588586827269.
2025-09-23 11:38:03.458 | DEBUG    | phd_method.src_phd.topology:fast_ripser:87 - Distance matrix computation time: 0.3s
2025-09-23 11:38:03.712 | DEBUG    | phd_method.src_phd.topology:ph_dim_from_distance_matrix:67 - Ph Dimension Calculation has an approximate error of: 5.993858312402045e-06.
2025-09-23 11:38:03.990 | DEBUG    | phd_method.src_phd.topology:fast_ripser:87 - Distance matrix computation time: 0.27s
2025-09-23 11:38:04.270 | DEBUG    | phd_method.src_phd.topology:ph_dim_from_distance_matrix:67 - Ph Dimension Calculation has an approximate error of: 1.3370024247860002e-05.
2025-09-23 11:38:04.558 | DEBUG    | phd_method.src_phd.topology:fast_ripser:87 - Distance matrix computation time: 0.28s
2025-09-23 11:38:04.829 | DEBUG    | phd_method.src_phd.topology:ph_dim_from_distance_matrix:67 - Ph Dimension Calculation has an approximate error of: 1.627365242574553e-05.
2025-09-23 11:38:05.836 | DEBUG    | phd_method.src_phd.topology:fast_ripser:87 - Distance matrix computation time: 0.01s
2025-09-23 11:38:06.127 | DEBUG    | phd_method.src_phd.topology:ph_dim_from_distance_matrix:67 - Ph Dimension Calculation has an approximate error of: 1.9931538180179728e-05.
2025-09-23 11:38:06.141 | DEBUG    | phd_method.src_phd.topology:fast_ripser:87 - Distance matrix computation time: 0.01s
2025-09-23 11:38:06.414 | DEBUG    | phd_method.src_phd.topology:ph_dim_from_distance_matrix:67 - Ph Dimension Calculation has an approximate error of: 1.3165077600267617e-05.
2025-09-23 11:38:06.427 | DEBUG    | phd_method.src_phd.topology:fast_ripser:87 - Distance matrix computation time: 0.01s
2025-09-23 11:38:06.702 | DEBUG    | phd_method.src_phd.topology:ph_dim_from_distance_matrix:67 - Ph Dimension Calculation has an approximate error of: 2.109069129255398e-05.
2025-09-23 11:38:07.126 | DEBUG    | phd_method.src_phd.topology:fast_ripser:87 - Distance matrix computation time: 0.17s
2025-09-23 11:38:07.387 | DEBUG    | phd_method.src_phd.topology:ph_dim_from_distance_matrix:67 - Ph Dimension Calculation has an approximate error of: 1.9218983965582263e-05.
2025-09-23 11:38:07.577 | DEBUG    | phd_method.src_phd.topology:fast_ripser:87 - Distance matrix computation time: 0.19s
2025-09-23 11:38:07.842 | DEBUG    | phd_method.src_phd.topology:ph_dim_from_distance_matrix:67 - Ph Dimension Calculation has an approximate error of: 1.2969294274422322e-05.
2025-09-23 11:38:08.029 | DEBUG    | phd_method.src_phd.topology:fast_ripser:87 - Distance matrix computation time: 0.18s
2025-09-23 11:38:08.304 | DEBUG    | phd_method.src_phd.topology:ph_dim_from_distance_matrix:67 - Ph Dimension Calculation has an approximate error of: 2.0297348975207204e-05.
2025-09-23 11:38:08.737 | DEBUG    | phd_method.src_phd.topology:fast_ripser:87 - Distance matrix computation time: 0.07s
2025-09-23 11:38:09.033 | DEBUG    | phd_method.src_phd.topology:ph_dim_from_distance_matrix:67 - Ph Dimension Calculation has an approximate error of: 3.280420532655193e-05.
2025-09-23 11:38:09.104 | DEBUG    | phd_method.src_phd.topology:fast_ripser:87 - Distance matrix computation time: 0.07s
2025-09-23 11:38:09.401 | DEBUG    | phd_method.src_phd.topology:ph_dim_from_distance_matrix:67 - Ph Dimension Calculation has an approximate error of: 2.6183365502742492e-05.
2025-09-23 11:38:09.471 | DEBUG    | phd_method.src_phd.topology:fast_ripser:87 - Distance matrix computation time: 0.07s
2025-09-23 11:38:09.768 | DEBUG    | phd_method.src_phd.topology:ph_dim_from_distance_matrix:67 - Ph Dimension Calculation has an approximate error of: 3.212596579673113e-05.
2025-09-23 11:38:10.058 | DEBUG    | phd_method.src_phd.topology:fast_ripser:87 - Distance matrix computation time: 0.01s
2025-09-23 11:38:10.356 | DEBUG    | phd_method.src_phd.topology:ph_dim_from_distance_matrix:67 - Ph Dimension Calculation has an approximate error of: 4.830034077537769e-05.
2025-09-23 11:38:10.365 | DEBUG    | phd_method.src_phd.topology:fast_ripser:87 - Distance matrix computation time: 0.01s
2025-09-23 11:38:10.642 | DEBUG    | phd_method.src_phd.topology:ph_dim_from_distance_matrix:67 - Ph Dimension Calculation has an approximate error of: 4.820313502276181e-05.
2025-09-23 11:38:10.651 | DEBUG    | phd_method.src_phd.topology:fast_ripser:87 - Distance matrix computation time: 0.0s
2025-09-23 11:38:10.942 | DEBUG    | phd_method.src_phd.topology:ph_dim_from_distance_matrix:67 - Ph Dimension Calculation has an approximate error of: 0.00010230036268794473.
2025-09-23 11:38:13.797 | DEBUG    | phd_method.src_phd.topology:ph_dim_from_distance_matrix:67 - Ph Dimension Calculation has an approximate error of: 2.0466703185659966e-05.
2025-09-23 11:38:16.699 | DEBUG    | phd_method.src_phd.topology:ph_dim_from_distance_matrix:67 - Ph Dimension Calculation has an approximate error of: 1.487496484126014e-05.
2025-09-23 11:38:19.408 | DEBUG    | phd_method.src_phd.topology:ph_dim_from_distance_matrix:67 - Ph Dimension Calculation has an approximate error of: 2.124302190890817e-05.
2025-09-23 11:38:29.883 | DEBUG    | phd_method.src_phd.topology:ph_dim_from_distance_matrix:67 - Ph Dimension Calculation has an approximate error of: 2.0165859464791902e-05.
2025-09-23 11:38:32.577 | DEBUG    | phd_method.src_phd.topology:ph_dim_from_distance_matrix:67 - Ph Dimension Calculation has an approximate error of: 1.6604149343852096e-05.
2025-09-23 11:38:35.358 | DEBUG    | phd_method.src_phd.topology:ph_dim_from_distance_matrix:67 - Ph Dimension Calculation has an approximate error of: 2.2218711326760654e-05.
2025-09-23 11:38:43.183 | DEBUG    | phd_method.src_phd.topology:fast_ripser:87 - Distance matrix computation time: 0.09s
2025-09-23 11:38:43.443 | DEBUG    | phd_method.src_phd.topology:ph_dim_from_distance_matrix:67 - Ph Dimension Calculation has an approximate error of: 1.4415087104681652e-05.
2025-09-23 11:38:43.539 | DEBUG    | phd_method.src_phd.topology:fast_ripser:87 - Distance matrix computation time: 0.09s
2025-09-23 11:38:43.805 | DEBUG    | phd_method.src_phd.topology:ph_dim_from_distance_matrix:67 - Ph Dimension Calculation has an approximate error of: 1.5254770630826955e-05.
2025-09-23 11:38:43.898 | DEBUG    | phd_method.src_phd.topology:fast_ripser:87 - Distance matrix computation time: 0.09s
2025-09-23 11:38:44.161 | DEBUG    | phd_method.src_phd.topology:ph_dim_from_distance_matrix:67 - Ph Dimension Calculation has an approximate error of: 2.843237097043199e-05.
2025-09-23 11:38:44.522 | DEBUG    | phd_method.src_phd.topology:fast_ripser:87 - Distance matrix computation time: 0.01s
2025-09-23 11:38:44.807 | DEBUG    | phd_method.src_phd.topology:ph_dim_from_distance_matrix:67 - Ph Dimension Calculation has an approximate error of: 8.482390339398712e-05.
2025-09-23 11:38:44.820 | DEBUG    | phd_method.src_phd.topology:fast_ripser:87 - Distance matrix computation time: 0.01s
2025-09-23 11:38:45.116 | DEBUG    | phd_method.src_phd.topology:ph_dim_from_distance_matrix:67 - Ph Dimension Calculation has an approximate error of: 4.6555574051972486e-05.
2025-09-23 11:38:45.127 | DEBUG    | phd_method.src_phd.topology:fast_ripser:87 - Distance matrix computation time: 0.01s
2025-09-23 11:38:45.395 | DEBUG    | phd_method.src_phd.topology:ph_dim_from_distance_matrix:67 - Ph Dimension Calculation has an approximate error of: 3.93636527196509e-05.
2025-09-23 11:38:45.636 | DEBUG    | phd_method.src_phd.topology:fast_ripser:87 - Distance matrix computation time: 0.08s
2025-09-23 11:38:45.930 | DEBUG    | phd_method.src_phd.topology:ph_dim_from_distance_matrix:67 - Ph Dimension Calculation has an approximate error of: 8.620034169810981e-05.
2025-09-23 11:38:46.035 | DEBUG    | phd_method.src_phd.topology:fast_ripser:87 - Distance matrix computation time: 0.1s
2025-09-23 11:38:46.333 | DEBUG    | phd_method.src_phd.topology:ph_dim_from_distance_matrix:67 - Ph Dimension Calculation has an approximate error of: 4.179554774720126e-05.
2025-09-23 11:38:46.417 | DEBUG    | phd_method.src_phd.topology:fast_ripser:87 - Distance matrix computation time: 0.08s
2025-09-23 11:38:46.719 | DEBUG    | phd_method.src_phd.topology:ph_dim_from_distance_matrix:67 - Ph Dimension Calculation has an approximate error of: 4.0091127746892105e-05.
2025-09-23 11:38:46.950 | DEBUG    | phd_method.src_phd.topology:fast_ripser:87 - Distance matrix computation time: 0.03s
2025-09-23 11:38:47.251 | DEBUG    | phd_method.src_phd.topology:ph_dim_from_distance_matrix:67 - Ph Dimension Calculation has an approximate error of: 7.752086710037864e-05.
2025-09-23 11:38:47.291 | DEBUG    | phd_method.src_phd.topology:fast_ripser:87 - Distance matrix computation time: 0.03s
2025-09-23 11:38:47.584 | DEBUG    | phd_method.src_phd.topology:ph_dim_from_distance_matrix:67 - Ph Dimension Calculation has an approximate error of: 3.842840166069703e-05.
2025-09-23 11:38:47.620 | DEBUG    | phd_method.src_phd.topology:fast_ripser:87 - Distance matrix computation time: 0.03s
2025-09-23 11:38:47.917 | DEBUG    | phd_method.src_phd.topology:ph_dim_from_distance_matrix:67 - Ph Dimension Calculation has an approximate error of: 5.5248701337927014e-05.
2025-09-23 11:38:48.083 | DEBUG    | phd_method.src_phd.topology:fast_ripser:87 - Distance matrix computation time: 0.0s
2025-09-23 11:38:48.377 | DEBUG    | phd_method.src_phd.topology:ph_dim_from_distance_matrix:67 - Ph Dimension Calculation has an approximate error of: 5.178937138666677e-05.
2025-09-23 11:38:48.385 | DEBUG    | phd_method.src_phd.topology:fast_ripser:87 - Distance matrix computation time: 0.0s
2025-09-23 11:38:48.682 | DEBUG    | phd_method.src_phd.topology:ph_dim_from_distance_matrix:67 - Ph Dimension Calculation has an approximate error of: 3.357886904954552e-05.
2025-09-23 11:38:48.689 | DEBUG    | phd_method.src_phd.topology:fast_ripser:87 - Distance matrix computation time: 0.0s
2025-09-23 11:38:48.984 | DEBUG    | phd_method.src_phd.topology:ph_dim_from_distance_matrix:67 - Ph Dimension Calculation has an approximate error of: 0.00011726091669922467.
2025-09-23 11:38:50.543 | DEBUG    | phd_method.src_phd.topology:ph_dim_from_distance_matrix:67 - Ph Dimension Calculation has an approximate error of: 8.376912949092398e-05.
2025-09-23 11:38:52.105 | DEBUG    | phd_method.src_phd.topology:ph_dim_from_distance_matrix:67 - Ph Dimension Calculation has an approximate error of: 4.745337579359521e-05.
2025-09-23 11:38:53.584 | DEBUG    | phd_method.src_phd.topology:ph_dim_from_distance_matrix:67 - Ph Dimension Calculation has an approximate error of: 4.0142967611553425e-05.
2025-09-23 11:38:58.802 | DEBUG    | phd_method.src_phd.topology:ph_dim_from_distance_matrix:67 - Ph Dimension Calculation has an approximate error of: 8.251051519580558e-05.
2025-09-23 11:39:00.278 | DEBUG    | phd_method.src_phd.topology:ph_dim_from_distance_matrix:67 - Ph Dimension Calculation has an approximate error of: 4.754266554171273e-05.
2025-09-23 11:39:01.831 | DEBUG    | phd_method.src_phd.topology:ph_dim_from_distance_matrix:67 - Ph Dimension Calculation has an approximate error of: 4.159731175506041e-05.
2025-09-23 11:39:05.847 | DEBUG    | phd_method.src_phd.topology:fast_ripser:87 - Distance matrix computation time: 0.05s
2025-09-23 11:39:06.110 | DEBUG    | phd_method.src_phd.topology:ph_dim_from_distance_matrix:67 - Ph Dimension Calculation has an approximate error of: 4.169907282273304e-05.
2025-09-23 11:39:06.161 | DEBUG    | phd_method.src_phd.topology:fast_ripser:87 - Distance matrix computation time: 0.05s
2025-09-23 11:39:06.461 | DEBUG    | phd_method.src_phd.topology:ph_dim_from_distance_matrix:67 - Ph Dimension Calculation has an approximate error of: 1.4797234341906625e-05.
2025-09-23 11:39:06.515 | DEBUG    | phd_method.src_phd.topology:fast_ripser:87 - Distance matrix computation time: 0.05s
2025-09-23 11:39:06.808 | DEBUG    | phd_method.src_phd.topology:ph_dim_from_distance_matrix:67 - Ph Dimension Calculation has an approximate error of: 3.510350572122324e-05.
2025-09-23 11:39:07.042 | DEBUG    | phd_method.src_phd.topology:fast_ripser:87 - Distance matrix computation time: 0.01s
2025-09-23 11:39:07.334 | DEBUG    | phd_method.src_phd.topology:ph_dim_from_distance_matrix:67 - Ph Dimension Calculation has an approximate error of: 0.0018561124555300209.
2025-09-23 11:39:07.344 | DEBUG    | phd_method.src_phd.topology:fast_ripser:87 - Distance matrix computation time: 0.01s
2025-09-23 11:39:07.613 | DEBUG    | phd_method.src_phd.topology:ph_dim_from_distance_matrix:67 - Ph Dimension Calculation has an approximate error of: 0.012844866736783409.
2025-09-23 11:39:07.623 | DEBUG    | phd_method.src_phd.topology:fast_ripser:87 - Distance matrix computation time: 0.01s
2025-09-23 11:39:07.903 | DEBUG    | phd_method.src_phd.topology:ph_dim_from_distance_matrix:67 - Ph Dimension Calculation has an approximate error of: 0.005129188353941071.
2025-09-23 11:39:07.953 | DEBUG    | phd_method.src_phd.topology:fast_ripser:87 - Distance matrix computation time: 0.0s
2025-09-23 11:39:08.236 | DEBUG    | phd_method.src_phd.topology:ph_dim_from_distance_matrix:67 - Ph Dimension Calculation has an approximate error of: 0.0018561124555300209.
2025-09-23 11:39:08.242 | DEBUG    | phd_method.src_phd.topology:fast_ripser:87 - Distance matrix computation time: 0.0s
2025-09-23 11:39:08.519 | DEBUG    | phd_method.src_phd.topology:ph_dim_from_distance_matrix:67 - Ph Dimension Calculation has an approximate error of: 0.012844866736783409.
2025-09-23 11:39:08.525 | DEBUG    | phd_method.src_phd.topology:fast_ripser:87 - Distance matrix computation time: 0.0s
2025-09-23 11:39:08.809 | DEBUG    | phd_method.src_phd.topology:ph_dim_from_distance_matrix:67 - Ph Dimension Calculation has an approximate error of: 0.005129188353941071.
2025-09-23 11:39:08.854 | DEBUG    | phd_method.src_phd.topology:fast_ripser:87 - Distance matrix computation time: 0.0s
2025-09-23 11:39:09.138 | DEBUG    | phd_method.src_phd.topology:ph_dim_from_distance_matrix:67 - Ph Dimension Calculation has an approximate error of: 0.0018561124555300209.
2025-09-23 11:39:09.145 | DEBUG    | phd_method.src_phd.topology:fast_ripser:87 - Distance matrix computation time: 0.0s
2025-09-23 11:39:09.437 | DEBUG    | phd_method.src_phd.topology:ph_dim_from_distance_matrix:67 - Ph Dimension Calculation has an approximate error of: 0.012844866736783409.
2025-09-23 11:39:09.444 | DEBUG    | phd_method.src_phd.topology:fast_ripser:87 - Distance matrix computation time: 0.0s
2025-09-23 11:39:09.735 | DEBUG    | phd_method.src_phd.topology:ph_dim_from_distance_matrix:67 - Ph Dimension Calculation has an approximate error of: 0.005129188353941071.
2025-09-23 11:39:09.778 | DEBUG    | phd_method.src_phd.topology:fast_ripser:87 - Distance matrix computation time: 0.0s
/homes/ahb24/MSc_Topology_Codebase/phd_method/src_phd/topology.py:60: RuntimeWarning: divide by zero encountered in log
  y = np.log(lengths)
/homes/ahb24/MSc_Topology_Codebase/phd_method/src_phd/topology.py:62: RuntimeWarning: invalid value encountered in scalar subtract
  m = (N * (x * y).sum() - x.sum() * y.sum()) / (N * (x ** 2).sum() - x.sum() ** 2)
2025-09-23 11:39:09.975 | DEBUG    | phd_method.src_phd.topology:ph_dim_from_distance_matrix:67 - Ph Dimension Calculation has an approximate error of: nan.
2025-09-23 11:39:09.982 | DEBUG    | phd_method.src_phd.topology:fast_ripser:87 - Distance matrix computation time: 0.0s
/homes/ahb24/MSc_Topology_Codebase/phd_method/src_phd/topology.py:60: RuntimeWarning: divide by zero encountered in log
  y = np.log(lengths)
/homes/ahb24/MSc_Topology_Codebase/phd_method/src_phd/topology.py:62: RuntimeWarning: invalid value encountered in scalar subtract
  m = (N * (x * y).sum() - x.sum() * y.sum()) / (N * (x ** 2).sum() - x.sum() ** 2)
2025-09-23 11:39:10.171 | DEBUG    | phd_method.src_phd.topology:ph_dim_from_distance_matrix:67 - Ph Dimension Calculation has an approximate error of: nan.
2025-09-23 11:39:10.178 | DEBUG    | phd_method.src_phd.topology:fast_ripser:87 - Distance matrix computation time: 0.0s
/homes/ahb24/MSc_Topology_Codebase/phd_method/src_phd/topology.py:60: RuntimeWarning: divide by zero encountered in log
  y = np.log(lengths)
/homes/ahb24/MSc_Topology_Codebase/phd_method/src_phd/topology.py:62: RuntimeWarning: invalid value encountered in scalar subtract
  m = (N * (x * y).sum() - x.sum() * y.sum()) / (N * (x ** 2).sum() - x.sum() ** 2)
2025-09-23 11:39:10.375 | DEBUG    | phd_method.src_phd.topology:ph_dim_from_distance_matrix:67 - Ph Dimension Calculation has an approximate error of: nan.
2025-09-23 11:39:10.716 | DEBUG    | phd_method.src_phd.topology:ph_dim_from_distance_matrix:67 - Ph Dimension Calculation has an approximate error of: 0.0018561124555300209.
2025-09-23 11:39:11.034 | DEBUG    | phd_method.src_phd.topology:ph_dim_from_distance_matrix:67 - Ph Dimension Calculation has an approximate error of: 0.012844866736783409.
2025-09-23 11:39:11.329 | DEBUG    | phd_method.src_phd.topology:ph_dim_from_distance_matrix:67 - Ph Dimension Calculation has an approximate error of: 0.005129188353941071.
2025-09-23 11:39:11.737 | DEBUG    | phd_method.src_phd.topology:ph_dim_from_distance_matrix:67 - Ph Dimension Calculation has an approximate error of: 0.0018561124555300209.
2025-09-23 11:39:12.046 | DEBUG    | phd_method.src_phd.topology:ph_dim_from_distance_matrix:67 - Ph Dimension Calculation has an approximate error of: 0.012844866736783409.
2025-09-23 11:39:12.348 | DEBUG    | phd_method.src_phd.topology:ph_dim_from_distance_matrix:67 - Ph Dimension Calculation has an approximate error of: 0.005129188353941071.
2025-09-23 11:39:12.448 | DEBUG    | phd_method.src_phd.topology:fast_ripser:87 - Distance matrix computation time: 0.0s
2025-09-23 11:39:12.719 | DEBUG    | phd_method.src_phd.topology:ph_dim_from_distance_matrix:67 - Ph Dimension Calculation has an approximate error of: 0.011373699134845297.
2025-09-23 11:39:12.727 | DEBUG    | phd_method.src_phd.topology:fast_ripser:87 - Distance matrix computation time: 0.0s
2025-09-23 11:39:13.001 | DEBUG    | phd_method.src_phd.topology:ph_dim_from_distance_matrix:67 - Ph Dimension Calculation has an approximate error of: 0.002290584891111748.
2025-09-23 11:39:13.009 | DEBUG    | phd_method.src_phd.topology:fast_ripser:87 - Distance matrix computation time: 0.0s
2025-09-23 11:39:13.285 | DEBUG    | phd_method.src_phd.topology:ph_dim_from_distance_matrix:67 - Ph Dimension Calculation has an approximate error of: 0.0008770721624293544.
2025-09-23 11:39:13.332 | DEBUG    | phd_method.src_phd.topology:fast_ripser:87 - Distance matrix computation time: 0.01s
2025-09-23 11:39:13.592 | DEBUG    | phd_method.src_phd.topology:ph_dim_from_distance_matrix:67 - Ph Dimension Calculation has an approximate error of: 2.699824945183394e-05.
2025-09-23 11:39:13.601 | DEBUG    | phd_method.src_phd.topology:fast_ripser:87 - Distance matrix computation time: 0.01s
2025-09-23 11:39:13.863 | DEBUG    | phd_method.src_phd.topology:ph_dim_from_distance_matrix:67 - Ph Dimension Calculation has an approximate error of: 2.2349895922258317e-05.
2025-09-23 11:39:13.873 | DEBUG    | phd_method.src_phd.topology:fast_ripser:87 - Distance matrix computation time: 0.01s
2025-09-23 11:39:14.134 | DEBUG    | phd_method.src_phd.topology:ph_dim_from_distance_matrix:67 - Ph Dimension Calculation has an approximate error of: 3.693740565558241e-05.
2025-09-23 11:39:14.268 | DEBUG    | phd_method.src_phd.topology:fast_ripser:87 - Distance matrix computation time: 0.03s
2025-09-23 11:39:14.537 | DEBUG    | phd_method.src_phd.topology:ph_dim_from_distance_matrix:67 - Ph Dimension Calculation has an approximate error of: 3.956157907931527e-05.
2025-09-23 11:39:14.574 | DEBUG    | phd_method.src_phd.topology:fast_ripser:87 - Distance matrix computation time: 0.03s
2025-09-23 11:39:14.844 | DEBUG    | phd_method.src_phd.topology:ph_dim_from_distance_matrix:67 - Ph Dimension Calculation has an approximate error of: 1.7724119920721267e-05.
2025-09-23 11:39:14.883 | DEBUG    | phd_method.src_phd.topology:fast_ripser:87 - Distance matrix computation time: 0.04s
2025-09-23 11:39:15.174 | DEBUG    | phd_method.src_phd.topology:ph_dim_from_distance_matrix:67 - Ph Dimension Calculation has an approximate error of: 3.917111560265102e-05.
2025-09-23 11:39:15.306 | DEBUG    | phd_method.src_phd.topology:fast_ripser:87 - Distance matrix computation time: 0.02s
2025-09-23 11:39:15.618 | DEBUG    | phd_method.src_phd.topology:ph_dim_from_distance_matrix:67 - Ph Dimension Calculation has an approximate error of: 2.5796460693055985e-05.
2025-09-23 11:39:15.638 | DEBUG    | phd_method.src_phd.topology:fast_ripser:87 - Distance matrix computation time: 0.02s
2025-09-23 11:39:15.920 | DEBUG    | phd_method.src_phd.topology:ph_dim_from_distance_matrix:67 - Ph Dimension Calculation has an approximate error of: 4.60613920697023e-05.
2025-09-23 11:39:15.940 | DEBUG    | phd_method.src_phd.topology:fast_ripser:87 - Distance matrix computation time: 0.02s
2025-09-23 11:39:16.219 | DEBUG    | phd_method.src_phd.topology:ph_dim_from_distance_matrix:67 - Ph Dimension Calculation has an approximate error of: 3.4720346864761285e-05.
2025-09-23 11:39:16.323 | DEBUG    | phd_method.src_phd.topology:fast_ripser:87 - Distance matrix computation time: 0.0s
2025-09-23 11:39:16.609 | DEBUG    | phd_method.src_phd.topology:ph_dim_from_distance_matrix:67 - Ph Dimension Calculation has an approximate error of: 8.856110597267e-05.
2025-09-23 11:39:16.617 | DEBUG    | phd_method.src_phd.topology:fast_ripser:87 - Distance matrix computation time: 0.0s
2025-09-23 11:39:16.897 | DEBUG    | phd_method.src_phd.topology:ph_dim_from_distance_matrix:67 - Ph Dimension Calculation has an approximate error of: 5.277598047888318e-05.
2025-09-23 11:39:16.905 | DEBUG    | phd_method.src_phd.topology:fast_ripser:87 - Distance matrix computation time: 0.0s
2025-09-23 11:39:17.164 | DEBUG    | phd_method.src_phd.topology:ph_dim_from_distance_matrix:67 - Ph Dimension Calculation has an approximate error of: 0.0001714939499572556.
2025-09-23 11:39:18.083 | DEBUG    | phd_method.src_phd.topology:ph_dim_from_distance_matrix:67 - Ph Dimension Calculation has an approximate error of: 2.0025682328465873e-05.
2025-09-23 11:39:18.946 | DEBUG    | phd_method.src_phd.topology:ph_dim_from_distance_matrix:67 - Ph Dimension Calculation has an approximate error of: 3.0457514413456944e-05.
2025-09-23 11:39:19.789 | DEBUG    | phd_method.src_phd.topology:ph_dim_from_distance_matrix:67 - Ph Dimension Calculation has an approximate error of: 3.902673067598094e-05.
2025-09-23 11:39:22.518 | DEBUG    | phd_method.src_phd.topology:ph_dim_from_distance_matrix:67 - Ph Dimension Calculation has an approximate error of: 1.9184683710904127e-05.
2025-09-23 11:39:23.381 | DEBUG    | phd_method.src_phd.topology:ph_dim_from_distance_matrix:67 - Ph Dimension Calculation has an approximate error of: 3.448482057967946e-05.
2025-09-23 11:39:24.239 | DEBUG    | phd_method.src_phd.topology:ph_dim_from_distance_matrix:67 - Ph Dimension Calculation has an approximate error of: 3.73368113143262e-05.
2025-09-23 11:39:26.206 | DEBUG    | phd_method.src_phd.topology:fast_ripser:87 - Distance matrix computation time: 0.03s
2025-09-23 11:39:26.484 | DEBUG    | phd_method.src_phd.topology:ph_dim_from_distance_matrix:67 - Ph Dimension Calculation has an approximate error of: 3.246340599513796e-05.
2025-09-23 11:39:26.512 | DEBUG    | phd_method.src_phd.topology:fast_ripser:87 - Distance matrix computation time: 0.03s
2025-09-23 11:39:26.795 | DEBUG    | phd_method.src_phd.topology:ph_dim_from_distance_matrix:67 - Ph Dimension Calculation has an approximate error of: 1.6062945563667356e-05.
2025-09-23 11:39:26.823 | DEBUG    | phd_method.src_phd.topology:fast_ripser:87 - Distance matrix computation time: 0.02s
2025-09-23 11:39:27.120 | DEBUG    | phd_method.src_phd.topology:ph_dim_from_distance_matrix:67 - Ph Dimension Calculation has an approximate error of: 7.04014664992956e-05.
2025-09-23 11:39:27.263 | DEBUG    | phd_method.src_phd.topology:fast_ripser:87 - Distance matrix computation time: 0.01s
2025-09-23 11:39:27.522 | DEBUG    | phd_method.src_phd.topology:ph_dim_from_distance_matrix:67 - Ph Dimension Calculation has an approximate error of: 0.0010305878219684047.
2025-09-23 11:39:27.532 | DEBUG    | phd_method.src_phd.topology:fast_ripser:87 - Distance matrix computation time: 0.01s
2025-09-23 11:39:27.781 | DEBUG    | phd_method.src_phd.topology:ph_dim_from_distance_matrix:67 - Ph Dimension Calculation has an approximate error of: 0.0007893879128011512.
2025-09-23 11:39:27.790 | DEBUG    | phd_method.src_phd.topology:fast_ripser:87 - Distance matrix computation time: 0.01s
2025-09-23 11:39:28.050 | DEBUG    | phd_method.src_phd.topology:ph_dim_from_distance_matrix:67 - Ph Dimension Calculation has an approximate error of: 0.006363083643099.
2025-09-23 11:39:28.096 | DEBUG    | phd_method.src_phd.topology:fast_ripser:87 - Distance matrix computation time: 0.0s
2025-09-23 11:39:28.377 | DEBUG    | phd_method.src_phd.topology:ph_dim_from_distance_matrix:67 - Ph Dimension Calculation has an approximate error of: 0.0010305878219684047.
2025-09-23 11:39:28.383 | DEBUG    | phd_method.src_phd.topology:fast_ripser:87 - Distance matrix computation time: 0.0s
2025-09-23 11:39:28.663 | DEBUG    | phd_method.src_phd.topology:ph_dim_from_distance_matrix:67 - Ph Dimension Calculation has an approximate error of: 0.0007893879128011512.
2025-09-23 11:39:28.669 | DEBUG    | phd_method.src_phd.topology:fast_ripser:87 - Distance matrix computation time: 0.0s
2025-09-23 11:39:28.962 | DEBUG    | phd_method.src_phd.topology:ph_dim_from_distance_matrix:67 - Ph Dimension Calculation has an approximate error of: 0.006363083643099.
2025-09-23 11:39:29.010 | DEBUG    | phd_method.src_phd.topology:fast_ripser:87 - Distance matrix computation time: 0.0s
2025-09-23 11:39:29.302 | DEBUG    | phd_method.src_phd.topology:ph_dim_from_distance_matrix:67 - Ph Dimension Calculation has an approximate error of: 0.0010305878219684047.
2025-09-23 11:39:29.309 | DEBUG    | phd_method.src_phd.topology:fast_ripser:87 - Distance matrix computation time: 0.0s
2025-09-23 11:39:29.584 | DEBUG    | phd_method.src_phd.topology:ph_dim_from_distance_matrix:67 - Ph Dimension Calculation has an approximate error of: 0.0007893879128011512.
2025-09-23 11:39:29.591 | DEBUG    | phd_method.src_phd.topology:fast_ripser:87 - Distance matrix computation time: 0.0s
2025-09-23 11:39:29.895 | DEBUG    | phd_method.src_phd.topology:ph_dim_from_distance_matrix:67 - Ph Dimension Calculation has an approximate error of: 0.006363083643099.
2025-09-23 11:39:29.940 | DEBUG    | phd_method.src_phd.topology:fast_ripser:87 - Distance matrix computation time: 0.0s
/homes/ahb24/MSc_Topology_Codebase/phd_method/src_phd/topology.py:60: RuntimeWarning: divide by zero encountered in log
  y = np.log(lengths)
/homes/ahb24/MSc_Topology_Codebase/phd_method/src_phd/topology.py:62: RuntimeWarning: invalid value encountered in scalar subtract
  m = (N * (x * y).sum() - x.sum() * y.sum()) / (N * (x ** 2).sum() - x.sum() ** 2)
2025-09-23 11:39:30.136 | DEBUG    | phd_method.src_phd.topology:ph_dim_from_distance_matrix:67 - Ph Dimension Calculation has an approximate error of: nan.
2025-09-23 11:39:30.144 | DEBUG    | phd_method.src_phd.topology:fast_ripser:87 - Distance matrix computation time: 0.0s
/homes/ahb24/MSc_Topology_Codebase/phd_method/src_phd/topology.py:60: RuntimeWarning: divide by zero encountered in log
  y = np.log(lengths)
/homes/ahb24/MSc_Topology_Codebase/phd_method/src_phd/topology.py:62: RuntimeWarning: invalid value encountered in scalar subtract
  m = (N * (x * y).sum() - x.sum() * y.sum()) / (N * (x ** 2).sum() - x.sum() ** 2)
2025-09-23 11:39:30.348 | DEBUG    | phd_method.src_phd.topology:ph_dim_from_distance_matrix:67 - Ph Dimension Calculation has an approximate error of: nan.
2025-09-23 11:39:30.355 | DEBUG    | phd_method.src_phd.topology:fast_ripser:87 - Distance matrix computation time: 0.0s
/homes/ahb24/MSc_Topology_Codebase/phd_method/src_phd/topology.py:60: RuntimeWarning: divide by zero encountered in log
  y = np.log(lengths)
/homes/ahb24/MSc_Topology_Codebase/phd_method/src_phd/topology.py:62: RuntimeWarning: invalid value encountered in scalar subtract
  m = (N * (x * y).sum() - x.sum() * y.sum()) / (N * (x ** 2).sum() - x.sum() ** 2)
2025-09-23 11:39:30.554 | DEBUG    | phd_method.src_phd.topology:ph_dim_from_distance_matrix:67 - Ph Dimension Calculation has an approximate error of: nan.
2025-09-23 11:39:30.903 | DEBUG    | phd_method.src_phd.topology:ph_dim_from_distance_matrix:67 - Ph Dimension Calculation has an approximate error of: 0.0010305878219684047.
2025-09-23 11:39:31.207 | DEBUG    | phd_method.src_phd.topology:ph_dim_from_distance_matrix:67 - Ph Dimension Calculation has an approximate error of: 0.0007893879128011512.
2025-09-23 11:39:31.504 | DEBUG    | phd_method.src_phd.topology:ph_dim_from_distance_matrix:67 - Ph Dimension Calculation has an approximate error of: 0.006363083643099.
2025-09-23 11:39:31.896 | DEBUG    | phd_method.src_phd.topology:ph_dim_from_distance_matrix:67 - Ph Dimension Calculation has an approximate error of: 0.0010305878219684047.
2025-09-23 11:39:32.186 | DEBUG    | phd_method.src_phd.topology:ph_dim_from_distance_matrix:67 - Ph Dimension Calculation has an approximate error of: 0.0007893879128011512.
2025-09-23 11:39:32.481 | DEBUG    | phd_method.src_phd.topology:ph_dim_from_distance_matrix:67 - Ph Dimension Calculation has an approximate error of: 0.006363083643099.
2025-09-23 11:39:32.579 | DEBUG    | phd_method.src_phd.topology:fast_ripser:87 - Distance matrix computation time: 0.0s
2025-09-23 11:39:32.865 | DEBUG    | phd_method.src_phd.topology:ph_dim_from_distance_matrix:67 - Ph Dimension Calculation has an approximate error of: 0.0005080453577860431.
2025-09-23 11:39:32.873 | DEBUG    | phd_method.src_phd.topology:fast_ripser:87 - Distance matrix computation time: 0.0s
2025-09-23 11:39:33.156 | DEBUG    | phd_method.src_phd.topology:ph_dim_from_distance_matrix:67 - Ph Dimension Calculation has an approximate error of: 0.000785518027629054.
2025-09-23 11:39:33.163 | DEBUG    | phd_method.src_phd.topology:fast_ripser:87 - Distance matrix computation time: 0.0s
2025-09-23 11:39:33.447 | DEBUG    | phd_method.src_phd.topology:ph_dim_from_distance_matrix:67 - Ph Dimension Calculation has an approximate error of: 0.00250577654744965.
2025-09-23 11:39:33.504 | DEBUG    | phd_method.src_phd.topology:fast_ripser:87 - Distance matrix computation time: 0.01s
2025-09-23 11:39:33.722 | DEBUG    | phd_method.src_phd.topology:ph_dim_from_distance_matrix:67 - Ph Dimension Calculation has an approximate error of: 7.202733467941121e-06.
2025-09-23 11:39:33.741 | DEBUG    | phd_method.src_phd.topology:fast_ripser:87 - Distance matrix computation time: 0.01s
2025-09-23 11:39:33.999 | DEBUG    | phd_method.src_phd.topology:ph_dim_from_distance_matrix:67 - Ph Dimension Calculation has an approximate error of: 3.297781236915416e-05.
2025-09-23 11:39:34.017 | DEBUG    | phd_method.src_phd.topology:fast_ripser:87 - Distance matrix computation time: 0.01s
2025-09-23 11:39:34.233 | DEBUG    | phd_method.src_phd.topology:ph_dim_from_distance_matrix:67 - Ph Dimension Calculation has an approximate error of: 2.4409126641459946e-05.
2025-09-23 11:39:35.386 | DEBUG    | phd_method.src_phd.topology:fast_ripser:87 - Distance matrix computation time: 0.54s
2025-09-23 11:39:35.613 | DEBUG    | phd_method.src_phd.topology:ph_dim_from_distance_matrix:67 - Ph Dimension Calculation has an approximate error of: 8.06878629365965e-06.
2025-09-23 11:39:36.121 | DEBUG    | phd_method.src_phd.topology:fast_ripser:87 - Distance matrix computation time: 0.51s
2025-09-23 11:39:36.356 | DEBUG    | phd_method.src_phd.topology:ph_dim_from_distance_matrix:67 - Ph Dimension Calculation has an approximate error of: 2.7871949253415423e-05.
2025-09-23 11:39:36.856 | DEBUG    | phd_method.src_phd.topology:fast_ripser:87 - Distance matrix computation time: 0.5s
2025-09-23 11:39:37.083 | DEBUG    | phd_method.src_phd.topology:ph_dim_from_distance_matrix:67 - Ph Dimension Calculation has an approximate error of: 2.2693316448274436e-05.
2025-09-23 11:39:38.239 | DEBUG    | phd_method.src_phd.topology:fast_ripser:87 - Distance matrix computation time: 0.19s
2025-09-23 11:39:38.495 | DEBUG    | phd_method.src_phd.topology:ph_dim_from_distance_matrix:67 - Ph Dimension Calculation has an approximate error of: 1.2181808053662942e-05.
2025-09-23 11:39:38.680 | DEBUG    | phd_method.src_phd.topology:fast_ripser:87 - Distance matrix computation time: 0.18s
2025-09-23 11:39:38.939 | DEBUG    | phd_method.src_phd.topology:ph_dim_from_distance_matrix:67 - Ph Dimension Calculation has an approximate error of: 5.052948371133311e-06.
2025-09-23 11:39:39.133 | DEBUG    | phd_method.src_phd.topology:fast_ripser:87 - Distance matrix computation time: 0.19s
2025-09-23 11:39:39.400 | DEBUG    | phd_method.src_phd.topology:ph_dim_from_distance_matrix:67 - Ph Dimension Calculation has an approximate error of: 9.031429251402005e-06.
2025-09-23 11:39:40.107 | DEBUG    | phd_method.src_phd.topology:fast_ripser:87 - Distance matrix computation time: 0.01s
2025-09-23 11:39:40.374 | DEBUG    | phd_method.src_phd.topology:ph_dim_from_distance_matrix:67 - Ph Dimension Calculation has an approximate error of: 2.0352130955663828e-05.
2025-09-23 11:39:40.385 | DEBUG    | phd_method.src_phd.topology:fast_ripser:87 - Distance matrix computation time: 0.01s
2025-09-23 11:39:40.656 | DEBUG    | phd_method.src_phd.topology:ph_dim_from_distance_matrix:67 - Ph Dimension Calculation has an approximate error of: 6.41409313248461e-05.
2025-09-23 11:39:40.667 | DEBUG    | phd_method.src_phd.topology:fast_ripser:87 - Distance matrix computation time: 0.01s
2025-09-23 11:39:40.938 | DEBUG    | phd_method.src_phd.topology:ph_dim_from_distance_matrix:67 - Ph Dimension Calculation has an approximate error of: 3.343122113446457e-05.
2025-09-23 11:39:48.833 | DEBUG    | phd_method.src_phd.topology:ph_dim_from_distance_matrix:67 - Ph Dimension Calculation has an approximate error of: 7.012687382841458e-06.
2025-09-23 11:39:56.684 | DEBUG    | phd_method.src_phd.topology:ph_dim_from_distance_matrix:67 - Ph Dimension Calculation has an approximate error of: 3.070215113146274e-05.
2025-09-23 11:40:05.150 | DEBUG    | phd_method.src_phd.topology:ph_dim_from_distance_matrix:67 - Ph Dimension Calculation has an approximate error of: 2.184145460906326e-05.
2025-09-23 11:40:36.114 | DEBUG    | phd_method.src_phd.topology:ph_dim_from_distance_matrix:67 - Ph Dimension Calculation has an approximate error of: 7.142816469137792e-06.
2025-09-23 11:40:43.917 | DEBUG    | phd_method.src_phd.topology:ph_dim_from_distance_matrix:67 - Ph Dimension Calculation has an approximate error of: 2.5059203088897043e-05.
2025-09-23 11:40:51.699 | DEBUG    | phd_method.src_phd.topology:ph_dim_from_distance_matrix:67 - Ph Dimension Calculation has an approximate error of: 1.9561264556535432e-05.
2025-09-23 11:41:15.344 | DEBUG    | phd_method.src_phd.topology:fast_ripser:87 - Distance matrix computation time: 0.27s
2025-09-23 11:41:15.625 | DEBUG    | phd_method.src_phd.topology:ph_dim_from_distance_matrix:67 - Ph Dimension Calculation has an approximate error of: 1.3816007937403308e-05.
2025-09-23 11:41:15.958 | DEBUG    | phd_method.src_phd.topology:fast_ripser:87 - Distance matrix computation time: 0.33s
2025-09-23 11:41:16.223 | DEBUG    | phd_method.src_phd.topology:ph_dim_from_distance_matrix:67 - Ph Dimension Calculation has an approximate error of: 4.8883033069250564e-05.
2025-09-23 11:41:16.514 | DEBUG    | phd_method.src_phd.topology:fast_ripser:87 - Distance matrix computation time: 0.29s
2025-09-23 11:41:16.772 | DEBUG    | phd_method.src_phd.topology:ph_dim_from_distance_matrix:67 - Ph Dimension Calculation has an approximate error of: 4.1032477221223865e-05.
2025-09-23 11:41:18.007 | DEBUG    | phd_method.src_phd.topology:fast_ripser:87 - Distance matrix computation time: 0.01s
2025-09-23 11:41:18.284 | DEBUG    | phd_method.src_phd.topology:ph_dim_from_distance_matrix:67 - Ph Dimension Calculation has an approximate error of: 0.27234838562480246.
2025-09-23 11:41:18.302 | DEBUG    | phd_method.src_phd.topology:fast_ripser:87 - Distance matrix computation time: 0.01s
2025-09-23 11:41:18.576 | DEBUG    | phd_method.src_phd.topology:ph_dim_from_distance_matrix:67 - Ph Dimension Calculation has an approximate error of: 0.008737016702086462.
2025-09-23 11:41:18.594 | DEBUG    | phd_method.src_phd.topology:fast_ripser:87 - Distance matrix computation time: 0.01s
2025-09-23 11:41:18.863 | DEBUG    | phd_method.src_phd.topology:ph_dim_from_distance_matrix:67 - Ph Dimension Calculation has an approximate error of: 0.09207356576104261.
2025-09-23 11:41:19.965 | DEBUG    | phd_method.src_phd.topology:fast_ripser:87 - Distance matrix computation time: 0.5s
2025-09-23 11:41:20.220 | DEBUG    | phd_method.src_phd.topology:ph_dim_from_distance_matrix:67 - Ph Dimension Calculation has an approximate error of: 0.07308098581246739.
2025-09-23 11:41:20.732 | DEBUG    | phd_method.src_phd.topology:fast_ripser:87 - Distance matrix computation time: 0.51s
2025-09-23 11:41:21.004 | DEBUG    | phd_method.src_phd.topology:ph_dim_from_distance_matrix:67 - Ph Dimension Calculation has an approximate error of: 0.0012617619928567878.
2025-09-23 11:41:21.501 | DEBUG    | phd_method.src_phd.topology:fast_ripser:87 - Distance matrix computation time: 0.49s
2025-09-23 11:41:21.756 | DEBUG    | phd_method.src_phd.topology:ph_dim_from_distance_matrix:67 - Ph Dimension Calculation has an approximate error of: 0.019354437766565247.
2025-09-23 11:41:22.901 | DEBUG    | phd_method.src_phd.topology:fast_ripser:87 - Distance matrix computation time: 0.18s
2025-09-23 11:41:23.144 | DEBUG    | phd_method.src_phd.topology:ph_dim_from_distance_matrix:67 - Ph Dimension Calculation has an approximate error of: 0.3133176624315248.
2025-09-23 11:41:23.325 | DEBUG    | phd_method.src_phd.topology:fast_ripser:87 - Distance matrix computation time: 0.18s
2025-09-23 11:41:23.571 | DEBUG    | phd_method.src_phd.topology:ph_dim_from_distance_matrix:67 - Ph Dimension Calculation has an approximate error of: 0.010937513468289877.
2025-09-23 11:41:23.748 | DEBUG    | phd_method.src_phd.topology:fast_ripser:87 - Distance matrix computation time: 0.17s
2025-09-23 11:41:23.988 | DEBUG    | phd_method.src_phd.topology:ph_dim_from_distance_matrix:67 - Ph Dimension Calculation has an approximate error of: 0.1072407775047917.
2025-09-23 11:41:24.738 | DEBUG    | phd_method.src_phd.topology:fast_ripser:87 - Distance matrix computation time: 0.01s
2025-09-23 11:41:25.007 | DEBUG    | phd_method.src_phd.topology:ph_dim_from_distance_matrix:67 - Ph Dimension Calculation has an approximate error of: 0.00015504462485272906.
2025-09-23 11:41:25.017 | DEBUG    | phd_method.src_phd.topology:fast_ripser:87 - Distance matrix computation time: 0.01s
2025-09-23 11:41:25.286 | DEBUG    | phd_method.src_phd.topology:ph_dim_from_distance_matrix:67 - Ph Dimension Calculation has an approximate error of: 9.064479017637615e-05.
2025-09-23 11:41:25.296 | DEBUG    | phd_method.src_phd.topology:fast_ripser:87 - Distance matrix computation time: 0.01s
2025-09-23 11:41:25.568 | DEBUG    | phd_method.src_phd.topology:ph_dim_from_distance_matrix:67 - Ph Dimension Calculation has an approximate error of: 0.0003760392842116378.
2025-09-23 11:41:33.428 | DEBUG    | phd_method.src_phd.topology:ph_dim_from_distance_matrix:67 - Ph Dimension Calculation has an approximate error of: 0.29713830278927467.
2025-09-23 11:41:41.188 | DEBUG    | phd_method.src_phd.topology:ph_dim_from_distance_matrix:67 - Ph Dimension Calculation has an approximate error of: 0.010026040605306053.
2025-09-23 11:41:49.022 | DEBUG    | phd_method.src_phd.topology:ph_dim_from_distance_matrix:67 - Ph Dimension Calculation has an approximate error of: 0.10146902401660912.
2025-09-23 11:42:20.596 | DEBUG    | phd_method.src_phd.topology:ph_dim_from_distance_matrix:67 - Ph Dimension Calculation has an approximate error of: 0.3043598996972749.
2025-09-23 11:42:28.688 | DEBUG    | phd_method.src_phd.topology:ph_dim_from_distance_matrix:67 - Ph Dimension Calculation has an approximate error of: 0.010408900532338719.
2025-09-23 11:42:36.590 | DEBUG    | phd_method.src_phd.topology:ph_dim_from_distance_matrix:67 - Ph Dimension Calculation has an approximate error of: 0.10410646827228542.
2025-09-23 11:43:01.218 | DEBUG    | phd_method.src_phd.topology:fast_ripser:87 - Distance matrix computation time: 0.28s
2025-09-23 11:43:01.485 | DEBUG    | phd_method.src_phd.topology:ph_dim_from_distance_matrix:67 - Ph Dimension Calculation has an approximate error of: 3.244490061432059e-06.
2025-09-23 11:43:01.803 | DEBUG    | phd_method.src_phd.topology:fast_ripser:87 - Distance matrix computation time: 0.31s
2025-09-23 11:43:02.065 | DEBUG    | phd_method.src_phd.topology:ph_dim_from_distance_matrix:67 - Ph Dimension Calculation has an approximate error of: 1.048587873996771e-05.
2025-09-23 11:43:02.358 | DEBUG    | phd_method.src_phd.topology:fast_ripser:87 - Distance matrix computation time: 0.29s
2025-09-23 11:43:02.634 | DEBUG    | phd_method.src_phd.topology:ph_dim_from_distance_matrix:67 - Ph Dimension Calculation has an approximate error of: 8.146973983290671e-06.
