Starting Surface Distance Metric Analysis job...
Job ID: 204798
Node: gpuvm13
Time: Wed 24 Sep 12:42:15 BST 2025
Loading CUDA...
Activating conda environment...
Activated conda environment: /vol/bitbucket/ahb24/tda_entailment_new
Python location: /vol/bitbucket/ahb24/tda_entailment_new/bin/python
Checking GPU availability...
Wed Sep 24 12:42:16 2025       
+-----------------------------------------------------------------------------------------+
| NVIDIA-SMI 580.65.06              Driver Version: 580.65.06      CUDA Version: 13.0     |
+-----------------------------------------+------------------------+----------------------+
| GPU  Name                 Persistence-M | Bus-Id          Disp.A | Volatile Uncorr. ECC |
| Fan  Temp   Perf          Pwr:Usage/Cap |           Memory-Usage | GPU-Util  Compute M. |
|                                         |                        |               MIG M. |
|=========================================+========================+======================|
|   0  Tesla T4                       Off |   00000000:00:07.0 Off |                    0 |
| N/A   42C    P8              9W /   70W |       0MiB /  15360MiB |      0%      Default |
|                                         |                        |                  N/A |
+-----------------------------------------+------------------------+----------------------+

+-----------------------------------------------------------------------------------------+
| Processes:                                                                              |
|  GPU   GI   CI              PID   Type   Process name                        GPU Memory |
|        ID   ID                                                               Usage      |
|=========================================================================================|
|  No running processes found                                                             |
+-----------------------------------------------------------------------------------------+

Testing PyTorch and CUDA...
PyTorch version: 2.4.1
CUDA available: True
CUDA device: Tesla T4
GPU memory: 15.6 GB
PyTorch setup verified!

Checking for required input data and models...

Starting Surface Distance Metric Analysis...
Analysis parameters:

Surface Distance Metric Analyzer initialized
FOCUS: Testing distance metrics for premise-hypothesis pair relationships
Device: cuda
BERT data: /vol/bitbucket/ahb24/tda_entailment_new/snli_full_train_STSB_BERT_LARGE.pt
Order model: models/enhanced_order_embeddings_snli_SBERT_full.pt
Distance metrics: 7 total
Relational embedding spaces: 2 total
Each space represents premise-hypothesis pair relationships
Loading pre-processed data...
Loading BERT embeddings from /vol/bitbucket/ahb24/tda_entailment_new/snli_full_train_STSB_BERT_LARGE.pt
BERT data loaded:
  Premise embeddings: torch.Size([549367, 1024])
  Hypothesis embeddings: torch.Size([549367, 1024])
  Labels: 549367
  Label distribution: {'contradiction': 183187, 'entailment': 183416, 'neutral': 182764}
Loading order model from models/enhanced_order_embeddings_snli_SBERT_full.pt
Order model loaded (validation loss: 3.202074103355408)
Loaded enhanced order model (val_loss: 3.2021)
Model asymmetry_weight: 1.9
Pipeline initialized: 125D → 30D hyperbolic
Running on: cuda
Enhanced model with asymmetry_weight: 1.9
Hyperbolic pipeline loaded successfully
Enhanced Hyperbolic Entailment Cones using device: cuda
Loaded enhanced order model (val_loss: 3.2021)
Model asymmetry_weight: 1.9
Pipeline initialized: 125D → 30D hyperbolic
Running on: cuda
Enhanced model with asymmetry_weight: 1.9
Successfully loaded enhanced hyperbolic projection of order embeddings
Enhanced cone pipeline loaded successfully
================================================================================
COMPREHENSIVE SURFACE DISTANCE METRIC ANALYSIS (GPU-OPTIMIZED)
Testing all distance metrics across all embedding spaces
Device: cuda
GPU Memory: 4294.8 MB allocated
================================================================================
Extracting all embedding spaces...
  entailment: 183416 samples
  neutral: 182764 samples
  contradiction: 183187 samples
Extracting sbert_concat...
  sbert_concat entailment: torch.Size([183416, 2048])
  sbert_concat neutral: torch.Size([182764, 2048])
  sbert_concat contradiction: torch.Size([183187, 2048])
Extracting lattice_containment...
  lattice_containment entailment: torch.Size([183416, 1024])
  lattice_containment neutral: torch.Size([182764, 1024])
  lattice_containment contradiction: torch.Size([183187, 1024])

============================================================
TESTING SPACE: sbert_concat
============================================================

--- Testing euclidean metric ---
  Computing PH-Dim for entailment in sbert_concat using euclidean
    entailment PH-Dim: 16.4023
  Computing PH-Dim for neutral in sbert_concat using euclidean
    neutral PH-Dim: 22.1099
  Computing PH-Dim for contradiction in sbert_concat using euclidean
    contradiction PH-Dim: 23.4379
  Computing cross-class surface analysis for sbert_concat using euclidean
 PH-Dim scores: {'entailment': 16.402281522888497, 'neutral': 22.109906333990267, 'contradiction': 23.437856848612302}

--- Testing manhattan metric ---
  Computing PH-Dim for entailment in sbert_concat using manhattan
    entailment PH-Dim: 14.5412
  Computing PH-Dim for neutral in sbert_concat using manhattan
    neutral PH-Dim: 20.5986
  Computing PH-Dim for contradiction in sbert_concat using manhattan
    contradiction PH-Dim: 20.2705
  Computing cross-class surface analysis for sbert_concat using manhattan
 PH-Dim scores: {'entailment': 14.541179066636191, 'neutral': 20.598626714921096, 'contradiction': 20.270549384079242}

--- Testing chebyshev metric ---
  Computing PH-Dim for entailment in sbert_concat using chebyshev
    entailment PH-Dim: 19.1899
  Computing PH-Dim for neutral in sbert_concat using chebyshev
    neutral PH-Dim: 24.6481
  Computing PH-Dim for contradiction in sbert_concat using chebyshev
    contradiction PH-Dim: 26.2181
  Computing cross-class surface analysis for sbert_concat using chebyshev
 PH-Dim scores: {'entailment': 19.189869644985734, 'neutral': 24.64805948544533, 'contradiction': 26.21807506486773}

--- Testing cosine metric ---
  Computing PH-Dim for entailment in sbert_concat using cosine
    entailment PH-Dim: 7.9166
  Computing PH-Dim for neutral in sbert_concat using cosine
    neutral PH-Dim: 10.7387
  Computing PH-Dim for contradiction in sbert_concat using cosine
    contradiction PH-Dim: 10.9861
  Computing cross-class surface analysis for sbert_concat using cosine
 PH-Dim scores: {'entailment': 7.9166046679195015, 'neutral': 10.738696016393748, 'contradiction': 10.986064549083906}

--- Testing minkowski_3 metric ---
  Computing PH-Dim for entailment in sbert_concat using minkowski_3
    entailment PH-Dim: 17.5533
  Computing PH-Dim for neutral in sbert_concat using minkowski_3
    neutral PH-Dim: 23.0168
  Computing PH-Dim for contradiction in sbert_concat using minkowski_3
    contradiction PH-Dim: 25.4477
  Computing cross-class surface analysis for sbert_concat using minkowski_3
 PH-Dim scores: {'entailment': 17.553345735290783, 'neutral': 23.016762128508173, 'contradiction': 25.447670160047217}

--- Testing minkowski_4 metric ---
  Computing PH-Dim for entailment in sbert_concat using minkowski_4
    entailment PH-Dim: 18.2350
  Computing PH-Dim for neutral in sbert_concat using minkowski_4
    neutral PH-Dim: 23.5997
  Computing PH-Dim for contradiction in sbert_concat using minkowski_4
    contradiction PH-Dim: 26.6158
  Computing cross-class surface analysis for sbert_concat using minkowski_4
 PH-Dim scores: {'entailment': 18.2350291313265, 'neutral': 23.599748337326567, 'contradiction': 26.615831474481833}

--- Testing braycurtis metric ---
  Computing PH-Dim for entailment in sbert_concat using braycurtis
    entailment PH-Dim: 10.9867
  Computing PH-Dim for neutral in sbert_concat using braycurtis
    neutral PH-Dim: 15.1072
  Computing PH-Dim for contradiction in sbert_concat using braycurtis
    contradiction PH-Dim: 14.2875
  Computing cross-class surface analysis for sbert_concat using braycurtis
 PH-Dim scores: {'entailment': 10.986656716166946, 'neutral': 15.107196071089474, 'contradiction': 14.287484785650907}

Saved sbert_concat results to entailment_surfaces/results/snli_STSB_BERT_LARGE_seed_555/surface_analysis_sbert_concat_20250924_124247.json

============================================================
TESTING SPACE: lattice_containment
============================================================

--- Testing euclidean metric ---
  Computing PH-Dim for entailment in lattice_containment using euclidean
    entailment PH-Dim: 31.7736
  Computing PH-Dim for neutral in lattice_containment using euclidean
    neutral PH-Dim: 38.1617
  Computing PH-Dim for contradiction in lattice_containment using euclidean
    contradiction PH-Dim: 52.1080
  Computing cross-class surface analysis for lattice_containment using euclidean
 PH-Dim scores: {'entailment': 31.773614391114425, 'neutral': 38.161697199283346, 'contradiction': 52.10800734182886}

--- Testing manhattan metric ---
  Computing PH-Dim for entailment in lattice_containment using manhattan
    entailment PH-Dim: 28.8672
  Computing PH-Dim for neutral in lattice_containment using manhattan
    neutral PH-Dim: 35.6715
  Computing PH-Dim for contradiction in lattice_containment using manhattan
    contradiction PH-Dim: 46.9856
  Computing cross-class surface analysis for lattice_containment using manhattan
 PH-Dim scores: {'entailment': 28.86720124109817, 'neutral': 35.67150477964534, 'contradiction': 46.985582907778245}

--- Testing chebyshev metric ---
  Computing PH-Dim for entailment in lattice_containment using chebyshev
    entailment PH-Dim: 39.2168
  Computing PH-Dim for neutral in lattice_containment using chebyshev
    neutral PH-Dim: 46.0992
  Computing PH-Dim for contradiction in lattice_containment using chebyshev
    contradiction PH-Dim: 47.8533
  Computing cross-class surface analysis for lattice_containment using chebyshev
 PH-Dim scores: {'entailment': 39.216752628092884, 'neutral': 46.09921632358351, 'contradiction': 47.853341039301284}

--- Testing cosine metric ---
  Computing PH-Dim for entailment in lattice_containment using cosine
    entailment PH-Dim: 17.4784
  Computing PH-Dim for neutral in lattice_containment using cosine
    neutral PH-Dim: 19.6489
  Computing PH-Dim for contradiction in lattice_containment using cosine
    contradiction PH-Dim: 23.8483
  Computing cross-class surface analysis for lattice_containment using cosine
 PH-Dim scores: {'entailment': 17.478430735448196, 'neutral': 19.6488690639409, 'contradiction': 23.848344058229173}

--- Testing minkowski_3 metric ---
  Computing PH-Dim for entailment in lattice_containment using minkowski_3
    entailment PH-Dim: 33.7688
  Computing PH-Dim for neutral in lattice_containment using minkowski_3
    neutral PH-Dim: 40.0636
  Computing PH-Dim for contradiction in lattice_containment using minkowski_3
    contradiction PH-Dim: 56.6394
  Computing cross-class surface analysis for lattice_containment using minkowski_3
 PH-Dim scores: {'entailment': 33.768825489858905, 'neutral': 40.0636191871438, 'contradiction': 56.639435473457404}

--- Testing minkowski_4 metric ---
  Computing PH-Dim for entailment in lattice_containment using minkowski_4
    entailment PH-Dim: 35.5308
  Computing PH-Dim for neutral in lattice_containment using minkowski_4
    neutral PH-Dim: 41.5463
  Computing PH-Dim for contradiction in lattice_containment using minkowski_4
    contradiction PH-Dim: 59.7387
  Computing cross-class surface analysis for lattice_containment using minkowski_4
 PH-Dim scores: {'entailment': 35.53078104142765, 'neutral': 41.54628312557331, 'contradiction': 59.73866889413248}

--- Testing braycurtis metric ---
  Computing PH-Dim for entailment in lattice_containment using braycurtis
    entailment PH-Dim: 32.8651
  Computing PH-Dim for neutral in lattice_containment using braycurtis
    neutral PH-Dim: 32.7857
  Computing PH-Dim for contradiction in lattice_containment using braycurtis
    contradiction PH-Dim: 33.0177
  Computing cross-class surface analysis for lattice_containment using braycurtis
 PH-Dim scores: {'entailment': 32.865085456255485, 'neutral': 32.78565304771051, 'contradiction': 33.01773724705359}

Saved lattice_containment results to entailment_surfaces/results/snli_STSB_BERT_LARGE_seed_555/surface_analysis_lattice_containment_20250924_124247.json
Simple report saved to: entailment_surfaces/results/snli_STSB_BERT_LARGE_seed_555/simple_analysis_report_20250924_124247.txt

================================================================================
COMPREHENSIVE ANALYSIS COMPLETE
Final GPU Memory: 4294.8 MB allocated
Results saved to: entailment_surfaces/results/snli_STSB_BERT_LARGE_seed_555/comprehensive_surface_analysis_20250924_124247.json
================================================================================

Analysis completed with exit code: 0
Time: Wed 24 Sep 12:49:12 BST 2025

Results created in results/step_1_1_analysis/:
No results directory found

Disk usage:
No results to measure

=== ANALYSIS SUCCESSFUL ===
Surface distance metric analysis completed successfully!

Key outputs:
  - JSON results: results/step_1_1_analysis/comprehensive_surface_analysis_*.json
  - Plain report: results/step_1_1_analysis/simple_analysis_report_*.txt
  - Individual space results: results/step_1_1_analysis/surface_analysis_*_*.json

Next steps:
  1. Review the simple_analysis_report_*.txt for plain results
  2. Identify top-performing space+metric combinations
  3. Consider re-running with --max_samples 167000 for full analysis

To run full analysis on promising combinations:
  python step_1_1_surface_analysis_corrected.py \
    --bert_data 'data/processed/snli_full_standard_BERT.pt' \
    --order_model '' \
    --max_samples 167000

Job finished.
