Starting Surface Distance Metric Analysis job...
Job ID: 204647
Node: gpuvm14
Time: Tue 23 Sep 11:32:19 BST 2025
Loading CUDA...
Activating conda environment...
Activated conda environment: /vol/bitbucket/ahb24/tda_entailment_new
Python location: /vol/bitbucket/ahb24/tda_entailment_new/bin/python
Checking GPU availability...
Tue Sep 23 11:32:21 2025       
+-----------------------------------------------------------------------------------------+
| NVIDIA-SMI 570.133.07             Driver Version: 570.133.07     CUDA Version: 12.8     |
|-----------------------------------------+------------------------+----------------------+
| GPU  Name                 Persistence-M | Bus-Id          Disp.A | Volatile Uncorr. ECC |
| Fan  Temp   Perf          Pwr:Usage/Cap |           Memory-Usage | GPU-Util  Compute M. |
|                                         |                        |               MIG M. |
|=========================================+========================+======================|
|   0  Tesla T4                       Off |   00000000:00:07.0 Off |                    0 |
| N/A   36C    P8             13W /   70W |       0MiB /  15360MiB |      0%      Default |
|                                         |                        |                  N/A |
+-----------------------------------------+------------------------+----------------------+
                                                                                         
+-----------------------------------------------------------------------------------------+
| Processes:                                                                              |
|  GPU   GI   CI              PID   Type   Process name                        GPU Memory |
|        ID   ID                                                               Usage      |
|=========================================================================================|
|  No running processes found                                                             |
+-----------------------------------------------------------------------------------------+

Testing PyTorch and CUDA...
PyTorch version: 2.4.1
CUDA available: True
CUDA device: Tesla T4
GPU memory: 15.6 GB
PyTorch setup verified!

Checking for required input data and models...
Found BERT data: data/processed/snli_full_standard_SBERT.pt
✓ Found order model: models/enhanced_order_embeddings_snli_SBERT_full.pt

Starting Surface Distance Metric Analysis...
Analysis parameters:

Surface Distance Metric Analyzer initialized
FOCUS: Testing distance metrics for premise-hypothesis pair relationships
Device: cuda
BERT data: data/processed/mnli_full_SBERT_train.pt
Order model: models/enhanced_order_embeddings_snli_SBERT_full.pt
Distance metrics: 7 total
Relational embedding spaces: 9 total
Each space represents premise-hypothesis pair relationships
Loading pre-processed data...
Loading BERT embeddings from data/processed/mnli_full_SBERT_train.pt
BERT data loaded:
  Premise embeddings: torch.Size([392702, 768])
  Hypothesis embeddings: torch.Size([392702, 768])
  Labels: 392702
  Label distribution: {'entailment': 130899, 'neutral': 130900, 'contradiction': 130903}
Loading order model from models/enhanced_order_embeddings_snli_SBERT_full.pt
Order model loaded (validation loss: 3.202074103355408)
Loaded enhanced order model (val_loss: 3.2021)
Model asymmetry_weight: 1.9
Pipeline initialized: 125D → 30D hyperbolic
Running on: cuda
Enhanced model with asymmetry_weight: 1.9
Hyperbolic pipeline loaded successfully
Enhanced Hyperbolic Entailment Cones using device: cuda
Loaded enhanced order model (val_loss: 3.2021)
Model asymmetry_weight: 1.9
Pipeline initialized: 125D → 30D hyperbolic
Running on: cuda
Enhanced model with asymmetry_weight: 1.9
Successfully loaded enhanced hyperbolic projection of order embeddings
Enhanced cone pipeline loaded successfully
================================================================================
COMPREHENSIVE SURFACE DISTANCE METRIC ANALYSIS (GPU-OPTIMIZED)
Testing all distance metrics across all embedding spaces
Device: cuda
GPU Memory: 2303.8 MB allocated
================================================================================
Extracting all embedding spaces...
  entailment: 130899 samples
  neutral: 130900 samples
  contradiction: 130903 samples
Computing EUCLIDEAN order embeddings...
Computing ALL HYPERBOLIC features from enhanced cone pipeline...
Extracting sbert_concat...
  sbert_concat entailment: torch.Size([130899, 1536])
  sbert_concat neutral: torch.Size([130900, 1536])
  sbert_concat contradiction: torch.Size([130903, 1536])
Extracting sbert_difference...
  sbert_difference entailment: torch.Size([130899, 768])
  sbert_difference neutral: torch.Size([130900, 768])
  sbert_difference contradiction: torch.Size([130903, 768])
Extracting order_concat...
  order_concat entailment: torch.Size([130899, 250])
  order_concat neutral: torch.Size([130900, 250])
  order_concat contradiction: torch.Size([130903, 250])
Extracting order_difference...
  order_difference entailment: torch.Size([130899, 125])
  order_difference neutral: torch.Size([130900, 125])
  order_difference contradiction: torch.Size([130903, 125])
Extracting order_violations...
  order_violations entailment: torch.Size([130899, 1])
  order_violations neutral: torch.Size([130900, 1])
  order_violations contradiction: torch.Size([130903, 1])
Extracting hyperbolic_concat...
  hyperbolic_concat entailment: torch.Size([130899, 60])
  hyperbolic_concat neutral: torch.Size([130900, 60])
  hyperbolic_concat contradiction: torch.Size([130903, 60])
Extracting cone_violations...
  cone_violations entailment: torch.Size([130899, 1])
  cone_violations neutral: torch.Size([130900, 1])
  cone_violations contradiction: torch.Size([130903, 1])
Extracting lattice_containment...
  lattice_containment entailment: torch.Size([130899, 768])
  lattice_containment neutral: torch.Size([130900, 768])
  lattice_containment contradiction: torch.Size([130903, 768])
Extracting lattice_subsumption...
  lattice_subsumption entailment: torch.Size([130899, 768])
  lattice_subsumption neutral: torch.Size([130900, 768])
  lattice_subsumption contradiction: torch.Size([130903, 768])

============================================================
TESTING SPACE: sbert_concat
============================================================

--- Testing euclidean metric ---
  Computing PH-Dim for entailment in sbert_concat using euclidean
    entailment PH-Dim: 36.6284
  Computing PH-Dim for neutral in sbert_concat using euclidean
    neutral PH-Dim: 41.1921
  Computing PH-Dim for contradiction in sbert_concat using euclidean
    contradiction PH-Dim: 40.2190
  Computing cross-class surface analysis for sbert_concat using euclidean
 PH-Dim scores: {'entailment': 36.62844388690946, 'neutral': 41.19214442788429, 'contradiction': 40.21902002892414}

--- Testing manhattan metric ---
  Computing PH-Dim for entailment in sbert_concat using manhattan
    entailment PH-Dim: 35.8191
  Computing PH-Dim for neutral in sbert_concat using manhattan
    neutral PH-Dim: 40.7234
  Computing PH-Dim for contradiction in sbert_concat using manhattan
    contradiction PH-Dim: 40.4660
  Computing cross-class surface analysis for sbert_concat using manhattan
 PH-Dim scores: {'entailment': 35.81909191917519, 'neutral': 40.72342680281793, 'contradiction': 40.465954350007664}

--- Testing chebyshev metric ---
  Computing PH-Dim for entailment in sbert_concat using chebyshev
    entailment PH-Dim: 37.3148
  Computing PH-Dim for neutral in sbert_concat using chebyshev
    neutral PH-Dim: 36.1530
  Computing PH-Dim for contradiction in sbert_concat using chebyshev
    contradiction PH-Dim: 32.7564
  Computing cross-class surface analysis for sbert_concat using chebyshev
 PH-Dim scores: {'entailment': 37.31475366495999, 'neutral': 36.153014256011446, 'contradiction': 32.756363702794}

--- Testing cosine metric ---
  Computing PH-Dim for entailment in sbert_concat using cosine
    entailment PH-Dim: 15.1969
  Computing PH-Dim for neutral in sbert_concat using cosine
    neutral PH-Dim: 18.6329
  Computing PH-Dim for contradiction in sbert_concat using cosine
    contradiction PH-Dim: 17.0285
  Computing cross-class surface analysis for sbert_concat using cosine
 PH-Dim scores: {'entailment': 15.19694529365566, 'neutral': 18.632946001789723, 'contradiction': 17.028488438751918}

--- Testing minkowski_3 metric ---
  Computing PH-Dim for entailment in sbert_concat using minkowski_3
    entailment PH-Dim: 37.7981
  Computing PH-Dim for neutral in sbert_concat using minkowski_3
    neutral PH-Dim: 41.5396
  Computing PH-Dim for contradiction in sbert_concat using minkowski_3
    contradiction PH-Dim: 40.1817
  Computing cross-class surface analysis for sbert_concat using minkowski_3
 PH-Dim scores: {'entailment': 37.798123369992744, 'neutral': 41.539561151501395, 'contradiction': 40.18169243229238}

--- Testing minkowski_4 metric ---
  Computing PH-Dim for entailment in sbert_concat using minkowski_4
    entailment PH-Dim: 39.0819
  Computing PH-Dim for neutral in sbert_concat using minkowski_4
    neutral PH-Dim: 41.7775
  Computing PH-Dim for contradiction in sbert_concat using minkowski_4
    contradiction PH-Dim: 40.2485
  Computing cross-class surface analysis for sbert_concat using minkowski_4
 PH-Dim scores: {'entailment': 39.081890813199934, 'neutral': 41.77752252787374, 'contradiction': 40.24854062260452}

--- Testing braycurtis metric ---
  Computing PH-Dim for entailment in sbert_concat using braycurtis
    entailment PH-Dim: 20.6062
  Computing PH-Dim for neutral in sbert_concat using braycurtis
    neutral PH-Dim: 25.0765
  Computing PH-Dim for contradiction in sbert_concat using braycurtis
    contradiction PH-Dim: 23.0789
  Computing cross-class surface analysis for sbert_concat using braycurtis
 PH-Dim scores: {'entailment': 20.606241677559435, 'neutral': 25.076450723685685, 'contradiction': 23.078944165474574}

Saved sbert_concat results to entailment_surfaces/results/mnli_successful_embeddings_seed_444/surface_analysis_sbert_concat_20250923_113251.json

============================================================
TESTING SPACE: sbert_difference
============================================================

--- Testing euclidean metric ---
  Computing PH-Dim for entailment in sbert_difference using euclidean
    entailment PH-Dim: 72.3349
  Computing PH-Dim for neutral in sbert_difference using euclidean
    neutral PH-Dim: 33.2960
  Computing PH-Dim for contradiction in sbert_difference using euclidean
    contradiction PH-Dim: 27.1953
  Computing cross-class surface analysis for sbert_difference using euclidean
 PH-Dim scores: {'entailment': 72.33492636952032, 'neutral': 33.29598738095906, 'contradiction': 27.195345939628236}

--- Testing manhattan metric ---
  Computing PH-Dim for entailment in sbert_difference using manhattan
    entailment PH-Dim: 67.3790
  Computing PH-Dim for neutral in sbert_difference using manhattan
    neutral PH-Dim: 32.1731
  Computing PH-Dim for contradiction in sbert_difference using manhattan
    contradiction PH-Dim: 27.2676
  Computing cross-class surface analysis for sbert_difference using manhattan
 PH-Dim scores: {'entailment': 67.3789940439654, 'neutral': 32.173101049842984, 'contradiction': 27.267610677883933}

--- Testing chebyshev metric ---
  Computing PH-Dim for entailment in sbert_difference using chebyshev
    entailment PH-Dim: 40.1520
  Computing PH-Dim for neutral in sbert_difference using chebyshev
    neutral PH-Dim: 26.6550
  Computing PH-Dim for contradiction in sbert_difference using chebyshev
    contradiction PH-Dim: 21.2487
  Computing cross-class surface analysis for sbert_difference using chebyshev
 PH-Dim scores: {'entailment': 40.15199059332644, 'neutral': 26.654961563395783, 'contradiction': 21.248655575995567}

--- Testing cosine metric ---
  Computing PH-Dim for entailment in sbert_difference using cosine
    entailment PH-Dim: 27.9812
  Computing PH-Dim for neutral in sbert_difference using cosine
    neutral PH-Dim: 26.8495
  Computing PH-Dim for contradiction in sbert_difference using cosine
    contradiction PH-Dim: 17.3288
  Computing cross-class surface analysis for sbert_difference using cosine
 PH-Dim scores: {'entailment': 27.981193052231614, 'neutral': 26.849548461689565, 'contradiction': 17.328790899348604}

--- Testing minkowski_3 metric ---
  Computing PH-Dim for entailment in sbert_difference using minkowski_3
    entailment PH-Dim: 77.8171
  Computing PH-Dim for neutral in sbert_difference using minkowski_3
    neutral PH-Dim: 34.0323
  Computing PH-Dim for contradiction in sbert_difference using minkowski_3
    contradiction PH-Dim: 26.9509
  Computing cross-class surface analysis for sbert_difference using minkowski_3
 PH-Dim scores: {'entailment': 77.81713314303727, 'neutral': 34.032271720006534, 'contradiction': 26.95092001708279}

--- Testing minkowski_4 metric ---
  Computing PH-Dim for entailment in sbert_difference using minkowski_4
    entailment PH-Dim: 82.2176
  Computing PH-Dim for neutral in sbert_difference using minkowski_4
    neutral PH-Dim: 34.6427
  Computing PH-Dim for contradiction in sbert_difference using minkowski_4
    contradiction PH-Dim: 26.7410
  Computing cross-class surface analysis for sbert_difference using minkowski_4
 PH-Dim scores: {'entailment': 82.21759595364841, 'neutral': 34.64274106729385, 'contradiction': 26.741034845875934}

--- Testing braycurtis metric ---
  Computing PH-Dim for entailment in sbert_difference using braycurtis
    entailment PH-Dim: 37.5112
  Computing PH-Dim for neutral in sbert_difference using braycurtis
    neutral PH-Dim: 35.0110
  Computing PH-Dim for contradiction in sbert_difference using braycurtis
    contradiction PH-Dim: 24.6724
  Computing cross-class surface analysis for sbert_difference using braycurtis
 PH-Dim scores: {'entailment': 37.511220450287, 'neutral': 35.01101033201688, 'contradiction': 24.672419154522913}

Saved sbert_difference results to entailment_surfaces/results/mnli_successful_embeddings_seed_444/surface_analysis_sbert_difference_20250923_113251.json

============================================================
TESTING SPACE: order_concat
============================================================

--- Testing euclidean metric ---
  Computing PH-Dim for entailment in order_concat using euclidean
    entailment PH-Dim: 28.7530
  Computing PH-Dim for neutral in order_concat using euclidean
    neutral PH-Dim: 23.1280
  Computing PH-Dim for contradiction in order_concat using euclidean
    contradiction PH-Dim: 27.6904
  Computing cross-class surface analysis for order_concat using euclidean
 PH-Dim scores: {'entailment': 28.753039099244692, 'neutral': 23.128016171388012, 'contradiction': 27.69036182536387}

--- Testing manhattan metric ---
  Computing PH-Dim for entailment in order_concat using manhattan
    entailment PH-Dim: 28.6482
  Computing PH-Dim for neutral in order_concat using manhattan
    neutral PH-Dim: 23.0439
  Computing PH-Dim for contradiction in order_concat using manhattan
    contradiction PH-Dim: 27.2615
  Computing cross-class surface analysis for order_concat using manhattan
 PH-Dim scores: {'entailment': 28.648198421349804, 'neutral': 23.04391266532203, 'contradiction': 27.26145440018951}

--- Testing chebyshev metric ---
  Computing PH-Dim for entailment in order_concat using chebyshev
    entailment PH-Dim: 23.9400
  Computing PH-Dim for neutral in order_concat using chebyshev
    neutral PH-Dim: 20.0073
  Computing PH-Dim for contradiction in order_concat using chebyshev
    contradiction PH-Dim: 22.1098
  Computing cross-class surface analysis for order_concat using chebyshev
 PH-Dim scores: {'entailment': 23.939978686935742, 'neutral': 20.007340408945463, 'contradiction': 22.109818441946217}

--- Testing cosine metric ---
  Computing PH-Dim for entailment in order_concat using cosine
    entailment PH-Dim: 15.3103
  Computing PH-Dim for neutral in order_concat using cosine
    neutral PH-Dim: 12.0563
  Computing PH-Dim for contradiction in order_concat using cosine
    contradiction PH-Dim: 12.0807
  Computing cross-class surface analysis for order_concat using cosine
 PH-Dim scores: {'entailment': 15.310283035540497, 'neutral': 12.056339077518873, 'contradiction': 12.080692499014077}

--- Testing minkowski_3 metric ---
  Computing PH-Dim for entailment in order_concat using minkowski_3
    entailment PH-Dim: 28.6347
  Computing PH-Dim for neutral in order_concat using minkowski_3
    neutral PH-Dim: 23.2512
  Computing PH-Dim for contradiction in order_concat using minkowski_3
    contradiction PH-Dim: 26.9411
  Computing cross-class surface analysis for order_concat using minkowski_3
 PH-Dim scores: {'entailment': 28.634729655416564, 'neutral': 23.25119708465538, 'contradiction': 26.94111976309188}

--- Testing minkowski_4 metric ---
  Computing PH-Dim for entailment in order_concat using minkowski_4
    entailment PH-Dim: 28.3108
  Computing PH-Dim for neutral in order_concat using minkowski_4
    neutral PH-Dim: 23.0957
  Computing PH-Dim for contradiction in order_concat using minkowski_4
    contradiction PH-Dim: 26.1926
  Computing cross-class surface analysis for order_concat using minkowski_4
 PH-Dim scores: {'entailment': 28.31081321950363, 'neutral': 23.09572543213207, 'contradiction': 26.192606502792472}

--- Testing braycurtis metric ---
  Computing PH-Dim for entailment in order_concat using braycurtis
    entailment PH-Dim: 29.9578
  Computing PH-Dim for neutral in order_concat using braycurtis
    neutral PH-Dim: 24.8941
  Computing PH-Dim for contradiction in order_concat using braycurtis
    contradiction PH-Dim: 25.8918
  Computing cross-class surface analysis for order_concat using braycurtis
 PH-Dim scores: {'entailment': 29.957759826996984, 'neutral': 24.894096253475528, 'contradiction': 25.89183445091189}

Saved order_concat results to entailment_surfaces/results/mnli_successful_embeddings_seed_444/surface_analysis_order_concat_20250923_113251.json

============================================================
TESTING SPACE: order_difference
============================================================

--- Testing euclidean metric ---
  Computing PH-Dim for entailment in order_difference using euclidean
    entailment PH-Dim: 25.9533
  Computing PH-Dim for neutral in order_difference using euclidean
    neutral PH-Dim: 20.8208
  Computing PH-Dim for contradiction in order_difference using euclidean
    contradiction PH-Dim: 18.8475
  Computing cross-class surface analysis for order_difference using euclidean
 PH-Dim scores: {'entailment': 25.953256677385905, 'neutral': 20.820848680582202, 'contradiction': 18.84750062657243}

--- Testing manhattan metric ---
  Computing PH-Dim for entailment in order_difference using manhattan
    entailment PH-Dim: 25.0933
  Computing PH-Dim for neutral in order_difference using manhattan
    neutral PH-Dim: 20.4154
  Computing PH-Dim for contradiction in order_difference using manhattan
    contradiction PH-Dim: 18.5078
  Computing cross-class surface analysis for order_difference using manhattan
 PH-Dim scores: {'entailment': 25.093349447862636, 'neutral': 20.415363090578122, 'contradiction': 18.50782488548735}

--- Testing chebyshev metric ---
  Computing PH-Dim for entailment in order_difference using chebyshev
    entailment PH-Dim: 20.3649
  Computing PH-Dim for neutral in order_difference using chebyshev
    neutral PH-Dim: 16.3666
  Computing PH-Dim for contradiction in order_difference using chebyshev
    contradiction PH-Dim: 15.5222
  Computing cross-class surface analysis for order_difference using chebyshev
 PH-Dim scores: {'entailment': 20.364925516131787, 'neutral': 16.366575746679306, 'contradiction': 15.522170731644566}

--- Testing cosine metric ---
  Computing PH-Dim for entailment in order_difference using cosine
    entailment PH-Dim: 12.2023
  Computing PH-Dim for neutral in order_difference using cosine
    neutral PH-Dim: 11.4118
  Computing PH-Dim for contradiction in order_difference using cosine
    contradiction PH-Dim: 9.6560
  Computing cross-class surface analysis for order_difference using cosine
 PH-Dim scores: {'entailment': 12.202297018321465, 'neutral': 11.411802384230903, 'contradiction': 9.655968058371121}

--- Testing minkowski_3 metric ---
  Computing PH-Dim for entailment in order_difference using minkowski_3
    entailment PH-Dim: 25.7114
  Computing PH-Dim for neutral in order_difference using minkowski_3
    neutral PH-Dim: 20.5674
  Computing PH-Dim for contradiction in order_difference using minkowski_3
    contradiction PH-Dim: 18.8359
  Computing cross-class surface analysis for order_difference using minkowski_3
 PH-Dim scores: {'entailment': 25.711385040849404, 'neutral': 20.56741713965314, 'contradiction': 18.835896962811375}

--- Testing minkowski_4 metric ---
  Computing PH-Dim for entailment in order_difference using minkowski_4
    entailment PH-Dim: 25.0839
  Computing PH-Dim for neutral in order_difference using minkowski_4
    neutral PH-Dim: 20.2311
  Computing PH-Dim for contradiction in order_difference using minkowski_4
    contradiction PH-Dim: 18.6631
  Computing cross-class surface analysis for order_difference using minkowski_4
 PH-Dim scores: {'entailment': 25.083867060153764, 'neutral': 20.231141410510443, 'contradiction': 18.6631413421283}

--- Testing braycurtis metric ---
  Computing PH-Dim for entailment in order_difference using braycurtis
    entailment PH-Dim: 19.6828
  Computing PH-Dim for neutral in order_difference using braycurtis
    neutral PH-Dim: 19.1740
  Computing PH-Dim for contradiction in order_difference using braycurtis
    contradiction PH-Dim: 16.0948
  Computing cross-class surface analysis for order_difference using braycurtis
 PH-Dim scores: {'entailment': 19.682835918518407, 'neutral': 19.173972375086255, 'contradiction': 16.094795455036873}

Saved order_difference results to entailment_surfaces/results/mnli_successful_embeddings_seed_444/surface_analysis_order_difference_20250923_113251.json

============================================================
TESTING SPACE: order_violations
============================================================

--- Testing euclidean metric ---
  Computing PH-Dim for entailment in order_violations using euclidean
    entailment PH-Dim: 1.1430
  Computing PH-Dim for neutral in order_violations using euclidean
    neutral PH-Dim: 1.0885
  Computing PH-Dim for contradiction in order_violations using euclidean
    contradiction PH-Dim: 1.2242
  Computing cross-class surface analysis for order_violations using euclidean
 PH-Dim scores: {'entailment': 1.142986449957281, 'neutral': 1.0884918838297086, 'contradiction': 1.2241819401922502}

--- Testing manhattan metric ---
  Computing PH-Dim for entailment in order_violations using manhattan
    entailment PH-Dim: 1.1430
  Computing PH-Dim for neutral in order_violations using manhattan
    neutral PH-Dim: 1.0885
  Computing PH-Dim for contradiction in order_violations using manhattan
    contradiction PH-Dim: 1.2242
  Computing cross-class surface analysis for order_violations using manhattan
 PH-Dim scores: {'entailment': 1.142986449957281, 'neutral': 1.0884918838297086, 'contradiction': 1.2241819401922502}

--- Testing chebyshev metric ---
  Computing PH-Dim for entailment in order_violations using chebyshev
    entailment PH-Dim: 1.1430
  Computing PH-Dim for neutral in order_violations using chebyshev
    neutral PH-Dim: 1.0885
  Computing PH-Dim for contradiction in order_violations using chebyshev
    contradiction PH-Dim: 1.2242
  Computing cross-class surface analysis for order_violations using chebyshev
 PH-Dim scores: {'entailment': 1.142986449957281, 'neutral': 1.0884918838297086, 'contradiction': 1.2241819401922502}

--- Testing cosine metric ---
  Computing PH-Dim for entailment in order_violations using cosine
    Invalid PH-Dim result for cosine, skipping
  Computing PH-Dim for neutral in order_violations using cosine
    Invalid PH-Dim result for cosine, skipping
  Computing PH-Dim for contradiction in order_violations using cosine
    Invalid PH-Dim result for cosine, skipping
  Computing cross-class surface analysis for order_violations using cosine
 PH-Dim scores: {'entailment': nan, 'neutral': nan, 'contradiction': nan}

--- Testing minkowski_3 metric ---
  Computing PH-Dim for entailment in order_violations using minkowski_3
    entailment PH-Dim: 1.1430
  Computing PH-Dim for neutral in order_violations using minkowski_3
    neutral PH-Dim: 1.0885
  Computing PH-Dim for contradiction in order_violations using minkowski_3
    contradiction PH-Dim: 1.2242
  Computing cross-class surface analysis for order_violations using minkowski_3
 PH-Dim scores: {'entailment': 1.142986449957281, 'neutral': 1.0884918838297086, 'contradiction': 1.2241819401922502}

--- Testing minkowski_4 metric ---
  Computing PH-Dim for entailment in order_violations using minkowski_4
    entailment PH-Dim: 1.1430
  Computing PH-Dim for neutral in order_violations using minkowski_4
    neutral PH-Dim: 1.0885
  Computing PH-Dim for contradiction in order_violations using minkowski_4
    contradiction PH-Dim: 1.2242
  Computing cross-class surface analysis for order_violations using minkowski_4
 PH-Dim scores: {'entailment': 1.142986449957281, 'neutral': 1.0884918838297086, 'contradiction': 1.2241819401922502}

--- Testing braycurtis metric ---
  Computing PH-Dim for entailment in order_violations using braycurtis
    entailment PH-Dim: 1.3878
  Computing PH-Dim for neutral in order_violations using braycurtis
    neutral PH-Dim: 1.1377
  Computing PH-Dim for contradiction in order_violations using braycurtis
    contradiction PH-Dim: 1.1025
  Computing cross-class surface analysis for order_violations using braycurtis
 PH-Dim scores: {'entailment': 1.3877553700535008, 'neutral': 1.1377163710767366, 'contradiction': 1.10246660309607}

Saved order_violations results to entailment_surfaces/results/mnli_successful_embeddings_seed_444/surface_analysis_order_violations_20250923_113251.json

============================================================
TESTING SPACE: hyperbolic_concat
============================================================

--- Testing euclidean metric ---
  Computing PH-Dim for entailment in hyperbolic_concat using euclidean
    entailment PH-Dim: 20.4543
  Computing PH-Dim for neutral in hyperbolic_concat using euclidean
    neutral PH-Dim: 18.2815
  Computing PH-Dim for contradiction in hyperbolic_concat using euclidean
    contradiction PH-Dim: 23.2583
  Computing cross-class surface analysis for hyperbolic_concat using euclidean
 PH-Dim scores: {'entailment': 20.454280606990785, 'neutral': 18.28152044503555, 'contradiction': 23.258336031721427}

--- Testing manhattan metric ---
  Computing PH-Dim for entailment in hyperbolic_concat using manhattan
    entailment PH-Dim: 19.8963
  Computing PH-Dim for neutral in hyperbolic_concat using manhattan
    neutral PH-Dim: 17.4820
  Computing PH-Dim for contradiction in hyperbolic_concat using manhattan
    contradiction PH-Dim: 22.5402
  Computing cross-class surface analysis for hyperbolic_concat using manhattan
 PH-Dim scores: {'entailment': 19.89633519021545, 'neutral': 17.48201451601112, 'contradiction': 22.54015199582596}

--- Testing chebyshev metric ---
  Computing PH-Dim for entailment in hyperbolic_concat using chebyshev
    entailment PH-Dim: 16.8350
  Computing PH-Dim for neutral in hyperbolic_concat using chebyshev
    neutral PH-Dim: 16.4850
  Computing PH-Dim for contradiction in hyperbolic_concat using chebyshev
    contradiction PH-Dim: 18.2251
  Computing cross-class surface analysis for hyperbolic_concat using chebyshev
 PH-Dim scores: {'entailment': 16.834952561680705, 'neutral': 16.485039129500382, 'contradiction': 18.225113612462955}

--- Testing cosine metric ---
  Computing PH-Dim for entailment in hyperbolic_concat using cosine
    entailment PH-Dim: 10.9398
  Computing PH-Dim for neutral in hyperbolic_concat using cosine
    neutral PH-Dim: 9.8879
  Computing PH-Dim for contradiction in hyperbolic_concat using cosine
    contradiction PH-Dim: 11.2616
  Computing cross-class surface analysis for hyperbolic_concat using cosine
 PH-Dim scores: {'entailment': 10.939798005682514, 'neutral': 9.887925573033213, 'contradiction': 11.261605772309986}

--- Testing minkowski_3 metric ---
  Computing PH-Dim for entailment in hyperbolic_concat using minkowski_3
    entailment PH-Dim: 20.5238
  Computing PH-Dim for neutral in hyperbolic_concat using minkowski_3
    neutral PH-Dim: 18.3456
  Computing PH-Dim for contradiction in hyperbolic_concat using minkowski_3
    contradiction PH-Dim: 22.6612
  Computing cross-class surface analysis for hyperbolic_concat using minkowski_3
 PH-Dim scores: {'entailment': 20.523813626317235, 'neutral': 18.345550072260558, 'contradiction': 22.661201448094936}

--- Testing minkowski_4 metric ---
  Computing PH-Dim for entailment in hyperbolic_concat using minkowski_4
    entailment PH-Dim: 19.9539
  Computing PH-Dim for neutral in hyperbolic_concat using minkowski_4
    neutral PH-Dim: 18.1719
  Computing PH-Dim for contradiction in hyperbolic_concat using minkowski_4
    contradiction PH-Dim: 22.0278
  Computing cross-class surface analysis for hyperbolic_concat using minkowski_4
 PH-Dim scores: {'entailment': 19.95389024153693, 'neutral': 18.17186819662193, 'contradiction': 22.027823595658905}

--- Testing braycurtis metric ---
  Computing PH-Dim for entailment in hyperbolic_concat using braycurtis
    entailment PH-Dim: 20.9024
  Computing PH-Dim for neutral in hyperbolic_concat using braycurtis
    neutral PH-Dim: 17.6002
  Computing PH-Dim for contradiction in hyperbolic_concat using braycurtis
    contradiction PH-Dim: 22.4131
  Computing cross-class surface analysis for hyperbolic_concat using braycurtis
 PH-Dim scores: {'entailment': 20.90243518392939, 'neutral': 17.600228651800393, 'contradiction': 22.413133891844122}

Saved hyperbolic_concat results to entailment_surfaces/results/mnli_successful_embeddings_seed_444/surface_analysis_hyperbolic_concat_20250923_113251.json

============================================================
TESTING SPACE: cone_violations
============================================================

--- Testing euclidean metric ---
  Computing PH-Dim for entailment in cone_violations using euclidean
    entailment PH-Dim: 1.1511
  Computing PH-Dim for neutral in cone_violations using euclidean
    neutral PH-Dim: 1.0189
  Computing PH-Dim for contradiction in cone_violations using euclidean
    contradiction PH-Dim: 1.0285
  Computing cross-class surface analysis for cone_violations using euclidean
 PH-Dim scores: {'entailment': 1.1511152148467454, 'neutral': 1.0189291095038313, 'contradiction': 1.028477034578227}

--- Testing manhattan metric ---
  Computing PH-Dim for entailment in cone_violations using manhattan
    entailment PH-Dim: 1.1511
  Computing PH-Dim for neutral in cone_violations using manhattan
    neutral PH-Dim: 1.0189
  Computing PH-Dim for contradiction in cone_violations using manhattan
    contradiction PH-Dim: 1.0285
  Computing cross-class surface analysis for cone_violations using manhattan
 PH-Dim scores: {'entailment': 1.1511152148467454, 'neutral': 1.0189291095038313, 'contradiction': 1.028477034578227}

--- Testing chebyshev metric ---
  Computing PH-Dim for entailment in cone_violations using chebyshev
    entailment PH-Dim: 1.1511
  Computing PH-Dim for neutral in cone_violations using chebyshev
    neutral PH-Dim: 1.0189
  Computing PH-Dim for contradiction in cone_violations using chebyshev
    contradiction PH-Dim: 1.0285
  Computing cross-class surface analysis for cone_violations using chebyshev
 PH-Dim scores: {'entailment': 1.1511152148467454, 'neutral': 1.0189291095038313, 'contradiction': 1.028477034578227}

--- Testing cosine metric ---
  Computing PH-Dim for entailment in cone_violations using cosine
    Invalid PH-Dim result for cosine, skipping
  Computing PH-Dim for neutral in cone_violations using cosine
    Invalid PH-Dim result for cosine, skipping
  Computing PH-Dim for contradiction in cone_violations using cosine
    Invalid PH-Dim result for cosine, skipping
  Computing cross-class surface analysis for cone_violations using cosine
 PH-Dim scores: {'entailment': nan, 'neutral': nan, 'contradiction': nan}

--- Testing minkowski_3 metric ---
  Computing PH-Dim for entailment in cone_violations using minkowski_3
    entailment PH-Dim: 1.1511
  Computing PH-Dim for neutral in cone_violations using minkowski_3
    neutral PH-Dim: 1.0189
  Computing PH-Dim for contradiction in cone_violations using minkowski_3
    contradiction PH-Dim: 1.0285
  Computing cross-class surface analysis for cone_violations using minkowski_3
 PH-Dim scores: {'entailment': 1.1511152148467454, 'neutral': 1.0189291095038313, 'contradiction': 1.028477034578227}

--- Testing minkowski_4 metric ---
  Computing PH-Dim for entailment in cone_violations using minkowski_4
    entailment PH-Dim: 1.1511
  Computing PH-Dim for neutral in cone_violations using minkowski_4
    neutral PH-Dim: 1.0189
  Computing PH-Dim for contradiction in cone_violations using minkowski_4
    contradiction PH-Dim: 1.0285
  Computing cross-class surface analysis for cone_violations using minkowski_4
 PH-Dim scores: {'entailment': 1.1511152148467454, 'neutral': 1.0189291095038313, 'contradiction': 1.028477034578227}

--- Testing braycurtis metric ---
  Computing PH-Dim for entailment in cone_violations using braycurtis
    entailment PH-Dim: 1.1083
  Computing PH-Dim for neutral in cone_violations using braycurtis
    neutral PH-Dim: 1.0065
  Computing PH-Dim for contradiction in cone_violations using braycurtis
    contradiction PH-Dim: 1.0439
  Computing cross-class surface analysis for cone_violations using braycurtis
 PH-Dim scores: {'entailment': 1.1082906898939033, 'neutral': 1.0064898988578925, 'contradiction': 1.043868860934146}

Saved cone_violations results to entailment_surfaces/results/mnli_successful_embeddings_seed_444/surface_analysis_cone_violations_20250923_113251.json

============================================================
TESTING SPACE: lattice_containment
============================================================

--- Testing euclidean metric ---
  Computing PH-Dim for entailment in lattice_containment using euclidean
    entailment PH-Dim: 92.5360
  Computing PH-Dim for neutral in lattice_containment using euclidean
    neutral PH-Dim: 76.2802
  Computing PH-Dim for contradiction in lattice_containment using euclidean
    contradiction PH-Dim: 79.6865
  Computing cross-class surface analysis for lattice_containment using euclidean
 PH-Dim scores: {'entailment': 92.5359637324435, 'neutral': 76.2801735107312, 'contradiction': 79.68645393860284}

--- Testing manhattan metric ---
  Computing PH-Dim for entailment in lattice_containment using manhattan
    entailment PH-Dim: 82.8612
  Computing PH-Dim for neutral in lattice_containment using manhattan
    neutral PH-Dim: 70.6905
  Computing PH-Dim for contradiction in lattice_containment using manhattan
    contradiction PH-Dim: 82.1686
  Computing cross-class surface analysis for lattice_containment using manhattan
 PH-Dim scores: {'entailment': 82.86117342723652, 'neutral': 70.69046809534858, 'contradiction': 82.16857059741068}

--- Testing chebyshev metric ---
  Computing PH-Dim for entailment in lattice_containment using chebyshev
    entailment PH-Dim: 49.9764
  Computing PH-Dim for neutral in lattice_containment using chebyshev
    neutral PH-Dim: 43.4074
  Computing PH-Dim for contradiction in lattice_containment using chebyshev
    contradiction PH-Dim: 38.0402
  Computing cross-class surface analysis for lattice_containment using chebyshev
 PH-Dim scores: {'entailment': 49.976415743061274, 'neutral': 43.40736088626239, 'contradiction': 38.040185424655256}

--- Testing cosine metric ---
  Computing PH-Dim for entailment in lattice_containment using cosine
    entailment PH-Dim: 48.2533
  Computing PH-Dim for neutral in lattice_containment using cosine
    neutral PH-Dim: 43.6522
  Computing PH-Dim for contradiction in lattice_containment using cosine
    contradiction PH-Dim: 37.9452
  Computing cross-class surface analysis for lattice_containment using cosine
 PH-Dim scores: {'entailment': 48.25327182201799, 'neutral': 43.65219304503596, 'contradiction': 37.945163722411515}

--- Testing minkowski_3 metric ---
  Computing PH-Dim for entailment in lattice_containment using minkowski_3
    entailment PH-Dim: 95.4846
  Computing PH-Dim for neutral in lattice_containment using minkowski_3
    neutral PH-Dim: 78.6778
  Computing PH-Dim for contradiction in lattice_containment using minkowski_3
    contradiction PH-Dim: 76.9038
  Computing cross-class surface analysis for lattice_containment using minkowski_3
 PH-Dim scores: {'entailment': 95.48462302189014, 'neutral': 78.67778146529383, 'contradiction': 76.90379482192404}

--- Testing minkowski_4 metric ---
  Computing PH-Dim for entailment in lattice_containment using minkowski_4
    entailment PH-Dim: 93.6373
  Computing PH-Dim for neutral in lattice_containment using minkowski_4
    neutral PH-Dim: 78.3374
  Computing PH-Dim for contradiction in lattice_containment using minkowski_4
    contradiction PH-Dim: 72.5630
  Computing cross-class surface analysis for lattice_containment using minkowski_4
 PH-Dim scores: {'entailment': 93.63725565983877, 'neutral': 78.33740813624404, 'contradiction': 72.56299550390315}

--- Testing braycurtis metric ---
  Computing PH-Dim for entailment in lattice_containment using braycurtis
    entailment PH-Dim: 93.6985
  Computing PH-Dim for neutral in lattice_containment using braycurtis
    neutral PH-Dim: 65.6369
  Computing PH-Dim for contradiction in lattice_containment using braycurtis
    contradiction PH-Dim: 57.1338
  Computing cross-class surface analysis for lattice_containment using braycurtis
 PH-Dim scores: {'entailment': 93.69854961417383, 'neutral': 65.63691148786567, 'contradiction': 57.13382897132022}

Saved lattice_containment results to entailment_surfaces/results/mnli_successful_embeddings_seed_444/surface_analysis_lattice_containment_20250923_113251.json

============================================================
TESTING SPACE: lattice_subsumption
============================================================

--- Testing euclidean metric ---
  Computing PH-Dim for entailment in lattice_subsumption using euclidean
    entailment PH-Dim: 3.3989
  Computing PH-Dim for neutral in lattice_subsumption using euclidean
    neutral PH-Dim: 12.1093
  Computing PH-Dim for contradiction in lattice_subsumption using euclidean
    contradiction PH-Dim: -22.2071
  Computing cross-class surface analysis for lattice_subsumption using euclidean
 PH-Dim scores: {'entailment': 3.3988589196815897, 'neutral': 12.109259682640781, 'contradiction': -22.20706765447983}

--- Testing manhattan metric ---
  Computing PH-Dim for entailment in lattice_subsumption using manhattan
    entailment PH-Dim: 5.2426
  Computing PH-Dim for neutral in lattice_subsumption using manhattan
    neutral PH-Dim: 30.5708
  Computing PH-Dim for contradiction in lattice_subsumption using manhattan
    contradiction PH-Dim: 406.3802
  Computing cross-class surface analysis for lattice_subsumption using manhattan
 PH-Dim scores: {'entailment': 5.242607926123591, 'neutral': 30.570839645929684, 'contradiction': 406.38024152174376}

--- Testing chebyshev metric ---
  Computing PH-Dim for entailment in lattice_subsumption using chebyshev
    entailment PH-Dim: 3.1592
  Computing PH-Dim for neutral in lattice_subsumption using chebyshev
    neutral PH-Dim: 9.6138
  Computing PH-Dim for contradiction in lattice_subsumption using chebyshev
    contradiction PH-Dim: -19.8783
  Computing cross-class surface analysis for lattice_subsumption using chebyshev
 PH-Dim scores: {'entailment': 3.159235215102466, 'neutral': 9.613835438929675, 'contradiction': -19.878317460061485}

--- Testing cosine metric ---
  Computing PH-Dim for entailment in lattice_subsumption using cosine
    entailment PH-Dim: 4.3218
  Computing PH-Dim for neutral in lattice_subsumption using cosine
    neutral PH-Dim: 4.1030
  Computing PH-Dim for contradiction in lattice_subsumption using cosine
    contradiction PH-Dim: 4.4761
  Computing cross-class surface analysis for lattice_subsumption using cosine
 PH-Dim scores: {'entailment': 4.321750392882801, 'neutral': 4.103019878873377, 'contradiction': 4.476143515590059}

--- Testing minkowski_3 metric ---
  Computing PH-Dim for entailment in lattice_subsumption using minkowski_3
    entailment PH-Dim: 3.2581
  Computing PH-Dim for neutral in lattice_subsumption using minkowski_3
    neutral PH-Dim: 10.4841
  Computing PH-Dim for contradiction in lattice_subsumption using minkowski_3
    contradiction PH-Dim: -20.2980
  Computing cross-class surface analysis for lattice_subsumption using minkowski_3
 PH-Dim scores: {'entailment': 3.25812496492292, 'neutral': 10.484060371677064, 'contradiction': -20.298010323771383}

--- Testing minkowski_4 metric ---
  Computing PH-Dim for entailment in lattice_subsumption using minkowski_4
    entailment PH-Dim: 3.2154
  Computing PH-Dim for neutral in lattice_subsumption using minkowski_4
    neutral PH-Dim: 10.0755
  Computing PH-Dim for contradiction in lattice_subsumption using minkowski_4
    contradiction PH-Dim: -19.9817
  Computing cross-class surface analysis for lattice_subsumption using minkowski_4
 PH-Dim scores: {'entailment': 3.2153955260584497, 'neutral': 10.075454352063424, 'contradiction': -19.981737394521925}

--- Testing braycurtis metric ---
  Computing PH-Dim for entailment in lattice_subsumption using braycurtis
    entailment PH-Dim: 30.8475
  Computing PH-Dim for neutral in lattice_subsumption using braycurtis
    neutral PH-Dim: 29.7848
  Computing PH-Dim for contradiction in lattice_subsumption using braycurtis
    contradiction PH-Dim: 31.1929
  Computing cross-class surface analysis for lattice_subsumption using braycurtis
 PH-Dim scores: {'entailment': 30.84753748358051, 'neutral': 29.784768799077135, 'contradiction': 31.192863602603964}

Saved lattice_subsumption results to entailment_surfaces/results/mnli_successful_embeddings_seed_444/surface_analysis_lattice_subsumption_20250923_113251.json
Simple report saved to: entailment_surfaces/results/mnli_successful_embeddings_seed_444/simple_analysis_report_20250923_113251.txt

================================================================================
COMPREHENSIVE ANALYSIS COMPLETE
Final GPU Memory: 2311.9 MB allocated
Results saved to: entailment_surfaces/results/mnli_successful_embeddings_seed_444/comprehensive_surface_analysis_20250923_113251.json
================================================================================

Analysis completed with exit code: 0
Time: Tue 23 Sep 11:43:06 BST 2025

Results created in results/step_1_1_analysis/:
No results directory found

Disk usage:
No results to measure

=== ANALYSIS SUCCESSFUL ===
Surface distance metric analysis completed successfully!

Key outputs:
  - JSON results: results/step_1_1_analysis/comprehensive_surface_analysis_*.json
  - Plain report: results/step_1_1_analysis/simple_analysis_report_*.txt
  - Individual space results: results/step_1_1_analysis/surface_analysis_*_*.json

Next steps:
  1. Review the simple_analysis_report_*.txt for plain results
  2. Identify top-performing space+metric combinations
  3. Consider re-running with --max_samples 167000 for full analysis

To run full analysis on promising combinations:
  python step_1_1_surface_analysis_corrected.py \
    --bert_data 'data/processed/snli_full_standard_BERT.pt' \
    --order_model 'models/enhanced_order_embeddings_snli_SBERT_full.pt' \
    --max_samples 167000

Job finished.
