Starting Surface Distance Metric Analysis job...
Job ID: 204820
Node: gpuvm13
Time: Wed 24 Sep 14:10:14 BST 2025
Loading CUDA...
Activating conda environment...
Activated conda environment: /vol/bitbucket/ahb24/tda_entailment_new
Python location: /vol/bitbucket/ahb24/tda_entailment_new/bin/python
Checking GPU availability...
Wed Sep 24 14:10:16 2025       
+-----------------------------------------------------------------------------------------+
| NVIDIA-SMI 580.65.06              Driver Version: 580.65.06      CUDA Version: 13.0     |
+-----------------------------------------+------------------------+----------------------+
| GPU  Name                 Persistence-M | Bus-Id          Disp.A | Volatile Uncorr. ECC |
| Fan  Temp   Perf          Pwr:Usage/Cap |           Memory-Usage | GPU-Util  Compute M. |
|                                         |                        |               MIG M. |
|=========================================+========================+======================|
|   0  Tesla T4                       Off |   00000000:00:07.0 Off |                    0 |
| N/A   34C    P8              9W /   70W |       0MiB /  15360MiB |      0%      Default |
|                                         |                        |                  N/A |
+-----------------------------------------+------------------------+----------------------+

+-----------------------------------------------------------------------------------------+
| Processes:                                                                              |
|  GPU   GI   CI              PID   Type   Process name                        GPU Memory |
|        ID   ID                                                               Usage      |
|=========================================================================================|
|  No running processes found                                                             |
+-----------------------------------------------------------------------------------------+

Testing PyTorch and CUDA...
PyTorch version: 2.4.1
CUDA available: True
CUDA device: Tesla T4
GPU memory: 15.6 GB
PyTorch setup verified!

Checking for required input data and models...

Starting Surface Distance Metric Analysis...
Analysis parameters:

Surface Distance Metric Analyzer initialized
FOCUS: Testing distance metrics for premise-hypothesis pair relationships
Device: cuda
BERT data: /vol/bitbucket/ahb24/tda_entailment_new/snli_full_train_STSB_BERT_LARGE.pt
Order model: models/enhanced_order_embeddings_snli_SBERT_full.pt
Distance metrics: 7 total
Relational embedding spaces: 2 total
Each space represents premise-hypothesis pair relationships
Loading pre-processed data...
Loading BERT embeddings from /vol/bitbucket/ahb24/tda_entailment_new/snli_full_train_STSB_BERT_LARGE.pt
BERT data loaded:
  Premise embeddings: torch.Size([549367, 1024])
  Hypothesis embeddings: torch.Size([549367, 1024])
  Labels: 549367
  Label distribution: {'contradiction': 183187, 'entailment': 183416, 'neutral': 182764}
Loading order model from models/enhanced_order_embeddings_snli_SBERT_full.pt
Order model loaded (validation loss: 3.202074103355408)
Loaded enhanced order model (val_loss: 3.2021)
Model asymmetry_weight: 1.9
Pipeline initialized: 125D → 30D hyperbolic
Running on: cuda
Enhanced model with asymmetry_weight: 1.9
Hyperbolic pipeline loaded successfully
Enhanced Hyperbolic Entailment Cones using device: cuda
Loaded enhanced order model (val_loss: 3.2021)
Model asymmetry_weight: 1.9
Pipeline initialized: 125D → 30D hyperbolic
Running on: cuda
Enhanced model with asymmetry_weight: 1.9
Successfully loaded enhanced hyperbolic projection of order embeddings
Enhanced cone pipeline loaded successfully
================================================================================
COMPREHENSIVE SURFACE DISTANCE METRIC ANALYSIS (GPU-OPTIMIZED)
Testing all distance metrics across all embedding spaces
Device: cuda
GPU Memory: 4294.8 MB allocated
================================================================================
Extracting all embedding spaces...
  entailment: 183416 samples
  neutral: 182764 samples
  contradiction: 183187 samples
Extracting sbert_concat...
  sbert_concat entailment: torch.Size([183416, 2048])
  sbert_concat neutral: torch.Size([182764, 2048])
  sbert_concat contradiction: torch.Size([183187, 2048])
Extracting lattice_containment...
  lattice_containment entailment: torch.Size([183416, 1024])
  lattice_containment neutral: torch.Size([182764, 1024])
  lattice_containment contradiction: torch.Size([183187, 1024])

============================================================
TESTING SPACE: sbert_concat
============================================================

--- Testing euclidean metric ---
  Computing PH-Dim for entailment in sbert_concat using euclidean
    entailment PH-Dim: 17.3711
  Computing PH-Dim for neutral in sbert_concat using euclidean
    neutral PH-Dim: 18.9194
  Computing PH-Dim for contradiction in sbert_concat using euclidean
    contradiction PH-Dim: 24.0460
  Computing cross-class surface analysis for sbert_concat using euclidean
 PH-Dim scores: {'entailment': 17.371059684833533, 'neutral': 18.919423735311838, 'contradiction': 24.046044616949082}

--- Testing manhattan metric ---
  Computing PH-Dim for entailment in sbert_concat using manhattan
    entailment PH-Dim: 15.3250
  Computing PH-Dim for neutral in sbert_concat using manhattan
    neutral PH-Dim: 17.7512
  Computing PH-Dim for contradiction in sbert_concat using manhattan
    contradiction PH-Dim: 21.3962
  Computing cross-class surface analysis for sbert_concat using manhattan
 PH-Dim scores: {'entailment': 15.325032425659161, 'neutral': 17.75121453118523, 'contradiction': 21.396214047360886}

--- Testing chebyshev metric ---
  Computing PH-Dim for entailment in sbert_concat using chebyshev
    entailment PH-Dim: 20.9687
  Computing PH-Dim for neutral in sbert_concat using chebyshev
    neutral PH-Dim: 22.2576
  Computing PH-Dim for contradiction in sbert_concat using chebyshev
    contradiction PH-Dim: 26.4806
  Computing cross-class surface analysis for sbert_concat using chebyshev
 PH-Dim scores: {'entailment': 20.9686558819738, 'neutral': 22.257584040958438, 'contradiction': 26.48064000570823}

--- Testing cosine metric ---
  Computing PH-Dim for entailment in sbert_concat using cosine
    entailment PH-Dim: 8.5267
  Computing PH-Dim for neutral in sbert_concat using cosine
    neutral PH-Dim: 9.4044
  Computing PH-Dim for contradiction in sbert_concat using cosine
    contradiction PH-Dim: 11.5657
  Computing cross-class surface analysis for sbert_concat using cosine
 PH-Dim scores: {'entailment': 8.526743365641206, 'neutral': 9.40440439670166, 'contradiction': 11.565720549436326}

--- Testing minkowski_3 metric ---
  Computing PH-Dim for entailment in sbert_concat using minkowski_3
    entailment PH-Dim: 18.6158
  Computing PH-Dim for neutral in sbert_concat using minkowski_3
    neutral PH-Dim: 19.7264
  Computing PH-Dim for contradiction in sbert_concat using minkowski_3
    contradiction PH-Dim: 25.3215
  Computing cross-class surface analysis for sbert_concat using minkowski_3
 PH-Dim scores: {'entailment': 18.61578471208155, 'neutral': 19.72639049278705, 'contradiction': 25.321479791949162}

--- Testing minkowski_4 metric ---
  Computing PH-Dim for entailment in sbert_concat using minkowski_4
    entailment PH-Dim: 19.2831
  Computing PH-Dim for neutral in sbert_concat using minkowski_4
    neutral PH-Dim: 20.3042
  Computing PH-Dim for contradiction in sbert_concat using minkowski_4
    contradiction PH-Dim: 25.8505
  Computing cross-class surface analysis for sbert_concat using minkowski_4
 PH-Dim scores: {'entailment': 19.28306249277849, 'neutral': 20.304249488165883, 'contradiction': 25.850492501743698}

--- Testing braycurtis metric ---
  Computing PH-Dim for entailment in sbert_concat using braycurtis
    entailment PH-Dim: 11.8116
  Computing PH-Dim for neutral in sbert_concat using braycurtis
    neutral PH-Dim: 13.2464
  Computing PH-Dim for contradiction in sbert_concat using braycurtis
    contradiction PH-Dim: 15.3755
  Computing cross-class surface analysis for sbert_concat using braycurtis
 PH-Dim scores: {'entailment': 11.811635078088877, 'neutral': 13.24644947755518, 'contradiction': 15.375456221176723}

Saved sbert_concat results to entailment_surfaces/results/snli_STSB_BERT_LARGE_seed_500/surface_analysis_sbert_concat_20250924_141049.json

============================================================
TESTING SPACE: lattice_containment
============================================================

--- Testing euclidean metric ---
  Computing PH-Dim for entailment in lattice_containment using euclidean
    entailment PH-Dim: 31.6958
  Computing PH-Dim for neutral in lattice_containment using euclidean
    neutral PH-Dim: 34.0999
  Computing PH-Dim for contradiction in lattice_containment using euclidean
    contradiction PH-Dim: 51.2441
  Computing cross-class surface analysis for lattice_containment using euclidean
 PH-Dim scores: {'entailment': 31.69579561636099, 'neutral': 34.09992873741857, 'contradiction': 51.244097834577516}

--- Testing manhattan metric ---
  Computing PH-Dim for entailment in lattice_containment using manhattan
    entailment PH-Dim: 29.0938
  Computing PH-Dim for neutral in lattice_containment using manhattan
    neutral PH-Dim: 32.7412
  Computing PH-Dim for contradiction in lattice_containment using manhattan
    contradiction PH-Dim: 45.8407
  Computing cross-class surface analysis for lattice_containment using manhattan
 PH-Dim scores: {'entailment': 29.093769732280883, 'neutral': 32.741223449130764, 'contradiction': 45.84066567226445}

--- Testing chebyshev metric ---
  Computing PH-Dim for entailment in lattice_containment using chebyshev
    entailment PH-Dim: 38.9804
  Computing PH-Dim for neutral in lattice_containment using chebyshev
    neutral PH-Dim: 40.8554
  Computing PH-Dim for contradiction in lattice_containment using chebyshev
    contradiction PH-Dim: 47.6825
  Computing cross-class surface analysis for lattice_containment using chebyshev
 PH-Dim scores: {'entailment': 38.98035285548698, 'neutral': 40.8554115880239, 'contradiction': 47.68254910161224}

--- Testing cosine metric ---
  Computing PH-Dim for entailment in lattice_containment using cosine
    entailment PH-Dim: 16.6489
  Computing PH-Dim for neutral in lattice_containment using cosine
    neutral PH-Dim: 17.0092
  Computing PH-Dim for contradiction in lattice_containment using cosine
    contradiction PH-Dim: 29.2832
  Computing cross-class surface analysis for lattice_containment using cosine
 PH-Dim scores: {'entailment': 16.648944047010726, 'neutral': 17.009226188794372, 'contradiction': 29.28319423271695}

--- Testing minkowski_3 metric ---
  Computing PH-Dim for entailment in lattice_containment using minkowski_3
    entailment PH-Dim: 34.2252
  Computing PH-Dim for neutral in lattice_containment using minkowski_3
    neutral PH-Dim: 35.5295
  Computing PH-Dim for contradiction in lattice_containment using minkowski_3
    contradiction PH-Dim: 56.7501
  Computing cross-class surface analysis for lattice_containment using minkowski_3
 PH-Dim scores: {'entailment': 34.22521591247572, 'neutral': 35.52954687233451, 'contradiction': 56.75010605336541}

--- Testing minkowski_4 metric ---
  Computing PH-Dim for entailment in lattice_containment using minkowski_4
    entailment PH-Dim: 36.7887
  Computing PH-Dim for neutral in lattice_containment using minkowski_4
    neutral PH-Dim: 37.2843
  Computing PH-Dim for contradiction in lattice_containment using minkowski_4
    contradiction PH-Dim: 61.8098
  Computing cross-class surface analysis for lattice_containment using minkowski_4
 PH-Dim scores: {'entailment': 36.7887347208991, 'neutral': 37.28426805886623, 'contradiction': 61.8098410006453}

--- Testing braycurtis metric ---
  Computing PH-Dim for entailment in lattice_containment using braycurtis
    entailment PH-Dim: 30.1509
  Computing PH-Dim for neutral in lattice_containment using braycurtis
    neutral PH-Dim: 29.7912
  Computing PH-Dim for contradiction in lattice_containment using braycurtis
    contradiction PH-Dim: 45.8163
  Computing cross-class surface analysis for lattice_containment using braycurtis
 PH-Dim scores: {'entailment': 30.150921223680637, 'neutral': 29.791179339935233, 'contradiction': 45.816269468131395}

Saved lattice_containment results to entailment_surfaces/results/snli_STSB_BERT_LARGE_seed_500/surface_analysis_lattice_containment_20250924_141049.json
Simple report saved to: entailment_surfaces/results/snli_STSB_BERT_LARGE_seed_500/simple_analysis_report_20250924_141049.txt

================================================================================
COMPREHENSIVE ANALYSIS COMPLETE
Final GPU Memory: 4294.8 MB allocated
Results saved to: entailment_surfaces/results/snli_STSB_BERT_LARGE_seed_500/comprehensive_surface_analysis_20250924_141049.json
================================================================================

Analysis completed with exit code: 0
Time: Wed 24 Sep 14:17:10 BST 2025

Results created in results/step_1_1_analysis/:
No results directory found

Disk usage:
No results to measure

=== ANALYSIS SUCCESSFUL ===
Surface distance metric analysis completed successfully!

Key outputs:
  - JSON results: results/step_1_1_analysis/comprehensive_surface_analysis_*.json
  - Plain report: results/step_1_1_analysis/simple_analysis_report_*.txt
  - Individual space results: results/step_1_1_analysis/surface_analysis_*_*.json

Next steps:
  1. Review the simple_analysis_report_*.txt for plain results
  2. Identify top-performing space+metric combinations
  3. Consider re-running with --max_samples 167000 for full analysis

To run full analysis on promising combinations:
  python step_1_1_surface_analysis_corrected.py \
    --bert_data 'data/processed/snli_full_standard_BERT.pt' \
    --order_model '' \
    --max_samples 167000

Job finished.
