Starting Surface Distance Metric Analysis job...
Job ID: 204794
Node: gpuvm14
Time: Wed 24 Sep 12:30:28 BST 2025
Loading CUDA...
Activating conda environment...
Activated conda environment: /vol/bitbucket/ahb24/tda_entailment_new
Python location: /vol/bitbucket/ahb24/tda_entailment_new/bin/python
Checking GPU availability...
Wed Sep 24 12:30:30 2025       
+-----------------------------------------------------------------------------------------+
| NVIDIA-SMI 580.65.06              Driver Version: 580.65.06      CUDA Version: 13.0     |
+-----------------------------------------+------------------------+----------------------+
| GPU  Name                 Persistence-M | Bus-Id          Disp.A | Volatile Uncorr. ECC |
| Fan  Temp   Perf          Pwr:Usage/Cap |           Memory-Usage | GPU-Util  Compute M. |
|                                         |                        |               MIG M. |
|=========================================+========================+======================|
|   0  Tesla T4                       Off |   00000000:00:07.0 Off |                    0 |
| N/A   38C    P8             13W /   70W |       0MiB /  15360MiB |      0%      Default |
|                                         |                        |                  N/A |
+-----------------------------------------+------------------------+----------------------+

+-----------------------------------------------------------------------------------------+
| Processes:                                                                              |
|  GPU   GI   CI              PID   Type   Process name                        GPU Memory |
|        ID   ID                                                               Usage      |
|=========================================================================================|
|  No running processes found                                                             |
+-----------------------------------------------------------------------------------------+

Testing PyTorch and CUDA...
PyTorch version: 2.4.1
CUDA available: True
CUDA device: Tesla T4
GPU memory: 15.6 GB
PyTorch setup verified!

Checking for required input data and models...

Starting Surface Distance Metric Analysis...
Analysis parameters:

Surface Distance Metric Analyzer initialized
FOCUS: Testing distance metrics for premise-hypothesis pair relationships
Device: cuda
BERT data: /vol/bitbucket/ahb24/tda_entailment_new/snli_full_train_STSB_BERT_LARGE.pt
Order model: models/enhanced_order_embeddings_snli_SBERT_full.pt
Distance metrics: 7 total
Relational embedding spaces: 2 total
Each space represents premise-hypothesis pair relationships
Loading pre-processed data...
Loading BERT embeddings from /vol/bitbucket/ahb24/tda_entailment_new/snli_full_train_STSB_BERT_LARGE.pt
BERT data loaded:
  Premise embeddings: torch.Size([549367, 1024])
  Hypothesis embeddings: torch.Size([549367, 1024])
  Labels: 549367
  Label distribution: {'contradiction': 183187, 'entailment': 183416, 'neutral': 182764}
Loading order model from models/enhanced_order_embeddings_snli_SBERT_full.pt
Order model loaded (validation loss: 3.202074103355408)
Loaded enhanced order model (val_loss: 3.2021)
Model asymmetry_weight: 1.9
Pipeline initialized: 125D → 30D hyperbolic
Running on: cuda
Enhanced model with asymmetry_weight: 1.9
Hyperbolic pipeline loaded successfully
Enhanced Hyperbolic Entailment Cones using device: cuda
Loaded enhanced order model (val_loss: 3.2021)
Model asymmetry_weight: 1.9
Pipeline initialized: 125D → 30D hyperbolic
Running on: cuda
Enhanced model with asymmetry_weight: 1.9
Successfully loaded enhanced hyperbolic projection of order embeddings
Enhanced cone pipeline loaded successfully
================================================================================
COMPREHENSIVE SURFACE DISTANCE METRIC ANALYSIS (GPU-OPTIMIZED)
Testing all distance metrics across all embedding spaces
Device: cuda
GPU Memory: 4294.8 MB allocated
================================================================================
Extracting all embedding spaces...
  entailment: 183416 samples
  neutral: 182764 samples
  contradiction: 183187 samples
Extracting sbert_concat...
  sbert_concat entailment: torch.Size([183416, 2048])
  sbert_concat neutral: torch.Size([182764, 2048])
  sbert_concat contradiction: torch.Size([183187, 2048])
Extracting lattice_containment...
  lattice_containment entailment: torch.Size([183416, 1024])
  lattice_containment neutral: torch.Size([182764, 1024])
  lattice_containment contradiction: torch.Size([183187, 1024])

============================================================
TESTING SPACE: sbert_concat
============================================================

--- Testing euclidean metric ---
  Computing PH-Dim for entailment in sbert_concat using euclidean
    entailment PH-Dim: 18.4141
  Computing PH-Dim for neutral in sbert_concat using euclidean
    neutral PH-Dim: 20.8676
  Computing PH-Dim for contradiction in sbert_concat using euclidean
    contradiction PH-Dim: 22.7728
  Computing cross-class surface analysis for sbert_concat using euclidean
 PH-Dim scores: {'entailment': 18.41412326998392, 'neutral': 20.867567314646468, 'contradiction': 22.7727755412713}

--- Testing manhattan metric ---
  Computing PH-Dim for entailment in sbert_concat using manhattan
    entailment PH-Dim: 17.1685
  Computing PH-Dim for neutral in sbert_concat using manhattan
    neutral PH-Dim: 19.2816
  Computing PH-Dim for contradiction in sbert_concat using manhattan
    contradiction PH-Dim: 20.5616
  Computing cross-class surface analysis for sbert_concat using manhattan
 PH-Dim scores: {'entailment': 17.16849020314805, 'neutral': 19.281613068165495, 'contradiction': 20.56164345418324}

--- Testing chebyshev metric ---
  Computing PH-Dim for entailment in sbert_concat using chebyshev
    entailment PH-Dim: 20.0347
  Computing PH-Dim for neutral in sbert_concat using chebyshev
    neutral PH-Dim: 23.4218
  Computing PH-Dim for contradiction in sbert_concat using chebyshev
    contradiction PH-Dim: 25.2520
  Computing cross-class surface analysis for sbert_concat using chebyshev
 PH-Dim scores: {'entailment': 20.034695738843293, 'neutral': 23.421822761757287, 'contradiction': 25.252046925448163}

--- Testing cosine metric ---
  Computing PH-Dim for entailment in sbert_concat using cosine
    entailment PH-Dim: 9.0855
  Computing PH-Dim for neutral in sbert_concat using cosine
    neutral PH-Dim: 10.3762
  Computing PH-Dim for contradiction in sbert_concat using cosine
    contradiction PH-Dim: 11.2437
  Computing cross-class surface analysis for sbert_concat using cosine
 PH-Dim scores: {'entailment': 9.085488041264183, 'neutral': 10.376247221503705, 'contradiction': 11.243691035844256}

--- Testing minkowski_3 metric ---
  Computing PH-Dim for entailment in sbert_concat using minkowski_3
    entailment PH-Dim: 19.0499
  Computing PH-Dim for neutral in sbert_concat using minkowski_3
    neutral PH-Dim: 21.9202
  Computing PH-Dim for contradiction in sbert_concat using minkowski_3
    contradiction PH-Dim: 23.8120
  Computing cross-class surface analysis for sbert_concat using minkowski_3
 PH-Dim scores: {'entailment': 19.049934342008715, 'neutral': 21.920167611792735, 'contradiction': 23.812008524936086}

--- Testing minkowski_4 metric ---
  Computing PH-Dim for entailment in sbert_concat using minkowski_4
    entailment PH-Dim: 19.4551
  Computing PH-Dim for neutral in sbert_concat using minkowski_4
    neutral PH-Dim: 22.5693
  Computing PH-Dim for contradiction in sbert_concat using minkowski_4
    contradiction PH-Dim: 24.0950
  Computing cross-class surface analysis for sbert_concat using minkowski_4
 PH-Dim scores: {'entailment': 19.455051915483388, 'neutral': 22.569344376327667, 'contradiction': 24.09503969840263}

--- Testing braycurtis metric ---
  Computing PH-Dim for entailment in sbert_concat using braycurtis
    entailment PH-Dim: 13.0985
  Computing PH-Dim for neutral in sbert_concat using braycurtis
    neutral PH-Dim: 14.5151
  Computing PH-Dim for contradiction in sbert_concat using braycurtis
    contradiction PH-Dim: 15.0569
  Computing cross-class surface analysis for sbert_concat using braycurtis
 PH-Dim scores: {'entailment': 13.098472663731593, 'neutral': 14.515071531482578, 'contradiction': 15.056908192296628}

Saved sbert_concat results to entailment_surfaces/results/snli_STSB_BERT_LARGE_seed_101/surface_analysis_sbert_concat_20250924_123108.json

============================================================
TESTING SPACE: lattice_containment
============================================================

--- Testing euclidean metric ---
  Computing PH-Dim for entailment in lattice_containment using euclidean
    entailment PH-Dim: 30.9980
  Computing PH-Dim for neutral in lattice_containment using euclidean
    neutral PH-Dim: 39.3399
  Computing PH-Dim for contradiction in lattice_containment using euclidean
    contradiction PH-Dim: 48.5584
  Computing cross-class surface analysis for lattice_containment using euclidean
 PH-Dim scores: {'entailment': 30.99798621548969, 'neutral': 39.33991283573743, 'contradiction': 48.55840106897833}

--- Testing manhattan metric ---
  Computing PH-Dim for entailment in lattice_containment using manhattan
    entailment PH-Dim: 29.6554
  Computing PH-Dim for neutral in lattice_containment using manhattan
    neutral PH-Dim: 36.6714
  Computing PH-Dim for contradiction in lattice_containment using manhattan
    contradiction PH-Dim: 44.7456
  Computing cross-class surface analysis for lattice_containment using manhattan
 PH-Dim scores: {'entailment': 29.655363707568107, 'neutral': 36.67141210232183, 'contradiction': 44.7456392468689}

--- Testing chebyshev metric ---
  Computing PH-Dim for entailment in lattice_containment using chebyshev
    entailment PH-Dim: 34.6645
  Computing PH-Dim for neutral in lattice_containment using chebyshev
    neutral PH-Dim: 41.6311
  Computing PH-Dim for contradiction in lattice_containment using chebyshev
    contradiction PH-Dim: 48.2923
  Computing cross-class surface analysis for lattice_containment using chebyshev
 PH-Dim scores: {'entailment': 34.66453664368519, 'neutral': 41.63111714316319, 'contradiction': 48.292294226179}

--- Testing cosine metric ---
  Computing PH-Dim for entailment in lattice_containment using cosine
    entailment PH-Dim: 15.5461
  Computing PH-Dim for neutral in lattice_containment using cosine
    neutral PH-Dim: 21.1180
  Computing PH-Dim for contradiction in lattice_containment using cosine
    contradiction PH-Dim: 19.0920
  Computing cross-class surface analysis for lattice_containment using cosine
 PH-Dim scores: {'entailment': 15.546129672623946, 'neutral': 21.118021010102606, 'contradiction': 19.091995008995706}

--- Testing minkowski_3 metric ---
  Computing PH-Dim for entailment in lattice_containment using minkowski_3
    entailment PH-Dim: 31.7979
  Computing PH-Dim for neutral in lattice_containment using minkowski_3
    neutral PH-Dim: 42.2877
  Computing PH-Dim for contradiction in lattice_containment using minkowski_3
    contradiction PH-Dim: 51.9801
  Computing cross-class surface analysis for lattice_containment using minkowski_3
 PH-Dim scores: {'entailment': 31.79793045311981, 'neutral': 42.28769148616102, 'contradiction': 51.98011761981205}

--- Testing minkowski_4 metric ---
  Computing PH-Dim for entailment in lattice_containment using minkowski_4
    entailment PH-Dim: 32.5148
  Computing PH-Dim for neutral in lattice_containment using minkowski_4
    neutral PH-Dim: 44.2379
  Computing PH-Dim for contradiction in lattice_containment using minkowski_4
    contradiction PH-Dim: 55.2314
  Computing cross-class surface analysis for lattice_containment using minkowski_4
 PH-Dim scores: {'entailment': 32.51477662958746, 'neutral': 44.23794340105064, 'contradiction': 55.23140045478971}

--- Testing braycurtis metric ---
  Computing PH-Dim for entailment in lattice_containment using braycurtis
    entailment PH-Dim: 27.7221
  Computing PH-Dim for neutral in lattice_containment using braycurtis
    neutral PH-Dim: 39.5653
  Computing PH-Dim for contradiction in lattice_containment using braycurtis
    contradiction PH-Dim: 25.2555
  Computing cross-class surface analysis for lattice_containment using braycurtis
 PH-Dim scores: {'entailment': 27.72213341967837, 'neutral': 39.565345285592265, 'contradiction': 25.25552272132014}

Saved lattice_containment results to entailment_surfaces/results/snli_STSB_BERT_LARGE_seed_101/surface_analysis_lattice_containment_20250924_123108.json
Simple report saved to: entailment_surfaces/results/snli_STSB_BERT_LARGE_seed_101/simple_analysis_report_20250924_123108.txt

================================================================================
COMPREHENSIVE ANALYSIS COMPLETE
Final GPU Memory: 4294.8 MB allocated
Results saved to: entailment_surfaces/results/snli_STSB_BERT_LARGE_seed_101/comprehensive_surface_analysis_20250924_123108.json
================================================================================

Analysis completed with exit code: 0
Time: Wed 24 Sep 12:37:36 BST 2025

Results created in results/step_1_1_analysis/:
No results directory found

Disk usage:
No results to measure

=== ANALYSIS SUCCESSFUL ===
Surface distance metric analysis completed successfully!

Key outputs:
  - JSON results: results/step_1_1_analysis/comprehensive_surface_analysis_*.json
  - Plain report: results/step_1_1_analysis/simple_analysis_report_*.txt
  - Individual space results: results/step_1_1_analysis/surface_analysis_*_*.json

Next steps:
  1. Review the simple_analysis_report_*.txt for plain results
  2. Identify top-performing space+metric combinations
  3. Consider re-running with --max_samples 167000 for full analysis

To run full analysis on promising combinations:
  python step_1_1_surface_analysis_corrected.py \
    --bert_data 'data/processed/snli_full_standard_BERT.pt' \
    --order_model '' \
    --max_samples 167000

Job finished.
