Starting Surface Distance Metric Analysis job...
Job ID: 204823
Node: gpuvm13
Time: Wed 24 Sep 14:25:53 BST 2025
Loading CUDA...
Activating conda environment...
Activated conda environment: /vol/bitbucket/ahb24/tda_entailment_new
Python location: /vol/bitbucket/ahb24/tda_entailment_new/bin/python
Checking GPU availability...
Wed Sep 24 14:25:55 2025       
+-----------------------------------------------------------------------------------------+
| NVIDIA-SMI 580.65.06              Driver Version: 580.65.06      CUDA Version: 13.0     |
+-----------------------------------------+------------------------+----------------------+
| GPU  Name                 Persistence-M | Bus-Id          Disp.A | Volatile Uncorr. ECC |
| Fan  Temp   Perf          Pwr:Usage/Cap |           Memory-Usage | GPU-Util  Compute M. |
|                                         |                        |               MIG M. |
|=========================================+========================+======================|
|   0  Tesla T4                       Off |   00000000:00:07.0 Off |                    0 |
| N/A   41C    P8              9W /   70W |       0MiB /  15360MiB |      0%      Default |
|                                         |                        |                  N/A |
+-----------------------------------------+------------------------+----------------------+

+-----------------------------------------------------------------------------------------+
| Processes:                                                                              |
|  GPU   GI   CI              PID   Type   Process name                        GPU Memory |
|        ID   ID                                                               Usage      |
|=========================================================================================|
|  No running processes found                                                             |
+-----------------------------------------------------------------------------------------+

Testing PyTorch and CUDA...
PyTorch version: 2.4.1
CUDA available: True
CUDA device: Tesla T4
GPU memory: 15.6 GB
PyTorch setup verified!

Checking for required input data and models...

Starting Surface Distance Metric Analysis...
Analysis parameters:

Surface Distance Metric Analyzer initialized
FOCUS: Testing distance metrics for premise-hypothesis pair relationships
Device: cuda
BERT data: data/processed/snli_full_standard_SBERT.pt
Order model: models/enhanced_order_embeddings_snli_SBERT_full.pt
Distance metrics: 7 total
Relational embedding spaces: 2 total
Each space represents premise-hypothesis pair relationships
Loading pre-processed data...
Loading BERT embeddings from data/processed/snli_full_standard_SBERT.pt
BERT data loaded:
  Premise embeddings: torch.Size([549367, 768])
  Hypothesis embeddings: torch.Size([549367, 768])
  Labels: 549367
  Label distribution: {'contradiction': 183187, 'entailment': 183416, 'neutral': 182764}
Loading order model from models/enhanced_order_embeddings_snli_SBERT_full.pt
Order model loaded (validation loss: 3.202074103355408)
Loaded enhanced order model (val_loss: 3.2021)
Model asymmetry_weight: 1.9
Pipeline initialized: 125D → 30D hyperbolic
Running on: cuda
Enhanced model with asymmetry_weight: 1.9
Hyperbolic pipeline loaded successfully
Enhanced Hyperbolic Entailment Cones using device: cuda
Loaded enhanced order model (val_loss: 3.2021)
Model asymmetry_weight: 1.9
Pipeline initialized: 125D → 30D hyperbolic
Running on: cuda
Enhanced model with asymmetry_weight: 1.9
Successfully loaded enhanced hyperbolic projection of order embeddings
Enhanced cone pipeline loaded successfully
================================================================================
COMPREHENSIVE SURFACE DISTANCE METRIC ANALYSIS (GPU-OPTIMIZED)
Testing all distance metrics across all embedding spaces
Device: cuda
GPU Memory: 3222.8 MB allocated
================================================================================
Extracting all embedding spaces...
  entailment: 183416 samples
  neutral: 182764 samples
  contradiction: 183187 samples
Extracting sbert_concat...
  sbert_concat entailment: torch.Size([183416, 1536])
  sbert_concat neutral: torch.Size([182764, 1536])
  sbert_concat contradiction: torch.Size([183187, 1536])
Extracting lattice_containment...
  lattice_containment entailment: torch.Size([183416, 768])
  lattice_containment neutral: torch.Size([182764, 768])
  lattice_containment contradiction: torch.Size([183187, 768])

============================================================
TESTING SPACE: sbert_concat
============================================================

--- Testing euclidean metric ---
  Computing PH-Dim for entailment in sbert_concat using euclidean
    entailment PH-Dim: 17.3456
  Computing PH-Dim for neutral in sbert_concat using euclidean
    neutral PH-Dim: 21.1376
  Computing PH-Dim for contradiction in sbert_concat using euclidean
    contradiction PH-Dim: 27.2225
  Computing cross-class surface analysis for sbert_concat using euclidean
 PH-Dim scores: {'entailment': 17.34560228032551, 'neutral': 21.137618177700126, 'contradiction': 27.222541276082083}

--- Testing manhattan metric ---
  Computing PH-Dim for entailment in sbert_concat using manhattan
    entailment PH-Dim: 15.4207
  Computing PH-Dim for neutral in sbert_concat using manhattan
    neutral PH-Dim: 19.9594
  Computing PH-Dim for contradiction in sbert_concat using manhattan
    contradiction PH-Dim: 24.7864
  Computing cross-class surface analysis for sbert_concat using manhattan
 PH-Dim scores: {'entailment': 15.42073976898891, 'neutral': 19.95941035223731, 'contradiction': 24.78641570022824}

--- Testing chebyshev metric ---
  Computing PH-Dim for entailment in sbert_concat using chebyshev
    entailment PH-Dim: 21.8134
  Computing PH-Dim for neutral in sbert_concat using chebyshev
    neutral PH-Dim: 23.3304
  Computing PH-Dim for contradiction in sbert_concat using chebyshev
    contradiction PH-Dim: 31.9231
  Computing cross-class surface analysis for sbert_concat using chebyshev
 PH-Dim scores: {'entailment': 21.81339925761272, 'neutral': 23.330360640037817, 'contradiction': 31.923136964766876}

--- Testing cosine metric ---
  Computing PH-Dim for entailment in sbert_concat using cosine
    entailment PH-Dim: 8.3227
  Computing PH-Dim for neutral in sbert_concat using cosine
    neutral PH-Dim: 10.1610
  Computing PH-Dim for contradiction in sbert_concat using cosine
    contradiction PH-Dim: 12.2512
  Computing cross-class surface analysis for sbert_concat using cosine
 PH-Dim scores: {'entailment': 8.32270998389692, 'neutral': 10.160976111954653, 'contradiction': 12.251225393481974}

--- Testing minkowski_3 metric ---
  Computing PH-Dim for entailment in sbert_concat using minkowski_3
    entailment PH-Dim: 18.6349
  Computing PH-Dim for neutral in sbert_concat using minkowski_3
    neutral PH-Dim: 22.0487
  Computing PH-Dim for contradiction in sbert_concat using minkowski_3
    contradiction PH-Dim: 29.0228
  Computing cross-class surface analysis for sbert_concat using minkowski_3
 PH-Dim scores: {'entailment': 18.634945795064635, 'neutral': 22.048687691933683, 'contradiction': 29.02275703804523}

--- Testing minkowski_4 metric ---
  Computing PH-Dim for entailment in sbert_concat using minkowski_4
    entailment PH-Dim: 19.4431
  Computing PH-Dim for neutral in sbert_concat using minkowski_4
    neutral PH-Dim: 22.7922
  Computing PH-Dim for contradiction in sbert_concat using minkowski_4
    contradiction PH-Dim: 30.1236
  Computing cross-class surface analysis for sbert_concat using minkowski_4
 PH-Dim scores: {'entailment': 19.443120258539945, 'neutral': 22.79224593524236, 'contradiction': 30.123566073305742}

--- Testing braycurtis metric ---
  Computing PH-Dim for entailment in sbert_concat using braycurtis
    entailment PH-Dim: 11.4487
  Computing PH-Dim for neutral in sbert_concat using braycurtis
    neutral PH-Dim: 13.8401
  Computing PH-Dim for contradiction in sbert_concat using braycurtis
    contradiction PH-Dim: 15.9449
  Computing cross-class surface analysis for sbert_concat using braycurtis
 PH-Dim scores: {'entailment': 11.448696232695477, 'neutral': 13.840142410145297, 'contradiction': 15.944934900413156}

Saved sbert_concat results to entailment_surfaces/results/surface_analysis_snli_full_SBERT_SEEDED_5_NEW/surface_analysis_sbert_concat_20250924_142627.json

============================================================
TESTING SPACE: lattice_containment
============================================================

--- Testing euclidean metric ---
  Computing PH-Dim for entailment in lattice_containment using euclidean
    entailment PH-Dim: 29.2654
  Computing PH-Dim for neutral in lattice_containment using euclidean
    neutral PH-Dim: 49.3852
  Computing PH-Dim for contradiction in lattice_containment using euclidean
    contradiction PH-Dim: 92.9142
  Computing cross-class surface analysis for lattice_containment using euclidean
 PH-Dim scores: {'entailment': 29.265429257204502, 'neutral': 49.385205823496314, 'contradiction': 92.91415807299217}

--- Testing manhattan metric ---
  Computing PH-Dim for entailment in lattice_containment using manhattan
    entailment PH-Dim: 27.8028
  Computing PH-Dim for neutral in lattice_containment using manhattan
    neutral PH-Dim: 44.2046
  Computing PH-Dim for contradiction in lattice_containment using manhattan
    contradiction PH-Dim: 79.6286
  Computing cross-class surface analysis for lattice_containment using manhattan
 PH-Dim scores: {'entailment': 27.802840044158582, 'neutral': 44.204600821379856, 'contradiction': 79.62855460487529}

--- Testing chebyshev metric ---
  Computing PH-Dim for entailment in lattice_containment using chebyshev
    entailment PH-Dim: 39.4226
  Computing PH-Dim for neutral in lattice_containment using chebyshev
    neutral PH-Dim: 41.4942
  Computing PH-Dim for contradiction in lattice_containment using chebyshev
    contradiction PH-Dim: 43.0438
  Computing cross-class surface analysis for lattice_containment using chebyshev
 PH-Dim scores: {'entailment': 39.42259800191055, 'neutral': 41.494240600376415, 'contradiction': 43.043821608085075}

--- Testing cosine metric ---
  Computing PH-Dim for entailment in lattice_containment using cosine
    entailment PH-Dim: 16.5314
  Computing PH-Dim for neutral in lattice_containment using cosine
    neutral PH-Dim: 22.1076
  Computing PH-Dim for contradiction in lattice_containment using cosine
    contradiction PH-Dim: 41.8872
  Computing cross-class surface analysis for lattice_containment using cosine
 PH-Dim scores: {'entailment': 16.531414446531883, 'neutral': 22.107600579592354, 'contradiction': 41.88716969355978}

--- Testing minkowski_3 metric ---
  Computing PH-Dim for entailment in lattice_containment using minkowski_3
    entailment PH-Dim: 31.4775
  Computing PH-Dim for neutral in lattice_containment using minkowski_3
    neutral PH-Dim: 53.6591
  Computing PH-Dim for contradiction in lattice_containment using minkowski_3
    contradiction PH-Dim: 101.3286
  Computing cross-class surface analysis for lattice_containment using minkowski_3
 PH-Dim scores: {'entailment': 31.477547059074354, 'neutral': 53.65908268679195, 'contradiction': 101.3285600469561}

--- Testing minkowski_4 metric ---
  Computing PH-Dim for entailment in lattice_containment using minkowski_4
    entailment PH-Dim: 34.0224
  Computing PH-Dim for neutral in lattice_containment using minkowski_4
    neutral PH-Dim: 55.8080
  Computing PH-Dim for contradiction in lattice_containment using minkowski_4
    contradiction PH-Dim: 102.0543
  Computing cross-class surface analysis for lattice_containment using minkowski_4
 PH-Dim scores: {'entailment': 34.0223879685106, 'neutral': 55.80802910775689, 'contradiction': 102.05433333141423}

--- Testing braycurtis metric ---
  Computing PH-Dim for entailment in lattice_containment using braycurtis
    entailment PH-Dim: 30.7544
  Computing PH-Dim for neutral in lattice_containment using braycurtis
    neutral PH-Dim: 39.1175
  Computing PH-Dim for contradiction in lattice_containment using braycurtis
    contradiction PH-Dim: 66.5161
  Computing cross-class surface analysis for lattice_containment using braycurtis
 PH-Dim scores: {'entailment': 30.754418241635804, 'neutral': 39.117505414316234, 'contradiction': 66.51613469981986}

Saved lattice_containment results to entailment_surfaces/results/surface_analysis_snli_full_SBERT_SEEDED_5_NEW/surface_analysis_lattice_containment_20250924_142627.json
Simple report saved to: entailment_surfaces/results/surface_analysis_snli_full_SBERT_SEEDED_5_NEW/simple_analysis_report_20250924_142627.txt

================================================================================
COMPREHENSIVE ANALYSIS COMPLETE
Final GPU Memory: 3222.8 MB allocated
Results saved to: entailment_surfaces/results/surface_analysis_snli_full_SBERT_SEEDED_5_NEW/comprehensive_surface_analysis_20250924_142627.json
================================================================================

Analysis completed with exit code: 0
Time: Wed 24 Sep 14:31:15 BST 2025

Results created in results/step_1_1_analysis/:
No results directory found

Disk usage:
No results to measure

=== ANALYSIS SUCCESSFUL ===
Surface distance metric analysis completed successfully!

Key outputs:
  - JSON results: results/step_1_1_analysis/comprehensive_surface_analysis_*.json
  - Plain report: results/step_1_1_analysis/simple_analysis_report_*.txt
  - Individual space results: results/step_1_1_analysis/surface_analysis_*_*.json

Next steps:
  1. Review the simple_analysis_report_*.txt for plain results
  2. Identify top-performing space+metric combinations
  3. Consider re-running with --max_samples 167000 for full analysis

To run full analysis on promising combinations:
  python step_1_1_surface_analysis_corrected.py \
    --bert_data 'data/processed/snli_full_standard_BERT.pt' \
    --order_model '' \
    --max_samples 167000

Job finished.
