Warning: random state is set to 42.
Warning: random state is set to 42.
Warning: random state is set to 42.
Warning: random state is set to 42.
Warning: random state is set to 42.
Warning: random state is set to 42.
Warning: random state is set to 42.
Warning: random state is set to 42.
Warning: random state is set to 42.
Warning: random state is set to 42.
Warning: random state is set to 42.
Warning: random state is set to 42.
Warning: random state is set to 42.
Warning: random state is set to 42.
Warning: random state is set to 42.
Warning: random state is set to 42.
Warning: random state is set to 42.
Warning: random state is set to 42.
Warning: random state is set to 42.
Warning: random state is set to 42.
Warning: random state is set to 42.
Warning: random state is set to 42.
Warning: random state is set to 42.
Warning: random state is set to 42.
Warning: random state is set to 42.
Warning: random state is set to 42.
Warning: random state is set to 42.
Warning: random state is set to 42.
Warning: random state is set to 42.
Warning: random state is set to 42.
Traceback (most recent call last):
  File "/homes/ahb24/MSc_Topology_Codebase/contradiction_analysis/cluster_contradiction_embeddings.py", line 224, in <module>
    main()
  File "/homes/ahb24/MSc_Topology_Codebase/contradiction_analysis/cluster_contradiction_embeddings.py", line 200, in main
    json.dump(all_results, f, indent=2)
  File "/vol/bitbucket/ahb24/tda_entailment_new/lib/python3.10/json/__init__.py", line 179, in dump
    for chunk in iterable:
  File "/vol/bitbucket/ahb24/tda_entailment_new/lib/python3.10/json/encoder.py", line 431, in _iterencode
    yield from _iterencode_dict(o, _current_indent_level)
  File "/vol/bitbucket/ahb24/tda_entailment_new/lib/python3.10/json/encoder.py", line 405, in _iterencode_dict
    yield from chunks
  File "/vol/bitbucket/ahb24/tda_entailment_new/lib/python3.10/json/encoder.py", line 405, in _iterencode_dict
    yield from chunks
  File "/vol/bitbucket/ahb24/tda_entailment_new/lib/python3.10/json/encoder.py", line 405, in _iterencode_dict
    yield from chunks
  [Previous line repeated 1 more time]
  File "/vol/bitbucket/ahb24/tda_entailment_new/lib/python3.10/json/encoder.py", line 438, in _iterencode
    o = _default(o)
  File "/vol/bitbucket/ahb24/tda_entailment_new/lib/python3.10/json/encoder.py", line 179, in default
    raise TypeError(f'Object of type {o.__class__.__name__} '
TypeError: Object of type float32 is not JSON serializable
