Starting Surface Distance Metric Analysis job...
Job ID: 216450
Node: gpuvm35
Time: Sun 18 Jan 19:00:46 GMT 2026
Loading CUDA...
Activating conda environment...
Activated conda environment: /vol/bitbucket/ahb24/tda_entailment_new
Python location: /vol/bitbucket/ahb24/tda_entailment_new/bin/python
Checking GPU availability...
Sun Jan 18 19:00:54 2026       
+-----------------------------------------------------------------------------------------+
| NVIDIA-SMI 580.65.06              Driver Version: 580.65.06      CUDA Version: 13.0     |
+-----------------------------------------+------------------------+----------------------+
| GPU  Name                 Persistence-M | Bus-Id          Disp.A | Volatile Uncorr. ECC |
| Fan  Temp   Perf          Pwr:Usage/Cap |           Memory-Usage | GPU-Util  Compute M. |
|                                         |                        |               MIG M. |
|=========================================+========================+======================|
|   0  NVIDIA A16                     Off |   00000000:02:00.0 Off |                    0 |
|  0%   28C    P8             15W /   62W |       0MiB /  15356MiB |      0%      Default |
|                                         |                        |                  N/A |
+-----------------------------------------+------------------------+----------------------+

+-----------------------------------------------------------------------------------------+
| Processes:                                                                              |
|  GPU   GI   CI              PID   Type   Process name                        GPU Memory |
|        ID   ID                                                               Usage      |
|=========================================================================================|
|  No running processes found                                                             |
+-----------------------------------------------------------------------------------------+

Testing PyTorch and CUDA...
PyTorch version: 2.4.1
CUDA available: True
CUDA device: NVIDIA A16
GPU memory: 15.7 GB
PyTorch setup verified!

Checking for required input data and models...

Starting sbert processing...

================================================================================
STEP 1: LOADING AND FILTERING SNLI DATA
================================================================================

Loading SNLI train data from: data/raw/snli/train/snli_full_train.json
Total samples loaded: 549367

Filtering to contradiction examples only...
Contradiction samples: 183187

================================================================================
STEP 2: ENCODING WITH SBERT
================================================================================
Loading SBERT model: sentence-transformers/all-mpnet-base-v2
Device: cuda
Encoding 183187 premises...
  Processed 320/183187 premises
  Processed 640/183187 premises
  Processed 960/183187 premises
  Processed 1280/183187 premises
  Processed 1600/183187 premises
  Processed 1920/183187 premises
  Processed 2240/183187 premises
  Processed 2560/183187 premises
  Processed 2880/183187 premises
  Processed 3200/183187 premises
  Processed 3520/183187 premises
  Processed 3840/183187 premises
  Processed 4160/183187 premises
  Processed 4480/183187 premises
  Processed 4800/183187 premises
  Processed 5120/183187 premises
  Processed 5440/183187 premises
  Processed 5760/183187 premises
  Processed 6080/183187 premises
  Processed 6400/183187 premises
  Processed 6720/183187 premises
  Processed 7040/183187 premises
  Processed 7360/183187 premises
  Processed 7680/183187 premises
  Processed 8000/183187 premises
  Processed 8320/183187 premises
  Processed 8640/183187 premises
  Processed 8960/183187 premises
  Processed 9280/183187 premises
  Processed 9600/183187 premises
  Processed 9920/183187 premises
  Processed 10240/183187 premises
  Processed 10560/183187 premises
  Processed 10880/183187 premises
  Processed 11200/183187 premises
  Processed 11520/183187 premises
  Processed 11840/183187 premises
  Processed 12160/183187 premises
  Processed 12480/183187 premises
  Processed 12800/183187 premises
  Processed 13120/183187 premises
  Processed 13440/183187 premises
  Processed 13760/183187 premises
  Processed 14080/183187 premises
  Processed 14400/183187 premises
  Processed 14720/183187 premises
  Processed 15040/183187 premises
  Processed 15360/183187 premises
  Processed 15680/183187 premises
  Processed 16000/183187 premises
  Processed 16320/183187 premises
  Processed 16640/183187 premises
  Processed 16960/183187 premises
  Processed 17280/183187 premises
  Processed 17600/183187 premises
  Processed 17920/183187 premises
  Processed 18240/183187 premises
  Processed 18560/183187 premises
  Processed 18880/183187 premises
  Processed 19200/183187 premises
  Processed 19520/183187 premises
  Processed 19840/183187 premises
  Processed 20160/183187 premises
  Processed 20480/183187 premises
  Processed 20800/183187 premises
  Processed 21120/183187 premises
  Processed 21440/183187 premises
  Processed 21760/183187 premises
  Processed 22080/183187 premises
  Processed 22400/183187 premises
  Processed 22720/183187 premises
  Processed 23040/183187 premises
  Processed 23360/183187 premises
  Processed 23680/183187 premises
  Processed 24000/183187 premises
  Processed 24320/183187 premises
  Processed 24640/183187 premises
  Processed 24960/183187 premises
  Processed 25280/183187 premises
  Processed 25600/183187 premises
  Processed 25920/183187 premises
  Processed 26240/183187 premises
  Processed 26560/183187 premises
  Processed 26880/183187 premises
  Processed 27200/183187 premises
  Processed 27520/183187 premises
  Processed 27840/183187 premises
  Processed 28160/183187 premises
  Processed 28480/183187 premises
  Processed 28800/183187 premises
  Processed 29120/183187 premises
  Processed 29440/183187 premises
  Processed 29760/183187 premises
  Processed 30080/183187 premises
  Processed 30400/183187 premises
  Processed 30720/183187 premises
  Processed 31040/183187 premises
  Processed 31360/183187 premises
  Processed 31680/183187 premises
  Processed 32000/183187 premises
  Processed 32320/183187 premises
  Processed 32640/183187 premises
  Processed 32960/183187 premises
  Processed 33280/183187 premises
  Processed 33600/183187 premises
  Processed 33920/183187 premises
  Processed 34240/183187 premises
  Processed 34560/183187 premises
  Processed 34880/183187 premises
  Processed 35200/183187 premises
  Processed 35520/183187 premises
  Processed 35840/183187 premises
  Processed 36160/183187 premises
  Processed 36480/183187 premises
  Processed 36800/183187 premises
  Processed 37120/183187 premises
  Processed 37440/183187 premises
  Processed 37760/183187 premises
  Processed 38080/183187 premises
  Processed 38400/183187 premises
  Processed 38720/183187 premises
  Processed 39040/183187 premises
  Processed 39360/183187 premises
  Processed 39680/183187 premises
  Processed 40000/183187 premises
  Processed 40320/183187 premises
  Processed 40640/183187 premises
  Processed 40960/183187 premises
  Processed 41280/183187 premises
  Processed 41600/183187 premises
  Processed 41920/183187 premises
  Processed 42240/183187 premises
  Processed 42560/183187 premises
  Processed 42880/183187 premises
  Processed 43200/183187 premises
  Processed 43520/183187 premises
  Processed 43840/183187 premises
  Processed 44160/183187 premises
  Processed 44480/183187 premises
  Processed 44800/183187 premises
  Processed 45120/183187 premises
  Processed 45440/183187 premises
  Processed 45760/183187 premises
  Processed 46080/183187 premises
  Processed 46400/183187 premises
  Processed 46720/183187 premises
  Processed 47040/183187 premises
  Processed 47360/183187 premises
  Processed 47680/183187 premises
  Processed 48000/183187 premises
  Processed 48320/183187 premises
  Processed 48640/183187 premises
  Processed 48960/183187 premises
  Processed 49280/183187 premises
  Processed 49600/183187 premises
  Processed 49920/183187 premises
  Processed 50240/183187 premises
  Processed 50560/183187 premises
  Processed 50880/183187 premises
  Processed 51200/183187 premises
  Processed 51520/183187 premises
  Processed 51840/183187 premises
  Processed 52160/183187 premises
  Processed 52480/183187 premises
  Processed 52800/183187 premises
  Processed 53120/183187 premises
  Processed 53440/183187 premises
  Processed 53760/183187 premises
  Processed 54080/183187 premises
  Processed 54400/183187 premises
  Processed 54720/183187 premises
  Processed 55040/183187 premises
  Processed 55360/183187 premises
  Processed 55680/183187 premises
  Processed 56000/183187 premises
  Processed 56320/183187 premises
  Processed 56640/183187 premises
  Processed 56960/183187 premises
  Processed 57280/183187 premises
  Processed 57600/183187 premises
  Processed 57920/183187 premises
  Processed 58240/183187 premises
  Processed 58560/183187 premises
  Processed 58880/183187 premises
  Processed 59200/183187 premises
  Processed 59520/183187 premises
  Processed 59840/183187 premises
  Processed 60160/183187 premises
  Processed 60480/183187 premises
  Processed 60800/183187 premises
  Processed 61120/183187 premises
  Processed 61440/183187 premises
  Processed 61760/183187 premises
  Processed 62080/183187 premises
  Processed 62400/183187 premises
  Processed 62720/183187 premises
  Processed 63040/183187 premises
  Processed 63360/183187 premises
  Processed 63680/183187 premises
  Processed 64000/183187 premises
  Processed 64320/183187 premises
  Processed 64640/183187 premises
  Processed 64960/183187 premises
  Processed 65280/183187 premises
  Processed 65600/183187 premises
  Processed 65920/183187 premises
  Processed 66240/183187 premises
  Processed 66560/183187 premises
  Processed 66880/183187 premises
  Processed 67200/183187 premises
  Processed 67520/183187 premises
  Processed 67840/183187 premises
  Processed 68160/183187 premises
  Processed 68480/183187 premises
  Processed 68800/183187 premises
  Processed 69120/183187 premises
  Processed 69440/183187 premises
  Processed 69760/183187 premises
  Processed 70080/183187 premises
  Processed 70400/183187 premises
  Processed 70720/183187 premises
  Processed 71040/183187 premises
  Processed 71360/183187 premises
  Processed 71680/183187 premises
  Processed 72000/183187 premises
  Processed 72320/183187 premises
  Processed 72640/183187 premises
  Processed 72960/183187 premises
  Processed 73280/183187 premises
  Processed 73600/183187 premises
  Processed 73920/183187 premises
  Processed 74240/183187 premises
  Processed 74560/183187 premises
  Processed 74880/183187 premises
  Processed 75200/183187 premises
  Processed 75520/183187 premises
  Processed 75840/183187 premises
  Processed 76160/183187 premises
  Processed 76480/183187 premises
  Processed 76800/183187 premises
  Processed 77120/183187 premises
  Processed 77440/183187 premises
  Processed 77760/183187 premises
  Processed 78080/183187 premises
  Processed 78400/183187 premises
  Processed 78720/183187 premises
  Processed 79040/183187 premises
  Processed 79360/183187 premises
  Processed 79680/183187 premises
  Processed 80000/183187 premises
  Processed 80320/183187 premises
  Processed 80640/183187 premises
  Processed 80960/183187 premises
  Processed 81280/183187 premises
  Processed 81600/183187 premises
  Processed 81920/183187 premises
  Processed 82240/183187 premises
  Processed 82560/183187 premises
  Processed 82880/183187 premises
  Processed 83200/183187 premises
  Processed 83520/183187 premises
  Processed 83840/183187 premises
  Processed 84160/183187 premises
  Processed 84480/183187 premises
  Processed 84800/183187 premises
  Processed 85120/183187 premises
  Processed 85440/183187 premises
  Processed 85760/183187 premises
  Processed 86080/183187 premises
  Processed 86400/183187 premises
  Processed 86720/183187 premises
  Processed 87040/183187 premises
  Processed 87360/183187 premises
  Processed 87680/183187 premises
  Processed 88000/183187 premises
  Processed 88320/183187 premises
  Processed 88640/183187 premises
  Processed 88960/183187 premises
  Processed 89280/183187 premises
  Processed 89600/183187 premises
  Processed 89920/183187 premises
  Processed 90240/183187 premises
  Processed 90560/183187 premises
  Processed 90880/183187 premises
  Processed 91200/183187 premises
  Processed 91520/183187 premises
  Processed 91840/183187 premises
  Processed 92160/183187 premises
  Processed 92480/183187 premises
  Processed 92800/183187 premises
  Processed 93120/183187 premises
  Processed 93440/183187 premises
  Processed 93760/183187 premises
  Processed 94080/183187 premises
  Processed 94400/183187 premises
  Processed 94720/183187 premises
  Processed 95040/183187 premises
  Processed 95360/183187 premises
  Processed 95680/183187 premises
  Processed 96000/183187 premises
  Processed 96320/183187 premises
  Processed 96640/183187 premises
  Processed 96960/183187 premises
  Processed 97280/183187 premises
  Processed 97600/183187 premises
  Processed 97920/183187 premises
  Processed 98240/183187 premises
  Processed 98560/183187 premises
  Processed 98880/183187 premises
  Processed 99200/183187 premises
  Processed 99520/183187 premises
  Processed 99840/183187 premises
  Processed 100160/183187 premises
  Processed 100480/183187 premises
  Processed 100800/183187 premises
  Processed 101120/183187 premises
  Processed 101440/183187 premises
  Processed 101760/183187 premises
  Processed 102080/183187 premises
  Processed 102400/183187 premises
  Processed 102720/183187 premises
  Processed 103040/183187 premises
  Processed 103360/183187 premises
  Processed 103680/183187 premises
  Processed 104000/183187 premises
  Processed 104320/183187 premises
  Processed 104640/183187 premises
  Processed 104960/183187 premises
  Processed 105280/183187 premises
  Processed 105600/183187 premises
  Processed 105920/183187 premises
  Processed 106240/183187 premises
  Processed 106560/183187 premises
  Processed 106880/183187 premises
  Processed 107200/183187 premises
  Processed 107520/183187 premises
  Processed 107840/183187 premises
  Processed 108160/183187 premises
  Processed 108480/183187 premises
  Processed 108800/183187 premises
  Processed 109120/183187 premises
  Processed 109440/183187 premises
  Processed 109760/183187 premises
  Processed 110080/183187 premises
  Processed 110400/183187 premises
  Processed 110720/183187 premises
  Processed 111040/183187 premises
  Processed 111360/183187 premises
  Processed 111680/183187 premises
  Processed 112000/183187 premises
  Processed 112320/183187 premises
  Processed 112640/183187 premises
  Processed 112960/183187 premises
  Processed 113280/183187 premises
  Processed 113600/183187 premises
  Processed 113920/183187 premises
  Processed 114240/183187 premises
  Processed 114560/183187 premises
  Processed 114880/183187 premises
  Processed 115200/183187 premises
  Processed 115520/183187 premises
  Processed 115840/183187 premises
  Processed 116160/183187 premises
  Processed 116480/183187 premises
  Processed 116800/183187 premises
  Processed 117120/183187 premises
  Processed 117440/183187 premises
  Processed 117760/183187 premises
  Processed 118080/183187 premises
  Processed 118400/183187 premises
  Processed 118720/183187 premises
  Processed 119040/183187 premises
  Processed 119360/183187 premises
  Processed 119680/183187 premises
  Processed 120000/183187 premises
  Processed 120320/183187 premises
  Processed 120640/183187 premises
  Processed 120960/183187 premises
  Processed 121280/183187 premises
  Processed 121600/183187 premises
  Processed 121920/183187 premises
  Processed 122240/183187 premises
  Processed 122560/183187 premises
  Processed 122880/183187 premises
  Processed 123200/183187 premises
  Processed 123520/183187 premises
  Processed 123840/183187 premises
  Processed 124160/183187 premises
  Processed 124480/183187 premises
  Processed 124800/183187 premises
  Processed 125120/183187 premises
  Processed 125440/183187 premises
  Processed 125760/183187 premises
  Processed 126080/183187 premises
  Processed 126400/183187 premises
  Processed 126720/183187 premises
  Processed 127040/183187 premises
  Processed 127360/183187 premises
  Processed 127680/183187 premises
  Processed 128000/183187 premises
  Processed 128320/183187 premises
  Processed 128640/183187 premises
  Processed 128960/183187 premises
  Processed 129280/183187 premises
  Processed 129600/183187 premises
  Processed 129920/183187 premises
  Processed 130240/183187 premises
  Processed 130560/183187 premises
  Processed 130880/183187 premises
  Processed 131200/183187 premises
  Processed 131520/183187 premises
  Processed 131840/183187 premises
  Processed 132160/183187 premises
  Processed 132480/183187 premises
  Processed 132800/183187 premises
  Processed 133120/183187 premises
  Processed 133440/183187 premises
  Processed 133760/183187 premises
  Processed 134080/183187 premises
  Processed 134400/183187 premises
  Processed 134720/183187 premises
  Processed 135040/183187 premises
  Processed 135360/183187 premises
  Processed 135680/183187 premises
  Processed 136000/183187 premises
  Processed 136320/183187 premises
  Processed 136640/183187 premises
  Processed 136960/183187 premises
  Processed 137280/183187 premises
  Processed 137600/183187 premises
  Processed 137920/183187 premises
  Processed 138240/183187 premises
  Processed 138560/183187 premises
  Processed 138880/183187 premises
  Processed 139200/183187 premises
  Processed 139520/183187 premises
  Processed 139840/183187 premises
  Processed 140160/183187 premises
  Processed 140480/183187 premises
  Processed 140800/183187 premises
  Processed 141120/183187 premises
  Processed 141440/183187 premises
  Processed 141760/183187 premises
  Processed 142080/183187 premises
  Processed 142400/183187 premises
  Processed 142720/183187 premises
  Processed 143040/183187 premises
  Processed 143360/183187 premises
  Processed 143680/183187 premises
  Processed 144000/183187 premises
  Processed 144320/183187 premises
  Processed 144640/183187 premises
  Processed 144960/183187 premises
  Processed 145280/183187 premises
  Processed 145600/183187 premises
  Processed 145920/183187 premises
  Processed 146240/183187 premises
  Processed 146560/183187 premises
  Processed 146880/183187 premises
  Processed 147200/183187 premises
  Processed 147520/183187 premises
  Processed 147840/183187 premises
  Processed 148160/183187 premises
  Processed 148480/183187 premises
  Processed 148800/183187 premises
  Processed 149120/183187 premises
  Processed 149440/183187 premises
  Processed 149760/183187 premises
  Processed 150080/183187 premises
  Processed 150400/183187 premises
  Processed 150720/183187 premises
  Processed 151040/183187 premises
  Processed 151360/183187 premises
  Processed 151680/183187 premises
  Processed 152000/183187 premises
  Processed 152320/183187 premises
  Processed 152640/183187 premises
  Processed 152960/183187 premises
  Processed 153280/183187 premises
  Processed 153600/183187 premises
  Processed 153920/183187 premises
  Processed 154240/183187 premises
  Processed 154560/183187 premises
  Processed 154880/183187 premises
  Processed 155200/183187 premises
  Processed 155520/183187 premises
  Processed 155840/183187 premises
  Processed 156160/183187 premises
  Processed 156480/183187 premises
  Processed 156800/183187 premises
  Processed 157120/183187 premises
  Processed 157440/183187 premises
  Processed 157760/183187 premises
  Processed 158080/183187 premises
  Processed 158400/183187 premises
  Processed 158720/183187 premises
  Processed 159040/183187 premises
  Processed 159360/183187 premises
  Processed 159680/183187 premises
  Processed 160000/183187 premises
  Processed 160320/183187 premises
  Processed 160640/183187 premises
  Processed 160960/183187 premises
  Processed 161280/183187 premises
  Processed 161600/183187 premises
  Processed 161920/183187 premises
  Processed 162240/183187 premises
  Processed 162560/183187 premises
  Processed 162880/183187 premises
  Processed 163200/183187 premises
  Processed 163520/183187 premises
  Processed 163840/183187 premises
  Processed 164160/183187 premises
  Processed 164480/183187 premises
  Processed 164800/183187 premises
  Processed 165120/183187 premises
  Processed 165440/183187 premises
  Processed 165760/183187 premises
  Processed 166080/183187 premises
  Processed 166400/183187 premises
  Processed 166720/183187 premises
  Processed 167040/183187 premises
  Processed 167360/183187 premises
  Processed 167680/183187 premises
  Processed 168000/183187 premises
  Processed 168320/183187 premises
  Processed 168640/183187 premises
  Processed 168960/183187 premises
  Processed 169280/183187 premises
  Processed 169600/183187 premises
  Processed 169920/183187 premises
  Processed 170240/183187 premises
  Processed 170560/183187 premises
  Processed 170880/183187 premises
  Processed 171200/183187 premises
  Processed 171520/183187 premises
  Processed 171840/183187 premises
  Processed 172160/183187 premises
  Processed 172480/183187 premises
  Processed 172800/183187 premises
  Processed 173120/183187 premises
  Processed 173440/183187 premises
  Processed 173760/183187 premises
  Processed 174080/183187 premises
  Processed 174400/183187 premises
  Processed 174720/183187 premises
  Processed 175040/183187 premises
  Processed 175360/183187 premises
  Processed 175680/183187 premises
  Processed 176000/183187 premises
  Processed 176320/183187 premises
  Processed 176640/183187 premises
  Processed 176960/183187 premises
  Processed 177280/183187 premises
  Processed 177600/183187 premises
  Processed 177920/183187 premises
  Processed 178240/183187 premises
  Processed 178560/183187 premises
  Processed 178880/183187 premises
  Processed 179200/183187 premises
  Processed 179520/183187 premises
  Processed 179840/183187 premises
  Processed 180160/183187 premises
  Processed 180480/183187 premises
  Processed 180800/183187 premises
  Processed 181120/183187 premises
  Processed 181440/183187 premises
  Processed 181760/183187 premises
  Processed 182080/183187 premises
  Processed 182400/183187 premises
  Processed 182720/183187 premises
  Processed 183040/183187 premises
Encoding 183187 hypotheses...
  Processed 320/183187 hypotheses
  Processed 640/183187 hypotheses
  Processed 960/183187 hypotheses
  Processed 1280/183187 hypotheses
  Processed 1600/183187 hypotheses
  Processed 1920/183187 hypotheses
  Processed 2240/183187 hypotheses
  Processed 2560/183187 hypotheses
  Processed 2880/183187 hypotheses
  Processed 3200/183187 hypotheses
  Processed 3520/183187 hypotheses
  Processed 3840/183187 hypotheses
  Processed 4160/183187 hypotheses
  Processed 4480/183187 hypotheses
  Processed 4800/183187 hypotheses
  Processed 5120/183187 hypotheses
  Processed 5440/183187 hypotheses
  Processed 5760/183187 hypotheses
  Processed 6080/183187 hypotheses
  Processed 6400/183187 hypotheses
  Processed 6720/183187 hypotheses
  Processed 7040/183187 hypotheses
  Processed 7360/183187 hypotheses
  Processed 7680/183187 hypotheses
  Processed 8000/183187 hypotheses
  Processed 8320/183187 hypotheses
  Processed 8640/183187 hypotheses
  Processed 8960/183187 hypotheses
  Processed 9280/183187 hypotheses
  Processed 9600/183187 hypotheses
  Processed 9920/183187 hypotheses
  Processed 10240/183187 hypotheses
  Processed 10560/183187 hypotheses
  Processed 10880/183187 hypotheses
  Processed 11200/183187 hypotheses
  Processed 11520/183187 hypotheses
  Processed 11840/183187 hypotheses
  Processed 12160/183187 hypotheses
  Processed 12480/183187 hypotheses
  Processed 12800/183187 hypotheses
  Processed 13120/183187 hypotheses
  Processed 13440/183187 hypotheses
  Processed 13760/183187 hypotheses
  Processed 14080/183187 hypotheses
  Processed 14400/183187 hypotheses
  Processed 14720/183187 hypotheses
  Processed 15040/183187 hypotheses
  Processed 15360/183187 hypotheses
  Processed 15680/183187 hypotheses
  Processed 16000/183187 hypotheses
  Processed 16320/183187 hypotheses
  Processed 16640/183187 hypotheses
  Processed 16960/183187 hypotheses
  Processed 17280/183187 hypotheses
  Processed 17600/183187 hypotheses
  Processed 17920/183187 hypotheses
  Processed 18240/183187 hypotheses
  Processed 18560/183187 hypotheses
  Processed 18880/183187 hypotheses
  Processed 19200/183187 hypotheses
  Processed 19520/183187 hypotheses
  Processed 19840/183187 hypotheses
  Processed 20160/183187 hypotheses
  Processed 20480/183187 hypotheses
  Processed 20800/183187 hypotheses
  Processed 21120/183187 hypotheses
  Processed 21440/183187 hypotheses
  Processed 21760/183187 hypotheses
  Processed 22080/183187 hypotheses
  Processed 22400/183187 hypotheses
  Processed 22720/183187 hypotheses
  Processed 23040/183187 hypotheses
  Processed 23360/183187 hypotheses
  Processed 23680/183187 hypotheses
  Processed 24000/183187 hypotheses
  Processed 24320/183187 hypotheses
  Processed 24640/183187 hypotheses
  Processed 24960/183187 hypotheses
  Processed 25280/183187 hypotheses
  Processed 25600/183187 hypotheses
  Processed 25920/183187 hypotheses
  Processed 26240/183187 hypotheses
  Processed 26560/183187 hypotheses
  Processed 26880/183187 hypotheses
  Processed 27200/183187 hypotheses
  Processed 27520/183187 hypotheses
  Processed 27840/183187 hypotheses
  Processed 28160/183187 hypotheses
  Processed 28480/183187 hypotheses
  Processed 28800/183187 hypotheses
  Processed 29120/183187 hypotheses
  Processed 29440/183187 hypotheses
  Processed 29760/183187 hypotheses
  Processed 30080/183187 hypotheses
  Processed 30400/183187 hypotheses
  Processed 30720/183187 hypotheses
  Processed 31040/183187 hypotheses
  Processed 31360/183187 hypotheses
  Processed 31680/183187 hypotheses
  Processed 32000/183187 hypotheses
  Processed 32320/183187 hypotheses
  Processed 32640/183187 hypotheses
  Processed 32960/183187 hypotheses
  Processed 33280/183187 hypotheses
  Processed 33600/183187 hypotheses
  Processed 33920/183187 hypotheses
  Processed 34240/183187 hypotheses
  Processed 34560/183187 hypotheses
  Processed 34880/183187 hypotheses
  Processed 35200/183187 hypotheses
  Processed 35520/183187 hypotheses
  Processed 35840/183187 hypotheses
  Processed 36160/183187 hypotheses
  Processed 36480/183187 hypotheses
  Processed 36800/183187 hypotheses
  Processed 37120/183187 hypotheses
  Processed 37440/183187 hypotheses
  Processed 37760/183187 hypotheses
  Processed 38080/183187 hypotheses
  Processed 38400/183187 hypotheses
  Processed 38720/183187 hypotheses
  Processed 39040/183187 hypotheses
  Processed 39360/183187 hypotheses
  Processed 39680/183187 hypotheses
  Processed 40000/183187 hypotheses
  Processed 40320/183187 hypotheses
  Processed 40640/183187 hypotheses
  Processed 40960/183187 hypotheses
  Processed 41280/183187 hypotheses
  Processed 41600/183187 hypotheses
  Processed 41920/183187 hypotheses
  Processed 42240/183187 hypotheses
  Processed 42560/183187 hypotheses
  Processed 42880/183187 hypotheses
  Processed 43200/183187 hypotheses
  Processed 43520/183187 hypotheses
  Processed 43840/183187 hypotheses
  Processed 44160/183187 hypotheses
  Processed 44480/183187 hypotheses
  Processed 44800/183187 hypotheses
  Processed 45120/183187 hypotheses
  Processed 45440/183187 hypotheses
  Processed 45760/183187 hypotheses
  Processed 46080/183187 hypotheses
  Processed 46400/183187 hypotheses
  Processed 46720/183187 hypotheses
  Processed 47040/183187 hypotheses
  Processed 47360/183187 hypotheses
  Processed 47680/183187 hypotheses
  Processed 48000/183187 hypotheses
  Processed 48320/183187 hypotheses
  Processed 48640/183187 hypotheses
  Processed 48960/183187 hypotheses
  Processed 49280/183187 hypotheses
  Processed 49600/183187 hypotheses
  Processed 49920/183187 hypotheses
  Processed 50240/183187 hypotheses
  Processed 50560/183187 hypotheses
  Processed 50880/183187 hypotheses
  Processed 51200/183187 hypotheses
  Processed 51520/183187 hypotheses
  Processed 51840/183187 hypotheses
  Processed 52160/183187 hypotheses
  Processed 52480/183187 hypotheses
  Processed 52800/183187 hypotheses
  Processed 53120/183187 hypotheses
  Processed 53440/183187 hypotheses
  Processed 53760/183187 hypotheses
  Processed 54080/183187 hypotheses
  Processed 54400/183187 hypotheses
  Processed 54720/183187 hypotheses
  Processed 55040/183187 hypotheses
  Processed 55360/183187 hypotheses
  Processed 55680/183187 hypotheses
  Processed 56000/183187 hypotheses
  Processed 56320/183187 hypotheses
  Processed 56640/183187 hypotheses
  Processed 56960/183187 hypotheses
  Processed 57280/183187 hypotheses
  Processed 57600/183187 hypotheses
  Processed 57920/183187 hypotheses
  Processed 58240/183187 hypotheses
  Processed 58560/183187 hypotheses
  Processed 58880/183187 hypotheses
  Processed 59200/183187 hypotheses
  Processed 59520/183187 hypotheses
  Processed 59840/183187 hypotheses
  Processed 60160/183187 hypotheses
  Processed 60480/183187 hypotheses
  Processed 60800/183187 hypotheses
  Processed 61120/183187 hypotheses
  Processed 61440/183187 hypotheses
  Processed 61760/183187 hypotheses
  Processed 62080/183187 hypotheses
  Processed 62400/183187 hypotheses
  Processed 62720/183187 hypotheses
  Processed 63040/183187 hypotheses
  Processed 63360/183187 hypotheses
  Processed 63680/183187 hypotheses
  Processed 64000/183187 hypotheses
  Processed 64320/183187 hypotheses
  Processed 64640/183187 hypotheses
  Processed 64960/183187 hypotheses
  Processed 65280/183187 hypotheses
  Processed 65600/183187 hypotheses
  Processed 65920/183187 hypotheses
  Processed 66240/183187 hypotheses
  Processed 66560/183187 hypotheses
  Processed 66880/183187 hypotheses
  Processed 67200/183187 hypotheses
  Processed 67520/183187 hypotheses
  Processed 67840/183187 hypotheses
  Processed 68160/183187 hypotheses
  Processed 68480/183187 hypotheses
  Processed 68800/183187 hypotheses
  Processed 69120/183187 hypotheses
  Processed 69440/183187 hypotheses
  Processed 69760/183187 hypotheses
  Processed 70080/183187 hypotheses
  Processed 70400/183187 hypotheses
  Processed 70720/183187 hypotheses
  Processed 71040/183187 hypotheses
  Processed 71360/183187 hypotheses
  Processed 71680/183187 hypotheses
  Processed 72000/183187 hypotheses
  Processed 72320/183187 hypotheses
  Processed 72640/183187 hypotheses
  Processed 72960/183187 hypotheses
  Processed 73280/183187 hypotheses
  Processed 73600/183187 hypotheses
  Processed 73920/183187 hypotheses
  Processed 74240/183187 hypotheses
  Processed 74560/183187 hypotheses
  Processed 74880/183187 hypotheses
  Processed 75200/183187 hypotheses
  Processed 75520/183187 hypotheses
  Processed 75840/183187 hypotheses
  Processed 76160/183187 hypotheses
  Processed 76480/183187 hypotheses
  Processed 76800/183187 hypotheses
  Processed 77120/183187 hypotheses
  Processed 77440/183187 hypotheses
  Processed 77760/183187 hypotheses
  Processed 78080/183187 hypotheses
  Processed 78400/183187 hypotheses
  Processed 78720/183187 hypotheses
  Processed 79040/183187 hypotheses
  Processed 79360/183187 hypotheses
  Processed 79680/183187 hypotheses
  Processed 80000/183187 hypotheses
  Processed 80320/183187 hypotheses
  Processed 80640/183187 hypotheses
  Processed 80960/183187 hypotheses
  Processed 81280/183187 hypotheses
  Processed 81600/183187 hypotheses
  Processed 81920/183187 hypotheses
  Processed 82240/183187 hypotheses
  Processed 82560/183187 hypotheses
  Processed 82880/183187 hypotheses
  Processed 83200/183187 hypotheses
  Processed 83520/183187 hypotheses
  Processed 83840/183187 hypotheses
  Processed 84160/183187 hypotheses
  Processed 84480/183187 hypotheses
  Processed 84800/183187 hypotheses
  Processed 85120/183187 hypotheses
  Processed 85440/183187 hypotheses
  Processed 85760/183187 hypotheses
  Processed 86080/183187 hypotheses
  Processed 86400/183187 hypotheses
  Processed 86720/183187 hypotheses
  Processed 87040/183187 hypotheses
  Processed 87360/183187 hypotheses
  Processed 87680/183187 hypotheses
  Processed 88000/183187 hypotheses
  Processed 88320/183187 hypotheses
  Processed 88640/183187 hypotheses
  Processed 88960/183187 hypotheses
  Processed 89280/183187 hypotheses
  Processed 89600/183187 hypotheses
  Processed 89920/183187 hypotheses
  Processed 90240/183187 hypotheses
  Processed 90560/183187 hypotheses
  Processed 90880/183187 hypotheses
  Processed 91200/183187 hypotheses
  Processed 91520/183187 hypotheses
  Processed 91840/183187 hypotheses
  Processed 92160/183187 hypotheses
  Processed 92480/183187 hypotheses
  Processed 92800/183187 hypotheses
  Processed 93120/183187 hypotheses
  Processed 93440/183187 hypotheses
  Processed 93760/183187 hypotheses
  Processed 94080/183187 hypotheses
  Processed 94400/183187 hypotheses
  Processed 94720/183187 hypotheses
  Processed 95040/183187 hypotheses
  Processed 95360/183187 hypotheses
  Processed 95680/183187 hypotheses
  Processed 96000/183187 hypotheses
  Processed 96320/183187 hypotheses
  Processed 96640/183187 hypotheses
  Processed 96960/183187 hypotheses
  Processed 97280/183187 hypotheses
  Processed 97600/183187 hypotheses
  Processed 97920/183187 hypotheses
  Processed 98240/183187 hypotheses
  Processed 98560/183187 hypotheses
  Processed 98880/183187 hypotheses
  Processed 99200/183187 hypotheses
  Processed 99520/183187 hypotheses
  Processed 99840/183187 hypotheses
  Processed 100160/183187 hypotheses
  Processed 100480/183187 hypotheses
  Processed 100800/183187 hypotheses
  Processed 101120/183187 hypotheses
  Processed 101440/183187 hypotheses
  Processed 101760/183187 hypotheses
  Processed 102080/183187 hypotheses
  Processed 102400/183187 hypotheses
  Processed 102720/183187 hypotheses
  Processed 103040/183187 hypotheses
  Processed 103360/183187 hypotheses
  Processed 103680/183187 hypotheses
  Processed 104000/183187 hypotheses
  Processed 104320/183187 hypotheses
  Processed 104640/183187 hypotheses
  Processed 104960/183187 hypotheses
  Processed 105280/183187 hypotheses
  Processed 105600/183187 hypotheses
  Processed 105920/183187 hypotheses
  Processed 106240/183187 hypotheses
  Processed 106560/183187 hypotheses
  Processed 106880/183187 hypotheses
  Processed 107200/183187 hypotheses
  Processed 107520/183187 hypotheses
  Processed 107840/183187 hypotheses
  Processed 108160/183187 hypotheses
  Processed 108480/183187 hypotheses
  Processed 108800/183187 hypotheses
  Processed 109120/183187 hypotheses
  Processed 109440/183187 hypotheses
  Processed 109760/183187 hypotheses
  Processed 110080/183187 hypotheses
  Processed 110400/183187 hypotheses
  Processed 110720/183187 hypotheses
  Processed 111040/183187 hypotheses
  Processed 111360/183187 hypotheses
  Processed 111680/183187 hypotheses
  Processed 112000/183187 hypotheses
  Processed 112320/183187 hypotheses
  Processed 112640/183187 hypotheses
  Processed 112960/183187 hypotheses
  Processed 113280/183187 hypotheses
  Processed 113600/183187 hypotheses
  Processed 113920/183187 hypotheses
  Processed 114240/183187 hypotheses
  Processed 114560/183187 hypotheses
  Processed 114880/183187 hypotheses
  Processed 115200/183187 hypotheses
  Processed 115520/183187 hypotheses
  Processed 115840/183187 hypotheses
  Processed 116160/183187 hypotheses
  Processed 116480/183187 hypotheses
  Processed 116800/183187 hypotheses
  Processed 117120/183187 hypotheses
  Processed 117440/183187 hypotheses
  Processed 117760/183187 hypotheses
  Processed 118080/183187 hypotheses
  Processed 118400/183187 hypotheses
  Processed 118720/183187 hypotheses
  Processed 119040/183187 hypotheses
  Processed 119360/183187 hypotheses
  Processed 119680/183187 hypotheses
  Processed 120000/183187 hypotheses
  Processed 120320/183187 hypotheses
  Processed 120640/183187 hypotheses
  Processed 120960/183187 hypotheses
  Processed 121280/183187 hypotheses
  Processed 121600/183187 hypotheses
  Processed 121920/183187 hypotheses
  Processed 122240/183187 hypotheses
  Processed 122560/183187 hypotheses
  Processed 122880/183187 hypotheses
  Processed 123200/183187 hypotheses
  Processed 123520/183187 hypotheses
  Processed 123840/183187 hypotheses
  Processed 124160/183187 hypotheses
  Processed 124480/183187 hypotheses
  Processed 124800/183187 hypotheses
  Processed 125120/183187 hypotheses
  Processed 125440/183187 hypotheses
  Processed 125760/183187 hypotheses
  Processed 126080/183187 hypotheses
  Processed 126400/183187 hypotheses
  Processed 126720/183187 hypotheses
  Processed 127040/183187 hypotheses
  Processed 127360/183187 hypotheses
  Processed 127680/183187 hypotheses
  Processed 128000/183187 hypotheses
  Processed 128320/183187 hypotheses
  Processed 128640/183187 hypotheses
  Processed 128960/183187 hypotheses
  Processed 129280/183187 hypotheses
  Processed 129600/183187 hypotheses
  Processed 129920/183187 hypotheses
  Processed 130240/183187 hypotheses
  Processed 130560/183187 hypotheses
  Processed 130880/183187 hypotheses
  Processed 131200/183187 hypotheses
  Processed 131520/183187 hypotheses
  Processed 131840/183187 hypotheses
  Processed 132160/183187 hypotheses
  Processed 132480/183187 hypotheses
  Processed 132800/183187 hypotheses
  Processed 133120/183187 hypotheses
  Processed 133440/183187 hypotheses
  Processed 133760/183187 hypotheses
  Processed 134080/183187 hypotheses
  Processed 134400/183187 hypotheses
  Processed 134720/183187 hypotheses
  Processed 135040/183187 hypotheses
  Processed 135360/183187 hypotheses
  Processed 135680/183187 hypotheses
  Processed 136000/183187 hypotheses
  Processed 136320/183187 hypotheses
  Processed 136640/183187 hypotheses
  Processed 136960/183187 hypotheses
  Processed 137280/183187 hypotheses
  Processed 137600/183187 hypotheses
  Processed 137920/183187 hypotheses
  Processed 138240/183187 hypotheses
  Processed 138560/183187 hypotheses
  Processed 138880/183187 hypotheses
  Processed 139200/183187 hypotheses
  Processed 139520/183187 hypotheses
  Processed 139840/183187 hypotheses
  Processed 140160/183187 hypotheses
  Processed 140480/183187 hypotheses
  Processed 140800/183187 hypotheses
  Processed 141120/183187 hypotheses
  Processed 141440/183187 hypotheses
  Processed 141760/183187 hypotheses
  Processed 142080/183187 hypotheses
  Processed 142400/183187 hypotheses
  Processed 142720/183187 hypotheses
  Processed 143040/183187 hypotheses
  Processed 143360/183187 hypotheses
  Processed 143680/183187 hypotheses
  Processed 144000/183187 hypotheses
  Processed 144320/183187 hypotheses
  Processed 144640/183187 hypotheses
  Processed 144960/183187 hypotheses
  Processed 145280/183187 hypotheses
  Processed 145600/183187 hypotheses
  Processed 145920/183187 hypotheses
  Processed 146240/183187 hypotheses
  Processed 146560/183187 hypotheses
  Processed 146880/183187 hypotheses
  Processed 147200/183187 hypotheses
  Processed 147520/183187 hypotheses
  Processed 147840/183187 hypotheses
  Processed 148160/183187 hypotheses
  Processed 148480/183187 hypotheses
  Processed 148800/183187 hypotheses
  Processed 149120/183187 hypotheses
  Processed 149440/183187 hypotheses
  Processed 149760/183187 hypotheses
  Processed 150080/183187 hypotheses
  Processed 150400/183187 hypotheses
  Processed 150720/183187 hypotheses
  Processed 151040/183187 hypotheses
  Processed 151360/183187 hypotheses
  Processed 151680/183187 hypotheses
  Processed 152000/183187 hypotheses
  Processed 152320/183187 hypotheses
  Processed 152640/183187 hypotheses
  Processed 152960/183187 hypotheses
  Processed 153280/183187 hypotheses
  Processed 153600/183187 hypotheses
  Processed 153920/183187 hypotheses
  Processed 154240/183187 hypotheses
  Processed 154560/183187 hypotheses
  Processed 154880/183187 hypotheses
  Processed 155200/183187 hypotheses
  Processed 155520/183187 hypotheses
  Processed 155840/183187 hypotheses
  Processed 156160/183187 hypotheses
  Processed 156480/183187 hypotheses
  Processed 156800/183187 hypotheses
  Processed 157120/183187 hypotheses
  Processed 157440/183187 hypotheses
  Processed 157760/183187 hypotheses
  Processed 158080/183187 hypotheses
  Processed 158400/183187 hypotheses
  Processed 158720/183187 hypotheses
  Processed 159040/183187 hypotheses
  Processed 159360/183187 hypotheses
  Processed 159680/183187 hypotheses
  Processed 160000/183187 hypotheses
  Processed 160320/183187 hypotheses
  Processed 160640/183187 hypotheses
  Processed 160960/183187 hypotheses
  Processed 161280/183187 hypotheses
  Processed 161600/183187 hypotheses
  Processed 161920/183187 hypotheses
  Processed 162240/183187 hypotheses
  Processed 162560/183187 hypotheses
  Processed 162880/183187 hypotheses
  Processed 163200/183187 hypotheses
  Processed 163520/183187 hypotheses
  Processed 163840/183187 hypotheses
  Processed 164160/183187 hypotheses
  Processed 164480/183187 hypotheses
  Processed 164800/183187 hypotheses
  Processed 165120/183187 hypotheses
  Processed 165440/183187 hypotheses
  Processed 165760/183187 hypotheses
  Processed 166080/183187 hypotheses
  Processed 166400/183187 hypotheses
  Processed 166720/183187 hypotheses
  Processed 167040/183187 hypotheses
  Processed 167360/183187 hypotheses
  Processed 167680/183187 hypotheses
  Processed 168000/183187 hypotheses
  Processed 168320/183187 hypotheses
  Processed 168640/183187 hypotheses
  Processed 168960/183187 hypotheses
  Processed 169280/183187 hypotheses
  Processed 169600/183187 hypotheses
  Processed 169920/183187 hypotheses
  Processed 170240/183187 hypotheses
  Processed 170560/183187 hypotheses
  Processed 170880/183187 hypotheses
  Processed 171200/183187 hypotheses
  Processed 171520/183187 hypotheses
  Processed 171840/183187 hypotheses
  Processed 172160/183187 hypotheses
  Processed 172480/183187 hypotheses
  Processed 172800/183187 hypotheses
  Processed 173120/183187 hypotheses
  Processed 173440/183187 hypotheses
  Processed 173760/183187 hypotheses
  Processed 174080/183187 hypotheses
  Processed 174400/183187 hypotheses
  Processed 174720/183187 hypotheses
  Processed 175040/183187 hypotheses
  Processed 175360/183187 hypotheses
  Processed 175680/183187 hypotheses
  Processed 176000/183187 hypotheses
  Processed 176320/183187 hypotheses
  Processed 176640/183187 hypotheses
  Processed 176960/183187 hypotheses
  Processed 177280/183187 hypotheses
  Processed 177600/183187 hypotheses
  Processed 177920/183187 hypotheses
  Processed 178240/183187 hypotheses
  Processed 178560/183187 hypotheses
  Processed 178880/183187 hypotheses
  Processed 179200/183187 hypotheses
  Processed 179520/183187 hypotheses
  Processed 179840/183187 hypotheses
  Processed 180160/183187 hypotheses
  Processed 180480/183187 hypotheses
  Processed 180800/183187 hypotheses
  Processed 181120/183187 hypotheses
  Processed 181440/183187 hypotheses
  Processed 181760/183187 hypotheses
  Processed 182080/183187 hypotheses
  Processed 182400/183187 hypotheses
  Processed 182720/183187 hypotheses
  Processed 183040/183187 hypotheses

Premise embedding shape: (183187, 768)
Hypothesis embedding shape: (183187, 768)
Concatenated embedding shape: (183187, 1536)

================================================================================
SAVING ENCODED DATA
================================================================================

Data saved to: /vol/bitbucket/ahb24/tda_entailment_new/contradictions_only/contradiction_embeddings_SBERT.pt
Total contradiction samples: 183187
Embedding dimension: 1536

You can now use this file for clustering experiments.
================================================================================

Analysis completed with exit code: 0
Time: Sun 18 Jan 19:19:02 GMT 2026

=== ANALYSIS SUCCESSFUL ===


Job finished.
