Job ID: 203984
Node: parrot
Time: Wed 17 Sep 21:35:25 BST 2025
Loading CUDA...
Activating conda environment...
Activated conda environment: /vol/bitbucket/ahb24/tda_entailment_new
Python location: /vol/bitbucket/ahb24/tda_entailment_new/bin/python
Checking GPU availability...
Wed Sep 17 21:35:28 2025       
+-----------------------------------------------------------------------------------------+
| NVIDIA-SMI 570.133.07             Driver Version: 570.133.07     CUDA Version: 12.8     |
|-----------------------------------------+------------------------+----------------------+
| GPU  Name                 Persistence-M | Bus-Id          Disp.A | Volatile Uncorr. ECC |
| Fan  Temp   Perf          Pwr:Usage/Cap |           Memory-Usage | GPU-Util  Compute M. |
|                                         |                        |               MIG M. |
|=========================================+========================+======================|
|   0  NVIDIA A16                     Off |   00000000:98:00.0 Off |                    0 |
|  0%   35C    P8             15W /   62W |       0MiB /  15356MiB |      0%      Default |
|                                         |                        |                  N/A |
+-----------------------------------------+------------------------+----------------------+
                                                                                         
+-----------------------------------------------------------------------------------------+
| Processes:                                                                              |
|  GPU   GI   CI              PID   Type   Process name                        GPU Memory |
|        ID   ID                                                               Usage      |
|=========================================================================================|
|  No running processes found                                                             |
+-----------------------------------------------------------------------------------------+

Testing PyTorch and CUDA...
PyTorch version: 2.4.1
CUDA available: True
CUDA device: NVIDIA A16
GPU memory: 15.7 GB
PyTorch setup verified!

Starting Model training...

Loading trained model from MSc_Topology_Codebase/phd_method/chaosNLI_models/chaosnli_persistence_cnn.pt
Model loaded - Best val acc: 0.694
================================================================================
CHAOSNLI IMPROVEMENT ANALYSIS
================================================================================
Loading ChaosNLI datasets...
Loading text data from ChaosNLI/data/chaosNLI_v1.0.jsonl
Warning: Text file not found at ChaosNLI/data/chaosNLI_v1.0.jsonl
You may need to download the ChaosNLI dataset
  snli: Matched 1514 texts
  mnli: Matched 1599 texts
Loaded ChaosNLI-S: 1514 samples
Loaded ChaosNLI-M: 1599 samples

============================================================
ANALYZING IMPROVEMENTS OVER: BERT-BASE
============================================================

Finding best examples for snli with bert-base
Loading published predictions from ChaosNLI/data/model_predictions/model_predictions_for_snli_mnli.json
Available baseline models: ['bert-base', 'xlnet-base', 'roberta-base', 'bert-large', 'xlnet-large', 'roberta-large', 'bart-large', 'albert-xxlarge', 'distilbert']
Getting topological predictions for 1514 samples
Best alpha for snli: 0.40
Found 5 entailment examples
Found 5 neutral examples
Found 5 contradiction examples

Finding best examples for mnli with bert-base
Loading published predictions from ChaosNLI/data/model_predictions/model_predictions_for_snli_mnli.json
Available baseline models: ['bert-base', 'xlnet-base', 'roberta-base', 'bert-large', 'xlnet-large', 'roberta-large', 'bart-large', 'albert-xxlarge', 'distilbert']
Getting topological predictions for 1599 samples
Best alpha for mnli: 0.70
Found 5 entailment examples
Found 5 neutral examples
Found 5 contradiction examples

============================================================
ANALYZING IMPROVEMENTS OVER: ROBERTA-BASE
============================================================

Finding best examples for snli with roberta-base
Loading published predictions from ChaosNLI/data/model_predictions/model_predictions_for_snli_mnli.json
Available baseline models: ['bert-base', 'xlnet-base', 'roberta-base', 'bert-large', 'xlnet-large', 'roberta-large', 'bart-large', 'albert-xxlarge', 'distilbert']
Getting topological predictions for 1514 samples
Best alpha for snli: 0.40
Found 5 entailment examples
Found 5 neutral examples
Found 5 contradiction examples

Finding best examples for mnli with roberta-base
Loading published predictions from ChaosNLI/data/model_predictions/model_predictions_for_snli_mnli.json
Available baseline models: ['bert-base', 'xlnet-base', 'roberta-base', 'bert-large', 'xlnet-large', 'roberta-large', 'bart-large', 'albert-xxlarge', 'distilbert']
Getting topological predictions for 1599 samples
Best alpha for mnli: 0.70
Found 5 entailment examples
Found 5 neutral examples
Found 5 contradiction examples

====================================================================================================
BEST IMPROVEMENT EXAMPLES SUMMARY
====================================================================================================

BERT-BASE IMPROVEMENTS:
--------------------------------------------------

SNLI:
  Entailment #1:
    JSD Improvement: 0.2386
    KL Improvement: 0.6628
    Alpha: 0.40
    Premise: [Text not found for 6952893010.jpg#2r1e]...
    Hypothesis: [Text not found for 6952893010.jpg#2r1e]...
    JSD: 0.5014 → 0.2629
    KL: 0.8902 → 0.2274

  Entailment #2:
    JSD Improvement: 0.2108
    KL Improvement: 1.0889
    Alpha: 0.40
    Premise: [Text not found for 435054077.jpg#1r1e]...
    Hypothesis: [Text not found for 435054077.jpg#1r1e]...
    JSD: 0.6556 → 0.4448
    KL: 1.7942 → 0.7053

  Entailment #3:
    JSD Improvement: 0.2084
    KL Improvement: 1.2412
    Alpha: 0.40
    Premise: [Text not found for 1425529973.jpg#2r1c]...
    Hypothesis: [Text not found for 1425529973.jpg#2r1c]...
    JSD: 0.5051 → 0.2968
    KL: 1.6440 → 0.4028

  Entailment #4:
    JSD Improvement: 0.2047
    KL Improvement: 1.0144
    Alpha: 0.40
    Premise: [Text not found for 2229179070.jpg#1r1e]...
    Hypothesis: [Text not found for 2229179070.jpg#1r1e]...
    JSD: 0.6016 → 0.3969
    KL: 1.5797 → 0.5654

  Entailment #5:
    JSD Improvement: 0.2001
    KL Improvement: 1.2164
    Alpha: 0.40
    Premise: [Text not found for 747921928.jpg#3r1n]...
    Hypothesis: [Text not found for 747921928.jpg#3r1n]...
    JSD: 0.4496 → 0.2495
    KL: 1.4889 → 0.2725

  Neutral #1:
    JSD Improvement: 0.3491
    KL Improvement: 0.8082
    Alpha: 0.40
    Premise: [Text not found for 3064443326.jpg#2r1n]...
    Hypothesis: [Text not found for 3064443326.jpg#2r1n]...
    JSD: 0.4181 → 0.0690
    KL: 0.8268 → 0.0186

  Neutral #2:
    JSD Improvement: 0.3145
    KL Improvement: 0.9913
    Alpha: 0.40
    Premise: [Text not found for 2097489021.jpg#0r1e]...
    Hypothesis: [Text not found for 2097489021.jpg#0r1e]...
    JSD: 0.4477 → 0.1332
    KL: 1.0643 → 0.0730

  Neutral #3:
    JSD Improvement: 0.2971
    KL Improvement: 0.6027
    Alpha: 0.40
    Premise: [Text not found for 7382482712.jpg#0r1n]...
    Hypothesis: [Text not found for 7382482712.jpg#0r1n]...
    JSD: 0.3869 → 0.0898
    KL: 0.6344 → 0.0318

  Neutral #4:
    JSD Improvement: 0.2636
    KL Improvement: 0.5142
    Alpha: 0.40
    Premise: [Text not found for 3447155358.jpg#3r1n]...
    Hypothesis: [Text not found for 3447155358.jpg#3r1n]...
    JSD: 0.3380 → 0.0744
    KL: 0.5337 → 0.0195

  Neutral #5:
    JSD Improvement: 0.2583
    KL Improvement: 0.9085
    Alpha: 0.40
    Premise: [Text not found for 761479953.jpg#2r1n]...
    Hypothesis: [Text not found for 761479953.jpg#2r1n]...
    JSD: 0.5549 → 0.2966
    KL: 1.2155 → 0.3070

  Contradiction #1:
    JSD Improvement: 0.2512
    KL Improvement: 0.5387
    Alpha: 0.40
    Premise: [Text not found for 4734535884.jpg#0r1c]...
    Hypothesis: [Text not found for 4734535884.jpg#0r1c]...
    JSD: 0.3984 → 0.1473
    KL: 0.6186 → 0.0799

  Contradiction #2:
    JSD Improvement: 0.2033
    KL Improvement: 0.2110
    Alpha: 0.40
    Premise: [Text not found for 2879991421.jpg#3r1c]...
    Hypothesis: [Text not found for 2879991421.jpg#3r1c]...
    JSD: 0.2143 → 0.0110
    KL: 0.2115 → 0.0005

  Contradiction #3:
    JSD Improvement: 0.1901
    KL Improvement: 1.2002
    Alpha: 0.40
    Premise: [Text not found for 3078844565.jpg#0r1c]...
    Hypothesis: [Text not found for 3078844565.jpg#0r1c]...
    JSD: 0.4459 → 0.2558
    KL: 1.4946 → 0.2944

  Contradiction #4:
    JSD Improvement: 0.1761
    KL Improvement: 1.1232
    Alpha: 0.40
    Premise: [Text not found for 381275595.jpg#1r1n]...
    Hypothesis: [Text not found for 381275595.jpg#1r1n]...
    JSD: 0.7116 → 0.5355
    KL: 2.2201 → 1.0969

  Contradiction #5:
    JSD Improvement: 0.1693
    KL Improvement: 0.6087
    Alpha: 0.40
    Premise: [Text not found for 7610925230.jpg#0r1n]...
    Hypothesis: [Text not found for 7610925230.jpg#0r1n]...
    JSD: 0.4912 → 0.3219
    KL: 0.9943 → 0.3856


MNLI:
  Entailment #1:
    JSD Improvement: 0.4240
    KL Improvement: 0.9911
    Alpha: 0.70
    Premise: [Text not found for 18428n]...
    Hypothesis: [Text not found for 18428n]...
    JSD: 0.4900 → 0.0660
    KL: 1.0076 → 0.0165

  Entailment #2:
    JSD Improvement: 0.3961
    KL Improvement: 1.3209
    Alpha: 0.70
    Premise: [Text not found for 37136n]...
    Hypothesis: [Text not found for 37136n]...
    JSD: 0.5032 → 0.1070
    KL: 1.3707 → 0.0498

  Entailment #3:
    JSD Improvement: 0.3955
    KL Improvement: 1.2296
    Alpha: 0.70
    Premise: [Text not found for 122020n]...
    Hypothesis: [Text not found for 122020n]...
    JSD: 0.4192 → 0.0237
    KL: 1.2317 → 0.0021

  Entailment #4:
    JSD Improvement: 0.3913
    KL Improvement: 2.8042
    Alpha: 0.70
    Premise: [Text not found for 39678e]...
    Hypothesis: [Text not found for 39678e]...
    JSD: 0.5414 → 0.1501
    KL: 2.8947 → 0.0905

  Entailment #5:
    JSD Improvement: 0.3768
    KL Improvement: 1.7350
    Alpha: 0.70
    Premise: [Text not found for 130869n]...
    Hypothesis: [Text not found for 130869n]...
    JSD: 0.5664 → 0.1896
    KL: 1.8691 → 0.1341

  Neutral #1:
    JSD Improvement: 0.4140
    KL Improvement: 1.6176
    Alpha: 0.70
    Premise: [Text not found for 62177n]...
    Hypothesis: [Text not found for 62177n]...
    JSD: 0.5274 → 0.1134
    KL: 1.6679 → 0.0504

  Neutral #2:
    JSD Improvement: 0.4000
    KL Improvement: 1.2020
    Alpha: 0.70
    Premise: [Text not found for 117576c]...
    Hypothesis: [Text not found for 117576c]...
    JSD: 0.5203 → 0.1204
    KL: 1.2606 → 0.0586

  Neutral #3:
    JSD Improvement: 0.3927
    KL Improvement: 1.7039
    Alpha: 0.70
    Premise: [Text not found for 104805e]...
    Hypothesis: [Text not found for 104805e]...
    JSD: 0.5842 → 0.1915
    KL: 1.8404 → 0.1365

  Neutral #4:
    JSD Improvement: 0.3829
    KL Improvement: 1.1189
    Alpha: 0.70
    Premise: [Text not found for 21702e]...
    Hypothesis: [Text not found for 21702e]...
    JSD: 0.4561 → 0.0732
    KL: 1.1404 → 0.0216

  Neutral #5:
    JSD Improvement: 0.3793
    KL Improvement: 3.2843
    Alpha: 0.70
    Premise: [Text not found for 45298e]...
    Hypothesis: [Text not found for 45298e]...
    JSD: 0.7591 → 0.3798
    KL: 3.8988 → 0.6146

  Contradiction #1:
    JSD Improvement: 0.5805
    KL Improvement: 2.2772
    Alpha: 0.70
    Premise: [Text not found for 126286e]...
    Hypothesis: [Text not found for 126286e]...
    JSD: 0.6110 → 0.0304
    KL: 2.2809 → 0.0037

  Contradiction #2:
    JSD Improvement: 0.4214
    KL Improvement: 1.7432
    Alpha: 0.70
    Premise: [Text not found for 66260c]...
    Hypothesis: [Text not found for 66260c]...
    JSD: 0.4576 → 0.0362
    KL: 1.7484 → 0.0052

  Contradiction #3:
    JSD Improvement: 0.3540
    KL Improvement: 0.9322
    Alpha: 0.70
    Premise: [Text not found for 121172c]...
    Hypothesis: [Text not found for 121172c]...
    JSD: 0.4497 → 0.0957
    KL: 0.9835 → 0.0513

  Contradiction #4:
    JSD Improvement: 0.3209
    KL Improvement: 0.8254
    Alpha: 0.70
    Premise: [Text not found for 3839c]...
    Hypothesis: [Text not found for 3839c]...
    JSD: 0.3612 → 0.0403
    KL: 0.8319 → 0.0066

  Contradiction #5:
    JSD Improvement: 0.3196
    KL Improvement: 1.0417
    Alpha: 0.70
    Premise: [Text not found for 115247c]...
    Hypothesis: [Text not found for 115247c]...
    JSD: 0.3917 → 0.0721
    KL: 1.0629 → 0.0212


ROBERTA-BASE IMPROVEMENTS:
--------------------------------------------------

SNLI:
  Entailment #1:
    JSD Improvement: 0.2148
    KL Improvement: 0.5652
    Alpha: 0.40
    Premise: [Text not found for 6952893010.jpg#2r1e]...
    Hypothesis: [Text not found for 6952893010.jpg#2r1e]...
    JSD: 0.4753 → 0.2605
    KL: 0.7887 → 0.2235

  Entailment #2:
    JSD Improvement: 0.2099
    KL Improvement: 0.3529
    Alpha: 0.40
    Premise: [Text not found for 98492339.jpg#3r1e]...
    Hypothesis: [Text not found for 98492339.jpg#3r1e]...
    JSD: 0.2938 → 0.0839
    KL: 0.3809 → 0.0279

  Entailment #3:
    JSD Improvement: 0.2082
    KL Improvement: 1.2645
    Alpha: 0.40
    Premise: [Text not found for 1425529973.jpg#2r1c]...
    Hypothesis: [Text not found for 1425529973.jpg#2r1c]...
    JSD: 0.5077 → 0.2995
    KL: 1.6729 → 0.4084

  Entailment #4:
    JSD Improvement: 0.1879
    KL Improvement: 0.3121
    Alpha: 0.40
    Premise: [Text not found for 2705099033.jpg#1r1e]...
    Hypothesis: [Text not found for 2705099033.jpg#1r1e]...
    JSD: 0.2447 → 0.0568
    KL: 0.3254 → 0.0133

  Entailment #5:
    JSD Improvement: 0.1864
    KL Improvement: 0.3264
    Alpha: 0.40
    Premise: [Text not found for 4661188536.jpg#1r1e]...
    Hypothesis: [Text not found for 4661188536.jpg#1r1e]...
    JSD: 0.2905 → 0.1041
    KL: 0.3695 → 0.0432

  Neutral #1:
    JSD Improvement: 0.3018
    KL Improvement: 1.0041
    Alpha: 0.40
    Premise: [Text not found for 628483212.jpg#4r1e]...
    Hypothesis: [Text not found for 628483212.jpg#4r1e]...
    JSD: 0.4532 → 0.1514
    KL: 1.0888 → 0.0847

  Neutral #2:
    JSD Improvement: 0.2855
    KL Improvement: 0.6650
    Alpha: 0.40
    Premise: [Text not found for 3447155358.jpg#3r1n]...
    Hypothesis: [Text not found for 3447155358.jpg#3r1n]...
    JSD: 0.3745 → 0.0890
    KL: 0.6951 → 0.0301

  Neutral #3:
    JSD Improvement: 0.2718
    KL Improvement: 0.8692
    Alpha: 0.40
    Premise: [Text not found for 4963720718.jpg#3r1e]...
    Hypothesis: [Text not found for 4963720718.jpg#3r1e]...
    JSD: 0.4232 → 0.1515
    KL: 0.9678 → 0.0986

  Neutral #4:
    JSD Improvement: 0.2687
    KL Improvement: 1.1526
    Alpha: 0.40
    Premise: [Text not found for 761479953.jpg#2r1n]...
    Hypothesis: [Text not found for 761479953.jpg#2r1n]...
    JSD: 0.5995 → 0.3308
    KL: 1.5284 → 0.3758

  Neutral #5:
    JSD Improvement: 0.2669
    KL Improvement: 0.5663
    Alpha: 0.40
    Premise: [Text not found for 7382482712.jpg#0r1n]...
    Hypothesis: [Text not found for 7382482712.jpg#0r1n]...
    JSD: 0.3719 → 0.1049
    KL: 0.6142 → 0.0479

  Contradiction #1:
    JSD Improvement: 0.3253
    KL Improvement: 0.5879
    Alpha: 0.40
    Premise: [Text not found for 2726887594.jpg#4r1c]...
    Hypothesis: [Text not found for 2726887594.jpg#4r1c]...
    JSD: 0.3940 → 0.0687
    KL: 0.6062 → 0.0183

  Contradiction #2:
    JSD Improvement: 0.2591
    KL Improvement: 1.7284
    Alpha: 0.40
    Premise: [Text not found for 2249783869.jpg#0r1c]...
    Hypothesis: [Text not found for 2249783869.jpg#0r1c]...
    JSD: 0.6947 → 0.4356
    KL: 2.3944 → 0.6660

  Contradiction #3:
    JSD Improvement: 0.2331
    KL Improvement: 0.8545
    Alpha: 0.40
    Premise: [Text not found for 3078844565.jpg#0r1c]...
    Hypothesis: [Text not found for 3078844565.jpg#0r1c]...
    JSD: 0.4036 → 0.1705
    KL: 0.9793 → 0.1247

  Contradiction #4:
    JSD Improvement: 0.2276
    KL Improvement: 0.4326
    Alpha: 0.40
    Premise: [Text not found for 1576185717.jpg#1r1n]...
    Hypothesis: [Text not found for 1576185717.jpg#1r1n]...
    JSD: 0.3144 → 0.0868
    KL: 0.4634 → 0.0309

  Contradiction #5:
    JSD Improvement: 0.2186
    KL Improvement: 0.7307
    Alpha: 0.40
    Premise: [Text not found for 3662271861.jpg#3r1c]...
    Hypothesis: [Text not found for 3662271861.jpg#3r1c]...
    JSD: 0.3343 → 0.1157
    KL: 0.7879 → 0.0572


MNLI:
  Entailment #1:
    JSD Improvement: 0.4697
    KL Improvement: 3.6488
    Alpha: 0.70
    Premise: [Text not found for 52171c]...
    Hypothesis: [Text not found for 52171c]...
    JSD: 0.7174 → 0.2477
    KL: 3.8776 → 0.2288

  Entailment #2:
    JSD Improvement: 0.4387
    KL Improvement: 1.1936
    Alpha: 0.70
    Premise: [Text not found for 89068n]...
    Hypothesis: [Text not found for 89068n]...
    JSD: 0.4746 → 0.0359
    KL: 1.1987 → 0.0051

  Entailment #3:
    JSD Improvement: 0.4058
    KL Improvement: 1.4520
    Alpha: 0.70
    Premise: [Text not found for 37136n]...
    Hypothesis: [Text not found for 37136n]...
    JSD: 0.5171 → 0.1112
    KL: 1.5031 → 0.0511

  Entailment #4:
    JSD Improvement: 0.4052
    KL Improvement: 1.2138
    Alpha: 0.70
    Premise: [Text not found for 122020n]...
    Hypothesis: [Text not found for 122020n]...
    JSD: 0.4237 → 0.0185
    KL: 1.2152 → 0.0014

  Entailment #5:
    JSD Improvement: 0.4014
    KL Improvement: 1.3792
    Alpha: 0.70
    Premise: [Text not found for 30648e]...
    Hypothesis: [Text not found for 30648e]...
    JSD: 0.5847 → 0.1833
    KL: 1.4968 → 0.1175

  Neutral #1:
    JSD Improvement: 0.4205
    KL Improvement: 1.7805
    Alpha: 0.70
    Premise: [Text not found for 107430n]...
    Hypothesis: [Text not found for 107430n]...
    JSD: 0.6326 → 0.2121
    KL: 1.9659 → 0.1854

  Neutral #2:
    JSD Improvement: 0.3962
    KL Improvement: 1.9332
    Alpha: 0.70
    Premise: [Text not found for 115593c]...
    Hypothesis: [Text not found for 115593c]...
    JSD: 0.4416 → 0.0455
    KL: 1.9415 → 0.0083

  Neutral #3:
    JSD Improvement: 0.3842
    KL Improvement: 1.2791
    Alpha: 0.70
    Premise: [Text not found for 62177n]...
    Hypothesis: [Text not found for 62177n]...
    JSD: 0.4755 → 0.0913
    KL: 1.3126 → 0.0336

  Neutral #4:
    JSD Improvement: 0.3757
    KL Improvement: 1.4376
    Alpha: 0.70
    Premise: [Text not found for 104805e]...
    Hypothesis: [Text not found for 104805e]...
    JSD: 0.5525 → 0.1768
    KL: 1.5549 → 0.1173

  Neutral #5:
    JSD Improvement: 0.3672
    KL Improvement: 1.0703
    Alpha: 0.70
    Premise: [Text not found for 102708e]...
    Hypothesis: [Text not found for 102708e]...
    JSD: 0.5118 → 0.1446
    KL: 1.1465 → 0.0762

  Contradiction #1:
    JSD Improvement: 0.5545
    KL Improvement: 2.3051
    Alpha: 0.70
    Premise: [Text not found for 126286e]...
    Hypothesis: [Text not found for 126286e]...
    JSD: 0.6026 → 0.0481
    KL: 2.3143 → 0.0092

  Contradiction #2:
    JSD Improvement: 0.4793
    KL Improvement: 2.0085
    Alpha: 0.70
    Premise: [Text not found for 81579c]...
    Hypothesis: [Text not found for 81579c]...
    JSD: 0.6371 → 0.1578
    KL: 2.0965 → 0.0880

  Contradiction #3:
    JSD Improvement: 0.3345
    KL Improvement: 0.7839
    Alpha: 0.70
    Premise: [Text not found for 60212c]...
    Hypothesis: [Text not found for 60212c]...
    JSD: 0.3714 → 0.0369
    KL: 0.7893 → 0.0054

  Contradiction #4:
    JSD Improvement: 0.3289
    KL Improvement: 1.0545
    Alpha: 0.70
    Premise: [Text not found for 43168c]...
    Hypothesis: [Text not found for 43168c]...
    JSD: 0.3467 → 0.0178
    KL: 1.0558 → 0.0012

  Contradiction #5:
    JSD Improvement: 0.3279
    KL Improvement: 1.6005
    Alpha: 0.70
    Premise: [Text not found for 105911n]...
    Hypothesis: [Text not found for 105911n]...
    JSD: 0.4778 → 0.1499
    KL: 1.7187 → 0.1183

Results saved to MSc_Topology_Codebase/phd_method/chaosNLI_individual_analysis/chaosnli_improvement_analysis.json

Improvement analysis completed!

Analysis completed with exit code: 0
Time: Wed 17 Sep 21:35:50 BST 2025

=== ANALYSIS SUCCESSFUL ===
Clustering successful!


Job finished.
