Job ID: 192617
Node: gpuvm12
Time: Sun 10 Aug 07:08:47 BST 2025
Loading CUDA...
Activating conda environment...
Activated conda environment: /vol/bitbucket/ahb24/tda_entailment_new
Python location: /vol/bitbucket/ahb24/tda_entailment_new/bin/python
Checking GPU availability...
Sun Aug 10 07:08:49 2025       
+-----------------------------------------------------------------------------------------+
| NVIDIA-SMI 570.133.07             Driver Version: 570.133.07     CUDA Version: 12.8     |
|-----------------------------------------+------------------------+----------------------+
| GPU  Name                 Persistence-M | Bus-Id          Disp.A | Volatile Uncorr. ECC |
| Fan  Temp   Perf          Pwr:Usage/Cap |           Memory-Usage | GPU-Util  Compute M. |
|                                         |                        |               MIG M. |
|=========================================+========================+======================|
|   0  NVIDIA A30                     Off |   00000000:01:00.0 Off |                    0 |
| N/A   31C    P0             29W /  165W |       0MiB /  24576MiB |      0%      Default |
|                                         |                        |             Disabled |
+-----------------------------------------+------------------------+----------------------+
                                                                                         
+-----------------------------------------------------------------------------------------+
| Processes:                                                                              |
|  GPU   GI   CI              PID   Type   Process name                        GPU Memory |
|        ID   ID                                                               Usage      |
|=========================================================================================|
|  No running processes found                                                             |
+-----------------------------------------------------------------------------------------+

Testing PyTorch and CUDA...
PyTorch version: 2.4.1
CUDA available: True
CUDA device: NVIDIA A30
GPU memory: 25.3 GB
PyTorch setup verified!

Starting Model training...

================================================================================
TESTING POINT CLOUD CLASSIFICATION ACCURACY  
================================================================================
Loading separate models...
Order model: MSc_Topology_Codebase/phd_method/models/separate_models/mnli_order_embedding_model_separate_margins.pt
Asymmetry model: MSc_Topology_Codebase/phd_method/models/separate_models/mnli_asymmetry_transform_model_(match_SNLI_v2).pt
Both models loaded on cuda
Order model training stats: Best val loss = 0.43731720269895075
Asymmetry model training stats: Best val loss = 0.9118523451861213
====================================================================================================
COMPREHENSIVE TOPOLOGICAL vs SBERT BASELINE COMPARISON
====================================================================================================

🔬 RUNNING TOPOLOGICAL APPROACH...
================================================================================
INTERPRETABLE TOPOLOGICAL FEATURE CLASSIFICATION
================================================================================
Loading training data...
