Traceback (most recent call last):
  File "/homes/ahb24/MSc_Topology_Codebase/phd_method/src_phd/order_asymmetry_models.py", line 1033, in <module>
    main()
  File "/homes/ahb24/MSc_Topology_Codebase/phd_method/src_phd/order_asymmetry_models.py", line 1006, in main
    order_model, order_trainer = train_order_embedding_model(
  File "/homes/ahb24/MSc_Topology_Codebase/phd_method/src_phd/order_asymmetry_models.py", line 496, in train_order_embedding_model
    train_loss = order_trainer.train_epoch(train_loader)
  File "/homes/ahb24/MSc_Topology_Codebase/phd_method/src_phd/order_asymmetry_models.py", line 208, in train_epoch
    sample_loss, _ = self.compute_vendrov_loss(premise_tokens, hypothesis_tokens, label)
  File "/homes/ahb24/MSc_Topology_Codebase/phd_method/src_phd/order_asymmetry_models.py", line 174, in compute_vendrov_loss
    premise_order = self.model(premise_tokens)
  File "/vol/bitbucket/ahb24/tda_entailment_new/lib/python3.10/site-packages/torch/nn/modules/module.py", line 1553, in _wrapped_call_impl
    return self._call_impl(*args, **kwargs)
  File "/vol/bitbucket/ahb24/tda_entailment_new/lib/python3.10/site-packages/torch/nn/modules/module.py", line 1562, in _call_impl
    return forward_call(*args, **kwargs)
  File "/homes/ahb24/MSc_Topology_Codebase/phd_method/src_phd/order_asymmetry_models.py", line 46, in forward
    return self.to_order_space(embeddings)
  File "/vol/bitbucket/ahb24/tda_entailment_new/lib/python3.10/site-packages/torch/nn/modules/module.py", line 1553, in _wrapped_call_impl
    return self._call_impl(*args, **kwargs)
  File "/vol/bitbucket/ahb24/tda_entailment_new/lib/python3.10/site-packages/torch/nn/modules/module.py", line 1562, in _call_impl
    return forward_call(*args, **kwargs)
  File "/vol/bitbucket/ahb24/tda_entailment_new/lib/python3.10/site-packages/torch/nn/modules/container.py", line 219, in forward
    input = module(input)
  File "/vol/bitbucket/ahb24/tda_entailment_new/lib/python3.10/site-packages/torch/nn/modules/module.py", line 1553, in _wrapped_call_impl
    return self._call_impl(*args, **kwargs)
  File "/vol/bitbucket/ahb24/tda_entailment_new/lib/python3.10/site-packages/torch/nn/modules/module.py", line 1562, in _call_impl
    return forward_call(*args, **kwargs)
  File "/vol/bitbucket/ahb24/tda_entailment_new/lib/python3.10/site-packages/torch/nn/modules/linear.py", line 117, in forward
    return F.linear(input, self.weight, self.bias)
RuntimeError: mat1 and mat2 shapes cannot be multiplied (27x1024 and 768x768)
