Job ID: 190817
Node: gpuvm16
Time: Wed  6 Aug 09:37:10 BST 2025
Loading CUDA...
Activating conda environment...
Activated conda environment: /vol/bitbucket/ahb24/tda_entailment_new
Python location: /vol/bitbucket/ahb24/tda_entailment_new/bin/python
Checking GPU availability...
Wed Aug  6 09:37:12 2025       
+-----------------------------------------------------------------------------------------+
| NVIDIA-SMI 570.133.07             Driver Version: 570.133.07     CUDA Version: 12.8     |
|-----------------------------------------+------------------------+----------------------+
| GPU  Name                 Persistence-M | Bus-Id          Disp.A | Volatile Uncorr. ECC |
| Fan  Temp   Perf          Pwr:Usage/Cap |           Memory-Usage | GPU-Util  Compute M. |
|                                         |                        |               MIG M. |
|=========================================+========================+======================|
|   0  Tesla T4                       Off |   00000000:00:07.0 Off |                    0 |
| N/A   36C    P8              9W /   70W |       0MiB /  15360MiB |      0%      Default |
|                                         |                        |                  N/A |
+-----------------------------------------+------------------------+----------------------+
                                                                                         
+-----------------------------------------------------------------------------------------+
| Processes:                                                                              |
|  GPU   GI   CI              PID   Type   Process name                        GPU Memory |
|        ID   ID                                                               Usage      |
|=========================================================================================|
|  No running processes found                                                             |
+-----------------------------------------------------------------------------------------+

Testing PyTorch and CUDA...
PyTorch version: 2.4.1
CUDA available: True
CUDA device: Tesla T4
GPU memory: 15.6 GB
PyTorch setup verified!

Starting Model training...

================================================================================
TESTING POINT CLOUD CLASSIFICATION ACCURACY  
================================================================================
Loading separate models...
Order model: MSc_Topology_Codebase/phd_method/models/separate_models/order_embedding_model_separate_margins.pt
Asymmetry model: MSc_Topology_Codebase/phd_method/models/separate_models/new_independent_asymmetry_transform_model_v2.pt
Both models loaded on cuda
Order model training stats: Best val loss = 0.3095578676823919
Asymmetry model training stats: Best val loss = 3.3644538818131413
================================================================================
INTERPRETABLE TOPOLOGICAL FEATURE CLASSIFICATION
================================================================================
Loading training data...
  entailment: 50214 total samples available
    Token filtering: 2986/50214 samples have ≥40 tokens
    After token filtering: 2986 samples
    Sampling down to 1000 samples with random_seed=42...
    Token count stats: 46 ± 7 (range: 40-104)
  neutral: 50069 total samples available
    Token filtering: 4211/50069 samples have ≥40 tokens
    After token filtering: 4211 samples
    Sampling down to 1000 samples with random_seed=42...
    Token count stats: 46 ± 7 (range: 40-111)
  contradiction: 49717 total samples available
    Token filtering: 3264/49717 samples have ≥40 tokens
    After token filtering: 3264 samples
    Sampling down to 1000 samples with random_seed=42...
    Token count stats: 45 ± 6 (range: 40-99)
Final loaded samples: {'entailment': 1000, 'neutral': 1000, 'contradiction': 1000}
Loading validation data...
  entailment: 3329 total samples available
    Token filtering: 254/3329 samples have ≥40 tokens
    After token filtering: 254 samples
    Token count stats: 47 ± 8 (range: 40-90)
  neutral: 3235 total samples available
    Token filtering: 344/3235 samples have ≥40 tokens
    After token filtering: 344 samples
    Token count stats: 46 ± 7 (range: 40-78)
  contradiction: 3278 total samples available
    Token filtering: 288/3278 samples have ≥40 tokens
    After token filtering: 288 samples
    Token count stats: 46 ± 8 (range: 40-114)
Final loaded samples: {'entailment': 254, 'neutral': 344, 'contradiction': 288}

Extracting features from training data...
Processing entailment: 1000 samples
  Processed 0/1000 entailment samples
Point cloud optimization: 629 -> 500
Point cloud optimization: 531 -> 500
Point cloud optimization: 501 -> 500
Point cloud optimization: 595 -> 500
Point cloud optimization: 705 -> 500
Point cloud optimization: 518 -> 500
Point cloud optimization: 539 -> 500
Point cloud optimization: 629 -> 500
Point cloud optimization: 678 -> 500
Point cloud optimization: 610 -> 500
Point cloud optimization: 650 -> 500
Point cloud optimization: 710 -> 500
Point cloud optimization: 679 -> 500
Point cloud optimization: 601 -> 500
Point cloud optimization: 551 -> 500
Point cloud optimization: 551 -> 500
Point cloud optimization: 585 -> 500
Point cloud optimization: 524 -> 500
Point cloud optimization: 662 -> 500
Point cloud optimization: 661 -> 500
Point cloud optimization: 715 -> 500
Point cloud optimization: 626 -> 500
Point cloud optimization: 898 -> 500
Point cloud optimization: 1064 -> 500
Point cloud optimization: 645 -> 500
Point cloud optimization: 654 -> 500
Point cloud optimization: 810 -> 500
Point cloud optimization: 641 -> 500
Point cloud optimization: 1065 -> 500
Point cloud optimization: 664 -> 500
Point cloud optimization: 532 -> 500
Point cloud optimization: 504 -> 500
Point cloud optimization: 1168 -> 500
Point cloud optimization: 675 -> 500
Point cloud optimization: 628 -> 500
Point cloud optimization: 671 -> 500
Point cloud optimization: 613 -> 500
Point cloud optimization: 972 -> 500
Point cloud optimization: 773 -> 500
Point cloud optimization: 570 -> 500
Point cloud optimization: 672 -> 500
Point cloud optimization: 998 -> 500
Point cloud optimization: 986 -> 500
Point cloud optimization: 699 -> 500
Point cloud optimization: 585 -> 500
Point cloud optimization: 552 -> 500
Point cloud optimization: 548 -> 500
Point cloud optimization: 664 -> 500
  Processed 50/1000 entailment samples
Point cloud optimization: 776 -> 500
Point cloud optimization: 950 -> 500
Point cloud optimization: 632 -> 500
Point cloud optimization: 704 -> 500
Point cloud optimization: 740 -> 500
Point cloud optimization: 575 -> 500
Point cloud optimization: 705 -> 500
Point cloud optimization: 550 -> 500
Point cloud optimization: 554 -> 500
Point cloud optimization: 602 -> 500
Point cloud optimization: 621 -> 500
Point cloud optimization: 757 -> 500
Point cloud optimization: 890 -> 500
Point cloud optimization: 656 -> 500
Point cloud optimization: 629 -> 500
Point cloud optimization: 658 -> 500
Point cloud optimization: 930 -> 500
Point cloud optimization: 794 -> 500
Point cloud optimization: 547 -> 500
Point cloud optimization: 725 -> 500
Point cloud optimization: 779 -> 500
Point cloud optimization: 651 -> 500
Point cloud optimization: 643 -> 500
Point cloud optimization: 617 -> 500
Point cloud optimization: 544 -> 500
Point cloud optimization: 827 -> 500
Point cloud optimization: 613 -> 500
Point cloud optimization: 713 -> 500
Point cloud optimization: 596 -> 500
Point cloud optimization: 811 -> 500
Point cloud optimization: 559 -> 500
Point cloud optimization: 653 -> 500
Point cloud optimization: 651 -> 500
Point cloud optimization: 813 -> 500
Point cloud optimization: 598 -> 500
Point cloud optimization: 669 -> 500
Point cloud optimization: 643 -> 500
Point cloud optimization: 640 -> 500
Point cloud optimization: 764 -> 500
Point cloud optimization: 570 -> 500
Point cloud optimization: 539 -> 500
Point cloud optimization: 645 -> 500
Point cloud optimization: 647 -> 500
Point cloud optimization: 686 -> 500
Point cloud optimization: 681 -> 500
Point cloud optimization: 638 -> 500
Point cloud optimization: 564 -> 500
Point cloud optimization: 682 -> 500
Point cloud optimization: 656 -> 500
  Processed 100/1000 entailment samples
Point cloud optimization: 617 -> 500
Point cloud optimization: 530 -> 500
Point cloud optimization: 604 -> 500
Point cloud optimization: 641 -> 500
Point cloud optimization: 977 -> 500
Point cloud optimization: 594 -> 500
Point cloud optimization: 652 -> 500
Point cloud optimization: 651 -> 500
Point cloud optimization: 572 -> 500
Point cloud optimization: 696 -> 500
Point cloud optimization: 647 -> 500
Point cloud optimization: 879 -> 500
Point cloud optimization: 679 -> 500
Point cloud optimization: 651 -> 500
Point cloud optimization: 728 -> 500
Point cloud optimization: 605 -> 500
Point cloud optimization: 571 -> 500
Point cloud optimization: 890 -> 500
Point cloud optimization: 567 -> 500
Point cloud optimization: 816 -> 500
Point cloud optimization: 643 -> 500
Point cloud optimization: 1217 -> 500
Point cloud optimization: 867 -> 500
Point cloud optimization: 747 -> 500
Point cloud optimization: 562 -> 500
Point cloud optimization: 786 -> 500
Point cloud optimization: 673 -> 500
Point cloud optimization: 506 -> 500
Point cloud optimization: 615 -> 500
Point cloud optimization: 522 -> 500
Point cloud optimization: 629 -> 500
Point cloud optimization: 589 -> 500
Point cloud optimization: 602 -> 500
Point cloud optimization: 739 -> 500
Point cloud optimization: 559 -> 500
Point cloud optimization: 839 -> 500
Point cloud optimization: 527 -> 500
Point cloud optimization: 589 -> 500
Point cloud optimization: 639 -> 500
Point cloud optimization: 958 -> 500
Point cloud optimization: 716 -> 500
Point cloud optimization: 867 -> 500
Point cloud optimization: 503 -> 500
Point cloud optimization: 547 -> 500
Point cloud optimization: 564 -> 500
Point cloud optimization: 767 -> 500
Point cloud optimization: 575 -> 500
Point cloud optimization: 561 -> 500
  Processed 150/1000 entailment samples
Point cloud optimization: 594 -> 500
Point cloud optimization: 696 -> 500
Point cloud optimization: 712 -> 500
Point cloud optimization: 648 -> 500
Point cloud optimization: 574 -> 500
Point cloud optimization: 588 -> 500
Point cloud optimization: 551 -> 500
Point cloud optimization: 703 -> 500
Point cloud optimization: 714 -> 500
Point cloud optimization: 783 -> 500
Point cloud optimization: 772 -> 500
Point cloud optimization: 866 -> 500
Point cloud optimization: 699 -> 500
Point cloud optimization: 565 -> 500
Point cloud optimization: 719 -> 500
Point cloud optimization: 509 -> 500
Point cloud optimization: 592 -> 500
Point cloud optimization: 796 -> 500
Point cloud optimization: 543 -> 500
Point cloud optimization: 583 -> 500
Point cloud optimization: 602 -> 500
Point cloud optimization: 583 -> 500
Point cloud optimization: 656 -> 500
Point cloud optimization: 583 -> 500
Point cloud optimization: 555 -> 500
Point cloud optimization: 628 -> 500
Point cloud optimization: 573 -> 500
Point cloud optimization: 638 -> 500
Point cloud optimization: 968 -> 500
Point cloud optimization: 567 -> 500
Point cloud optimization: 525 -> 500
Point cloud optimization: 776 -> 500
Point cloud optimization: 549 -> 500
Point cloud optimization: 561 -> 500
Point cloud optimization: 632 -> 500
Point cloud optimization: 821 -> 500
Point cloud optimization: 632 -> 500
Point cloud optimization: 601 -> 500
Point cloud optimization: 603 -> 500
Point cloud optimization: 651 -> 500
Point cloud optimization: 682 -> 500
Point cloud optimization: 541 -> 500
Point cloud optimization: 551 -> 500
Point cloud optimization: 616 -> 500
Point cloud optimization: 721 -> 500
Point cloud optimization: 533 -> 500
  Processed 200/1000 entailment samples
Point cloud optimization: 660 -> 500
Point cloud optimization: 666 -> 500
Point cloud optimization: 790 -> 500
Point cloud optimization: 678 -> 500
Point cloud optimization: 924 -> 500
Point cloud optimization: 763 -> 500
Point cloud optimization: 574 -> 500
Point cloud optimization: 748 -> 500
Point cloud optimization: 576 -> 500
Point cloud optimization: 783 -> 500
Point cloud optimization: 577 -> 500
Point cloud optimization: 729 -> 500
Point cloud optimization: 739 -> 500
Point cloud optimization: 588 -> 500
Point cloud optimization: 776 -> 500
Point cloud optimization: 998 -> 500
Point cloud optimization: 821 -> 500
Point cloud optimization: 614 -> 500
Point cloud optimization: 626 -> 500
Point cloud optimization: 682 -> 500
Point cloud optimization: 544 -> 500
Point cloud optimization: 667 -> 500
Point cloud optimization: 582 -> 500
Point cloud optimization: 734 -> 500
Point cloud optimization: 585 -> 500
Point cloud optimization: 646 -> 500
Point cloud optimization: 778 -> 500
Point cloud optimization: 632 -> 500
Point cloud optimization: 558 -> 500
Point cloud optimization: 847 -> 500
Point cloud optimization: 604 -> 500
Point cloud optimization: 651 -> 500
Point cloud optimization: 627 -> 500
Point cloud optimization: 746 -> 500
Point cloud optimization: 542 -> 500
Point cloud optimization: 630 -> 500
Point cloud optimization: 817 -> 500
Point cloud optimization: 603 -> 500
Point cloud optimization: 622 -> 500
Point cloud optimization: 582 -> 500
Point cloud optimization: 526 -> 500
Point cloud optimization: 523 -> 500
Point cloud optimization: 805 -> 500
Point cloud optimization: 648 -> 500
Point cloud optimization: 675 -> 500
Point cloud optimization: 611 -> 500
Point cloud optimization: 871 -> 500
Point cloud optimization: 505 -> 500
  Processed 250/1000 entailment samples
Point cloud optimization: 506 -> 500
Point cloud optimization: 709 -> 500
Point cloud optimization: 575 -> 500
Point cloud optimization: 639 -> 500
Point cloud optimization: 847 -> 500
Point cloud optimization: 649 -> 500
Point cloud optimization: 934 -> 500
Point cloud optimization: 566 -> 500
Point cloud optimization: 567 -> 500
Point cloud optimization: 559 -> 500
Point cloud optimization: 918 -> 500
Point cloud optimization: 830 -> 500
Point cloud optimization: 821 -> 500
Point cloud optimization: 683 -> 500
Point cloud optimization: 611 -> 500
Point cloud optimization: 691 -> 500
Point cloud optimization: 864 -> 500
Point cloud optimization: 677 -> 500
Point cloud optimization: 699 -> 500
Point cloud optimization: 622 -> 500
Point cloud optimization: 594 -> 500
Point cloud optimization: 647 -> 500
Point cloud optimization: 584 -> 500
Point cloud optimization: 532 -> 500
Point cloud optimization: 863 -> 500
Point cloud optimization: 504 -> 500
Point cloud optimization: 544 -> 500
Point cloud optimization: 803 -> 500
Point cloud optimization: 626 -> 500
Point cloud optimization: 601 -> 500
Point cloud optimization: 580 -> 500
Point cloud optimization: 758 -> 500
Point cloud optimization: 582 -> 500
Point cloud optimization: 650 -> 500
Point cloud optimization: 663 -> 500
Point cloud optimization: 567 -> 500
Point cloud optimization: 519 -> 500
Point cloud optimization: 676 -> 500
Point cloud optimization: 836 -> 500
Point cloud optimization: 618 -> 500
Point cloud optimization: 513 -> 500
Point cloud optimization: 634 -> 500
Point cloud optimization: 724 -> 500
Point cloud optimization: 590 -> 500
Point cloud optimization: 586 -> 500
Point cloud optimization: 636 -> 500
Point cloud optimization: 785 -> 500
Point cloud optimization: 748 -> 500
Point cloud optimization: 684 -> 500
Point cloud optimization: 736 -> 500
  Processed 300/1000 entailment samples
Point cloud optimization: 750 -> 500
Point cloud optimization: 630 -> 500
Point cloud optimization: 540 -> 500
Point cloud optimization: 695 -> 500
Point cloud optimization: 747 -> 500
Point cloud optimization: 724 -> 500
Point cloud optimization: 526 -> 500
Point cloud optimization: 645 -> 500
Point cloud optimization: 618 -> 500
Point cloud optimization: 656 -> 500
Point cloud optimization: 741 -> 500
Point cloud optimization: 639 -> 500
Point cloud optimization: 553 -> 500
Point cloud optimization: 532 -> 500
Point cloud optimization: 589 -> 500
Point cloud optimization: 536 -> 500
Point cloud optimization: 556 -> 500
Point cloud optimization: 597 -> 500
Point cloud optimization: 843 -> 500
Point cloud optimization: 584 -> 500
Point cloud optimization: 1258 -> 500
Point cloud optimization: 525 -> 500
Point cloud optimization: 1231 -> 500
Point cloud optimization: 546 -> 500
Point cloud optimization: 571 -> 500
Point cloud optimization: 748 -> 500
Point cloud optimization: 615 -> 500
Point cloud optimization: 726 -> 500
Point cloud optimization: 727 -> 500
Point cloud optimization: 535 -> 500
Point cloud optimization: 634 -> 500
Point cloud optimization: 574 -> 500
Point cloud optimization: 754 -> 500
Point cloud optimization: 539 -> 500
Point cloud optimization: 760 -> 500
Point cloud optimization: 1051 -> 500
Point cloud optimization: 657 -> 500
Point cloud optimization: 853 -> 500
Point cloud optimization: 765 -> 500
Point cloud optimization: 603 -> 500
Point cloud optimization: 835 -> 500
Point cloud optimization: 541 -> 500
Point cloud optimization: 637 -> 500
Point cloud optimization: 806 -> 500
Point cloud optimization: 1049 -> 500
Point cloud optimization: 564 -> 500
Point cloud optimization: 759 -> 500
Point cloud optimization: 676 -> 500
Point cloud optimization: 1040 -> 500
  Processed 350/1000 entailment samples
Point cloud optimization: 850 -> 500
Point cloud optimization: 692 -> 500
Point cloud optimization: 718 -> 500
Point cloud optimization: 721 -> 500
Point cloud optimization: 917 -> 500
Point cloud optimization: 644 -> 500
Point cloud optimization: 729 -> 500
Point cloud optimization: 983 -> 500
Point cloud optimization: 674 -> 500
Point cloud optimization: 615 -> 500
Point cloud optimization: 553 -> 500
Point cloud optimization: 619 -> 500
Point cloud optimization: 623 -> 500
Point cloud optimization: 503 -> 500
Point cloud optimization: 514 -> 500
Point cloud optimization: 546 -> 500
Point cloud optimization: 508 -> 500
Point cloud optimization: 692 -> 500
Point cloud optimization: 576 -> 500
Point cloud optimization: 886 -> 500
Point cloud optimization: 573 -> 500
Point cloud optimization: 651 -> 500
Point cloud optimization: 628 -> 500
Point cloud optimization: 581 -> 500
Point cloud optimization: 576 -> 500
Point cloud optimization: 709 -> 500
Point cloud optimization: 617 -> 500
Point cloud optimization: 550 -> 500
Point cloud optimization: 647 -> 500
Point cloud optimization: 518 -> 500
Point cloud optimization: 1156 -> 500
Point cloud optimization: 601 -> 500
Point cloud optimization: 898 -> 500
Point cloud optimization: 610 -> 500
Point cloud optimization: 648 -> 500
Point cloud optimization: 554 -> 500
Point cloud optimization: 643 -> 500
Point cloud optimization: 705 -> 500
Point cloud optimization: 669 -> 500
Point cloud optimization: 748 -> 500
Point cloud optimization: 525 -> 500
Point cloud optimization: 676 -> 500
Point cloud optimization: 829 -> 500
Point cloud optimization: 558 -> 500
Point cloud optimization: 557 -> 500
Point cloud optimization: 731 -> 500
Point cloud optimization: 593 -> 500
Point cloud optimization: 685 -> 500
Point cloud optimization: 520 -> 500
Point cloud optimization: 543 -> 500
  Processed 400/1000 entailment samples
Point cloud optimization: 601 -> 500
Point cloud optimization: 555 -> 500
Point cloud optimization: 786 -> 500
Point cloud optimization: 910 -> 500
Point cloud optimization: 597 -> 500
Point cloud optimization: 549 -> 500
Point cloud optimization: 649 -> 500
Point cloud optimization: 706 -> 500
Point cloud optimization: 614 -> 500
Point cloud optimization: 603 -> 500
Point cloud optimization: 663 -> 500
Point cloud optimization: 785 -> 500
Point cloud optimization: 670 -> 500
Point cloud optimization: 802 -> 500
Point cloud optimization: 593 -> 500
Point cloud optimization: 551 -> 500
Point cloud optimization: 668 -> 500
Point cloud optimization: 548 -> 500
Point cloud optimization: 653 -> 500
Point cloud optimization: 694 -> 500
Point cloud optimization: 640 -> 500
Point cloud optimization: 731 -> 500
Point cloud optimization: 630 -> 500
Point cloud optimization: 643 -> 500
Point cloud optimization: 596 -> 500
Point cloud optimization: 643 -> 500
Point cloud optimization: 672 -> 500
Point cloud optimization: 592 -> 500
Point cloud optimization: 505 -> 500
Point cloud optimization: 709 -> 500
Point cloud optimization: 746 -> 500
Point cloud optimization: 718 -> 500
Point cloud optimization: 618 -> 500
Point cloud optimization: 793 -> 500
Point cloud optimization: 502 -> 500
Point cloud optimization: 746 -> 500
Point cloud optimization: 623 -> 500
Point cloud optimization: 661 -> 500
Point cloud optimization: 610 -> 500
Point cloud optimization: 666 -> 500
Point cloud optimization: 675 -> 500
Point cloud optimization: 604 -> 500
Point cloud optimization: 838 -> 500
Point cloud optimization: 654 -> 500
Point cloud optimization: 654 -> 500
Point cloud optimization: 747 -> 500
  Processed 450/1000 entailment samples
Point cloud optimization: 503 -> 500
Point cloud optimization: 1052 -> 500
Point cloud optimization: 596 -> 500
Point cloud optimization: 739 -> 500
Point cloud optimization: 579 -> 500
Point cloud optimization: 564 -> 500
Point cloud optimization: 769 -> 500
Point cloud optimization: 526 -> 500
Point cloud optimization: 579 -> 500
Point cloud optimization: 621 -> 500
Point cloud optimization: 774 -> 500
