Job ID: 188837
Node: gpuvm15
Time: Thu 31 Jul 18:03:17 BST 2025
Loading CUDA...
Activating conda environment...
Activated conda environment: /vol/bitbucket/ahb24/tda_entailment_new
Python location: /vol/bitbucket/ahb24/tda_entailment_new/bin/python
Checking GPU availability...
Thu Jul 31 18:03:20 2025       
+-----------------------------------------------------------------------------------------+
| NVIDIA-SMI 570.133.07             Driver Version: 570.133.07     CUDA Version: 12.8     |
|-----------------------------------------+------------------------+----------------------+
| GPU  Name                 Persistence-M | Bus-Id          Disp.A | Volatile Uncorr. ECC |
| Fan  Temp   Perf          Pwr:Usage/Cap |           Memory-Usage | GPU-Util  Compute M. |
|                                         |                        |               MIG M. |
|=========================================+========================+======================|
|   0  Tesla T4                       Off |   00000000:00:06.0 Off |                    0 |
| N/A   42C    P0             27W /   70W |    1699MiB /  15360MiB |      0%      Default |
|                                         |                        |                  N/A |
+-----------------------------------------+------------------------+----------------------+
                                                                                         
+-----------------------------------------------------------------------------------------+
| Processes:                                                                              |
|  GPU   GI   CI              PID   Type   Process name                        GPU Memory |
|        ID   ID                                                               Usage      |
|=========================================================================================|
|    0   N/A  N/A          123175      C   python3                                 870MiB |
|    0   N/A  N/A          125699      C   python3                                 826MiB |
+-----------------------------------------------------------------------------------------+

Testing PyTorch and CUDA...
PyTorch version: 2.4.1
CUDA available: True
CUDA device: Tesla T4
GPU memory: 15.6 GB
PyTorch setup verified!

Starting Model training...

Loading validation data: /vol/bitbucket/ahb24/tda_entailment_new/snli_val_sbert_tokens.pkl
Loaded 9842 validation samples
Loading separate models...
Order model: MSc_Topology_Codebase/phd_method/models/separate_models/order_embedding_model.pt
Asymmetry model: MSc_Topology_Codebase/phd_method/models/separate_models/asymmetry_transform_model.pt
Both models loaded on cuda
Order model training stats: Best val loss = 0.1832686284383138
Asymmetry model training stats: Best val loss = 1.4873974243164068
Separate model clustering validator initialized
Samples per class: 100

================================================================================
SEPARATE MODEL POINT CLOUD CLUSTERING VALIDATION
================================================================================
Generating fixed sample indices...
  entailment: 3329 total samples available
Token filtering: 8/3329 samples have ≥67 tokens
Warning: Only 8 samples with sufficient tokens
    Selected 8 samples
Token count stats: 76 ± 9 (range: 68-90)
  neutral: 3235 total samples available
Token filtering: 11/3235 samples have ≥67 tokens
Warning: Only 11 samples with sufficient tokens
    Selected 11 samples
Token count stats: 72 ± 3 (range: 68-78)
  contradiction: 3278 total samples available
Token filtering: 9/3278 samples have ≥67 tokens
Warning: Only 9 samples with sufficient tokens
    Selected 9 samples
Token count stats: 76 ± 14 (range: 67-114)

Processing entailment samples...
  Sample 1: P=63 tokens, H=8 tokens
    Point cloud breakdown:
      Premise: 63 + 63 + 63 = 189
      Hypothesis: 8 + 8 + 8 = 24
      Combined: 213 points
      Sufficient for PHD: ✅
    Model analysis:
      Order violation energy: 0.0023
      Asymmetric energy: 11.5705
    PH-dimension: 0.00
  Sample 2: P=34 tokens, H=34 tokens
    Point cloud breakdown:
      Premise: 34 + 34 + 34 = 102
      Hypothesis: 34 + 34 + 34 = 102
      Combined: 204 points
      Sufficient for PHD: ✅
    Model analysis:
      Order violation energy: 0.0000
      Asymmetric energy: 0.0000
    PH-dimension: 0.00
  Sample 3: P=54 tokens, H=25 tokens
    Point cloud breakdown:
      Premise: 54 + 54 + 54 = 162
      Hypothesis: 25 + 25 + 25 = 75
      Combined: 237 points
      Sufficient for PHD: ✅
    Model analysis:
      Order violation energy: 0.0903
      Asymmetric energy: 3.9339
    PH-dimension: 0.00
  Sample 4: P=57 tokens, H=15 tokens
    Point cloud breakdown:
      Premise: 57 + 57 + 57 = 171
      Hypothesis: 15 + 15 + 15 = 45
      Combined: 216 points
      Sufficient for PHD: ✅
    Model analysis:
      Order violation energy: 1.3872
      Asymmetric energy: 2.3780
    PH-dimension: 0.00
  Sample 5: P=51 tokens, H=39 tokens
    Point cloud breakdown:
      Premise: 51 + 51 + 51 = 153
      Hypothesis: 39 + 39 + 39 = 117
      Combined: 270 points
      Sufficient for PHD: ✅
    Model analysis:
      Order violation energy: 0.7652
      Asymmetric energy: 2.1221
    PH-dimension: 32.51
  Sample 6: P=51 tokens, H=39 tokens
    Point cloud breakdown:
      Premise: 51 + 51 + 51 = 153
      Hypothesis: 39 + 39 + 39 = 117
      Combined: 270 points
      Sufficient for PHD: ✅
    Model analysis:
      Order violation energy: 0.6575
      Asymmetric energy: 1.9798
    PH-dimension: 3.34
  Sample 7: P=58 tokens, H=11 tokens
    Point cloud breakdown:
      Premise: 58 + 58 + 58 = 174
      Hypothesis: 11 + 11 + 11 = 33
      Combined: 207 points
      Sufficient for PHD: ✅
    Model analysis:
      Order violation energy: 0.5728
      Asymmetric energy: 2.2000
    PH-dimension: 0.00
  Sample 8: P=59 tokens, H=9 tokens
    Point cloud breakdown:
      Premise: 59 + 59 + 59 = 177
      Hypothesis: 9 + 9 + 9 = 27
      Combined: 204 points
      Sufficient for PHD: ✅
    Model analysis:
      Order violation energy: 0.3187
      Asymmetric energy: 3.7297
    PH-dimension: 0.00

Processing neutral samples...
  Sample 1: P=54 tokens, H=18 tokens
    Point cloud breakdown:
      Premise: 54 + 54 + 54 = 162
      Hypothesis: 18 + 18 + 18 = 54
      Combined: 216 points
      Sufficient for PHD: ✅
    Model analysis:
      Order violation energy: 1.5868
      Asymmetric energy: 3.0316
    PH-dimension: 0.00
  Sample 2: P=58 tokens, H=12 tokens
    Point cloud breakdown:
      Premise: 58 + 58 + 58 = 174
      Hypothesis: 12 + 12 + 12 = 36
      Combined: 210 points
      Sufficient for PHD: ✅
    Model analysis:
      Order violation energy: 0.9447
      Asymmetric energy: 2.2412
    PH-dimension: 0.00
  Sample 3: P=63 tokens, H=8 tokens
    Point cloud breakdown:
      Premise: 63 + 63 + 63 = 189
      Hypothesis: 8 + 8 + 8 = 24
      Combined: 213 points
      Sufficient for PHD: ✅
    Model analysis:
      Order violation energy: 0.4181
      Asymmetric energy: 4.4551
    PH-dimension: 0.00
  Sample 4: P=37 tokens, H=38 tokens
    Point cloud breakdown:
      Premise: 37 + 37 + 37 = 111
      Hypothesis: 38 + 38 + 38 = 114
      Combined: 225 points
      Sufficient for PHD: ✅
    Model analysis:
      Order violation energy: 0.2446
      Asymmetric energy: 0.8412
    PH-dimension: 0.00
  Sample 5: P=57 tokens, H=12 tokens
    Point cloud breakdown:
      Premise: 57 + 57 + 57 = 171
      Hypothesis: 12 + 12 + 12 = 36
      Combined: 207 points
      Sufficient for PHD: ✅
    Model analysis:
      Order violation energy: 0.7824
      Asymmetric energy: 2.1411
    PH-dimension: 0.00
  Sample 6: P=57 tokens, H=12 tokens
    Point cloud breakdown:
      Premise: 57 + 57 + 57 = 171
      Hypothesis: 12 + 12 + 12 = 36
      Combined: 207 points
      Sufficient for PHD: ✅
    Model analysis:
      Order violation energy: 0.7243
      Asymmetric energy: 3.0469
    PH-dimension: 0.00
  Sample 7: P=59 tokens, H=9 tokens
    Point cloud breakdown:
      Premise: 59 + 59 + 59 = 177
      Hypothesis: 9 + 9 + 9 = 27
      Combined: 204 points
      Sufficient for PHD: ✅
    Model analysis:
      Order violation energy: 0.2812
      Asymmetric energy: 4.4091
    PH-dimension: 0.00
  Sample 8: P=55 tokens, H=23 tokens
    Point cloud breakdown:
      Premise: 55 + 55 + 55 = 165
      Hypothesis: 23 + 23 + 23 = 69
      Combined: 234 points
      Sufficient for PHD: ✅
    Model analysis:
      Order violation energy: 1.3403
      Asymmetric energy: 2.1318
    PH-dimension: 0.00
  Sample 9: P=34 tokens, H=36 tokens
    Point cloud breakdown:
      Premise: 34 + 34 + 34 = 102
      Hypothesis: 36 + 36 + 36 = 108
      Combined: 210 points
      Sufficient for PHD: ✅
    Model analysis:
      Order violation energy: 0.0319
      Asymmetric energy: 0.3178
    PH-dimension: 0.00
  Sample 10: P=57 tokens, H=13 tokens
    Point cloud breakdown:
      Premise: 57 + 57 + 57 = 171
      Hypothesis: 13 + 13 + 13 = 39
      Combined: 210 points
      Sufficient for PHD: ✅
    Model analysis:
      Order violation energy: 1.3369
      Asymmetric energy: 3.0042
    PH-dimension: 0.00
  Sample 11: P=49 tokens, H=26 tokens
    Point cloud breakdown:
      Premise: 49 + 49 + 49 = 147
      Hypothesis: 26 + 26 + 26 = 78
      Combined: 225 points
      Sufficient for PHD: ✅
    Model analysis:
      Order violation energy: 0.4803
      Asymmetric energy: 2.8904
    PH-dimension: 0.00

Processing contradiction samples...
  Sample 1: P=59 tokens, H=8 tokens
    Point cloud breakdown:
      Premise: 59 + 59 + 59 = 177
      Hypothesis: 8 + 8 + 8 = 24
      Combined: 201 points
      Sufficient for PHD: ✅
    Model analysis:
      Order violation energy: 2.7108
      Asymmetric energy: 2.0003
    PH-dimension: 0.00
  Sample 2: P=55 tokens, H=14 tokens
    Point cloud breakdown:
      Premise: 55 + 55 + 55 = 165
      Hypothesis: 14 + 14 + 14 = 42
      Combined: 207 points
      Sufficient for PHD: ✅
    Model analysis:
      Order violation energy: 1.2361
      Asymmetric energy: 2.2605
    PH-dimension: 0.00
  Sample 3: P=58 tokens, H=10 tokens
    Point cloud breakdown:
      Premise: 58 + 58 + 58 = 174
      Hypothesis: 10 + 10 + 10 = 30
      Combined: 204 points
      Sufficient for PHD: ✅
    Model analysis:
      Order violation energy: 0.8855
      Asymmetric energy: 2.4749
    PH-dimension: 0.00
  Sample 4: P=34 tokens, H=35 tokens
    Point cloud breakdown:
      Premise: 34 + 34 + 34 = 102
      Hypothesis: 35 + 35 + 35 = 105
      Combined: 207 points
      Sufficient for PHD: ✅
    Model analysis:
      Order violation energy: 0.7688
      Asymmetric energy: 1.5064
    PH-dimension: 0.00
  Sample 5: P=55 tokens, H=17 tokens
    Point cloud breakdown:
      Premise: 55 + 55 + 55 = 165
      Hypothesis: 17 + 17 + 17 = 51
      Combined: 216 points
      Sufficient for PHD: ✅
    Model analysis:
      Order violation energy: 0.4529
      Asymmetric energy: 1.7338
    PH-dimension: 0.00
  Sample 6: P=57 tokens, H=11 tokens
    Point cloud breakdown:
      Premise: 57 + 57 + 57 = 171
      Hypothesis: 11 + 11 + 11 = 33
      Combined: 204 points
      Sufficient for PHD: ✅
    Model analysis:
      Order violation energy: 3.5352
      Asymmetric energy: 2.4453
    PH-dimension: 0.00
  Sample 7: P=42 tokens, H=42 tokens
    Point cloud breakdown:
      Premise: 42 + 42 + 42 = 126
      Hypothesis: 42 + 42 + 42 = 126
      Combined: 252 points
      Sufficient for PHD: ✅
    Model analysis:
      Order violation energy: 0.0252
      Asymmetric energy: 0.1181
    PH-dimension: 1.51
  Sample 8: P=63 tokens, H=7 tokens
    Point cloud breakdown:
      Premise: 63 + 63 + 63 = 189
      Hypothesis: 7 + 7 + 7 = 21
      Combined: 210 points
      Sufficient for PHD: ✅
    Model analysis:
      Order violation energy: 1.5369
      Asymmetric energy: 4.3372
    PH-dimension: 0.00
  Sample 9: P=57 tokens, H=57 tokens
    Point cloud breakdown:
      Premise: 57 + 57 + 57 = 171
      Hypothesis: 57 + 57 + 57 = 171
      Combined: 342 points
      Sufficient for PHD: ✅
    Model analysis:
      Order violation energy: 0.0249
      Asymmetric energy: 0.1080
    PH-dimension: 1.30

Generated 33 persistence images for clustering
Performing clustering analysis...
Clustering 33 persistence images...
Feature matrix shape: (33, 400)
True labels distribution: [10 11 12]
Performing k-means with 3 clusters...
Predicted labels distribution: [ 7 13 13]
Clustering results:
  Best accuracy: 0.515
  Silhouette score: 0.322
  Adjusted Rand Index: 0.055
  Best permutation: (1, 2, 0)

Confusion analysis:
  True entailment: predicted as [7 1 2]
  True neutral: predicted as [4 3 4]
  True contradiction: predicted as [2 3 7]

================================================================================
SEPARATE MODEL CLUSTERING RESULTS
================================================================================
Clustering Accuracy: 0.515
Silhouette Score: 0.322
Adjusted Rand Index: 0.055
Success (>70%): ❌ NO

PH-Dimension Statistics:
  entailment: 4.48 ± 10.65
  neutral: 0.00 ± 0.00
  contradiction: 0.31 ± 0.59

Point Cloud Statistics:
  entailment:
    Combined: 228 ± 26 points
    Premise: 160, Hypothesis: 68
    Sufficient for PHD: 100%
  neutral:
    Combined: 215 ± 9 points
    Premise: 158, Hypothesis: 56
    Sufficient for PHD: 100%
  contradiction:
    Combined: 227 ± 43 points
    Premise: 160, Hypothesis: 67
    Sufficient for PHD: 100%

============================================================
SEPARATE MODEL PERFORMANCE ANALYSIS
============================================================
Order Model (Vendrov Max-Margin Loss):
  entailment: 0.4742 ± 0.4445
  neutral: 0.7429 ± 0.4867
  contradiction: 1.2418 ± 1.1274
  ✅ ORDER MODEL SUCCESS: Correct energy ranking!

Asymmetry Model (Directional Pattern Loss):
  entailment:
    Asymmetric energy: 3.4893 ± 3.2554
    Forward energy: 0.4742
    Backward energy: 1.9940
  neutral:
    Asymmetric energy: 2.5918 ± 1.2139
    Forward energy: 0.7429
    Backward energy: 1.5670
  contradiction:
    Asymmetric energy: 1.8872 ± 1.2145
    Forward energy: 1.2418
    Backward energy: 1.5951

Asymmetry Pattern Analysis:
  ✅ Forward energy: Entailment < Contradiction
  ❌ Asymmetric energy: Incorrect pattern

Comprehensive results saved to:
  JSON: MSc_Topology_Codebase/phd_method/clustering_results/separate_model_clustering_results_20250731_180340.json
  Summary: MSc_Topology_Codebase/phd_method/clustering_results/separate_model_clustering_summary_20250731_180340.txt

================================================================================
SEPARATE MODEL CLUSTERING VALIDATION COMPLETED!
❌ Did not achieve 70% clustering threshold
Analysis points to consider:
  - Check if models trained to convergence
  - Verify point cloud generation produces sufficient points
  - Review energy ranking patterns in training plots
  - Consider alternative aggregation strategies

Detailed analysis available in: MSc_Topology_Codebase/phd_method/clustering_results/
================================================================================

Analysis completed with exit code: 0
Time: Thu 31 Jul 18:03:41 BST 2025

=== ANALYSIS SUCCESSFUL ===
Clustering successful!


Job finished.
