Job ID: 188844
Node: gpuvm15
Time: Thu 31 Jul 18:14:24 BST 2025
Loading CUDA...
Activating conda environment...
Activated conda environment: /vol/bitbucket/ahb24/tda_entailment_new
Python location: /vol/bitbucket/ahb24/tda_entailment_new/bin/python
Checking GPU availability...
Thu Jul 31 18:14:27 2025       
+-----------------------------------------------------------------------------------------+
| NVIDIA-SMI 570.133.07             Driver Version: 570.133.07     CUDA Version: 12.8     |
|-----------------------------------------+------------------------+----------------------+
| GPU  Name                 Persistence-M | Bus-Id          Disp.A | Volatile Uncorr. ECC |
| Fan  Temp   Perf          Pwr:Usage/Cap |           Memory-Usage | GPU-Util  Compute M. |
|                                         |                        |               MIG M. |
|=========================================+========================+======================|
|   0  Tesla T4                       Off |   00000000:00:06.0 Off |                    0 |
| N/A   42C    P0             27W /   70W |    1699MiB /  15360MiB |      0%      Default |
|                                         |                        |                  N/A |
+-----------------------------------------+------------------------+----------------------+
                                                                                         
+-----------------------------------------------------------------------------------------+
| Processes:                                                                              |
|  GPU   GI   CI              PID   Type   Process name                        GPU Memory |
|        ID   ID                                                               Usage      |
|=========================================================================================|
|    0   N/A  N/A          123175      C   python3                                 870MiB |
|    0   N/A  N/A          125699      C   python3                                 826MiB |
+-----------------------------------------------------------------------------------------+

Testing PyTorch and CUDA...
PyTorch version: 2.4.1
CUDA available: True
CUDA device: Tesla T4
GPU memory: 15.6 GB
PyTorch setup verified!

Starting Model training...

Loading validation data: /vol/bitbucket/ahb24/tda_entailment_new/snli_val_sbert_tokens.pkl
Loaded 9842 validation samples
Loading separate models...
Order model: MSc_Topology_Codebase/phd_method/models/separate_models/order_embedding_model.pt
Asymmetry model: MSc_Topology_Codebase/phd_method/models/separate_models/asymmetry_transform_model.pt
Both models loaded on cuda
Order model training stats: Best val loss = 0.1832686284383138
Asymmetry model training stats: Best val loss = 1.4873974243164068
Separate model clustering validator initialized
Samples per class: 100

================================================================================
SEPARATE MODEL POINT CLOUD CLUSTERING VALIDATION
================================================================================
Generating fixed sample indices...
  entailment: 3329 total samples available
Token filtering: 254/3329 samples have ≥40 tokens
    Selected 100 samples
Token count stats: 47 ± 7 (range: 40-69)
  neutral: 3235 total samples available
Token filtering: 344/3235 samples have ≥40 tokens
    Selected 100 samples
Token count stats: 46 ± 8 (range: 40-78)
  contradiction: 3278 total samples available
Token filtering: 288/3278 samples have ≥40 tokens
    Selected 100 samples
Token count stats: 47 ± 8 (range: 40-84)

Processing entailment samples...
  Sample 1: P=38 tokens, H=16 tokens
    Point cloud breakdown:
      Premise: 38 + 38 + 38 = 114
      Hypothesis: 16 + 16 + 16 = 48
      Combined: 162 points
      Sufficient for PHD: ✅
    Model analysis:
      Order violation energy: 0.1204
      Asymmetric energy: 2.6428
    PH-dimension: 0.00
  Sample 2: P=28 tokens, H=14 tokens
    Point cloud breakdown:
      Premise: 28 + 28 + 28 = 84
      Hypothesis: 14 + 14 + 14 = 42
      Combined: 126 points
      Sufficient for PHD: ✅
    Model analysis:
      Order violation energy: 0.5335
      Asymmetric energy: 3.9993
    PH-dimension: 0.00
  Sample 3: P=25 tokens, H=23 tokens
    Point cloud breakdown:
      Premise: 25 + 25 + 25 = 75
      Hypothesis: 23 + 23 + 23 = 69
      Combined: 144 points
      Sufficient for PHD: ✅
    Model analysis:
      Order violation energy: 1.2563
      Asymmetric energy: 2.1612
    PH-dimension: 0.00
  Sample 4: P=25 tokens, H=17 tokens
    Point cloud breakdown:
      Premise: 25 + 25 + 25 = 75
      Hypothesis: 17 + 17 + 17 = 51
      Combined: 126 points
      Sufficient for PHD: ✅
    Model analysis:
      Order violation energy: 0.9627
      Asymmetric energy: 2.1866
    PH-dimension: 0.00
  Sample 5: P=21 tokens, H=19 tokens
    Point cloud breakdown:
      Premise: 21 + 21 + 21 = 63
      Hypothesis: 19 + 19 + 19 = 57
      Combined: 120 points
      Sufficient for PHD: ✅
    Model analysis:
      Order violation energy: 0.3934
      Asymmetric energy: 2.4832
    PH-dimension: 0.00
  Sample 6: P=35 tokens, H=19 tokens
    Point cloud breakdown:
      Premise: 35 + 35 + 35 = 105
      Hypothesis: 19 + 19 + 19 = 57
      Combined: 162 points
      Sufficient for PHD: ✅
    Model analysis:
      Order violation energy: 0.2259
      Asymmetric energy: 3.2566
    PH-dimension: 0.00
  Sample 7: P=41 tokens, H=5 tokens
    Point cloud breakdown:
      Premise: 41 + 41 + 41 = 123
      Hypothesis: 5 + 5 + 5 = 15
      Combined: 138 points
      Sufficient for PHD: ✅
    Model analysis:
      Order violation energy: 0.1096
      Asymmetric energy: 4.9458
    PH-dimension: 0.00
  Sample 8: P=30 tokens, H=10 tokens
    Point cloud breakdown:
      Premise: 30 + 30 + 30 = 90
      Hypothesis: 10 + 10 + 10 = 30
      Combined: 120 points
      Sufficient for PHD: ✅
    Model analysis:
      Order violation energy: 0.2310
      Asymmetric energy: 2.0351
    PH-dimension: 0.00
  Sample 9: P=33 tokens, H=18 tokens
    Point cloud breakdown:
      Premise: 33 + 33 + 33 = 99
      Hypothesis: 18 + 18 + 18 = 54
      Combined: 153 points
      Sufficient for PHD: ✅
    Model analysis:
      Order violation energy: 0.6684
      Asymmetric energy: 2.4806
    PH-dimension: 0.00
  Sample 10: P=30 tokens, H=16 tokens
    Point cloud breakdown:
      Premise: 30 + 30 + 30 = 90
      Hypothesis: 16 + 16 + 16 = 48
      Combined: 138 points
      Sufficient for PHD: ✅
    Model analysis:
      Order violation energy: 0.1072
      Asymmetric energy: 3.5431
    PH-dimension: 0.00
  Sample 11: P=39 tokens, H=8 tokens
    Point cloud breakdown:
      Premise: 39 + 39 + 39 = 117
      Hypothesis: 8 + 8 + 8 = 24
      Combined: 141 points
      Sufficient for PHD: ✅
    Model analysis:
      Order violation energy: 0.0325
      Asymmetric energy: 7.8405
    PH-dimension: 0.00
  Sample 12: P=24 tokens, H=16 tokens
    Point cloud breakdown:
      Premise: 24 + 24 + 24 = 72
      Hypothesis: 16 + 16 + 16 = 48
      Combined: 120 points
      Sufficient for PHD: ✅
    Model analysis:
      Order violation energy: 0.0504
      Asymmetric energy: 0.8550
    PH-dimension: 0.00
  Sample 13: P=38 tokens, H=14 tokens
    Point cloud breakdown:
      Premise: 38 + 38 + 38 = 114
      Hypothesis: 14 + 14 + 14 = 42
      Combined: 156 points
      Sufficient for PHD: ✅
    Model analysis:
      Order violation energy: 0.0663
      Asymmetric energy: 3.6017
    PH-dimension: 0.00
  Sample 14: P=25 tokens, H=24 tokens
    Point cloud breakdown:
      Premise: 25 + 25 + 25 = 75
      Hypothesis: 24 + 24 + 24 = 72
      Combined: 147 points
      Sufficient for PHD: ✅
    Model analysis:
      Order violation energy: 0.2613
      Asymmetric energy: 1.5931
    PH-dimension: 0.00
  Sample 15: P=24 tokens, H=24 tokens
    Point cloud breakdown:
      Premise: 24 + 24 + 24 = 72
      Hypothesis: 24 + 24 + 24 = 72
      Combined: 144 points
      Sufficient for PHD: ✅
    Model analysis:
      Order violation energy: 0.0300
      Asymmetric energy: 1.1827
    PH-dimension: 0.00
  Sample 16: P=40 tokens, H=13 tokens
    Point cloud breakdown:
      Premise: 40 + 40 + 40 = 120
      Hypothesis: 13 + 13 + 13 = 39
      Combined: 159 points
      Sufficient for PHD: ✅
    Model analysis:
      Order violation energy: 0.8074
      Asymmetric energy: 2.4521
    PH-dimension: 0.00
  Sample 17: P=26 tokens, H=15 tokens
    Point cloud breakdown:
      Premise: 26 + 26 + 26 = 78
      Hypothesis: 15 + 15 + 15 = 45
      Combined: 123 points
      Sufficient for PHD: ✅
    Model analysis:
      Order violation energy: 0.0518
      Asymmetric energy: 3.3119
    PH-dimension: 0.00
  Sample 18: P=25 tokens, H=15 tokens
    Point cloud breakdown:
      Premise: 25 + 25 + 25 = 75
      Hypothesis: 15 + 15 + 15 = 45
      Combined: 120 points
      Sufficient for PHD: ✅
    Model analysis:
      Order violation energy: 0.0108
      Asymmetric energy: 10.0548
    PH-dimension: 0.00
  Sample 19: P=28 tokens, H=12 tokens
    Point cloud breakdown:
      Premise: 28 + 28 + 28 = 84
      Hypothesis: 12 + 12 + 12 = 36
      Combined: 120 points
      Sufficient for PHD: ✅
    Model analysis:
      Order violation energy: 0.0651
      Asymmetric energy: 4.8825
    PH-dimension: 0.00
  Sample 20: P=32 tokens, H=18 tokens
    Point cloud breakdown:
      Premise: 32 + 32 + 32 = 96
      Hypothesis: 18 + 18 + 18 = 54
      Combined: 150 points
      Sufficient for PHD: ✅
    Model analysis:
      Order violation energy: 1.0340
      Asymmetric energy: 1.4454
    PH-dimension: 0.00
  Sample 21: P=22 tokens, H=18 tokens
    Point cloud breakdown:
      Premise: 22 + 22 + 22 = 66
      Hypothesis: 18 + 18 + 18 = 54
      Combined: 120 points
      Sufficient for PHD: ✅
    Model analysis:
      Order violation energy: 0.1948
      Asymmetric energy: 4.1791
    PH-dimension: 0.00
  Sample 22: P=24 tokens, H=16 tokens
    Point cloud breakdown:
      Premise: 24 + 24 + 24 = 72
      Hypothesis: 16 + 16 + 16 = 48
      Combined: 120 points
      Sufficient for PHD: ✅
    Model analysis:
      Order violation energy: 0.1474
      Asymmetric energy: 3.5469
    PH-dimension: 0.00
  Sample 23: P=37 tokens, H=10 tokens
    Point cloud breakdown:
      Premise: 37 + 37 + 37 = 111
      Hypothesis: 10 + 10 + 10 = 30
      Combined: 141 points
      Sufficient for PHD: ✅
    Model analysis:
      Order violation energy: 0.1497
      Asymmetric energy: 5.2718
    PH-dimension: 0.00
  Sample 24: P=31 tokens, H=14 tokens
    Point cloud breakdown:
      Premise: 31 + 31 + 31 = 93
      Hypothesis: 14 + 14 + 14 = 42
      Combined: 135 points
      Sufficient for PHD: ✅
    Model analysis:
      Order violation energy: 0.9095
      Asymmetric energy: 2.2283
    PH-dimension: 0.00
  Sample 25: P=59 tokens, H=9 tokens
    Point cloud breakdown:
      Premise: 59 + 59 + 59 = 177
      Hypothesis: 9 + 9 + 9 = 27
      Combined: 204 points
      Sufficient for PHD: ✅
    Model analysis:
      Order violation energy: 0.3187
      Asymmetric energy: 3.7297
    PH-dimension: 0.00
  Sample 26: P=39 tokens, H=13 tokens
    Point cloud breakdown:
      Premise: 39 + 39 + 39 = 117
      Hypothesis: 13 + 13 + 13 = 39
      Combined: 156 points
      Sufficient for PHD: ✅
    Model analysis:
      Order violation energy: 0.1763
      Asymmetric energy: 5.5778
    PH-dimension: 0.00
  Sample 27: P=34 tokens, H=34 tokens
    Point cloud breakdown:
      Premise: 34 + 34 + 34 = 102
      Hypothesis: 34 + 34 + 34 = 102
      Combined: 204 points
      Sufficient for PHD: ✅
    Model analysis:
      Order violation energy: 0.0000
      Asymmetric energy: 0.0000
    PH-dimension: 0.00
  Sample 28: P=38 tokens, H=7 tokens
    Point cloud breakdown:
      Premise: 38 + 38 + 38 = 114
      Hypothesis: 7 + 7 + 7 = 21
      Combined: 135 points
      Sufficient for PHD: ✅
    Model analysis:
      Order violation energy: 0.0205
      Asymmetric energy: 8.1117
    PH-dimension: 0.00
  Sample 29: P=28 tokens, H=13 tokens
    Point cloud breakdown:
      Premise: 28 + 28 + 28 = 84
      Hypothesis: 13 + 13 + 13 = 39
      Combined: 123 points
      Sufficient for PHD: ✅
    Model analysis:
      Order violation energy: 0.4373
      Asymmetric energy: 1.3540
    PH-dimension: 0.00
  Sample 30: P=33 tokens, H=19 tokens
    Point cloud breakdown:
      Premise: 33 + 33 + 33 = 99
      Hypothesis: 19 + 19 + 19 = 57
      Combined: 156 points
      Sufficient for PHD: ✅
    Model analysis:
      Order violation energy: 1.0670
      Asymmetric energy: 2.6481
    PH-dimension: 0.00
  Sample 31: P=30 tokens, H=14 tokens
    Point cloud breakdown:
      Premise: 30 + 30 + 30 = 90
      Hypothesis: 14 + 14 + 14 = 42
      Combined: 132 points
      Sufficient for PHD: ✅
    Model analysis:
      Order violation energy: 0.1959
      Asymmetric energy: 4.8745
    PH-dimension: 0.00
  Sample 32: P=26 tokens, H=24 tokens
    Point cloud breakdown:
      Premise: 26 + 26 + 26 = 78
      Hypothesis: 24 + 24 + 24 = 72
      Combined: 150 points
      Sufficient for PHD: ✅
    Model analysis:
      Order violation energy: 0.4380
      Asymmetric energy: 2.4255
    PH-dimension: 0.00
  Sample 33: P=24 tokens, H=18 tokens
    Point cloud breakdown:
      Premise: 24 + 24 + 24 = 72
      Hypothesis: 18 + 18 + 18 = 54
      Combined: 126 points
      Sufficient for PHD: ✅
    Model analysis:
      Order violation energy: 0.5086
      Asymmetric energy: 2.8531
    PH-dimension: 0.00
  Sample 34: P=24 tokens, H=16 tokens
    Point cloud breakdown:
      Premise: 24 + 24 + 24 = 72
      Hypothesis: 16 + 16 + 16 = 48
      Combined: 120 points
      Sufficient for PHD: ✅
    Model analysis:
      Order violation energy: 0.7503
      Asymmetric energy: 1.4174
    PH-dimension: 0.00
  Sample 35: P=20 tokens, H=23 tokens
    Point cloud breakdown:
      Premise: 20 + 20 + 20 = 60
      Hypothesis: 23 + 23 + 23 = 69
      Combined: 129 points
      Sufficient for PHD: ✅
    Model analysis:
      Order violation energy: 0.2416
      Asymmetric energy: 1.3625
    PH-dimension: 0.00
  Sample 36: P=40 tokens, H=10 tokens
    Point cloud breakdown:
      Premise: 40 + 40 + 40 = 120
      Hypothesis: 10 + 10 + 10 = 30
      Combined: 150 points
      Sufficient for PHD: ✅
    Model analysis:
      Order violation energy: 0.6018
      Asymmetric energy: 2.8120
    PH-dimension: 0.00
  Sample 37: P=28 tokens, H=26 tokens
    Point cloud breakdown:
      Premise: 28 + 28 + 28 = 84
      Hypothesis: 26 + 26 + 26 = 78
      Combined: 162 points
      Sufficient for PHD: ✅
    Model analysis:
      Order violation energy: 0.8474
      Asymmetric energy: 2.4265
    PH-dimension: 0.00
  Sample 38: P=45 tokens, H=13 tokens
    Point cloud breakdown:
      Premise: 45 + 45 + 45 = 135
      Hypothesis: 13 + 13 + 13 = 39
      Combined: 174 points
      Sufficient for PHD: ✅
    Model analysis:
      Order violation energy: 0.5662
      Asymmetric energy: 3.4457
    PH-dimension: 0.00
  Sample 39: P=30 tokens, H=11 tokens
    Point cloud breakdown:
      Premise: 30 + 30 + 30 = 90
      Hypothesis: 11 + 11 + 11 = 33
      Combined: 123 points
      Sufficient for PHD: ✅
    Model analysis:
      Order violation energy: 0.1782
      Asymmetric energy: 3.7229
    PH-dimension: 0.00
  Sample 40: P=21 tokens, H=19 tokens
    Point cloud breakdown:
      Premise: 21 + 21 + 21 = 63
      Hypothesis: 19 + 19 + 19 = 57
      Combined: 120 points
      Sufficient for PHD: ✅
    Model analysis:
      Order violation energy: 0.0893
      Asymmetric energy: 3.6175
    PH-dimension: 0.00
  Sample 41: P=37 tokens, H=19 tokens
    Point cloud breakdown:
      Premise: 37 + 37 + 37 = 111
      Hypothesis: 19 + 19 + 19 = 57
      Combined: 168 points
      Sufficient for PHD: ✅
    Model analysis:
      Order violation energy: 0.1364
      Asymmetric energy: 2.3448
    PH-dimension: 0.00
  Sample 42: P=58 tokens, H=7 tokens
    Point cloud breakdown:
      Premise: 58 + 58 + 58 = 174
      Hypothesis: 7 + 7 + 7 = 21
      Combined: 195 points
      Sufficient for PHD: ✅
    Model analysis:
      Order violation energy: 0.0014
      Asymmetric energy: 12.0307
    PH-dimension: 0.00
  Sample 43: P=33 tokens, H=8 tokens
    Point cloud breakdown:
      Premise: 33 + 33 + 33 = 99
      Hypothesis: 8 + 8 + 8 = 24
      Combined: 123 points
      Sufficient for PHD: ✅
    Model analysis:
      Order violation energy: 0.2669
      Asymmetric energy: 3.4580
    PH-dimension: 0.00
  Sample 44: P=58 tokens, H=11 tokens
    Point cloud breakdown:
      Premise: 58 + 58 + 58 = 174
      Hypothesis: 11 + 11 + 11 = 33
      Combined: 207 points
      Sufficient for PHD: ✅
    Model analysis:
      Order violation energy: 0.5728
      Asymmetric energy: 2.2000
    PH-dimension: 0.00
  Sample 45: P=26 tokens, H=16 tokens
    Point cloud breakdown:
      Premise: 26 + 26 + 26 = 78
      Hypothesis: 16 + 16 + 16 = 48
      Combined: 126 points
      Sufficient for PHD: ✅
    Model analysis:
      Order violation energy: 0.5208
      Asymmetric energy: 1.6376
    PH-dimension: 0.00
  Sample 46: P=43 tokens, H=8 tokens
    Point cloud breakdown:
      Premise: 43 + 43 + 43 = 129
      Hypothesis: 8 + 8 + 8 = 24
      Combined: 153 points
      Sufficient for PHD: ✅
    Model analysis:
      Order violation energy: 0.3747
      Asymmetric energy: 2.3874
    PH-dimension: 0.00
  Sample 47: P=29 tokens, H=17 tokens
    Point cloud breakdown:
      Premise: 29 + 29 + 29 = 87
      Hypothesis: 17 + 17 + 17 = 51
      Combined: 138 points
      Sufficient for PHD: ✅
    Model analysis:
      Order violation energy: 1.2778
      Asymmetric energy: 1.9146
    PH-dimension: 0.00
  Sample 48: P=32 tokens, H=9 tokens
    Point cloud breakdown:
      Premise: 32 + 32 + 32 = 96
      Hypothesis: 9 + 9 + 9 = 27
      Combined: 123 points
      Sufficient for PHD: ✅
    Model analysis:
      Order violation energy: 1.4766
      Asymmetric energy: 2.5134
    PH-dimension: 0.00
  Sample 49: P=29 tokens, H=15 tokens
    Point cloud breakdown:
      Premise: 29 + 29 + 29 = 87
      Hypothesis: 15 + 15 + 15 = 45
      Combined: 132 points
      Sufficient for PHD: ✅
    Model analysis:
      Order violation energy: 0.3645
      Asymmetric energy: 1.5041
    PH-dimension: 0.00
  Sample 50: P=30 tokens, H=12 tokens
    Point cloud breakdown:
      Premise: 30 + 30 + 30 = 90
      Hypothesis: 12 + 12 + 12 = 36
      Combined: 126 points
      Sufficient for PHD: ✅
    Model analysis:
      Order violation energy: 0.2141
      Asymmetric energy: 3.8062
    PH-dimension: 0.00
  Sample 51: P=33 tokens, H=7 tokens
    Point cloud breakdown:
      Premise: 33 + 33 + 33 = 99
      Hypothesis: 7 + 7 + 7 = 21
      Combined: 120 points
      Sufficient for PHD: ✅
    Model analysis:
      Order violation energy: 0.2968
      Asymmetric energy: 3.7112
    PH-dimension: 0.00
  Sample 52: P=32 tokens, H=22 tokens
    Point cloud breakdown:
      Premise: 32 + 32 + 32 = 96
      Hypothesis: 22 + 22 + 22 = 66
      Combined: 162 points
      Sufficient for PHD: ✅
    Model analysis:
      Order violation energy: 0.4801
      Asymmetric energy: 2.4231
    PH-dimension: 0.00
  Sample 53: P=27 tokens, H=13 tokens
    Point cloud breakdown:
      Premise: 27 + 27 + 27 = 81
      Hypothesis: 13 + 13 + 13 = 39
      Combined: 120 points
      Sufficient for PHD: ✅
    Model analysis:
      Order violation energy: 0.3612
      Asymmetric energy: 1.6947
    PH-dimension: 0.00
  Sample 54: P=37 tokens, H=15 tokens
    Point cloud breakdown:
      Premise: 37 + 37 + 37 = 111
      Hypothesis: 15 + 15 + 15 = 45
      Combined: 156 points
      Sufficient for PHD: ✅
    Model analysis:
      Order violation energy: 0.0210
      Asymmetric energy: 8.1740
    PH-dimension: 0.00
  Sample 55: P=36 tokens, H=9 tokens
    Point cloud breakdown:
      Premise: 36 + 36 + 36 = 108
      Hypothesis: 9 + 9 + 9 = 27
      Combined: 135 points
      Sufficient for PHD: ✅
    Model analysis:
      Order violation energy: 0.2909
      Asymmetric energy: 6.6472
    PH-dimension: 0.00
  Sample 56: P=48 tokens, H=11 tokens
    Point cloud breakdown:
      Premise: 48 + 48 + 48 = 144
      Hypothesis: 11 + 11 + 11 = 33
      Combined: 177 points
      Sufficient for PHD: ✅
    Model analysis:
      Order violation energy: 0.1721
      Asymmetric energy: 6.5656
    PH-dimension: 0.00
  Sample 57: P=50 tokens, H=7 tokens
    Point cloud breakdown:
      Premise: 50 + 50 + 50 = 150
      Hypothesis: 7 + 7 + 7 = 21
      Combined: 171 points
      Sufficient for PHD: ✅
    Model analysis:
      Order violation energy: 0.6658
      Asymmetric energy: 4.1248
    PH-dimension: 0.00
  Sample 58: P=36 tokens, H=9 tokens
    Point cloud breakdown:
      Premise: 36 + 36 + 36 = 108
      Hypothesis: 9 + 9 + 9 = 27
      Combined: 135 points
      Sufficient for PHD: ✅
    Model analysis:
      Order violation energy: 0.0329
      Asymmetric energy: 5.4290
    PH-dimension: 0.00
  Sample 59: P=41 tokens, H=8 tokens
    Point cloud breakdown:
      Premise: 41 + 41 + 41 = 123
      Hypothesis: 8 + 8 + 8 = 24
      Combined: 147 points
      Sufficient for PHD: ✅
    Model analysis:
      Order violation energy: 0.5904
      Asymmetric energy: 4.5741
    PH-dimension: 0.00
  Sample 60: P=29 tokens, H=29 tokens
    Point cloud breakdown:
      Premise: 29 + 29 + 29 = 87
      Hypothesis: 29 + 29 + 29 = 87
      Combined: 174 points
      Sufficient for PHD: ✅
    Model analysis:
      Order violation energy: 0.0140
      Asymmetric energy: 0.1894
    PH-dimension: 0.00
  Sample 61: P=27 tokens, H=14 tokens
    Point cloud breakdown:
      Premise: 27 + 27 + 27 = 81
      Hypothesis: 14 + 14 + 14 = 42
      Combined: 123 points
      Sufficient for PHD: ✅
    Model analysis:
      Order violation energy: 0.1688
      Asymmetric energy: 4.4510
    PH-dimension: 0.00
  Sample 62: P=30 tokens, H=12 tokens
    Point cloud breakdown:
      Premise: 30 + 30 + 30 = 90
      Hypothesis: 12 + 12 + 12 = 36
      Combined: 126 points
      Sufficient for PHD: ✅
    Model analysis:
      Order violation energy: 0.2701
      Asymmetric energy: 4.8441
    PH-dimension: 0.00
  Sample 63: P=34 tokens, H=18 tokens
    Point cloud breakdown:
      Premise: 34 + 34 + 34 = 102
      Hypothesis: 18 + 18 + 18 = 54
      Combined: 156 points
      Sufficient for PHD: ✅
    Model analysis:
      Order violation energy: 0.2317
      Asymmetric energy: 2.6741
    PH-dimension: 0.00
  Sample 64: P=22 tokens, H=18 tokens
    Point cloud breakdown:
      Premise: 22 + 22 + 22 = 66
      Hypothesis: 18 + 18 + 18 = 54
      Combined: 120 points
      Sufficient for PHD: ✅
    Model analysis:
      Order violation energy: 0.1105
      Asymmetric energy: 2.0347
    PH-dimension: 0.00
  Sample 65: P=33 tokens, H=10 tokens
    Point cloud breakdown:
      Premise: 33 + 33 + 33 = 99
      Hypothesis: 10 + 10 + 10 = 30
      Combined: 129 points
      Sufficient for PHD: ✅
    Model analysis:
      Order violation energy: 0.1221
      Asymmetric energy: 2.3348
    PH-dimension: 0.00
  Sample 66: P=38 tokens, H=10 tokens
    Point cloud breakdown:
      Premise: 38 + 38 + 38 = 114
      Hypothesis: 10 + 10 + 10 = 30
      Combined: 144 points
      Sufficient for PHD: ✅
    Model analysis:
      Order violation energy: 0.1119
      Asymmetric energy: 5.5205
    PH-dimension: 0.00
  Sample 67: P=29 tokens, H=16 tokens
    Point cloud breakdown:
      Premise: 29 + 29 + 29 = 87
      Hypothesis: 16 + 16 + 16 = 48
      Combined: 135 points
      Sufficient for PHD: ✅
    Model analysis:
      Order violation energy: 0.8209
      Asymmetric energy: 1.7246
    PH-dimension: 0.00
  Sample 68: P=24 tokens, H=18 tokens
    Point cloud breakdown:
      Premise: 24 + 24 + 24 = 72
      Hypothesis: 18 + 18 + 18 = 54
      Combined: 126 points
      Sufficient for PHD: ✅
    Model analysis:
      Order violation energy: 0.6461
      Asymmetric energy: 1.9150
    PH-dimension: 0.00
  Sample 69: P=38 tokens, H=10 tokens
    Point cloud breakdown:
      Premise: 38 + 38 + 38 = 114
      Hypothesis: 10 + 10 + 10 = 30
      Combined: 144 points
      Sufficient for PHD: ✅
    Model analysis:
      Order violation energy: 0.0401
      Asymmetric energy: 6.0769
    PH-dimension: 0.00
  Sample 70: P=27 tokens, H=16 tokens
    Point cloud breakdown:
      Premise: 27 + 27 + 27 = 81
      Hypothesis: 16 + 16 + 16 = 48
      Combined: 129 points
      Sufficient for PHD: ✅
    Model analysis:
      Order violation energy: 0.1704
      Asymmetric energy: 2.8371
    PH-dimension: 0.00
  Sample 71: P=34 tokens, H=7 tokens
    Point cloud breakdown:
      Premise: 34 + 34 + 34 = 102
      Hypothesis: 7 + 7 + 7 = 21
      Combined: 123 points
      Sufficient for PHD: ✅
    Model analysis:
      Order violation energy: 0.3348
      Asymmetric energy: 3.9791
    PH-dimension: 0.00
  Sample 72: P=31 tokens, H=11 tokens
    Point cloud breakdown:
      Premise: 31 + 31 + 31 = 93
      Hypothesis: 11 + 11 + 11 = 33
      Combined: 126 points
      Sufficient for PHD: ✅
    Model analysis:
      Order violation energy: 1.2255
      Asymmetric energy: 1.5557
    PH-dimension: 0.00
  Sample 73: P=34 tokens, H=9 tokens
    Point cloud breakdown:
      Premise: 34 + 34 + 34 = 102
      Hypothesis: 9 + 9 + 9 = 27
      Combined: 129 points
      Sufficient for PHD: ✅
    Model analysis:
      Order violation energy: 0.1191
      Asymmetric energy: 2.8487
    PH-dimension: 0.00
  Sample 74: P=38 tokens, H=7 tokens
    Point cloud breakdown:
      Premise: 38 + 38 + 38 = 114
      Hypothesis: 7 + 7 + 7 = 21
      Combined: 135 points
      Sufficient for PHD: ✅
    Model analysis:
      Order violation energy: 0.0003
      Asymmetric energy: 11.0952
    PH-dimension: 0.00
  Sample 75: P=41 tokens, H=9 tokens
    Point cloud breakdown:
      Premise: 41 + 41 + 41 = 123
      Hypothesis: 9 + 9 + 9 = 27
      Combined: 150 points
      Sufficient for PHD: ✅
    Model analysis:
      Order violation energy: 0.4330
      Asymmetric energy: 7.2032
    PH-dimension: 0.00
  Sample 76: P=30 tokens, H=13 tokens
    Point cloud breakdown:
      Premise: 30 + 30 + 30 = 90
      Hypothesis: 13 + 13 + 13 = 39
      Combined: 129 points
      Sufficient for PHD: ✅
    Model analysis:
      Order violation energy: 0.1493
      Asymmetric energy: 4.0285
    PH-dimension: 0.00
  Sample 77: P=39 tokens, H=11 tokens
    Point cloud breakdown:
      Premise: 39 + 39 + 39 = 117
      Hypothesis: 11 + 11 + 11 = 33
      Combined: 150 points
      Sufficient for PHD: ✅
    Model analysis:
      Order violation energy: 0.0113
      Asymmetric energy: 8.6424
    PH-dimension: 0.00
  Sample 78: P=28 tokens, H=17 tokens
    Point cloud breakdown:
      Premise: 28 + 28 + 28 = 84
      Hypothesis: 17 + 17 + 17 = 51
      Combined: 135 points
      Sufficient for PHD: ✅
    Model analysis:
      Order violation energy: 0.0787
      Asymmetric energy: 3.7391
    PH-dimension: 0.00
  Sample 79: P=32 tokens, H=23 tokens
    Point cloud breakdown:
      Premise: 32 + 32 + 32 = 96
      Hypothesis: 23 + 23 + 23 = 69
      Combined: 165 points
      Sufficient for PHD: ✅
    Model analysis:
      Order violation energy: 0.1853
      Asymmetric energy: 6.3748
    PH-dimension: 0.00
  Sample 80: P=32 tokens, H=13 tokens
    Point cloud breakdown:
      Premise: 32 + 32 + 32 = 96
      Hypothesis: 13 + 13 + 13 = 39
      Combined: 135 points
      Sufficient for PHD: ✅
    Model analysis:
      Order violation energy: 0.0478
      Asymmetric energy: 5.4473
    PH-dimension: 0.00
  Sample 81: P=39 tokens, H=13 tokens
    Point cloud breakdown:
      Premise: 39 + 39 + 39 = 117
      Hypothesis: 13 + 13 + 13 = 39
      Combined: 156 points
      Sufficient for PHD: ✅
    Model analysis:
      Order violation energy: 0.6555
      Asymmetric energy: 3.2176
    PH-dimension: 0.00
  Sample 82: P=26 tokens, H=17 tokens
    Point cloud breakdown:
      Premise: 26 + 26 + 26 = 78
      Hypothesis: 17 + 17 + 17 = 51
      Combined: 129 points
      Sufficient for PHD: ✅
    Model analysis:
      Order violation energy: 0.6489
      Asymmetric energy: 1.4566
    PH-dimension: 0.00
  Sample 83: P=23 tokens, H=22 tokens
    Point cloud breakdown:
      Premise: 23 + 23 + 23 = 69
      Hypothesis: 22 + 22 + 22 = 66
      Combined: 135 points
      Sufficient for PHD: ✅
    Model analysis:
      Order violation energy: 0.2851
      Asymmetric energy: 1.3363
    PH-dimension: 0.00
  Sample 84: P=32 tokens, H=9 tokens
    Point cloud breakdown:
      Premise: 32 + 32 + 32 = 96
      Hypothesis: 9 + 9 + 9 = 27
      Combined: 123 points
      Sufficient for PHD: ✅
    Model analysis:
      Order violation energy: 0.0753
      Asymmetric energy: 7.8643
    PH-dimension: 0.00
  Sample 85: P=24 tokens, H=18 tokens
    Point cloud breakdown:
      Premise: 24 + 24 + 24 = 72
      Hypothesis: 18 + 18 + 18 = 54
      Combined: 126 points
      Sufficient for PHD: ✅
    Model analysis:
      Order violation energy: 0.2028
      Asymmetric energy: 1.2044
    PH-dimension: 0.00
  Sample 86: P=22 tokens, H=22 tokens
    Point cloud breakdown:
      Premise: 22 + 22 + 22 = 66
      Hypothesis: 22 + 22 + 22 = 66
      Combined: 132 points
      Sufficient for PHD: ✅
    Model analysis:
      Order violation energy: 0.4395
      Asymmetric energy: 1.3349
    PH-dimension: 0.00
  Sample 87: P=27 tokens, H=18 tokens
    Point cloud breakdown:
      Premise: 27 + 27 + 27 = 81
      Hypothesis: 18 + 18 + 18 = 54
      Combined: 135 points
      Sufficient for PHD: ✅
    Model analysis:
      Order violation energy: 0.6740
      Asymmetric energy: 1.8183
    PH-dimension: 0.00
  Sample 88: P=40 tokens, H=10 tokens
    Point cloud breakdown:
      Premise: 40 + 40 + 40 = 120
      Hypothesis: 10 + 10 + 10 = 30
      Combined: 150 points
      Sufficient for PHD: ✅
    Model analysis:
      Order violation energy: 0.1613
      Asymmetric energy: 5.6346
    PH-dimension: 0.00
  Sample 89: P=30 tokens, H=10 tokens
    Point cloud breakdown:
      Premise: 30 + 30 + 30 = 90
      Hypothesis: 10 + 10 + 10 = 30
      Combined: 120 points
      Sufficient for PHD: ✅
    Model analysis:
      Order violation energy: 0.0357
      Asymmetric energy: 7.6136
    PH-dimension: 0.00
  Sample 90: P=30 tokens, H=10 tokens
    Point cloud breakdown:
      Premise: 30 + 30 + 30 = 90
      Hypothesis: 10 + 10 + 10 = 30
      Combined: 120 points
      Sufficient for PHD: ✅
    Model analysis:
      Order violation energy: 0.1033
      Asymmetric energy: 3.0909
    PH-dimension: 0.00
  Sample 91: P=45 tokens, H=7 tokens
    Point cloud breakdown:
      Premise: 45 + 45 + 45 = 135
      Hypothesis: 7 + 7 + 7 = 21
      Combined: 156 points
      Sufficient for PHD: ✅
    Model analysis:
      Order violation energy: 0.2175
      Asymmetric energy: 4.4340
    PH-dimension: 0.00
  Sample 92: P=28 tokens, H=13 tokens
    Point cloud breakdown:
      Premise: 28 + 28 + 28 = 84
      Hypothesis: 13 + 13 + 13 = 39
      Combined: 123 points
      Sufficient for PHD: ✅
    Model analysis:
      Order violation energy: 0.1514
      Asymmetric energy: 3.0896
    PH-dimension: 0.00
  Sample 93: P=39 tokens, H=6 tokens
    Point cloud breakdown:
      Premise: 39 + 39 + 39 = 117
      Hypothesis: 6 + 6 + 6 = 18
      Combined: 135 points
      Sufficient for PHD: ✅
    Model analysis:
      Order violation energy: 0.0006
      Asymmetric energy: 13.8383
    PH-dimension: 0.00
  Sample 94: P=32 tokens, H=10 tokens
    Point cloud breakdown:
      Premise: 32 + 32 + 32 = 96
      Hypothesis: 10 + 10 + 10 = 30
      Combined: 126 points
      Sufficient for PHD: ✅
    Model analysis:
      Order violation energy: 0.0709
      Asymmetric energy: 10.3126
    PH-dimension: 0.00
  Sample 95: P=50 tokens, H=9 tokens
    Point cloud breakdown:
      Premise: 50 + 50 + 50 = 150
      Hypothesis: 9 + 9 + 9 = 27
      Combined: 177 points
      Sufficient for PHD: ✅
    Model analysis:
      Order violation energy: 0.0216
      Asymmetric energy: 7.5148
    PH-dimension: 0.00
  Sample 96: P=33 tokens, H=8 tokens
    Point cloud breakdown:
      Premise: 33 + 33 + 33 = 99
      Hypothesis: 8 + 8 + 8 = 24
      Combined: 123 points
      Sufficient for PHD: ✅
    Model analysis:
      Order violation energy: 0.0468
      Asymmetric energy: 4.9466
    PH-dimension: 0.00
  Sample 97: P=29 tokens, H=14 tokens
    Point cloud breakdown:
      Premise: 29 + 29 + 29 = 87
      Hypothesis: 14 + 14 + 14 = 42
      Combined: 129 points
      Sufficient for PHD: ✅
    Model analysis:
      Order violation energy: 0.1472
      Asymmetric energy: 4.3798
    PH-dimension: 0.00
  Sample 98: P=22 tokens, H=21 tokens
    Point cloud breakdown:
      Premise: 22 + 22 + 22 = 66
      Hypothesis: 21 + 21 + 21 = 63
      Combined: 129 points
      Sufficient for PHD: ✅
    Model analysis:
      Order violation energy: 1.2047
      Asymmetric energy: 2.3559
    PH-dimension: 0.00
  Sample 99: P=39 tokens, H=11 tokens
    Point cloud breakdown:
      Premise: 39 + 39 + 39 = 117
      Hypothesis: 11 + 11 + 11 = 33
      Combined: 150 points
      Sufficient for PHD: ✅
    Model analysis:
      Order violation energy: 0.4683
      Asymmetric energy: 4.3723
    PH-dimension: 0.00
  Sample 100: P=29 tokens, H=11 tokens
    Point cloud breakdown:
      Premise: 29 + 29 + 29 = 87
      Hypothesis: 11 + 11 + 11 = 33
      Combined: 120 points
      Sufficient for PHD: ✅
    Model analysis:
      Order violation energy: 0.5952
      Asymmetric energy: 2.6927
    PH-dimension: 0.00

Processing neutral samples...
  Sample 1: P=30 tokens, H=10 tokens
    Point cloud breakdown:
      Premise: 30 + 30 + 30 = 90
      Hypothesis: 10 + 10 + 10 = 30
      Combined: 120 points
      Sufficient for PHD: ✅
    Model analysis:
      Order violation energy: 0.8082
      Asymmetric energy: 3.4598
    PH-dimension: 0.00
  Sample 2: P=52 tokens, H=7 tokens
    Point cloud breakdown:
      Premise: 52 + 52 + 52 = 156
      Hypothesis: 7 + 7 + 7 = 21
      Combined: 177 points
      Sufficient for PHD: ✅
    Model analysis:
      Order violation energy: 1.9336
      Asymmetric energy: 2.5485
    PH-dimension: 0.00
  Sample 3: P=33 tokens, H=14 tokens
    Point cloud breakdown:
      Premise: 33 + 33 + 33 = 99
      Hypothesis: 14 + 14 + 14 = 42
      Combined: 141 points
      Sufficient for PHD: ✅
    Model analysis:
      Order violation energy: 0.4913
      Asymmetric energy: 1.6496
    PH-dimension: 0.00
  Sample 4: P=41 tokens, H=9 tokens
    Point cloud breakdown:
      Premise: 41 + 41 + 41 = 123
      Hypothesis: 9 + 9 + 9 = 27
      Combined: 150 points
      Sufficient for PHD: ✅
    Model analysis:
      Order violation energy: 0.4877
      Asymmetric energy: 2.2105
    PH-dimension: 0.00
  Sample 5: P=41 tokens, H=12 tokens
    Point cloud breakdown:
      Premise: 41 + 41 + 41 = 123
      Hypothesis: 12 + 12 + 12 = 36
      Combined: 159 points
      Sufficient for PHD: ✅
    Model analysis:
      Order violation energy: 1.2912
      Asymmetric energy: 3.3684
    PH-dimension: 0.00
  Sample 6: P=34 tokens, H=12 tokens
    Point cloud breakdown:
      Premise: 34 + 34 + 34 = 102
      Hypothesis: 12 + 12 + 12 = 36
      Combined: 138 points
      Sufficient for PHD: ✅
    Model analysis:
      Order violation energy: 5.2785
      Asymmetric energy: 5.5746
    PH-dimension: 0.00
  Sample 7: P=33 tokens, H=8 tokens
    Point cloud breakdown:
      Premise: 33 + 33 + 33 = 99
      Hypothesis: 8 + 8 + 8 = 24
      Combined: 123 points
      Sufficient for PHD: ✅
    Model analysis:
      Order violation energy: 1.9023
      Asymmetric energy: 2.6027
    PH-dimension: 0.00
  Sample 8: P=21 tokens, H=19 tokens
    Point cloud breakdown:
      Premise: 21 + 21 + 21 = 63
      Hypothesis: 19 + 19 + 19 = 57
      Combined: 120 points
      Sufficient for PHD: ✅
    Model analysis:
      Order violation energy: 1.1461
      Asymmetric energy: 1.7405
    PH-dimension: 0.00
  Sample 9: P=30 tokens, H=10 tokens
    Point cloud breakdown:
      Premise: 30 + 30 + 30 = 90
      Hypothesis: 10 + 10 + 10 = 30
      Combined: 120 points
      Sufficient for PHD: ✅
    Model analysis:
      Order violation energy: 0.7826
      Asymmetric energy: 2.0492
    PH-dimension: 0.00
  Sample 10: P=24 tokens, H=19 tokens
    Point cloud breakdown:
      Premise: 24 + 24 + 24 = 72
      Hypothesis: 19 + 19 + 19 = 57
      Combined: 129 points
      Sufficient for PHD: ✅
    Model analysis:
      Order violation energy: 3.7268
      Asymmetric energy: 3.5129
    PH-dimension: 0.00
  Sample 11: P=24 tokens, H=19 tokens
    Point cloud breakdown:
      Premise: 24 + 24 + 24 = 72
      Hypothesis: 19 + 19 + 19 = 57
      Combined: 129 points
      Sufficient for PHD: ✅
    Model analysis:
      Order violation energy: 2.4075
      Asymmetric energy: 2.6645
    PH-dimension: 0.00
  Sample 12: P=23 tokens, H=19 tokens
    Point cloud breakdown:
      Premise: 23 + 23 + 23 = 69
      Hypothesis: 19 + 19 + 19 = 57
      Combined: 126 points
      Sufficient for PHD: ✅
    Model analysis:
      Order violation energy: 2.8589
      Asymmetric energy: 3.4413
    PH-dimension: 0.00
  Sample 13: P=31 tokens, H=10 tokens
    Point cloud breakdown:
      Premise: 31 + 31 + 31 = 93
      Hypothesis: 10 + 10 + 10 = 30
      Combined: 123 points
      Sufficient for PHD: ✅
    Model analysis:
      Order violation energy: 2.6263
      Asymmetric energy: 3.1774
    PH-dimension: 0.00
  Sample 14: P=32 tokens, H=15 tokens
    Point cloud breakdown:
      Premise: 32 + 32 + 32 = 96
      Hypothesis: 15 + 15 + 15 = 45
      Combined: 141 points
      Sufficient for PHD: ✅
    Model analysis:
      Order violation energy: 1.8240
      Asymmetric energy: 2.3353
    PH-dimension: 0.00
  Sample 15: P=26 tokens, H=20 tokens
    Point cloud breakdown:
      Premise: 26 + 26 + 26 = 78
      Hypothesis: 20 + 20 + 20 = 60
      Combined: 138 points
      Sufficient for PHD: ✅
    Model analysis:
      Order violation energy: 1.3125
      Asymmetric energy: 1.9266
    PH-dimension: 0.00
  Sample 16: P=26 tokens, H=18 tokens
    Point cloud breakdown:
      Premise: 26 + 26 + 26 = 78
      Hypothesis: 18 + 18 + 18 = 54
      Combined: 132 points
      Sufficient for PHD: ✅
    Model analysis:
      Order violation energy: 0.6666
      Asymmetric energy: 2.6157
    PH-dimension: 0.00
  Sample 17: P=24 tokens, H=16 tokens
    Point cloud breakdown:
      Premise: 24 + 24 + 24 = 72
      Hypothesis: 16 + 16 + 16 = 48
      Combined: 120 points
      Sufficient for PHD: ✅
    Model analysis:
      Order violation energy: 1.6245
      Asymmetric energy: 2.7268
    PH-dimension: 0.00
  Sample 18: P=41 tokens, H=9 tokens
    Point cloud breakdown:
      Premise: 41 + 41 + 41 = 123
      Hypothesis: 9 + 9 + 9 = 27
      Combined: 150 points
      Sufficient for PHD: ✅
    Model analysis:
      Order violation energy: 1.1392
      Asymmetric energy: 1.9564
    PH-dimension: 0.00
  Sample 19: P=20 tokens, H=22 tokens
    Point cloud breakdown:
      Premise: 20 + 20 + 20 = 60
      Hypothesis: 22 + 22 + 22 = 66
      Combined: 126 points
      Sufficient for PHD: ✅
    Model analysis:
      Order violation energy: 1.5347
      Asymmetric energy: 3.0006
    PH-dimension: 0.00
  Sample 20: P=20 tokens, H=26 tokens
    Point cloud breakdown:
      Premise: 20 + 20 + 20 = 60
      Hypothesis: 26 + 26 + 26 = 78
      Combined: 138 points
      Sufficient for PHD: ✅
    Model analysis:
      Order violation energy: 5.1596
      Asymmetric energy: 5.8796
    PH-dimension: 0.00
  Sample 21: P=33 tokens, H=13 tokens
    Point cloud breakdown:
      Premise: 33 + 33 + 33 = 99
      Hypothesis: 13 + 13 + 13 = 39
      Combined: 138 points
      Sufficient for PHD: ✅
    Model analysis:
      Order violation energy: 2.4756
      Asymmetric energy: 2.2147
    PH-dimension: 0.00
  Sample 22: P=25 tokens, H=15 tokens
    Point cloud breakdown:
      Premise: 25 + 25 + 25 = 75
      Hypothesis: 15 + 15 + 15 = 45
      Combined: 120 points
      Sufficient for PHD: ✅
    Model analysis:
      Order violation energy: 1.3835
      Asymmetric energy: 1.8144
    PH-dimension: 0.00
  Sample 23: P=22 tokens, H=18 tokens
    Point cloud breakdown:
      Premise: 22 + 22 + 22 = 66
      Hypothesis: 18 + 18 + 18 = 54
      Combined: 120 points
      Sufficient for PHD: ✅
    Model analysis:
      Order violation energy: 3.1525
      Asymmetric energy: 4.5023
    PH-dimension: 0.00
  Sample 24: P=25 tokens, H=16 tokens
    Point cloud breakdown:
      Premise: 25 + 25 + 25 = 75
      Hypothesis: 16 + 16 + 16 = 48
      Combined: 123 points
      Sufficient for PHD: ✅
    Model analysis:
      Order violation energy: 1.6356
      Asymmetric energy: 1.6588
    PH-dimension: 0.00
  Sample 25: P=34 tokens, H=10 tokens
    Point cloud breakdown:
      Premise: 34 + 34 + 34 = 102
      Hypothesis: 10 + 10 + 10 = 30
      Combined: 132 points
      Sufficient for PHD: ✅
    Model analysis:
      Order violation energy: 0.5256
      Asymmetric energy: 1.8537
    PH-dimension: 0.00
  Sample 26: P=31 tokens, H=21 tokens
    Point cloud breakdown:
      Premise: 31 + 31 + 31 = 93
      Hypothesis: 21 + 21 + 21 = 63
      Combined: 156 points
      Sufficient for PHD: ✅
    Model analysis:
      Order violation energy: 2.1292
      Asymmetric energy: 2.8518
    PH-dimension: 0.00
  Sample 27: P=24 tokens, H=16 tokens
    Point cloud breakdown:
      Premise: 24 + 24 + 24 = 72
      Hypothesis: 16 + 16 + 16 = 48
      Combined: 120 points
      Sufficient for PHD: ✅
    Model analysis:
      Order violation energy: 0.7182
      Asymmetric energy: 2.8429
    PH-dimension: 0.00
  Sample 28: P=35 tokens, H=9 tokens
    Point cloud breakdown:
      Premise: 35 + 35 + 35 = 105
      Hypothesis: 9 + 9 + 9 = 27
      Combined: 132 points
      Sufficient for PHD: ✅
    Model analysis:
      Order violation energy: 1.6556
      Asymmetric energy: 1.4384
    PH-dimension: 0.00
  Sample 29: P=27 tokens, H=13 tokens
    Point cloud breakdown:
      Premise: 27 + 27 + 27 = 81
      Hypothesis: 13 + 13 + 13 = 39
      Combined: 120 points
      Sufficient for PHD: ✅
    Model analysis:
      Order violation energy: 0.8244
      Asymmetric energy: 5.2540
    PH-dimension: 0.00
  Sample 30: P=18 tokens, H=22 tokens
    Point cloud breakdown:
      Premise: 18 + 18 + 18 = 54
      Hypothesis: 22 + 22 + 22 = 66
      Combined: 120 points
      Sufficient for PHD: ✅
    Model analysis:
      Order violation energy: 1.4461
      Asymmetric energy: 2.5296
    PH-dimension: 0.00
  Sample 31: P=30 tokens, H=13 tokens
    Point cloud breakdown:
      Premise: 30 + 30 + 30 = 90
      Hypothesis: 13 + 13 + 13 = 39
      Combined: 129 points
      Sufficient for PHD: ✅
    Model analysis:
      Order violation energy: 2.3521
      Asymmetric energy: 3.3982
    PH-dimension: 0.00
  Sample 32: P=22 tokens, H=20 tokens
    Point cloud breakdown:
      Premise: 22 + 22 + 22 = 66
      Hypothesis: 20 + 20 + 20 = 60
      Combined: 126 points
      Sufficient for PHD: ✅
    Model analysis:
      Order violation energy: 2.9451
      Asymmetric energy: 3.2200
    PH-dimension: 0.00
  Sample 33: P=29 tokens, H=17 tokens
    Point cloud breakdown:
      Premise: 29 + 29 + 29 = 87
      Hypothesis: 17 + 17 + 17 = 51
      Combined: 138 points
      Sufficient for PHD: ✅
    Model analysis:
      Order violation energy: 1.6466
      Asymmetric energy: 2.0193
    PH-dimension: 0.00
  Sample 34: P=30 tokens, H=10 tokens
    Point cloud breakdown:
      Premise: 30 + 30 + 30 = 90
      Hypothesis: 10 + 10 + 10 = 30
      Combined: 120 points
      Sufficient for PHD: ✅
    Model analysis:
      Order violation energy: 2.1690
      Asymmetric energy: 2.9894
    PH-dimension: 0.00
  Sample 35: P=22 tokens, H=20 tokens
    Point cloud breakdown:
      Premise: 22 + 22 + 22 = 66
      Hypothesis: 20 + 20 + 20 = 60
      Combined: 126 points
      Sufficient for PHD: ✅
    Model analysis:
      Order violation energy: 0.6157
      Asymmetric energy: 1.5953
    PH-dimension: 0.00
  Sample 36: P=23 tokens, H=19 tokens
    Point cloud breakdown:
      Premise: 23 + 23 + 23 = 69
      Hypothesis: 19 + 19 + 19 = 57
      Combined: 126 points
      Sufficient for PHD: ✅
    Model analysis:
      Order violation energy: 2.9433
      Asymmetric energy: 3.2736
    PH-dimension: 0.00
  Sample 37: P=37 tokens, H=13 tokens
    Point cloud breakdown:
      Premise: 37 + 37 + 37 = 111
      Hypothesis: 13 + 13 + 13 = 39
      Combined: 150 points
      Sufficient for PHD: ✅
    Model analysis:
      Order violation energy: 1.6212
      Asymmetric energy: 2.5776
    PH-dimension: 0.00
  Sample 38: P=32 tokens, H=12 tokens
    Point cloud breakdown:
      Premise: 32 + 32 + 32 = 96
      Hypothesis: 12 + 12 + 12 = 36
      Combined: 132 points
      Sufficient for PHD: ✅
    Model analysis:
      Order violation energy: 0.1544
      Asymmetric energy: 4.2375
    PH-dimension: 0.00
  Sample 39: P=24 tokens, H=17 tokens
    Point cloud breakdown:
      Premise: 24 + 24 + 24 = 72
      Hypothesis: 17 + 17 + 17 = 51
      Combined: 123 points
      Sufficient for PHD: ✅
    Model analysis:
      Order violation energy: 1.8825
      Asymmetric energy: 3.1563
    PH-dimension: 0.00
  Sample 40: P=37 tokens, H=38 tokens
    Point cloud breakdown:
      Premise: 37 + 37 + 37 = 111
      Hypothesis: 38 + 38 + 38 = 114
      Combined: 225 points
      Sufficient for PHD: ✅
    Model analysis:
      Order violation energy: 0.2446
      Asymmetric energy: 0.8412
    PH-dimension: 0.00
  Sample 41: P=33 tokens, H=10 tokens
    Point cloud breakdown:
      Premise: 33 + 33 + 33 = 99
      Hypothesis: 10 + 10 + 10 = 30
      Combined: 129 points
      Sufficient for PHD: ✅
    Model analysis:
      Order violation energy: 2.5214
      Asymmetric energy: 2.9945
    PH-dimension: 0.00
  Sample 42: P=28 tokens, H=16 tokens
    Point cloud breakdown:
      Premise: 28 + 28 + 28 = 84
      Hypothesis: 16 + 16 + 16 = 48
      Combined: 132 points
      Sufficient for PHD: ✅
    Model analysis:
      Order violation energy: 1.4330
      Asymmetric energy: 1.9013
    PH-dimension: 0.00
  Sample 43: P=29 tokens, H=14 tokens
    Point cloud breakdown:
      Premise: 29 + 29 + 29 = 87
      Hypothesis: 14 + 14 + 14 = 42
      Combined: 129 points
      Sufficient for PHD: ✅
    Model analysis:
      Order violation energy: 0.2358
      Asymmetric energy: 3.1669
    PH-dimension: 0.00
  Sample 44: P=25 tokens, H=22 tokens
    Point cloud breakdown:
      Premise: 25 + 25 + 25 = 75
      Hypothesis: 22 + 22 + 22 = 66
      Combined: 141 points
      Sufficient for PHD: ✅
    Model analysis:
      Order violation energy: 0.7589
      Asymmetric energy: 1.7093
    PH-dimension: 0.00
  Sample 45: P=24 tokens, H=21 tokens
    Point cloud breakdown:
      Premise: 24 + 24 + 24 = 72
      Hypothesis: 21 + 21 + 21 = 63
      Combined: 135 points
      Sufficient for PHD: ✅
    Model analysis:
      Order violation energy: 0.9284
      Asymmetric energy: 1.6207
    PH-dimension: 0.00
  Sample 46: P=39 tokens, H=7 tokens
    Point cloud breakdown:
      Premise: 39 + 39 + 39 = 117
      Hypothesis: 7 + 7 + 7 = 21
      Combined: 138 points
      Sufficient for PHD: ✅
    Model analysis:
      Order violation energy: 1.8991
      Asymmetric energy: 5.0845
    PH-dimension: 0.00
  Sample 47: P=24 tokens, H=19 tokens
    Point cloud breakdown:
      Premise: 24 + 24 + 24 = 72
      Hypothesis: 19 + 19 + 19 = 57
      Combined: 129 points
      Sufficient for PHD: ✅
    Model analysis:
      Order violation energy: 3.6353
      Asymmetric energy: 4.0782
    PH-dimension: 0.00
  Sample 48: P=23 tokens, H=20 tokens
    Point cloud breakdown:
      Premise: 23 + 23 + 23 = 69
      Hypothesis: 20 + 20 + 20 = 60
      Combined: 129 points
      Sufficient for PHD: ✅
    Model analysis:
      Order violation energy: 0.2955
      Asymmetric energy: 2.3133
    PH-dimension: 0.00
  Sample 49: P=25 tokens, H=18 tokens
    Point cloud breakdown:
      Premise: 25 + 25 + 25 = 75
      Hypothesis: 18 + 18 + 18 = 54
      Combined: 129 points
      Sufficient for PHD: ✅
    Model analysis:
      Order violation energy: 0.8054
      Asymmetric energy: 1.7579
    PH-dimension: 0.00
  Sample 50: P=63 tokens, H=8 tokens
    Point cloud breakdown:
      Premise: 63 + 63 + 63 = 189
      Hypothesis: 8 + 8 + 8 = 24
      Combined: 213 points
      Sufficient for PHD: ✅
    Model analysis:
      Order violation energy: 0.4181
      Asymmetric energy: 4.4551
    PH-dimension: 0.00
  Sample 51: P=45 tokens, H=21 tokens
    Point cloud breakdown:
      Premise: 45 + 45 + 45 = 135
      Hypothesis: 21 + 21 + 21 = 63
      Combined: 198 points
      Sufficient for PHD: ✅
    Model analysis:
      Order violation energy: 3.1251
      Asymmetric energy: 3.0195
    PH-dimension: 0.00
  Sample 52: P=20 tokens, H=21 tokens
    Point cloud breakdown:
      Premise: 20 + 20 + 20 = 60
      Hypothesis: 21 + 21 + 21 = 63
      Combined: 123 points
      Sufficient for PHD: ✅
    Model analysis:
      Order violation energy: 0.3802
      Asymmetric energy: 1.2846
    PH-dimension: 0.00
  Sample 53: P=31 tokens, H=16 tokens
    Point cloud breakdown:
      Premise: 31 + 31 + 31 = 93
      Hypothesis: 16 + 16 + 16 = 48
      Combined: 141 points
      Sufficient for PHD: ✅
    Model analysis:
      Order violation energy: 1.3686
      Asymmetric energy: 2.3081
    PH-dimension: 0.00
  Sample 54: P=35 tokens, H=12 tokens
    Point cloud breakdown:
      Premise: 35 + 35 + 35 = 105
      Hypothesis: 12 + 12 + 12 = 36
      Combined: 141 points
      Sufficient for PHD: ✅
    Model analysis:
      Order violation energy: 4.9212
      Asymmetric energy: 2.4350
    PH-dimension: 0.00
  Sample 55: P=29 tokens, H=12 tokens
    Point cloud breakdown:
      Premise: 29 + 29 + 29 = 87
      Hypothesis: 12 + 12 + 12 = 36
      Combined: 123 points
      Sufficient for PHD: ✅
    Model analysis:
      Order violation energy: 1.7233
      Asymmetric energy: 2.8049
    PH-dimension: 0.00
  Sample 56: P=27 tokens, H=18 tokens
    Point cloud breakdown:
      Premise: 27 + 27 + 27 = 81
      Hypothesis: 18 + 18 + 18 = 54
      Combined: 135 points
      Sufficient for PHD: ✅
    Model analysis:
      Order violation energy: 1.2639
      Asymmetric energy: 2.0391
    PH-dimension: 0.00
  Sample 57: P=40 tokens, H=6 tokens
    Point cloud breakdown:
      Premise: 40 + 40 + 40 = 120
      Hypothesis: 6 + 6 + 6 = 18
      Combined: 138 points
      Sufficient for PHD: ✅
    Model analysis:
      Order violation energy: 0.9308
      Asymmetric energy: 2.5553
    PH-dimension: 0.00
  Sample 58: P=21 tokens, H=19 tokens
    Point cloud breakdown:
      Premise: 21 + 21 + 21 = 63
      Hypothesis: 19 + 19 + 19 = 57
      Combined: 120 points
      Sufficient for PHD: ✅
    Model analysis:
      Order violation energy: 3.8141
      Asymmetric energy: 4.1095
    PH-dimension: 0.00
  Sample 59: P=27 tokens, H=13 tokens
    Point cloud breakdown:
      Premise: 27 + 27 + 27 = 81
      Hypothesis: 13 + 13 + 13 = 39
      Combined: 120 points
      Sufficient for PHD: ✅
    Model analysis:
      Order violation energy: 0.8355
      Asymmetric energy: 1.7614
    PH-dimension: 0.00
  Sample 60: P=50 tokens, H=9 tokens
    Point cloud breakdown:
      Premise: 50 + 50 + 50 = 150
      Hypothesis: 9 + 9 + 9 = 27
      Combined: 177 points
      Sufficient for PHD: ✅
    Model analysis:
      Order violation energy: 0.8953
      Asymmetric energy: 2.7350
    PH-dimension: 0.00
  Sample 61: P=32 tokens, H=10 tokens
    Point cloud breakdown:
      Premise: 32 + 32 + 32 = 96
      Hypothesis: 10 + 10 + 10 = 30
      Combined: 126 points
      Sufficient for PHD: ✅
    Model analysis:
      Order violation energy: 0.2853
      Asymmetric energy: 5.9282
    PH-dimension: 0.00
  Sample 62: P=33 tokens, H=22 tokens
    Point cloud breakdown:
      Premise: 33 + 33 + 33 = 99
      Hypothesis: 22 + 22 + 22 = 66
      Combined: 165 points
      Sufficient for PHD: ✅
    Model analysis:
      Order violation energy: 0.2557
      Asymmetric energy: 3.6394
    PH-dimension: 0.00
  Sample 63: P=26 tokens, H=14 tokens
    Point cloud breakdown:
      Premise: 26 + 26 + 26 = 78
      Hypothesis: 14 + 14 + 14 = 42
      Combined: 120 points
      Sufficient for PHD: ✅
    Model analysis:
      Order violation energy: 3.3636
      Asymmetric energy: 2.8570
    PH-dimension: 0.00
  Sample 64: P=22 tokens, H=19 tokens
    Point cloud breakdown:
      Premise: 22 + 22 + 22 = 66
      Hypothesis: 19 + 19 + 19 = 57
      Combined: 123 points
      Sufficient for PHD: ✅
    Model analysis:
      Order violation energy: 1.5065
      Asymmetric energy: 2.0461
    PH-dimension: 0.00
  Sample 65: P=19 tokens, H=26 tokens
    Point cloud breakdown:
      Premise: 19 + 19 + 19 = 57
      Hypothesis: 26 + 26 + 26 = 78
      Combined: 135 points
      Sufficient for PHD: ✅
    Model analysis:
      Order violation energy: 2.8555
      Asymmetric energy: 4.1546
    PH-dimension: 0.00
  Sample 66: P=38 tokens, H=12 tokens
    Point cloud breakdown:
      Premise: 38 + 38 + 38 = 114
      Hypothesis: 12 + 12 + 12 = 36
      Combined: 150 points
      Sufficient for PHD: ✅
    Model analysis:
      Order violation energy: 1.4348
      Asymmetric energy: 1.9309
    PH-dimension: 0.00
  Sample 67: P=23 tokens, H=28 tokens
    Point cloud breakdown:
      Premise: 23 + 23 + 23 = 69
      Hypothesis: 28 + 28 + 28 = 84
      Combined: 153 points
      Sufficient for PHD: ✅
    Model analysis:
      Order violation energy: 2.3616
      Asymmetric energy: 3.7404
    PH-dimension: 0.00
  Sample 68: P=33 tokens, H=8 tokens
    Point cloud breakdown:
      Premise: 33 + 33 + 33 = 99
      Hypothesis: 8 + 8 + 8 = 24
      Combined: 123 points
      Sufficient for PHD: ✅
    Model analysis:
      Order violation energy: 0.2745
      Asymmetric energy: 5.1183
    PH-dimension: 0.00
  Sample 69: P=23 tokens, H=23 tokens
    Point cloud breakdown:
      Premise: 23 + 23 + 23 = 69
      Hypothesis: 23 + 23 + 23 = 69
      Combined: 138 points
      Sufficient for PHD: ✅
    Model analysis:
      Order violation energy: 1.4500
      Asymmetric energy: 2.9190
    PH-dimension: 0.00
  Sample 70: P=34 tokens, H=23 tokens
    Point cloud breakdown:
      Premise: 34 + 34 + 34 = 102
      Hypothesis: 23 + 23 + 23 = 69
      Combined: 171 points
      Sufficient for PHD: ✅
    Model analysis:
      Order violation energy: 1.4638
      Asymmetric energy: 1.5858
    PH-dimension: 0.00
  Sample 71: P=38 tokens, H=7 tokens
    Point cloud breakdown:
      Premise: 38 + 38 + 38 = 114
      Hypothesis: 7 + 7 + 7 = 21
      Combined: 135 points
      Sufficient for PHD: ✅
    Model analysis:
      Order violation energy: 0.8416
      Asymmetric energy: 2.3234
    PH-dimension: 0.00
  Sample 72: P=28 tokens, H=13 tokens
    Point cloud breakdown:
      Premise: 28 + 28 + 28 = 84
      Hypothesis: 13 + 13 + 13 = 39
      Combined: 123 points
      Sufficient for PHD: ✅
    Model analysis:
      Order violation energy: 1.1764
      Asymmetric energy: 1.8844
    PH-dimension: 0.00
  Sample 73: P=22 tokens, H=18 tokens
    Point cloud breakdown:
      Premise: 22 + 22 + 22 = 66
      Hypothesis: 18 + 18 + 18 = 54
      Combined: 120 points
      Sufficient for PHD: ✅
    Model analysis:
      Order violation energy: 1.1064
      Asymmetric energy: 2.7018
    PH-dimension: 0.00
  Sample 74: P=28 tokens, H=14 tokens
    Point cloud breakdown:
      Premise: 28 + 28 + 28 = 84
      Hypothesis: 14 + 14 + 14 = 42
      Combined: 126 points
      Sufficient for PHD: ✅
    Model analysis:
      Order violation energy: 1.8522
      Asymmetric energy: 1.9791
    PH-dimension: 0.00
  Sample 75: P=29 tokens, H=14 tokens
    Point cloud breakdown:
      Premise: 29 + 29 + 29 = 87
      Hypothesis: 14 + 14 + 14 = 42
      Combined: 129 points
      Sufficient for PHD: ✅
    Model analysis:
      Order violation energy: 1.9453
      Asymmetric energy: 1.7267
    PH-dimension: 0.00
  Sample 76: P=35 tokens, H=15 tokens
    Point cloud breakdown:
      Premise: 35 + 35 + 35 = 105
      Hypothesis: 15 + 15 + 15 = 45
      Combined: 150 points
      Sufficient for PHD: ✅
    Model analysis:
      Order violation energy: 1.2875
      Asymmetric energy: 2.6886
    PH-dimension: 0.00
  Sample 77: P=20 tokens, H=22 tokens
    Point cloud breakdown:
      Premise: 20 + 20 + 20 = 60
      Hypothesis: 22 + 22 + 22 = 66
      Combined: 126 points
      Sufficient for PHD: ✅
    Model analysis:
      Order violation energy: 0.5535
      Asymmetric energy: 1.3982
    PH-dimension: 0.00
  Sample 78: P=50 tokens, H=8 tokens
    Point cloud breakdown:
      Premise: 50 + 50 + 50 = 150
      Hypothesis: 8 + 8 + 8 = 24
      Combined: 174 points
      Sufficient for PHD: ✅
    Model analysis:
      Order violation energy: 1.1276
      Asymmetric energy: 3.7160
    PH-dimension: 0.00
  Sample 79: P=27 tokens, H=13 tokens
    Point cloud breakdown:
      Premise: 27 + 27 + 27 = 81
      Hypothesis: 13 + 13 + 13 = 39
      Combined: 120 points
      Sufficient for PHD: ✅
    Model analysis:
      Order violation energy: 0.4689
      Asymmetric energy: 1.6325
    PH-dimension: 0.00
  Sample 80: P=24 tokens, H=19 tokens
    Point cloud breakdown:
      Premise: 24 + 24 + 24 = 72
      Hypothesis: 19 + 19 + 19 = 57
      Combined: 129 points
      Sufficient for PHD: ✅
    Model analysis:
      Order violation energy: 3.0045
      Asymmetric energy: 2.4899
    PH-dimension: 0.00
  Sample 81: P=34 tokens, H=12 tokens
    Point cloud breakdown:
      Premise: 34 + 34 + 34 = 102
      Hypothesis: 12 + 12 + 12 = 36
      Combined: 138 points
      Sufficient for PHD: ✅
    Model analysis:
      Order violation energy: 0.2024
      Asymmetric energy: 3.9472
    PH-dimension: 0.00
  Sample 82: P=31 tokens, H=9 tokens
    Point cloud breakdown:
      Premise: 31 + 31 + 31 = 93
      Hypothesis: 9 + 9 + 9 = 27
      Combined: 120 points
      Sufficient for PHD: ✅
    Model analysis:
      Order violation energy: 1.2409
      Asymmetric energy: 2.8314
    PH-dimension: 0.00
  Sample 83: P=38 tokens, H=14 tokens
    Point cloud breakdown:
      Premise: 38 + 38 + 38 = 114
      Hypothesis: 14 + 14 + 14 = 42
      Combined: 156 points
      Sufficient for PHD: ✅
    Model analysis:
      Order violation energy: 1.3753
      Asymmetric energy: 2.3445
    PH-dimension: 0.00
  Sample 84: P=30 tokens, H=10 tokens
    Point cloud breakdown:
      Premise: 30 + 30 + 30 = 90
      Hypothesis: 10 + 10 + 10 = 30
      Combined: 120 points
      Sufficient for PHD: ✅
    Model analysis:
      Order violation energy: 0.1471
      Asymmetric energy: 2.9337
    PH-dimension: 0.00
  Sample 85: P=25 tokens, H=23 tokens
    Point cloud breakdown:
      Premise: 25 + 25 + 25 = 75
      Hypothesis: 23 + 23 + 23 = 69
      Combined: 144 points
      Sufficient for PHD: ✅
    Model analysis:
      Order violation energy: 1.4653
      Asymmetric energy: 2.2457
    PH-dimension: 0.00
  Sample 86: P=28 tokens, H=16 tokens
    Point cloud breakdown:
      Premise: 28 + 28 + 28 = 84
      Hypothesis: 16 + 16 + 16 = 48
      Combined: 132 points
      Sufficient for PHD: ✅
    Model analysis:
      Order violation energy: 2.1483
      Asymmetric energy: 2.1741
    PH-dimension: 0.00
  Sample 87: P=33 tokens, H=16 tokens
    Point cloud breakdown:
      Premise: 33 + 33 + 33 = 99
      Hypothesis: 16 + 16 + 16 = 48
      Combined: 147 points
      Sufficient for PHD: ✅
    Model analysis:
      Order violation energy: 1.3210
      Asymmetric energy: 3.0667
    PH-dimension: 0.00
  Sample 88: P=24 tokens, H=20 tokens
    Point cloud breakdown:
      Premise: 24 + 24 + 24 = 72
      Hypothesis: 20 + 20 + 20 = 60
      Combined: 132 points
      Sufficient for PHD: ✅
    Model analysis:
      Order violation energy: 0.8108
      Asymmetric energy: 1.7768
    PH-dimension: 0.00
  Sample 89: P=26 tokens, H=16 tokens
    Point cloud breakdown:
      Premise: 26 + 26 + 26 = 78
      Hypothesis: 16 + 16 + 16 = 48
      Combined: 126 points
      Sufficient for PHD: ✅
    Model analysis:
      Order violation energy: 0.9773
      Asymmetric energy: 1.0499
    PH-dimension: 0.00
  Sample 90: P=36 tokens, H=8 tokens
    Point cloud breakdown:
      Premise: 36 + 36 + 36 = 108
      Hypothesis: 8 + 8 + 8 = 24
      Combined: 132 points
      Sufficient for PHD: ✅
    Model analysis:
      Order violation energy: 1.3113
      Asymmetric energy: 2.8328
    PH-dimension: 0.00
  Sample 91: P=26 tokens, H=14 tokens
    Point cloud breakdown:
      Premise: 26 + 26 + 26 = 78
      Hypothesis: 14 + 14 + 14 = 42
      Combined: 120 points
      Sufficient for PHD: ✅
    Model analysis:
      Order violation energy: 0.7015
      Asymmetric energy: 1.3746
    PH-dimension: 0.00
  Sample 92: P=26 tokens, H=14 tokens
    Point cloud breakdown:
      Premise: 26 + 26 + 26 = 78
      Hypothesis: 14 + 14 + 14 = 42
      Combined: 120 points
      Sufficient for PHD: ✅
    Model analysis:
      Order violation energy: 3.8615
      Asymmetric energy: 3.2619
    PH-dimension: 0.00
  Sample 93: P=28 tokens, H=13 tokens
    Point cloud breakdown:
      Premise: 28 + 28 + 28 = 84
      Hypothesis: 13 + 13 + 13 = 39
      Combined: 123 points
      Sufficient for PHD: ✅
    Model analysis:
      Order violation energy: 2.1569
      Asymmetric energy: 1.7952
    PH-dimension: 0.00
  Sample 94: P=23 tokens, H=25 tokens
    Point cloud breakdown:
      Premise: 23 + 23 + 23 = 69
      Hypothesis: 25 + 25 + 25 = 75
      Combined: 144 points
      Sufficient for PHD: ✅
    Model analysis:
      Order violation energy: 0.5874
      Asymmetric energy: 1.5361
    PH-dimension: 0.00
  Sample 95: P=41 tokens, H=9 tokens
    Point cloud breakdown:
      Premise: 41 + 41 + 41 = 123
      Hypothesis: 9 + 9 + 9 = 27
      Combined: 150 points
      Sufficient for PHD: ✅
    Model analysis:
      Order violation energy: 0.7066
      Asymmetric energy: 1.2521
    PH-dimension: 0.00
  Sample 96: P=22 tokens, H=18 tokens
    Point cloud breakdown:
      Premise: 22 + 22 + 22 = 66
      Hypothesis: 18 + 18 + 18 = 54
      Combined: 120 points
      Sufficient for PHD: ✅
    Model analysis:
      Order violation energy: 2.8249
      Asymmetric energy: 2.8740
    PH-dimension: 0.00
  Sample 97: P=25 tokens, H=15 tokens
    Point cloud breakdown:
      Premise: 25 + 25 + 25 = 75
      Hypothesis: 15 + 15 + 15 = 45
      Combined: 120 points
      Sufficient for PHD: ✅
    Model analysis:
      Order violation energy: 0.7190
      Asymmetric energy: 2.1146
    PH-dimension: 0.00
  Sample 98: P=35 tokens, H=9 tokens
    Point cloud breakdown:
      Premise: 35 + 35 + 35 = 105
      Hypothesis: 9 + 9 + 9 = 27
      Combined: 132 points
      Sufficient for PHD: ✅
    Model analysis:
      Order violation energy: 1.2579
      Asymmetric energy: 2.7072
    PH-dimension: 0.00
  Sample 99: P=58 tokens, H=12 tokens
    Point cloud breakdown:
      Premise: 58 + 58 + 58 = 174
      Hypothesis: 12 + 12 + 12 = 36
      Combined: 210 points
      Sufficient for PHD: ✅
    Model analysis:
      Order violation energy: 0.9447
      Asymmetric energy: 2.2412
    PH-dimension: 0.00
  Sample 100: P=55 tokens, H=23 tokens
    Point cloud breakdown:
      Premise: 55 + 55 + 55 = 165
      Hypothesis: 23 + 23 + 23 = 69
      Combined: 234 points
      Sufficient for PHD: ✅
    Model analysis:
      Order violation energy: 1.3403
      Asymmetric energy: 2.1318
    PH-dimension: 0.00

Processing contradiction samples...
  Sample 1: P=34 tokens, H=25 tokens
    Point cloud breakdown:
      Premise: 34 + 34 + 34 = 102
      Hypothesis: 25 + 25 + 25 = 75
      Combined: 177 points
      Sufficient for PHD: ✅
    Model analysis:
      Order violation energy: 3.3432
      Asymmetric energy: 2.0964
    PH-dimension: 0.00
  Sample 2: P=41 tokens, H=13 tokens
    Point cloud breakdown:
      Premise: 41 + 41 + 41 = 123
      Hypothesis: 13 + 13 + 13 = 39
      Combined: 162 points
      Sufficient for PHD: ✅
    Model analysis:
      Order violation energy: 3.1819
      Asymmetric energy: 2.5121
    PH-dimension: 0.00
  Sample 3: P=27 tokens, H=21 tokens
    Point cloud breakdown:
      Premise: 27 + 27 + 27 = 81
      Hypothesis: 21 + 21 + 21 = 63
      Combined: 144 points
      Sufficient for PHD: ✅
    Model analysis:
      Order violation energy: 1.1412
      Asymmetric energy: 1.8602
    PH-dimension: 0.00
  Sample 4: P=38 tokens, H=13 tokens
    Point cloud breakdown:
      Premise: 38 + 38 + 38 = 114
      Hypothesis: 13 + 13 + 13 = 39
      Combined: 153 points
      Sufficient for PHD: ✅
    Model analysis:
      Order violation energy: 2.5353
      Asymmetric energy: 1.5251
    PH-dimension: 0.00
  Sample 5: P=25 tokens, H=24 tokens
    Point cloud breakdown:
      Premise: 25 + 25 + 25 = 75
      Hypothesis: 24 + 24 + 24 = 72
      Combined: 147 points
      Sufficient for PHD: ✅
    Model analysis:
      Order violation energy: 2.2220
      Asymmetric energy: 2.1508
    PH-dimension: 0.00
  Sample 6: P=32 tokens, H=15 tokens
    Point cloud breakdown:
      Premise: 32 + 32 + 32 = 96
      Hypothesis: 15 + 15 + 15 = 45
      Combined: 141 points
      Sufficient for PHD: ✅
    Model analysis:
      Order violation energy: 0.8236
      Asymmetric energy: 1.3243
    PH-dimension: 0.00
  Sample 7: P=26 tokens, H=14 tokens
    Point cloud breakdown:
      Premise: 26 + 26 + 26 = 78
      Hypothesis: 14 + 14 + 14 = 42
      Combined: 120 points
      Sufficient for PHD: ✅
    Model analysis:
      Order violation energy: 1.6896
      Asymmetric energy: 3.0518
    PH-dimension: 0.00
  Sample 8: P=29 tokens, H=11 tokens
    Point cloud breakdown:
      Premise: 29 + 29 + 29 = 87
      Hypothesis: 11 + 11 + 11 = 33
      Combined: 120 points
      Sufficient for PHD: ✅
    Model analysis:
      Order violation energy: 0.6191
      Asymmetric energy: 3.0401
    PH-dimension: 0.00
  Sample 9: P=25 tokens, H=16 tokens
    Point cloud breakdown:
      Premise: 25 + 25 + 25 = 75
      Hypothesis: 16 + 16 + 16 = 48
      Combined: 123 points
      Sufficient for PHD: ✅
    Model analysis:
      Order violation energy: 1.6049
      Asymmetric energy: 2.0496
    PH-dimension: 0.00
  Sample 10: P=23 tokens, H=23 tokens
    Point cloud breakdown:
      Premise: 23 + 23 + 23 = 69
      Hypothesis: 23 + 23 + 23 = 69
      Combined: 138 points
      Sufficient for PHD: ✅
    Model analysis:
      Order violation energy: 3.3232
      Asymmetric energy: 3.5565
    PH-dimension: 0.00
  Sample 11: P=30 tokens, H=10 tokens
    Point cloud breakdown:
      Premise: 30 + 30 + 30 = 90
      Hypothesis: 10 + 10 + 10 = 30
      Combined: 120 points
      Sufficient for PHD: ✅
    Model analysis:
      Order violation energy: 1.3490
      Asymmetric energy: 4.5253
    PH-dimension: 0.00
  Sample 12: P=41 tokens, H=9 tokens
    Point cloud breakdown:
      Premise: 41 + 41 + 41 = 123
      Hypothesis: 9 + 9 + 9 = 27
      Combined: 150 points
      Sufficient for PHD: ✅
    Model analysis:
      Order violation energy: 0.9699
      Asymmetric energy: 1.9830
    PH-dimension: 0.00
  Sample 13: P=38 tokens, H=13 tokens
    Point cloud breakdown:
      Premise: 38 + 38 + 38 = 114
      Hypothesis: 13 + 13 + 13 = 39
      Combined: 153 points
      Sufficient for PHD: ✅
    Model analysis:
      Order violation energy: 4.3619
      Asymmetric energy: 3.3388
    PH-dimension: 0.00
  Sample 14: P=37 tokens, H=9 tokens
    Point cloud breakdown:
      Premise: 37 + 37 + 37 = 111
      Hypothesis: 9 + 9 + 9 = 27
      Combined: 138 points
      Sufficient for PHD: ✅
    Model analysis:
      Order violation energy: 1.0955
      Asymmetric energy: 1.1376
    PH-dimension: 0.00
  Sample 15: P=31 tokens, H=9 tokens
    Point cloud breakdown:
      Premise: 31 + 31 + 31 = 93
      Hypothesis: 9 + 9 + 9 = 27
      Combined: 120 points
      Sufficient for PHD: ✅
    Model analysis:
      Order violation energy: 1.3186
      Asymmetric energy: 2.8553
    PH-dimension: 0.00
  Sample 16: P=34 tokens, H=14 tokens
    Point cloud breakdown:
      Premise: 34 + 34 + 34 = 102
      Hypothesis: 14 + 14 + 14 = 42
      Combined: 144 points
      Sufficient for PHD: ✅
    Model analysis:
      Order violation energy: 0.9406
      Asymmetric energy: 3.8773
    PH-dimension: 0.00
  Sample 17: P=27 tokens, H=13 tokens
    Point cloud breakdown:
      Premise: 27 + 27 + 27 = 81
      Hypothesis: 13 + 13 + 13 = 39
      Combined: 120 points
      Sufficient for PHD: ✅
    Model analysis:
      Order violation energy: 0.4714
      Asymmetric energy: 3.2908
    PH-dimension: 0.00
  Sample 18: P=29 tokens, H=11 tokens
    Point cloud breakdown:
      Premise: 29 + 29 + 29 = 87
      Hypothesis: 11 + 11 + 11 = 33
      Combined: 120 points
      Sufficient for PHD: ✅
    Model analysis:
      Order violation energy: 2.3615
      Asymmetric energy: 2.3400
    PH-dimension: 0.00
  Sample 19: P=40 tokens, H=8 tokens
    Point cloud breakdown:
      Premise: 40 + 40 + 40 = 120
      Hypothesis: 8 + 8 + 8 = 24
      Combined: 144 points
      Sufficient for PHD: ✅
    Model analysis:
      Order violation energy: 0.1020
      Asymmetric energy: 6.1990
    PH-dimension: 0.00
  Sample 20: P=43 tokens, H=8 tokens
    Point cloud breakdown:
      Premise: 43 + 43 + 43 = 129
      Hypothesis: 8 + 8 + 8 = 24
      Combined: 153 points
      Sufficient for PHD: ✅
    Model analysis:
      Order violation energy: 2.1173
      Asymmetric energy: 2.8729
    PH-dimension: 0.00
  Sample 21: P=30 tokens, H=10 tokens
    Point cloud breakdown:
      Premise: 30 + 30 + 30 = 90
      Hypothesis: 10 + 10 + 10 = 30
      Combined: 120 points
      Sufficient for PHD: ✅
    Model analysis:
      Order violation energy: 3.2266
      Asymmetric energy: 2.2375
    PH-dimension: 0.00
  Sample 22: P=33 tokens, H=21 tokens
    Point cloud breakdown:
      Premise: 33 + 33 + 33 = 99
      Hypothesis: 21 + 21 + 21 = 63
      Combined: 162 points
      Sufficient for PHD: ✅
    Model analysis:
      Order violation energy: 1.5796
      Asymmetric energy: 3.1037
    PH-dimension: 0.00
  Sample 23: P=22 tokens, H=20 tokens
    Point cloud breakdown:
      Premise: 22 + 22 + 22 = 66
      Hypothesis: 20 + 20 + 20 = 60
      Combined: 126 points
      Sufficient for PHD: ✅
    Model analysis:
      Order violation energy: 4.2117
      Asymmetric energy: 2.9977
    PH-dimension: 0.00
  Sample 24: P=26 tokens, H=15 tokens
    Point cloud breakdown:
      Premise: 26 + 26 + 26 = 78
      Hypothesis: 15 + 15 + 15 = 45
      Combined: 123 points
      Sufficient for PHD: ✅
    Model analysis:
      Order violation energy: 1.6896
      Asymmetric energy: 1.7701
    PH-dimension: 0.00
  Sample 25: P=30 tokens, H=10 tokens
    Point cloud breakdown:
      Premise: 30 + 30 + 30 = 90
      Hypothesis: 10 + 10 + 10 = 30
      Combined: 120 points
      Sufficient for PHD: ✅
    Model analysis:
      Order violation energy: 0.6697
      Asymmetric energy: 4.0164
    PH-dimension: 0.00
  Sample 26: P=38 tokens, H=12 tokens
    Point cloud breakdown:
      Premise: 38 + 38 + 38 = 114
      Hypothesis: 12 + 12 + 12 = 36
      Combined: 150 points
      Sufficient for PHD: ✅
    Model analysis:
      Order violation energy: 1.6129
      Asymmetric energy: 2.5124
    PH-dimension: 0.00
  Sample 27: P=49 tokens, H=16 tokens
    Point cloud breakdown:
      Premise: 49 + 49 + 49 = 147
      Hypothesis: 16 + 16 + 16 = 48
      Combined: 195 points
      Sufficient for PHD: ✅
    Model analysis:
      Order violation energy: 2.6163
      Asymmetric energy: 2.2635
    PH-dimension: 0.00
  Sample 28: P=27 tokens, H=18 tokens
    Point cloud breakdown:
      Premise: 27 + 27 + 27 = 81
      Hypothesis: 18 + 18 + 18 = 54
      Combined: 135 points
      Sufficient for PHD: ✅
    Model analysis:
      Order violation energy: 1.5323
      Asymmetric energy: 1.7023
    PH-dimension: 0.00
  Sample 29: P=39 tokens, H=9 tokens
    Point cloud breakdown:
      Premise: 39 + 39 + 39 = 117
      Hypothesis: 9 + 9 + 9 = 27
      Combined: 144 points
      Sufficient for PHD: ✅
    Model analysis:
      Order violation energy: 0.6986
      Asymmetric energy: 6.9928
    PH-dimension: 0.00
  Sample 30: P=33 tokens, H=12 tokens
    Point cloud breakdown:
      Premise: 33 + 33 + 33 = 99
      Hypothesis: 12 + 12 + 12 = 36
      Combined: 135 points
      Sufficient for PHD: ✅
    Model analysis:
      Order violation energy: 2.8289
      Asymmetric energy: 1.9948
    PH-dimension: 0.00
  Sample 31: P=26 tokens, H=18 tokens
    Point cloud breakdown:
      Premise: 26 + 26 + 26 = 78
      Hypothesis: 18 + 18 + 18 = 54
      Combined: 132 points
      Sufficient for PHD: ✅
    Model analysis:
      Order violation energy: 2.6487
      Asymmetric energy: 2.3501
    PH-dimension: 0.00
  Sample 32: P=23 tokens, H=18 tokens
    Point cloud breakdown:
      Premise: 23 + 23 + 23 = 69
      Hypothesis: 18 + 18 + 18 = 54
      Combined: 123 points
      Sufficient for PHD: ✅
    Model analysis:
      Order violation energy: 1.9109
      Asymmetric energy: 1.5172
    PH-dimension: 0.00
  Sample 33: P=36 tokens, H=13 tokens
    Point cloud breakdown:
      Premise: 36 + 36 + 36 = 108
      Hypothesis: 13 + 13 + 13 = 39
      Combined: 147 points
      Sufficient for PHD: ✅
    Model analysis:
      Order violation energy: 2.0365
      Asymmetric energy: 3.1961
    PH-dimension: 0.00
  Sample 34: P=27 tokens, H=18 tokens
    Point cloud breakdown:
      Premise: 27 + 27 + 27 = 81
      Hypothesis: 18 + 18 + 18 = 54
      Combined: 135 points
      Sufficient for PHD: ✅
    Model analysis:
      Order violation energy: 5.3134
      Asymmetric energy: 3.6068
    PH-dimension: 0.00
  Sample 35: P=26 tokens, H=16 tokens
    Point cloud breakdown:
      Premise: 26 + 26 + 26 = 78
      Hypothesis: 16 + 16 + 16 = 48
      Combined: 126 points
      Sufficient for PHD: ✅
    Model analysis:
      Order violation energy: 2.6028
      Asymmetric energy: 1.3569
    PH-dimension: 0.00
  Sample 36: P=30 tokens, H=15 tokens
    Point cloud breakdown:
      Premise: 30 + 30 + 30 = 90
      Hypothesis: 15 + 15 + 15 = 45
      Combined: 135 points
      Sufficient for PHD: ✅
    Model analysis:
      Order violation energy: 7.1158
      Asymmetric energy: 3.1035
    PH-dimension: 0.00
  Sample 37: P=31 tokens, H=12 tokens
    Point cloud breakdown:
      Premise: 31 + 31 + 31 = 93
      Hypothesis: 12 + 12 + 12 = 36
      Combined: 129 points
      Sufficient for PHD: ✅
    Model analysis:
      Order violation energy: 2.3108
      Asymmetric energy: 3.2471
    PH-dimension: 0.00
  Sample 38: P=26 tokens, H=25 tokens
    Point cloud breakdown:
      Premise: 26 + 26 + 26 = 78
      Hypothesis: 25 + 25 + 25 = 75
      Combined: 153 points
      Sufficient for PHD: ✅
    Model analysis:
      Order violation energy: 5.7355
      Asymmetric energy: 6.8771
    PH-dimension: 0.00
  Sample 39: P=24 tokens, H=22 tokens
    Point cloud breakdown:
      Premise: 24 + 24 + 24 = 72
      Hypothesis: 22 + 22 + 22 = 66
      Combined: 138 points
      Sufficient for PHD: ✅
    Model analysis:
      Order violation energy: 2.1431
      Asymmetric energy: 2.3966
    PH-dimension: 0.00
  Sample 40: P=52 tokens, H=10 tokens
    Point cloud breakdown:
      Premise: 52 + 52 + 52 = 156
      Hypothesis: 10 + 10 + 10 = 30
      Combined: 186 points
      Sufficient for PHD: ✅
    Model analysis:
      Order violation energy: 2.1641
      Asymmetric energy: 1.8905
    PH-dimension: 0.00
  Sample 41: P=29 tokens, H=11 tokens
    Point cloud breakdown:
      Premise: 29 + 29 + 29 = 87
      Hypothesis: 11 + 11 + 11 = 33
      Combined: 120 points
      Sufficient for PHD: ✅
    Model analysis:
      Order violation energy: 0.5893
      Asymmetric energy: 5.5123
    PH-dimension: 0.00
  Sample 42: P=33 tokens, H=15 tokens
    Point cloud breakdown:
      Premise: 33 + 33 + 33 = 99
      Hypothesis: 15 + 15 + 15 = 45
      Combined: 144 points
      Sufficient for PHD: ✅
    Model analysis:
      Order violation energy: 2.6370
      Asymmetric energy: 1.7358
    PH-dimension: 0.00
  Sample 43: P=32 tokens, H=8 tokens
    Point cloud breakdown:
      Premise: 32 + 32 + 32 = 96
      Hypothesis: 8 + 8 + 8 = 24
      Combined: 120 points
      Sufficient for PHD: ✅
    Model analysis:
      Order violation energy: 2.4722
      Asymmetric energy: 2.4398
    PH-dimension: 0.00
  Sample 44: P=27 tokens, H=19 tokens
    Point cloud breakdown:
      Premise: 27 + 27 + 27 = 81
      Hypothesis: 19 + 19 + 19 = 57
      Combined: 138 points
      Sufficient for PHD: ✅
    Model analysis:
      Order violation energy: 4.3696
      Asymmetric energy: 4.2788
    PH-dimension: 0.00
  Sample 45: P=30 tokens, H=10 tokens
    Point cloud breakdown:
      Premise: 30 + 30 + 30 = 90
      Hypothesis: 10 + 10 + 10 = 30
      Combined: 120 points
      Sufficient for PHD: ✅
    Model analysis:
      Order violation energy: 3.8783
      Asymmetric energy: 1.6962
    PH-dimension: 0.00
  Sample 46: P=25 tokens, H=16 tokens
    Point cloud breakdown:
      Premise: 25 + 25 + 25 = 75
      Hypothesis: 16 + 16 + 16 = 48
      Combined: 123 points
      Sufficient for PHD: ✅
    Model analysis:
      Order violation energy: 1.9887
      Asymmetric energy: 2.2021
    PH-dimension: 0.00
  Sample 47: P=31 tokens, H=18 tokens
    Point cloud breakdown:
      Premise: 31 + 31 + 31 = 93
      Hypothesis: 18 + 18 + 18 = 54
      Combined: 147 points
      Sufficient for PHD: ✅
    Model analysis:
      Order violation energy: 1.5633
      Asymmetric energy: 1.9874
    PH-dimension: 0.00
  Sample 48: P=55 tokens, H=14 tokens
    Point cloud breakdown:
      Premise: 55 + 55 + 55 = 165
      Hypothesis: 14 + 14 + 14 = 42
      Combined: 207 points
      Sufficient for PHD: ✅
    Model analysis:
      Order violation energy: 1.2361
      Asymmetric energy: 2.2605
    PH-dimension: 0.00
  Sample 49: P=42 tokens, H=42 tokens
    Point cloud breakdown:
      Premise: 42 + 42 + 42 = 126
      Hypothesis: 42 + 42 + 42 = 126
      Combined: 252 points
      Sufficient for PHD: ✅
    Model analysis:
      Order violation energy: 0.0252
      Asymmetric energy: 0.1181
    PH-dimension: 1.14
  Sample 50: P=28 tokens, H=16 tokens
    Point cloud breakdown:
      Premise: 28 + 28 + 28 = 84
      Hypothesis: 16 + 16 + 16 = 48
      Combined: 132 points
      Sufficient for PHD: ✅
    Model analysis:
      Order violation energy: 0.1491
      Asymmetric energy: 1.9434
    PH-dimension: 0.00
  Sample 51: P=29 tokens, H=14 tokens
    Point cloud breakdown:
      Premise: 29 + 29 + 29 = 87
      Hypothesis: 14 + 14 + 14 = 42
      Combined: 129 points
      Sufficient for PHD: ✅
    Model analysis:
      Order violation energy: 1.6373
      Asymmetric energy: 1.6963
    PH-dimension: 0.00
  Sample 52: P=27 tokens, H=14 tokens
    Point cloud breakdown:
      Premise: 27 + 27 + 27 = 81
      Hypothesis: 14 + 14 + 14 = 42
      Combined: 123 points
      Sufficient for PHD: ✅
    Model analysis:
      Order violation energy: 0.3798
      Asymmetric energy: 2.7845
    PH-dimension: 0.00
  Sample 53: P=37 tokens, H=11 tokens
    Point cloud breakdown:
      Premise: 37 + 37 + 37 = 111
      Hypothesis: 11 + 11 + 11 = 33
      Combined: 144 points
      Sufficient for PHD: ✅
    Model analysis:
      Order violation energy: 2.7592
      Asymmetric energy: 3.6333
    PH-dimension: 0.00
  Sample 54: P=55 tokens, H=17 tokens
    Point cloud breakdown:
      Premise: 55 + 55 + 55 = 165
      Hypothesis: 17 + 17 + 17 = 51
      Combined: 216 points
      Sufficient for PHD: ✅
    Model analysis:
      Order violation energy: 0.4529
      Asymmetric energy: 1.7338
    PH-dimension: 0.00
  Sample 55: P=30 tokens, H=11 tokens
    Point cloud breakdown:
      Premise: 30 + 30 + 30 = 90
      Hypothesis: 11 + 11 + 11 = 33
      Combined: 123 points
      Sufficient for PHD: ✅
    Model analysis:
      Order violation energy: 2.0423
      Asymmetric energy: 3.3119
    PH-dimension: 0.00
  Sample 56: P=31 tokens, H=9 tokens
    Point cloud breakdown:
      Premise: 31 + 31 + 31 = 93
      Hypothesis: 9 + 9 + 9 = 27
      Combined: 120 points
      Sufficient for PHD: ✅
    Model analysis:
      Order violation energy: 0.7151
      Asymmetric energy: 2.0828
    PH-dimension: 0.00
  Sample 57: P=34 tokens, H=11 tokens
    Point cloud breakdown:
      Premise: 34 + 34 + 34 = 102
      Hypothesis: 11 + 11 + 11 = 33
      Combined: 135 points
      Sufficient for PHD: ✅
    Model analysis:
      Order violation energy: 2.6320
      Asymmetric energy: 2.2419
    PH-dimension: 0.00
  Sample 58: P=39 tokens, H=9 tokens
    Point cloud breakdown:
      Premise: 39 + 39 + 39 = 117
      Hypothesis: 9 + 9 + 9 = 27
      Combined: 144 points
      Sufficient for PHD: ✅
    Model analysis:
      Order violation energy: 1.3399
      Asymmetric energy: 1.7394
    PH-dimension: 0.00
  Sample 59: P=34 tokens, H=7 tokens
    Point cloud breakdown:
      Premise: 34 + 34 + 34 = 102
      Hypothesis: 7 + 7 + 7 = 21
      Combined: 123 points
      Sufficient for PHD: ✅
    Model analysis:
      Order violation energy: 1.6506
      Asymmetric energy: 1.7846
    PH-dimension: 0.00
  Sample 60: P=27 tokens, H=15 tokens
    Point cloud breakdown:
      Premise: 27 + 27 + 27 = 81
      Hypothesis: 15 + 15 + 15 = 45
      Combined: 126 points
      Sufficient for PHD: ✅
    Model analysis:
      Order violation energy: 2.5958
      Asymmetric energy: 1.3602
    PH-dimension: 0.00
  Sample 61: P=28 tokens, H=15 tokens
    Point cloud breakdown:
      Premise: 28 + 28 + 28 = 84
      Hypothesis: 15 + 15 + 15 = 45
      Combined: 129 points
      Sufficient for PHD: ✅
    Model analysis:
      Order violation energy: 5.5403
      Asymmetric energy: 2.5371
    PH-dimension: 0.00
  Sample 62: P=43 tokens, H=9 tokens
    Point cloud breakdown:
      Premise: 43 + 43 + 43 = 129
      Hypothesis: 9 + 9 + 9 = 27
      Combined: 156 points
      Sufficient for PHD: ✅
    Model analysis:
      Order violation energy: 0.2711
      Asymmetric energy: 4.1646
    PH-dimension: 0.00
  Sample 63: P=28 tokens, H=14 tokens
    Point cloud breakdown:
      Premise: 28 + 28 + 28 = 84
      Hypothesis: 14 + 14 + 14 = 42
      Combined: 126 points
      Sufficient for PHD: ✅
    Model analysis:
      Order violation energy: 1.3441
      Asymmetric energy: 1.6233
    PH-dimension: 0.00
  Sample 64: P=30 tokens, H=13 tokens
    Point cloud breakdown:
      Premise: 30 + 30 + 30 = 90
      Hypothesis: 13 + 13 + 13 = 39
      Combined: 129 points
      Sufficient for PHD: ✅
    Model analysis:
      Order violation energy: 0.4742
      Asymmetric energy: 4.0154
    PH-dimension: 0.00
  Sample 65: P=26 tokens, H=15 tokens
    Point cloud breakdown:
      Premise: 26 + 26 + 26 = 78
      Hypothesis: 15 + 15 + 15 = 45
      Combined: 123 points
      Sufficient for PHD: ✅
    Model analysis:
      Order violation energy: 1.9365
      Asymmetric energy: 2.3965
    PH-dimension: 0.00
  Sample 66: P=31 tokens, H=27 tokens
    Point cloud breakdown:
      Premise: 31 + 31 + 31 = 93
      Hypothesis: 27 + 27 + 27 = 81
      Combined: 174 points
      Sufficient for PHD: ✅
    Model analysis:
      Order violation energy: 2.9160
      Asymmetric energy: 3.7675
    PH-dimension: 0.00
  Sample 67: P=26 tokens, H=17 tokens
    Point cloud breakdown:
      Premise: 26 + 26 + 26 = 78
      Hypothesis: 17 + 17 + 17 = 51
      Combined: 129 points
      Sufficient for PHD: ✅
    Model analysis:
      Order violation energy: 0.9160
      Asymmetric energy: 3.6019
    PH-dimension: 0.00
  Sample 68: P=21 tokens, H=21 tokens
    Point cloud breakdown:
      Premise: 21 + 21 + 21 = 63
      Hypothesis: 21 + 21 + 21 = 63
      Combined: 126 points
      Sufficient for PHD: ✅
    Model analysis:
      Order violation energy: 0.8527
      Asymmetric energy: 1.8660
    PH-dimension: 0.00
  Sample 69: P=35 tokens, H=9 tokens
    Point cloud breakdown:
      Premise: 35 + 35 + 35 = 105
      Hypothesis: 9 + 9 + 9 = 27
      Combined: 132 points
      Sufficient for PHD: ✅
    Model analysis:
      Order violation energy: 1.1221
      Asymmetric energy: 1.9738
    PH-dimension: 0.00
  Sample 70: P=23 tokens, H=17 tokens
    Point cloud breakdown:
      Premise: 23 + 23 + 23 = 69
      Hypothesis: 17 + 17 + 17 = 51
      Combined: 120 points
      Sufficient for PHD: ✅
    Model analysis:
      Order violation energy: 2.5666
      Asymmetric energy: 2.0046
    PH-dimension: 0.00
  Sample 71: P=27 tokens, H=13 tokens
    Point cloud breakdown:
      Premise: 27 + 27 + 27 = 81
      Hypothesis: 13 + 13 + 13 = 39
      Combined: 120 points
      Sufficient for PHD: ✅
    Model analysis:
      Order violation energy: 0.7869
      Asymmetric energy: 2.3761
    PH-dimension: 0.00
  Sample 72: P=31 tokens, H=13 tokens
    Point cloud breakdown:
      Premise: 31 + 31 + 31 = 93
      Hypothesis: 13 + 13 + 13 = 39
      Combined: 132 points
      Sufficient for PHD: ✅
    Model analysis:
      Order violation energy: 0.4761
      Asymmetric energy: 3.4178
    PH-dimension: 0.00
  Sample 73: P=30 tokens, H=13 tokens
    Point cloud breakdown:
      Premise: 30 + 30 + 30 = 90
      Hypothesis: 13 + 13 + 13 = 39
      Combined: 129 points
      Sufficient for PHD: ✅
    Model analysis:
      Order violation energy: 1.4395
      Asymmetric energy: 4.6734
    PH-dimension: 0.00
  Sample 74: P=39 tokens, H=11 tokens
    Point cloud breakdown:
      Premise: 39 + 39 + 39 = 117
      Hypothesis: 11 + 11 + 11 = 33
      Combined: 150 points
      Sufficient for PHD: ✅
    Model analysis:
      Order violation energy: 0.8547
      Asymmetric energy: 4.0283
    PH-dimension: 0.00
  Sample 75: P=24 tokens, H=19 tokens
    Point cloud breakdown:
      Premise: 24 + 24 + 24 = 72
      Hypothesis: 19 + 19 + 19 = 57
      Combined: 129 points
      Sufficient for PHD: ✅
    Model analysis:
      Order violation energy: 1.4955
      Asymmetric energy: 2.8587
    PH-dimension: 0.00
  Sample 76: P=33 tokens, H=9 tokens
    Point cloud breakdown:
      Premise: 33 + 33 + 33 = 99
      Hypothesis: 9 + 9 + 9 = 27
      Combined: 126 points
      Sufficient for PHD: ✅
    Model analysis:
      Order violation energy: 1.4910
      Asymmetric energy: 2.6044
    PH-dimension: 0.00
  Sample 77: P=45 tokens, H=10 tokens
    Point cloud breakdown:
      Premise: 45 + 45 + 45 = 135
      Hypothesis: 10 + 10 + 10 = 30
      Combined: 165 points
      Sufficient for PHD: ✅
    Model analysis:
      Order violation energy: 2.4373
      Asymmetric energy: 2.2504
    PH-dimension: 0.00
  Sample 78: P=28 tokens, H=13 tokens
    Point cloud breakdown:
      Premise: 28 + 28 + 28 = 84
      Hypothesis: 13 + 13 + 13 = 39
      Combined: 123 points
      Sufficient for PHD: ✅
    Model analysis:
      Order violation energy: 1.8029
      Asymmetric energy: 1.6351
    PH-dimension: 0.00
  Sample 79: P=30 tokens, H=17 tokens
    Point cloud breakdown:
      Premise: 30 + 30 + 30 = 90
      Hypothesis: 17 + 17 + 17 = 51
      Combined: 141 points
      Sufficient for PHD: ✅
    Model analysis:
      Order violation energy: 2.7302
      Asymmetric energy: 2.8690
    PH-dimension: 0.00
  Sample 80: P=24 tokens, H=17 tokens
    Point cloud breakdown:
      Premise: 24 + 24 + 24 = 72
      Hypothesis: 17 + 17 + 17 = 51
      Combined: 123 points
      Sufficient for PHD: ✅
    Model analysis:
      Order violation energy: 1.7397
      Asymmetric energy: 2.8692
    PH-dimension: 0.00
  Sample 81: P=36 tokens, H=13 tokens
    Point cloud breakdown:
      Premise: 36 + 36 + 36 = 108
      Hypothesis: 13 + 13 + 13 = 39
      Combined: 147 points
      Sufficient for PHD: ✅
    Model analysis:
      Order violation energy: 1.9789
      Asymmetric energy: 3.4818
    PH-dimension: 0.00
  Sample 82: P=34 tokens, H=12 tokens
    Point cloud breakdown:
      Premise: 34 + 34 + 34 = 102
      Hypothesis: 12 + 12 + 12 = 36
      Combined: 138 points
      Sufficient for PHD: ✅
    Model analysis:
      Order violation energy: 1.9949
      Asymmetric energy: 2.6706
    PH-dimension: 0.00
  Sample 83: P=24 tokens, H=24 tokens
    Point cloud breakdown:
      Premise: 24 + 24 + 24 = 72
      Hypothesis: 24 + 24 + 24 = 72
      Combined: 144 points
      Sufficient for PHD: ✅
    Model analysis:
      Order violation energy: 0.7062
      Asymmetric energy: 0.9275
    PH-dimension: 0.00
  Sample 84: P=54 tokens, H=9 tokens
    Point cloud breakdown:
      Premise: 54 + 54 + 54 = 162
      Hypothesis: 9 + 9 + 9 = 27
      Combined: 189 points
      Sufficient for PHD: ✅
    Model analysis:
      Order violation energy: 1.2168
      Asymmetric energy: 1.5539
    PH-dimension: 0.00
  Sample 85: P=27 tokens, H=27 tokens
    Point cloud breakdown:
      Premise: 27 + 27 + 27 = 81
      Hypothesis: 27 + 27 + 27 = 81
      Combined: 162 points
      Sufficient for PHD: ✅
    Model analysis:
      Order violation energy: 0.0805
      Asymmetric energy: 0.5100
    PH-dimension: 0.00
  Sample 86: P=30 tokens, H=13 tokens
    Point cloud breakdown:
      Premise: 30 + 30 + 30 = 90
      Hypothesis: 13 + 13 + 13 = 39
      Combined: 129 points
      Sufficient for PHD: ✅
    Model analysis:
      Order violation energy: 2.2467
      Asymmetric energy: 1.4845
    PH-dimension: 0.00
  Sample 87: P=32 tokens, H=8 tokens
    Point cloud breakdown:
      Premise: 32 + 32 + 32 = 96
      Hypothesis: 8 + 8 + 8 = 24
      Combined: 120 points
      Sufficient for PHD: ✅
    Model analysis:
      Order violation energy: 1.2673
      Asymmetric energy: 2.4752
    PH-dimension: 0.00
  Sample 88: P=41 tokens, H=10 tokens
    Point cloud breakdown:
      Premise: 41 + 41 + 41 = 123
      Hypothesis: 10 + 10 + 10 = 30
      Combined: 153 points
      Sufficient for PHD: ✅
    Model analysis:
      Order violation energy: 1.4972
      Asymmetric energy: 3.2301
    PH-dimension: 0.00
  Sample 89: P=24 tokens, H=18 tokens
    Point cloud breakdown:
      Premise: 24 + 24 + 24 = 72
      Hypothesis: 18 + 18 + 18 = 54
      Combined: 126 points
      Sufficient for PHD: ✅
    Model analysis:
      Order violation energy: 0.7750
      Asymmetric energy: 0.7690
    PH-dimension: 0.00
  Sample 90: P=20 tokens, H=25 tokens
    Point cloud breakdown:
      Premise: 20 + 20 + 20 = 60
      Hypothesis: 25 + 25 + 25 = 75
      Combined: 135 points
      Sufficient for PHD: ✅
    Model analysis:
      Order violation energy: 4.1035
      Asymmetric energy: 2.8897
    PH-dimension: 0.00
  Sample 91: P=29 tokens, H=14 tokens
    Point cloud breakdown:
      Premise: 29 + 29 + 29 = 87
      Hypothesis: 14 + 14 + 14 = 42
      Combined: 129 points
      Sufficient for PHD: ✅
    Model analysis:
      Order violation energy: 0.3939
      Asymmetric energy: 5.8995
    PH-dimension: 0.00
  Sample 92: P=26 tokens, H=15 tokens
    Point cloud breakdown:
      Premise: 26 + 26 + 26 = 78
      Hypothesis: 15 + 15 + 15 = 45
      Combined: 123 points
      Sufficient for PHD: ✅
    Model analysis:
      Order violation energy: 1.0438
      Asymmetric energy: 3.0504
    PH-dimension: 0.00
  Sample 93: P=35 tokens, H=9 tokens
    Point cloud breakdown:
      Premise: 35 + 35 + 35 = 105
      Hypothesis: 9 + 9 + 9 = 27
      Combined: 132 points
      Sufficient for PHD: ✅
    Model analysis:
      Order violation energy: 1.1743
      Asymmetric energy: 5.2066
    PH-dimension: 0.00
  Sample 94: P=63 tokens, H=7 tokens
    Point cloud breakdown:
      Premise: 63 + 63 + 63 = 189
      Hypothesis: 7 + 7 + 7 = 21
      Combined: 210 points
      Sufficient for PHD: ✅
    Model analysis:
      Order violation energy: 1.5369
      Asymmetric energy: 4.3372
    PH-dimension: 0.00
  Sample 95: P=28 tokens, H=15 tokens
    Point cloud breakdown:
      Premise: 28 + 28 + 28 = 84
      Hypothesis: 15 + 15 + 15 = 45
      Combined: 129 points
      Sufficient for PHD: ✅
    Model analysis:
      Order violation energy: 3.3634
      Asymmetric energy: 2.6143
    PH-dimension: 0.00
  Sample 96: P=27 tokens, H=18 tokens
    Point cloud breakdown:
      Premise: 27 + 27 + 27 = 81
      Hypothesis: 18 + 18 + 18 = 54
      Combined: 135 points
      Sufficient for PHD: ✅
    Model analysis:
      Order violation energy: 1.9524
      Asymmetric energy: 1.7266
    PH-dimension: 0.00
  Sample 97: P=23 tokens, H=18 tokens
    Point cloud breakdown:
      Premise: 23 + 23 + 23 = 69
      Hypothesis: 18 + 18 + 18 = 54
      Combined: 123 points
      Sufficient for PHD: ✅
    Model analysis:
      Order violation energy: 1.8013
      Asymmetric energy: 1.8866
    PH-dimension: 0.00
  Sample 98: P=26 tokens, H=16 tokens
    Point cloud breakdown:
      Premise: 26 + 26 + 26 = 78
      Hypothesis: 16 + 16 + 16 = 48
      Combined: 126 points
      Sufficient for PHD: ✅
    Model analysis:
      Order violation energy: 0.7273
      Asymmetric energy: 1.6970
    PH-dimension: 0.00
  Sample 99: P=22 tokens, H=19 tokens
    Point cloud breakdown:
      Premise: 22 + 22 + 22 = 66
      Hypothesis: 19 + 19 + 19 = 57
      Combined: 123 points
      Sufficient for PHD: ✅
    Model analysis:
      Order violation energy: 2.5235
      Asymmetric energy: 2.0620
    PH-dimension: 0.00
  Sample 100: P=27 tokens, H=13 tokens
    Point cloud breakdown:
      Premise: 27 + 27 + 27 = 81
      Hypothesis: 13 + 13 + 13 = 39
      Combined: 120 points
      Sufficient for PHD: ✅
    Model analysis:
      Order violation energy: 1.3953
      Asymmetric energy: 2.1590
    PH-dimension: 0.00

Generated 12 persistence images for clustering
Performing clustering analysis...
Clustering 12 persistence images...
Feature matrix shape: (12, 400)
True labels distribution: [3 4 5]
Performing k-means with 3 clusters...
Predicted labels distribution: [3 4 5]
Clustering results:
  Best accuracy: 0.750
  Silhouette score: 0.454
  Adjusted Rand Index: 0.409
  Best permutation: (1, 2, 0)

Confusion analysis:
  True entailment: predicted as [3 0 0]
  True neutral: predicted as [2 2 0]
  True contradiction: predicted as [0 1 4]

================================================================================
SEPARATE MODEL CLUSTERING RESULTS
================================================================================
Clustering Accuracy: 0.750
Silhouette Score: 0.454
Adjusted Rand Index: 0.409
Success (>70%): 🎉 YES

PH-Dimension Statistics:
  entailment: 0.00 ± 0.00
  neutral: 0.00 ± 0.00
  contradiction: 0.01 ± 0.11

Point Cloud Statistics:
  entailment:
    Combined: 140 ± 20 points
    Premise: 98, Hypothesis: 42
    Sufficient for PHD: 100%
  neutral:
    Combined: 138 ± 23 points
    Premise: 91, Hypothesis: 47
    Sufficient for PHD: 100%
  contradiction:
    Combined: 140 ± 23 points
    Premise: 95, Hypothesis: 44
    Sufficient for PHD: 100%

============================================================
SEPARATE MODEL PERFORMANCE ANALYSIS
============================================================
Order Model (Vendrov Max-Margin Loss):
  entailment: 0.3447 ± 0.3398
  neutral: 1.5843 ± 1.1023
  contradiction: 1.9031 ± 1.2927
  ✅ ORDER MODEL SUCCESS: Correct energy ranking!

Asymmetry Model (Directional Pattern Loss):
  entailment:
    Asymmetric energy: 3.9172 ± 2.5842
    Forward energy: 0.3447
    Backward energy: 2.3747
  neutral:
    Asymmetric energy: 2.6980 ± 1.0518
    Forward energy: 1.5843
    Backward energy: 1.3568
  contradiction:
    Asymmetric energy: 2.6943 ± 1.2479
    Forward energy: 1.9031
    Backward energy: 2.1650

Asymmetry Pattern Analysis:
  ✅ Forward energy: Entailment < Contradiction
  ❌ Asymmetric energy: Incorrect pattern

Comprehensive results saved to:
  JSON: MSc_Topology_Codebase/phd_method/clustering_results/separate_model_clustering_results_20250731_181451.json
  Summary: MSc_Topology_Codebase/phd_method/clustering_results/separate_model_clustering_summary_20250731_181451.txt

================================================================================
SEPARATE MODEL CLUSTERING VALIDATION COMPLETED!
🎉 SUCCESS: Achieved >70% clustering accuracy!
This validates that:
  ✅ Separate model training approach works
  ✅ Order embeddings create hierarchical structure in point clouds
  ✅ Asymmetry models add directional discrimination
  ✅ Individual premise-hypothesis pairs are topologically distinct
  ✅ Token-level processing enables rich point cloud generation

Detailed analysis available in: MSc_Topology_Codebase/phd_method/clustering_results/
================================================================================

Analysis completed with exit code: 0
Time: Thu 31 Jul 18:14:53 BST 2025

=== ANALYSIS SUCCESSFUL ===
Clustering successful!


Job finished.
