/vol/bitbucket/ahb24/tda_entailment_new/lib/python3.10/site-packages/torch/optim/lr_scheduler.py:60: UserWarning: The verbose parameter is deprecated. Please use get_last_lr() to access the learning rate.
  warnings.warn(
/vol/bitbucket/ahb24/tda_entailment_new/lib/python3.10/site-packages/sklearn/linear_model/_logistic.py:460: ConvergenceWarning: lbfgs failed to converge (status=1):
STOP: TOTAL NO. of ITERATIONS REACHED LIMIT.

Increase the number of iterations (max_iter) or scale the data as shown in:
    https://scikit-learn.org/stable/modules/preprocessing.html
Please also refer to the documentation for alternative solver options:
    https://scikit-learn.org/stable/modules/linear_model.html#logistic-regression
  n_iter_i = _check_optimize_result(
/vol/bitbucket/ahb24/tda_entailment_new/lib/python3.10/site-packages/torch/optim/lr_scheduler.py:60: UserWarning: The verbose parameter is deprecated. Please use get_last_lr() to access the learning rate.
  warnings.warn(
/vol/bitbucket/ahb24/tda_entailment_new/lib/python3.10/site-packages/sklearn/linear_model/_logistic.py:460: ConvergenceWarning: lbfgs failed to converge (status=1):
STOP: TOTAL NO. of ITERATIONS REACHED LIMIT.

Increase the number of iterations (max_iter) or scale the data as shown in:
    https://scikit-learn.org/stable/modules/preprocessing.html
Please also refer to the documentation for alternative solver options:
    https://scikit-learn.org/stable/modules/linear_model.html#logistic-regression
  n_iter_i = _check_optimize_result(
/vol/bitbucket/ahb24/tda_entailment_new/lib/python3.10/site-packages/torch/optim/lr_scheduler.py:60: UserWarning: The verbose parameter is deprecated. Please use get_last_lr() to access the learning rate.
  warnings.warn(
Traceback (most recent call last):
  File "/homes/ahb24/MSc_Topology_Codebase/phd_method/src_phd/precomputed_tda_features_classification.py", line 488, in <module>
    chaosnli_results = run_chaosnli_experiment(snli_results, chaosnli_path)
  File "/homes/ahb24/MSc_Topology_Codebase/phd_method/src_phd/precomputed_tda_features_classification.py", line 440, in run_chaosnli_experiment
    chaos_result = evaluate_chaosnli(
  File "/homes/ahb24/MSc_Topology_Codebase/phd_method/src_phd/precomputed_tda_features_classification.py", line 190, in evaluate_chaosnli
    model_probs = model.predict_proba(X_chaos_scaled)
  File "/homes/ahb24/MSc_Topology_Codebase/phd_method/src_phd/point_cloud_clustering_test.py", line 2950, in predict_proba
    logits = self.forward(x)
  File "/homes/ahb24/MSc_Topology_Codebase/phd_method/src_phd/point_cloud_clustering_test.py", line 2944, in forward
    logits = self.network(x)
  File "/vol/bitbucket/ahb24/tda_entailment_new/lib/python3.10/site-packages/torch/nn/modules/module.py", line 1553, in _wrapped_call_impl
    return self._call_impl(*args, **kwargs)
  File "/vol/bitbucket/ahb24/tda_entailment_new/lib/python3.10/site-packages/torch/nn/modules/module.py", line 1562, in _call_impl
    return forward_call(*args, **kwargs)
  File "/vol/bitbucket/ahb24/tda_entailment_new/lib/python3.10/site-packages/torch/nn/modules/container.py", line 219, in forward
    input = module(input)
  File "/vol/bitbucket/ahb24/tda_entailment_new/lib/python3.10/site-packages/torch/nn/modules/module.py", line 1553, in _wrapped_call_impl
    return self._call_impl(*args, **kwargs)
  File "/vol/bitbucket/ahb24/tda_entailment_new/lib/python3.10/site-packages/torch/nn/modules/module.py", line 1562, in _call_impl
    return forward_call(*args, **kwargs)
  File "/vol/bitbucket/ahb24/tda_entailment_new/lib/python3.10/site-packages/torch/nn/modules/linear.py", line 117, in forward
    return F.linear(input, self.weight, self.bias)
TypeError: linear(): argument 'input' (position 1) must be Tensor, not numpy.ndarray
