/vol/bitbucket/ahb24/tda_entailment_new/lib/python3.10/site-packages/torch/optim/lr_scheduler.py:60: UserWarning: The verbose parameter is deprecated. Please use get_last_lr() to access the learning rate.
  warnings.warn(
/vol/bitbucket/ahb24/tda_entailment_new/lib/python3.10/site-packages/sklearn/linear_model/_logistic.py:460: ConvergenceWarning: lbfgs failed to converge (status=1):
STOP: TOTAL NO. of ITERATIONS REACHED LIMIT.

Increase the number of iterations (max_iter) or scale the data as shown in:
    https://scikit-learn.org/stable/modules/preprocessing.html
Please also refer to the documentation for alternative solver options:
    https://scikit-learn.org/stable/modules/linear_model.html#logistic-regression
  n_iter_i = _check_optimize_result(
/vol/bitbucket/ahb24/tda_entailment_new/lib/python3.10/site-packages/torch/optim/lr_scheduler.py:60: UserWarning: The verbose parameter is deprecated. Please use get_last_lr() to access the learning rate.
  warnings.warn(
/vol/bitbucket/ahb24/tda_entailment_new/lib/python3.10/site-packages/sklearn/linear_model/_logistic.py:460: ConvergenceWarning: lbfgs failed to converge (status=1):
STOP: TOTAL NO. of ITERATIONS REACHED LIMIT.

Increase the number of iterations (max_iter) or scale the data as shown in:
    https://scikit-learn.org/stable/modules/preprocessing.html
Please also refer to the documentation for alternative solver options:
    https://scikit-learn.org/stable/modules/linear_model.html#logistic-regression
  n_iter_i = _check_optimize_result(
/vol/bitbucket/ahb24/tda_entailment_new/lib/python3.10/site-packages/torch/optim/lr_scheduler.py:60: UserWarning: The verbose parameter is deprecated. Please use get_last_lr() to access the learning rate.
  warnings.warn(
Traceback (most recent call last):
  File "/homes/ahb24/MSc_Topology_Codebase/phd_method/src_phd/precomputed_tda_features_classification.py", line 488, in <module>
    chaosnli_results = run_chaosnli_experiment(snli_results, chaosnli_path)
  File "/homes/ahb24/MSc_Topology_Codebase/phd_method/src_phd/precomputed_tda_features_classification.py", line 440, in run_chaosnli_experiment
    chaos_result = evaluate_chaosnli(
  File "/homes/ahb24/MSc_Topology_Codebase/phd_method/src_phd/precomputed_tda_features_classification.py", line 173, in evaluate_chaosnli
    with open(chaosnli_path, 'rb') as f:
FileNotFoundError: [Errno 2] No such file or directory: '/vol/bitbucket/ahb24/tda_entailment_new/precomputed_chaosnli_snli_tda_features.pkl'
