Starting Surface Distance Metric Analysis job...
Job ID: 194656
Node: parrot
Time: Fri 15 Aug 09:29:18 BST 2025
Loading CUDA...
Activating conda environment...
Activated conda environment: /vol/bitbucket/ahb24/tda_entailment_new
Python location: /vol/bitbucket/ahb24/tda_entailment_new/bin/python
Checking GPU availability...
Fri Aug 15 09:29:23 2025       
+-----------------------------------------------------------------------------------------+
| NVIDIA-SMI 570.133.07             Driver Version: 570.133.07     CUDA Version: 12.8     |
|-----------------------------------------+------------------------+----------------------+
| GPU  Name                 Persistence-M | Bus-Id          Disp.A | Volatile Uncorr. ECC |
| Fan  Temp   Perf          Pwr:Usage/Cap |           Memory-Usage | GPU-Util  Compute M. |
|                                         |                        |               MIG M. |
|=========================================+========================+======================|
|   0  NVIDIA A16                     Off |   00000000:95:00.0 Off |                    0 |
|  0%   23C    P8             15W /   62W |       0MiB /  15356MiB |      0%      Default |
|                                         |                        |                  N/A |
+-----------------------------------------+------------------------+----------------------+
                                                                                         
+-----------------------------------------------------------------------------------------+
| Processes:                                                                              |
|  GPU   GI   CI              PID   Type   Process name                        GPU Memory |
|        ID   ID                                                               Usage      |
|=========================================================================================|
|  No running processes found                                                             |
+-----------------------------------------------------------------------------------------+

Testing PyTorch and CUDA...
PyTorch version: 2.4.1
CUDA available: True
CUDA device: NVIDIA A16
GPU memory: 15.7 GB
PyTorch setup verified!

Starting SBERT Token Extraction...

Loading SBERT model: sentence-transformers/all-mpnet-base-v2
Device: cuda
Hidden size: 768
SBERT token extractor ready
Processing SNLI training data...
Processing dataset: MSc_Topology_Codebase/data/raw/mnli/train/mnli_full_train.json
Total samples to process: 392702
Processed 100/392702 samples
Processed 200/392702 samples
Processed 300/392702 samples
Processed 400/392702 samples
Processed 500/392702 samples
Processed 600/392702 samples
Processed 700/392702 samples
Processed 800/392702 samples
Processed 900/392702 samples
Processed 1000/392702 samples
Processed 1100/392702 samples
Processed 1200/392702 samples
Processed 1300/392702 samples
Processed 1400/392702 samples
Processed 1500/392702 samples
Processed 1600/392702 samples
Processed 1700/392702 samples
Processed 1800/392702 samples
Processed 1900/392702 samples
Processed 2000/392702 samples
Processed 2100/392702 samples
Processed 2200/392702 samples
Processed 2300/392702 samples
Processed 2400/392702 samples
Processed 2500/392702 samples
Processed 2600/392702 samples
Processed 2700/392702 samples
Processed 2800/392702 samples
Processed 2900/392702 samples
Processed 3000/392702 samples
Processed 3100/392702 samples
Processed 3200/392702 samples
Processed 3300/392702 samples
Processed 3400/392702 samples
Processed 3500/392702 samples
Processed 3600/392702 samples
Processed 3700/392702 samples
Processed 3800/392702 samples
Processed 3900/392702 samples
Processed 4000/392702 samples
Processed 4100/392702 samples
Processed 4200/392702 samples
Processed 4300/392702 samples
Processed 4400/392702 samples
Processed 4500/392702 samples
Processed 4600/392702 samples
Processed 4700/392702 samples
Processed 4800/392702 samples
Processed 4900/392702 samples
Processed 5000/392702 samples
Processed 5100/392702 samples
Processed 5200/392702 samples
Processed 5300/392702 samples
Processed 5400/392702 samples
Processed 5500/392702 samples
Processed 5600/392702 samples
Processed 5700/392702 samples
Processed 5800/392702 samples
Processed 5900/392702 samples
Processed 6000/392702 samples
Processed 6100/392702 samples
Processed 6200/392702 samples
Processed 6300/392702 samples
Processed 6400/392702 samples
Processed 6500/392702 samples
Processed 6600/392702 samples
Processed 6700/392702 samples
Processed 6800/392702 samples
Processed 6900/392702 samples
Processed 7000/392702 samples
Processed 7100/392702 samples
Processed 7200/392702 samples
Processed 7300/392702 samples
Processed 7400/392702 samples
Processed 7500/392702 samples
Processed 7600/392702 samples
Processed 7700/392702 samples
Processed 7800/392702 samples
Processed 7900/392702 samples
Processed 8000/392702 samples
Processed 8100/392702 samples
Processed 8200/392702 samples
Processed 8300/392702 samples
Processed 8400/392702 samples
Processed 8500/392702 samples
Processed 8600/392702 samples
Processed 8700/392702 samples
Processed 8800/392702 samples
Processed 8900/392702 samples
Processed 9000/392702 samples
Processed 9100/392702 samples
Processed 9200/392702 samples
Processed 9300/392702 samples
Processed 9400/392702 samples
Processed 9500/392702 samples
Processed 9600/392702 samples
Processed 9700/392702 samples
Processed 9800/392702 samples
Processed 9900/392702 samples
Processed 10000/392702 samples
Processed 10100/392702 samples
Processed 10200/392702 samples
Processed 10300/392702 samples
Processed 10400/392702 samples
Processed 10500/392702 samples
Processed 10600/392702 samples
Processed 10700/392702 samples
Processed 10800/392702 samples
Processed 10900/392702 samples
Processed 11000/392702 samples
Processed 11100/392702 samples
Processed 11200/392702 samples
Processed 11300/392702 samples
Processed 11400/392702 samples
Processed 11500/392702 samples
Processed 11600/392702 samples
Processed 11700/392702 samples
Processed 11800/392702 samples
Processed 11900/392702 samples
Processed 12000/392702 samples
Processed 12100/392702 samples
Processed 12200/392702 samples
Processed 12300/392702 samples
Processed 12400/392702 samples
Processed 12500/392702 samples
Processed 12600/392702 samples
Processed 12700/392702 samples
Processed 12800/392702 samples
Processed 12900/392702 samples
Processed 13000/392702 samples
Processed 13100/392702 samples
Processed 13200/392702 samples
Processed 13300/392702 samples
Processed 13400/392702 samples
Processed 13500/392702 samples
Processed 13600/392702 samples
Processed 13700/392702 samples
Processed 13800/392702 samples
Processed 13900/392702 samples
Processed 14000/392702 samples
Processed 14100/392702 samples
Processed 14200/392702 samples
Processed 14300/392702 samples
Processed 14400/392702 samples
Processed 14500/392702 samples
Processed 14600/392702 samples
Processed 14700/392702 samples
Processed 14800/392702 samples
Processed 14900/392702 samples
Processed 15000/392702 samples
Processed 15100/392702 samples
Processed 15200/392702 samples
Processed 15300/392702 samples
Processed 15400/392702 samples
Processed 15500/392702 samples
Processed 15600/392702 samples
Processed 15700/392702 samples
Processed 15800/392702 samples
Processed 15900/392702 samples
Processed 16000/392702 samples
Processed 16100/392702 samples
Processed 16200/392702 samples
Processed 16300/392702 samples
Processed 16400/392702 samples
Processed 16500/392702 samples
Processed 16600/392702 samples
Processed 16700/392702 samples
Processed 16800/392702 samples
Processed 16900/392702 samples
Processed 17000/392702 samples
Processed 17100/392702 samples
Processed 17200/392702 samples
Processed 17300/392702 samples
Processed 17400/392702 samples
Processed 17500/392702 samples
Processed 17600/392702 samples
Processed 17700/392702 samples
Processed 17800/392702 samples
Processed 17900/392702 samples
Processed 18000/392702 samples
Processed 18100/392702 samples
Processed 18200/392702 samples
Processed 18300/392702 samples
Processed 18400/392702 samples
Processed 18500/392702 samples
Processed 18600/392702 samples
Processed 18700/392702 samples
Processed 18800/392702 samples
Processed 18900/392702 samples
Processed 19000/392702 samples
Processed 19100/392702 samples
Processed 19200/392702 samples
Processed 19300/392702 samples
Processed 19400/392702 samples
Processed 19500/392702 samples
Processed 19600/392702 samples
Processed 19700/392702 samples
Processed 19800/392702 samples
Processed 19900/392702 samples
Processed 20000/392702 samples
Processed 20100/392702 samples
Processed 20200/392702 samples
Processed 20300/392702 samples
Processed 20400/392702 samples
Processed 20500/392702 samples
Processed 20600/392702 samples
Processed 20700/392702 samples
Processed 20800/392702 samples
Processed 20900/392702 samples
Processed 21000/392702 samples
Processed 21100/392702 samples
Processed 21200/392702 samples
Processed 21300/392702 samples
Processed 21400/392702 samples
Processed 21500/392702 samples
Processed 21600/392702 samples
Processed 21700/392702 samples
Processed 21800/392702 samples
Processed 21900/392702 samples
Processed 22000/392702 samples
Processed 22100/392702 samples
Processed 22200/392702 samples
Processed 22300/392702 samples
Processed 22400/392702 samples
Processed 22500/392702 samples
Processed 22600/392702 samples
Processed 22700/392702 samples
Processed 22800/392702 samples
Processed 22900/392702 samples
Processed 23000/392702 samples
Processed 23100/392702 samples
Processed 23200/392702 samples
Processed 23300/392702 samples
Processed 23400/392702 samples
Processed 23500/392702 samples
Processed 23600/392702 samples
Processed 23700/392702 samples
Processed 23800/392702 samples
Processed 23900/392702 samples
Processed 24000/392702 samples
Processed 24100/392702 samples
Processed 24200/392702 samples
Processed 24300/392702 samples
Processed 24400/392702 samples
Processed 24500/392702 samples
Processed 24600/392702 samples
Processed 24700/392702 samples
Processed 24800/392702 samples
Processed 24900/392702 samples
Processed 25000/392702 samples
Processed 25100/392702 samples
Processed 25200/392702 samples
Processed 25300/392702 samples
Processed 25400/392702 samples
Processed 25500/392702 samples
Processed 25600/392702 samples
Processed 25700/392702 samples
Processed 25800/392702 samples
Processed 25900/392702 samples
Processed 26000/392702 samples
Processed 26100/392702 samples
Processed 26200/392702 samples
Processed 26300/392702 samples
Processed 26400/392702 samples
Processed 26500/392702 samples
Processed 26600/392702 samples
Processed 26700/392702 samples
Processed 26800/392702 samples
Processed 26900/392702 samples
Processed 27000/392702 samples
Processed 27100/392702 samples
Processed 27200/392702 samples
Processed 27300/392702 samples
Processed 27400/392702 samples
Processed 27500/392702 samples
Processed 27600/392702 samples
Processed 27700/392702 samples
Processed 27800/392702 samples
Processed 27900/392702 samples
Processed 28000/392702 samples
Processed 28100/392702 samples
Processed 28200/392702 samples
Processed 28300/392702 samples
Processed 28400/392702 samples
Processed 28500/392702 samples
Processed 28600/392702 samples
Processed 28700/392702 samples
Processed 28800/392702 samples
Processed 28900/392702 samples
Processed 29000/392702 samples
Processed 29100/392702 samples
Processed 29200/392702 samples
Processed 29300/392702 samples
Processed 29400/392702 samples
Processed 29500/392702 samples
Processed 29600/392702 samples
Processed 29700/392702 samples
Processed 29800/392702 samples
Processed 29900/392702 samples
Processed 30000/392702 samples
Processed 30100/392702 samples
Processed 30200/392702 samples
Processed 30300/392702 samples
Processed 30400/392702 samples
Processed 30500/392702 samples
Processed 30600/392702 samples
Processed 30700/392702 samples
Processed 30800/392702 samples
Processed 30900/392702 samples
Processed 31000/392702 samples
Processed 31100/392702 samples
Processed 31200/392702 samples
Processed 31300/392702 samples
Processed 31400/392702 samples
Processed 31500/392702 samples
Processed 31600/392702 samples
Processed 31700/392702 samples
Processed 31800/392702 samples
Processed 31900/392702 samples
Processed 32000/392702 samples
Processed 32100/392702 samples
Processed 32200/392702 samples
Processed 32300/392702 samples
Processed 32400/392702 samples
Processed 32500/392702 samples
Processed 32600/392702 samples
Processed 32700/392702 samples
Processed 32800/392702 samples
Processed 32900/392702 samples
Processed 33000/392702 samples
Processed 33100/392702 samples
Processed 33200/392702 samples
Processed 33300/392702 samples
Processed 33400/392702 samples
Processed 33500/392702 samples
Processed 33600/392702 samples
Processed 33700/392702 samples
Processed 33800/392702 samples
Processed 33900/392702 samples
Processed 34000/392702 samples
Processed 34100/392702 samples
Processed 34200/392702 samples
Processed 34300/392702 samples
Processed 34400/392702 samples
Processed 34500/392702 samples
Processed 34600/392702 samples
Processed 34700/392702 samples
Processed 34800/392702 samples
Processed 34900/392702 samples
Processed 35000/392702 samples
Processed 35100/392702 samples
Processed 35200/392702 samples
Processed 35300/392702 samples
Processed 35400/392702 samples
Processed 35500/392702 samples
Processed 35600/392702 samples
Processed 35700/392702 samples
Processed 35800/392702 samples
Processed 35900/392702 samples
Processed 36000/392702 samples
Processed 36100/392702 samples
Processed 36200/392702 samples
Processed 36300/392702 samples
Processed 36400/392702 samples
Processed 36500/392702 samples
Processed 36600/392702 samples
Processed 36700/392702 samples
Processed 36800/392702 samples
Processed 36900/392702 samples
Processed 37000/392702 samples
Processed 37100/392702 samples
Processed 37200/392702 samples
Processed 37300/392702 samples
Processed 37400/392702 samples
Processed 37500/392702 samples
